 ARKANOTRON

 Timestamp is 5f268607 (Sun Aug 02 11:23:19 2020)

 Preferred load address is 00400000

 Start         Length     Name                   Class
 0001:00000000 000b4de4H .textbss                DATA
 0002:00000000 000ae836H .text                   CODE
 0003:00000000 0003d510H D3D                     CODE
 0003:0003d510 0001f0beH D3D_RD                  CODE
 0003:0005c5d0 000098e8H D3D_URW                 CODE
 0004:00000000 00008e0bH D3DX                    CODE
 0004:00008e10 000026f9H D3DX_RD                 CODE
 0005:00000000 000288bdH DSOUND                  CODE
 0005:000288c0 000270edH DSOUND_RD               CODE
 0005:0004f9b0 00001c79H DSOUND_RW               CODE
 0005:00051630 00001294H DSOUND_URW              CODE
 0006:00000000 00001005H .XID$A                  CODE
 0006:00001008 00001005H .XID$Gamepad            CODE
 0006:00002010 00001005H .XID$IrRemote           CODE
 0006:00003018 00001005H .XID$Keyboard           CODE
 0006:00004020 00001005H .XID$Mouse              CODE
 0006:00005028 00001005H .XID$ZZZ                CODE
 0006:00006030 00001005H .XPP$ClassA             CODE
 0006:00007038 0000100aH .XPP$ClassXID           CODE
 0006:00008044 00001005H .XPP$ClassZZHub         CODE
 0006:0000904c 00001005H .XPP$ClassZZZ           CODE
 0006:0000a051 00001001H .XPP$DATA               CODE
 0006:0000b058 0000136cH .XPP$Data               CODE
 0006:0000c3c4 00002280H .XPPCINIT               CODE
 0006:0000e644 0000aba3H .XPPCODE                CODE
 0006:000191e8 0000381aH .XPPRDATA               CODE
 0006:0001ca08 00001159H .XPPRINIT               CODE
 0007:00000000 0000f908H .rdata                  DATA
 0007:0000f908 00000196H .rdata$debug            DATA
 0007:0000faa0 00000104H .rtc$IAA                DATA
 0007:0000fba4 00000284H .rtc$IMZ                DATA
 0007:0000fe28 00000104H .rtc$IZZ                DATA
 0007:0000ff2c 00000104H .rtc$TAA                DATA
 0007:00010030 00000284H .rtc$TMZ                DATA
 0007:000102b4 00000104H .rtc$TZZ                DATA
 0007:000103b8 00000000H .edata                  DATA
 0008:00000000 00000104H .CRT$RIA                DATA
 0008:00000104 00000104H .CRT$RII10              DATA
 0008:00000208 00000104H .CRT$RII15              DATA
 0008:0000030c 00000104H .CRT$RII20              DATA
 0008:00000410 00000104H .CRT$RIZ                DATA
 0008:00000514 00000104H .CRT$XCA                DATA
 0008:00000618 00000126H .CRT$XCU                DATA
 0008:00000740 00000104H .CRT$XCZ                DATA
 0008:00000844 00000104H .CRT$XIA                DATA
 0008:00000948 00000109H .CRT$XIC                DATA
 0008:00000a54 00000104H .CRT$XIZ                DATA
 0008:00000b58 00000104H .CRT$XPA                DATA
 0008:00000c5c 00000109H .CRT$XPX                DATA
 0008:00000d68 00000104H .CRT$XPZ                DATA
 0008:00000e6c 00000104H .CRT$XTA                DATA
 0008:00000f70 00000104H .CRT$XTZ                DATA
 0008:00001074 00000104H .XAPI$LNA               DATA
 0008:00001178 00000104H .XAPI$LNZ               DATA
 0008:00001280 00042402H .data                   DATA
 0008:000436a0 00018228H .bss                    DATA
 0009:00000000 00000014H .idata$2                DATA
 0009:00000014 00000014H .idata$3                DATA
 0009:00000028 0000031cH .idata$4                DATA
 0009:00000344 0000031cH .idata$5                DATA
 0009:00000660 0000010fH .idata$6                DATA
 000a:00000000 00008933H DOLBY                   DATA
 000b:00000000 00000113H .XBLD$A                 DATA
 000b:00000114 000001a2H .XBLD$V                 DATA
 000c:00000000 00000101H .tls                    DATA
 000c:00000108 000001a3H .tls$                   DATA
 000c:000002ab 00000101H .tls$ZZZ                DATA

  Address         Publics by Value              Rva+Base     Lib:Object

 0000:00000000       ___safe_se_handler_table   00000000     <absolute>
 0000:00000000       ___safe_se_handler_count   00000000     <absolute>
 0000:00000000       __except_list              00000000     <absolute>
 0000:00000004       __tls_array                00000004     <absolute>
 0001:00000000       __enc$textbss$begin        004003e0     <linker-defined>
 0001:000b4de4       __enc$textbss$end          004b51c4     <linker-defined>
 0002:00008540       _main                      004bd720 f   ARKANOTRON.obj
 0002:000097a0       _BallRespown               004be980 f   GAME_Functions.obj
 0002:00009940       _ScaleLine                 004beb20 f   GUI_Functions.obj
 0002:00009990       _Scale                     004beb70 f   GUI_Functions.obj
 0002:00009a50       _IsRectColliding           004bec30 f   GUI_Functions.obj
 0002:00009bf0       _Bounce                    004bedd0 f   GUI_Functions.obj
 0002:00009ed0       _SDL_InitSubSystem         004bf0b0 f   libSDLx:SDL.obj
 0002:0000a0a0       _SDL_Init                  004bf280 f   libSDLx:SDL.obj
 0002:0000a120       _SDL_QuitSubSystem         004bf300 f   libSDLx:SDL.obj
 0002:0000a230       _SDL_WasInit               004bf410 f   libSDLx:SDL.obj
 0002:0000a280       _SDL_Quit                  004bf460 f   libSDLx:SDL.obj
 0002:0000a2e0       _SDL_Linked_Version        004bf4c0 f   libSDLx:SDL.obj
 0002:0000a320       _SDL_JoystickInit          004bf500 f   libSDLx:SDL_joystick.obj
 0002:0000a400       _SDL_NumJoysticks          004bf5e0 f   libSDLx:SDL_joystick.obj
 0002:0000a440       _SDL_JoystickName          004bf620 f   libSDLx:SDL_joystick.obj
 0002:0000a4d0       _SDL_JoystickOpen          004bf6b0 f   libSDLx:SDL_joystick.obj
 0002:0000a860       _SDL_JoystickOpened        004bfa40 f   libSDLx:SDL_joystick.obj
 0002:0000a8f0       _SDL_JoystickIndex         004bfad0 f   libSDLx:SDL_joystick.obj
 0002:0000a9c0       _SDL_JoystickNumAxes       004bfba0 f   libSDLx:SDL_joystick.obj
 0002:0000aa20       _SDL_JoystickNumHats       004bfc00 f   libSDLx:SDL_joystick.obj
 0002:0000aa80       _SDL_JoystickNumBalls      004bfc60 f   libSDLx:SDL_joystick.obj
 0002:0000aae0       _SDL_JoystickNumButtons    004bfcc0 f   libSDLx:SDL_joystick.obj
 0002:0000ab40       _SDL_JoystickGetAxis       004bfd20 f   libSDLx:SDL_joystick.obj
 0002:0000abf0       _SDL_JoystickGetHat        004bfdd0 f   libSDLx:SDL_joystick.obj
 0002:0000ac90       _SDL_JoystickGetBall       004bfe70 f   libSDLx:SDL_joystick.obj
 0002:0000ad90       _SDL_JoystickGetButton     004bff70 f   libSDLx:SDL_joystick.obj
 0002:0000ae30       _SDL_JoystickClose         004c0010 f   libSDLx:SDL_joystick.obj
 0002:0000afd0       _SDL_JoystickQuit          004c01b0 f   libSDLx:SDL_joystick.obj
 0002:0000b0e0       _SDL_PrivateJoystickAxis   004c02c0 f   libSDLx:SDL_joystick.obj
 0002:0000b200       _SDL_PrivateJoystickHat    004c03e0 f   libSDLx:SDL_joystick.obj
 0002:0000b320       _SDL_PrivateJoystickBall   004c0500 f   libSDLx:SDL_joystick.obj
 0002:0000b490       _SDL_PrivateJoystickButton 004c0670 f   libSDLx:SDL_joystick.obj
 0002:0000b5f0       _SDL_JoystickUpdate        004c07d0 f   libSDLx:SDL_joystick.obj
 0002:0000b680       _SDL_JoystickEventState    004c0860 f   libSDLx:SDL_joystick.obj
 0002:0000b7c0       _SDL_VideoInit             004c09a0 f   libSDLx:SDL_video.obj
 0002:0000bcf0       _SDL_VideoDriverName       004c0ed0 f   libSDLx:SDL_video.obj
 0002:0000bd70       _SDL_GetVideoSurface       004c0f50 f   libSDLx:SDL_video.obj
 0002:0000bdd0       _SDL_GetVideoInfo          004c0fb0 f   libSDLx:SDL_video.obj
 0002:0000be30       _SDL_ListModes             004c1010 f   libSDLx:SDL_video.obj
 0002:0000bef0       _SDL_VideoModeOK           004c10d0 f   libSDLx:SDL_video.obj
 0002:0000c180       _SDL_SetVideoMode          004c1360 f   libSDLx:SDL_video.obj
 0002:0000d190       _SDL_DisplayFormat         004c2370 f   libSDLx:SDL_video.obj
 0002:0000d280       _SDL_DisplayFormatAlpha    004c2460 f   libSDLx:SDL_video.obj
 0002:0000d490       _SDL_UpdateRect            004c2670 f   libSDLx:SDL_video.obj
 0002:0000d5a0       _SDL_UpdateRects           004c2780 f   libSDLx:SDL_video.obj
 0002:0000d990       _SDL_Flip                  004c2b70 f   libSDLx:SDL_video.obj
 0002:0000dc60       _SDL_SetPalette            004c2e40 f   libSDLx:SDL_video.obj
 0002:0000e240       _SDL_SetColors             004c3420 f   libSDLx:SDL_video.obj
 0002:0000e2a0       _SDL_VideoQuit             004c3480 f   libSDLx:SDL_video.obj
 0002:0000e530       _SDL_GL_LoadLibrary        004c3710 f   libSDLx:SDL_video.obj
 0002:0000e5f0       _SDL_GL_GetProcAddress     004c37d0 f   libSDLx:SDL_video.obj
 0002:0000e6c0       _SDL_GL_SetAttribute       004c38a0 f   libSDLx:SDL_video.obj
 0002:0000e900       _SDL_GL_GetAttribute       004c3ae0 f   libSDLx:SDL_video.obj
 0002:0000e9c0       _SDL_GL_SwapBuffers        004c3ba0 f   libSDLx:SDL_video.obj
 0002:0000ea60       _SDL_GL_UpdateRectsLock    004c3c40 f   libSDLx:SDL_video.obj
 0002:0000eac0       _SDL_GL_UpdateRects        004c3ca0 f   libSDLx:SDL_video.obj
 0002:0000eaf0       _SDL_GL_Lock               004c3cd0 f   libSDLx:SDL_video.obj
 0002:0000eb20       _SDL_GL_Unlock             004c3d00 f   libSDLx:SDL_video.obj
 0002:0000eb50       _SDL_WM_SetCaption         004c3d30 f   libSDLx:SDL_video.obj
 0002:0000ecb0       _SDL_WM_GetCaption         004c3e90 f   libSDLx:SDL_video.obj
 0002:0000ed30       _SDL_WM_SetIcon            004c3f10 f   libSDLx:SDL_video.obj
 0002:0000f4e0       _SDL_WM_GrabInput          004c46c0 f   libSDLx:SDL_video.obj
 0002:0000f770       _SDL_WM_IconifyWindow      004c4950 f   libSDLx:SDL_video.obj
 0002:0000f810       _SDL_WM_ToggleFullScreen   004c49f0 f   libSDLx:SDL_video.obj
 0002:0000f9e0       _SDL_GetWMInfo             004c4bc0 f   libSDLx:SDL_video.obj
 0002:0000fa80       _SDL_CreateRGBSurface      004c4c60 f   libSDLx:SDL_surface.obj
 0002:0000feb0       _SDL_CreateRGBSurfaceFrom  004c5090 f   libSDLx:SDL_surface.obj
 0002:0000ff80       _SDL_SetColorKey           004c5160 f   libSDLx:SDL_surface.obj
 0002:00010160       _SDL_SetAlpha              004c5340 f   libSDLx:SDL_surface.obj
 0002:000103a0       _SDL_SetAlphaChannel       004c5580 f   libSDLx:SDL_surface.obj
 0002:00010540       _SDL_SetClipRect           004c5720 f   libSDLx:SDL_surface.obj
 0002:000107f0       _SDL_GetClipRect           004c59d0 f   libSDLx:SDL_surface.obj
 0002:00010850       _SDL_LowerBlit             004c5a30 f   libSDLx:SDL_surface.obj
 0002:00010a50       _SDL_UpperBlit             004c5c30 f   libSDLx:SDL_surface.obj
 0002:00010e10       _SDL_FillRect              004c5ff0 f   libSDLx:SDL_surface.obj
 0002:00011840       _SDL_LockSurface           004c6a20 f   libSDLx:SDL_surface.obj
 0002:00011940       _SDL_UnlockSurface         004c6b20 f   libSDLx:SDL_surface.obj
 0002:00011a40       _SDL_ConvertSurface        004c6c20 f   libSDLx:SDL_surface.obj
 0002:00011f10       _SDL_FreeSurface           004c70f0 f   libSDLx:SDL_surface.obj
 0002:000120d0       _SDL_Lock_EventThread      004c72b0 f   libSDLx:SDL_events.obj
 0002:00012160       _SDL_Unlock_EventThread    004c7340 f   libSDLx:SDL_events.obj
 0002:000121d0       _SDL_EventThreadID         004c73b0 f   libSDLx:SDL_events.obj
 0002:00012210       _SDL_StopEventLoop         004c73f0 f   libSDLx:SDL_events.obj
 0002:00012360       _SDL_StartEventLoop        004c7540 f   libSDLx:SDL_events.obj
 0002:000126d0       _SDL_PeepEvents            004c78b0 f   libSDLx:SDL_events.obj
 0002:00012b80       _SDL_PumpEvents            004c7d60 f   libSDLx:SDL_events.obj
 0002:00012c30       _SDL_PollEvent             004c7e10 f   libSDLx:SDL_events.obj
 0002:00012ca0       _SDL_WaitEvent             004c7e80 f   libSDLx:SDL_events.obj
 0002:00012d50       _SDL_PushEvent             004c7f30 f   libSDLx:SDL_events.obj
 0002:00012dc0       _SDL_SetEventFilter        004c7fa0 f   libSDLx:SDL_events.obj
 0002:00012e60       _SDL_GetEventFilter        004c8040 f   libSDLx:SDL_events.obj
 0002:00012ea0       _SDL_EventState            004c8080 f   libSDLx:SDL_events.obj
 0002:00013080       _SDL_PrivateSysWMEvent     004c8260 f   libSDLx:SDL_events.obj
 0002:00013180       _SDL_StartTicks            004c8360 f   libSDLx:SDL_systimer.obj
 0002:000131e0       _SDL_GetTicks              004c83c0 f   libSDLx:SDL_systimer.obj
 0002:00013320       _SDL_Delay                 004c8500 f   libSDLx:SDL_systimer.obj
 0002:00013370       _SDL_SYS_TimerInit         004c8550 f   libSDLx:SDL_systimer.obj
 0002:00013450       _SDL_SYS_TimerQuit         004c8630 f   libSDLx:SDL_systimer.obj
 0002:000134b0       _SDL_SYS_StartTimer        004c8690 f   libSDLx:SDL_systimer.obj
 0002:00013510       _SDL_SYS_StopTimer         004c86f0 f   libSDLx:SDL_systimer.obj
 0002:00013540       _SDL_AllocFormat           004c8720 f   libSDLx:SDL_pixels.obj
 0002:00013de0       _SDL_ReallocFormat         004c8fc0 f   libSDLx:SDL_pixels.obj
 0002:00013e80       _SDL_FormatChanged         004c9060 f   libSDLx:SDL_pixels.obj
 0002:00013f00       _SDL_FreeFormat            004c90e0 f   libSDLx:SDL_pixels.obj
 0002:00013fa0       _SDL_DitherColors          004c9180 f   libSDLx:SDL_pixels.obj
 0002:000140c0       _SDL_CalculatePitch        004c92a0 f   libSDLx:SDL_pixels.obj
 0002:00014180       _SDL_FindColor             004c9360 f   libSDLx:SDL_pixels.obj
 0002:00014290       _SDL_MapRGB                004c9470 f   libSDLx:SDL_pixels.obj
 0002:00014360       _SDL_MapRGBA               004c9540 f   libSDLx:SDL_pixels.obj
 0002:00014450       _SDL_GetRGBA               004c9630 f   libSDLx:SDL_pixels.obj
 0002:00014640       _SDL_GetRGB                004c9820 f   libSDLx:SDL_pixels.obj
 0002:000147c0       _SDL_ApplyGamma            004c99a0 f   libSDLx:SDL_pixels.obj
 0002:00014890       _SDL_AllocBlitMap          004c9a70 f   libSDLx:SDL_pixels.obj
 0002:00014970       _SDL_InvalidateMap         004c9b50 f   libSDLx:SDL_pixels.obj
 0002:00014a00       _SDL_MapSurface            004c9be0 f   libSDLx:SDL_pixels.obj
 0002:00015320       _SDL_FreeBlitMap           004ca500 f   libSDLx:SDL_pixels.obj
 0002:000153b0       _SDL_KeyboardInit          004ca590 f   libSDLx:SDL_keyboard.obj
 0002:00016050       _SDL_KeyboardQuit          004cb230 f   libSDLx:SDL_keyboard.obj
 0002:00016080       _SDL_ResetKeyboard         004cb260 f   libSDLx:SDL_keyboard.obj
 0002:00016170       _SDL_EnableUNICODE         004cb350 f   libSDLx:SDL_keyboard.obj
 0002:000161c0       _SDL_GetKeyState           004cb3a0 f   libSDLx:SDL_keyboard.obj
 0002:00016210       _SDL_GetModState           004cb3f0 f   libSDLx:SDL_keyboard.obj
 0002:00016250       _SDL_SetModState           004cb430 f   libSDLx:SDL_keyboard.obj
 0002:00016290       _SDL_GetKeyName            004cb470 f   libSDLx:SDL_keyboard.obj
 0002:00016300       _SDL_PrivateKeyboard       004cb4e0 f   libSDLx:SDL_keyboard.obj
 0002:00016930       _SDL_CheckKeyRepeat        004cbb10 f   libSDLx:SDL_keyboard.obj
 0002:00016a20       _SDL_EnableKeyRepeat       004cbc00 f   libSDLx:SDL_keyboard.obj
 0002:00016ac0       _SDL_GetKeyRepeat          004cbca0 f   libSDLx:SDL_keyboard.obj
 0002:00016b10       _SDL_SetError              004cbcf0 f   libSDLx:SDL_error.obj
 0002:00016ed0       _SDL_GetErrorMsg           004cc0b0 f   libSDLx:SDL_error.obj
 0002:000173b0       _SDL_GetError              004cc590 f   libSDLx:SDL_error.obj
 0002:00017410       _SDL_ClearError            004cc5f0 f   libSDLx:SDL_error.obj
 0002:00017470       _SDL_Error                 004cc650 f   libSDLx:SDL_error.obj
 0002:00017550       _SDL_CDROMInit             004cc730 f   libSDLx:SDL_cdrom.obj
 0002:000175d0       _SDL_CDNumDrives           004cc7b0 f   libSDLx:SDL_cdrom.obj
 0002:000176e0       _SDL_CDName                004cc8c0 f   libSDLx:SDL_cdrom.obj
 0002:00017790       _SDL_CDOpen                004cc970 f   libSDLx:SDL_cdrom.obj
 0002:000178a0       _SDL_CDStatus              004cca80 f   libSDLx:SDL_cdrom.obj
 0002:00017a40       _SDL_CDPlayTracks          004ccc20 f   libSDLx:SDL_cdrom.obj
 0002:00017c80       _SDL_CDPlay                004cce60 f   libSDLx:SDL_cdrom.obj
 0002:00017d00       _SDL_CDPause               004ccee0 f   libSDLx:SDL_cdrom.obj
 0002:00017dd0       _SDL_CDResume              004ccfb0 f   libSDLx:SDL_cdrom.obj
 0002:00017ea0       _SDL_CDStop                004cd080 f   libSDLx:SDL_cdrom.obj
 0002:00017f70       _SDL_CDEject               004cd150 f   libSDLx:SDL_cdrom.obj
 0002:00017ff0       _SDL_CDClose               004cd1d0 f   libSDLx:SDL_cdrom.obj
 0002:00018080       _SDL_CDROMQuit             004cd260 f   libSDLx:SDL_cdrom.obj
 0002:000180e0       _SDL_RunAudio              004cd2c0 f   libSDLx:SDL_audio.obj
 0002:000183e0       _SDL_AudioInit             004cd5c0 f   libSDLx:SDL_audio.obj
 0002:00018700       _SDL_AudioDriverName       004cd8e0 f   libSDLx:SDL_audio.obj
 0002:00018780       _SDL_OpenAudio             004cd960 f   libSDLx:SDL_audio.obj
 0002:00018f10       _SDL_GetAudioStatus        004ce0f0 f   libSDLx:SDL_audio.obj
 0002:00018f90       _SDL_PauseAudio            004ce170 f   libSDLx:SDL_audio.obj
 0002:00018fe0       _SDL_LockAudio             004ce1c0 f   libSDLx:SDL_audio.obj
 0002:00019060       _SDL_UnlockAudio           004ce240 f   libSDLx:SDL_audio.obj
 0002:000190e0       _SDL_CloseAudio            004ce2c0 f   libSDLx:SDL_audio.obj
 0002:00019130       _SDL_AudioQuit             004ce310 f   libSDLx:SDL_audio.obj
 0002:00019290       _SDL_FirstAudioFormat      004ce470 f   libSDLx:SDL_audio.obj
 0002:00019330       _SDL_NextAudioFormat       004ce510 f   libSDLx:SDL_audio.obj
 0002:000193c0       _SDL_CalculateAudioSpec    004ce5a0 f   libSDLx:SDL_audio.obj
 0002:00019480       _SDL_Audio_SetCaption      004ce660 f   libSDLx:SDL_audio.obj
 0002:00019500       _SDL_putenv                004ce6e0 f   libSDLx:SDL_getenv.obj
 0002:00019740       _SDL_getenv                004ce920 f   libSDLx:SDL_getenv.obj
 0002:00019850       _SDL_SetTimerThreaded      004cea30 f   libSDLx:SDL_timer.obj
 0002:000198d0       _SDL_TimerInit             004ceab0 f   libSDLx:SDL_timer.obj
 0002:00019970       _SDL_TimerQuit             004ceb50 f   libSDLx:SDL_timer.obj
 0002:00019a20       _SDL_ThreadedTimerCheck    004cec00 f   libSDLx:SDL_timer.obj
 0002:00019c70       _SDL_AddTimer              004cee50 f   libSDLx:SDL_timer.obj
 0002:00019e30       _SDL_RemoveTimer           004cf010 f   libSDLx:SDL_timer.obj
 0002:00019f40       _SDL_SetTimer              004cf120 f   libSDLx:SDL_timer.obj
 0002:0001a110       _SDL_InstallParachute      004cf2f0 f   libSDLx:SDL_fatal.obj
 0002:0001a140       _SDL_UninstallParachute    004cf320 f   libSDLx:SDL_fatal.obj
 0002:0001a170       _xfabsf                    004cf350 f   libSDLx:SDL_sysjoystick.obj
 0002:0001a210       _SDL_SYS_JoystickInit      004cf3f0 f   libSDLx:SDL_sysjoystick.obj
 0002:0001a250       _SDL_SYS_JoystickName      004cf430 f   libSDLx:SDL_sysjoystick.obj
 0002:0001a290       _SDL_SYS_JoystickOpen      004cf470 f   libSDLx:SDL_sysjoystick.obj
 0002:0001a4b0       _SDL_SYS_JoystickUpdate    004cf690 f   libSDLx:SDL_sysjoystick.obj
 0002:0001b000       _SDL_SYS_JoystickClose     004d01e0 f   libSDLx:SDL_sysjoystick.obj
 0002:0001b060       _SDL_SYS_JoystickQuit      004d0240 f   libSDLx:SDL_sysjoystick.obj
 0002:0001b090       _XBInput_RefreshDeviceList 004d0270 f   libSDLx:SDL_sysjoystick.obj
 0002:0001b2e0       _SDL_XBOX_SetScreenPosition 004d04c0 f   libSDLx:SDL_xboxvideo.obj
 0002:0001b360       _SDL_XBOX_SetScreenStretch 004d0540 f   libSDLx:SDL_xboxvideo.obj
 0002:0001b3e0       _SDL_XBOX_GetScreenPosition 004d05c0 f   libSDLx:SDL_xboxvideo.obj
 0002:0001b440       _SDL_XBOX_GetScreenStretch 004d0620 f   libSDLx:SDL_xboxvideo.obj
 0002:0001b4a0       _SDL_XBOX_SetFlickerFilter 004d0680 f   libSDLx:SDL_xboxvideo.obj
 0002:0001b500       _SDL_XBOX_SetSoftDisplayFilter 004d06e0 f   libSDLx:SDL_xboxvideo.obj
 0002:0001e0b0       _SDL_CursorQuit            004d3290 f   libSDLx:SDL_cursor.obj
 0002:0001e1a0       _SDL_CursorInit            004d3380 f   libSDLx:SDL_cursor.obj
 0002:0001e250       _SDL_CreateCursor          004d3430 f   libSDLx:SDL_cursor.obj
 0002:0001e530       _SDL_SetCursor             004d3710 f   libSDLx:SDL_cursor.obj
 0002:0001e860       _SDL_GetCursor             004d3a40 f   libSDLx:SDL_cursor.obj
 0002:0001e8a0       _SDL_FreeCursor            004d3a80 f   libSDLx:SDL_cursor.obj
 0002:0001e9d0       _SDL_ShowCursor            004d3bb0 f   libSDLx:SDL_cursor.obj
 0002:0001eb10       _SDL_WarpMouse             004d3cf0 f   libSDLx:SDL_cursor.obj
 0002:0001ecd0       _SDL_MoveCursor            004d3eb0 f   libSDLx:SDL_cursor.obj
 0002:0001ee20       _SDL_CursorPaletteChanged  004d4000 f   libSDLx:SDL_cursor.obj
 0002:0001ee60       _SDL_MouseRect             004d4040 f   libSDLx:SDL_cursor.obj
 0002:0001f000       _SDL_DrawCursorNoLock      004d41e0 f   libSDLx:SDL_cursor.obj
 0002:0001fe80       _SDL_DrawCursor            004d5060 f   libSDLx:SDL_cursor.obj
 0002:0001fff0       _SDL_EraseCursorNoLock     004d51d0 f   libSDLx:SDL_cursor.obj
 0002:00020360       _SDL_EraseCursor           004d5540 f   libSDLx:SDL_cursor.obj
 0002:000204d0       _SDL_ResetCursor           004d56b0 f   libSDLx:SDL_cursor.obj
 0002:00020580       _SDL_revcpy                004d5760 f   libSDLx:SDL_string.obj
 0002:00020630       _SDL_strlcpy               004d5810 f   libSDLx:SDL_string.obj
 0002:000206f0       _SDL_strlcat               004d58d0 f   libSDLx:SDL_string.obj
 0002:00020790       _SDL_strdup                004d5970 f   libSDLx:SDL_string.obj
 0002:00020820       _SDL_lltoa                 004d5a00 f   libSDLx:SDL_string.obj
 0002:00020970       _SDL_ulltoa                004d5b50 f   libSDLx:SDL_string.obj
 0002:00020a60       _SDL_strtoull              004d5c40 f   libSDLx:SDL_string.obj
 0002:00020cf0       _SDL_snprintf              004d5ed0 f   libSDLx:SDL_string.obj
 0002:00020d70       _SDL_vsnprintf             004d5f50 f   libSDLx:SDL_string.obj
 0002:000219c0       _SDL_MouseInit             004d6ba0 f   libSDLx:SDL_mouse.obj
 0002:00021a40       _SDL_MouseQuit             004d6c20 f   libSDLx:SDL_mouse.obj
 0002:00021a70       _SDL_ResetMouse            004d6c50 f   libSDLx:SDL_mouse.obj
 0002:00021b10       _SDL_GetMouseState         004d6cf0 f   libSDLx:SDL_mouse.obj
 0002:00021b80       _SDL_GetRelativeMouseState 004d6d60 f   libSDLx:SDL_mouse.obj
 0002:00021c00       _SDL_SetMouseRange         004d6de0 f   libSDLx:SDL_mouse.obj
 0002:00021c50       _SDL_PrivateMouseMotion    004d6e30 f   libSDLx:SDL_mouse.obj
 0002:00022020       _SDL_PrivateMouseButton    004d7200 f   libSDLx:SDL_mouse.obj
 0002:000222e0       _SDL_CreateMutex           004d74c0 f   libSDLx:SDL_sysmutex.obj
 0002:00022390       _SDL_DestroyMutex          004d7570 f   libSDLx:SDL_sysmutex.obj
 0002:00022410       _SDL_mutexP                004d75f0 f   libSDLx:SDL_sysmutex.obj
 0002:000224a0       _SDL_mutexV                004d7680 f   libSDLx:SDL_sysmutex.obj
 0002:00022530       _SDL_PrivateResize         004d7710 f   libSDLx:SDL_resize.obj
 0002:000226d0       _SDL_RLEBlit               004d78b0 f   libSDLx:SDL_RLEaccel.obj
 0002:000296d0       _SDL_RLEAlphaBlit          004de8b0 f   libSDLx:SDL_RLEaccel.obj
 0002:0002b3b0       _SDL_RLESurface            004e0590 f   libSDLx:SDL_RLEaccel.obj
 0002:0002ce50       _SDL_UnRLESurface          004e2030 f   libSDLx:SDL_RLEaccel.obj
 0002:0002d800       _SDL_SYS_CreateThread      004e29e0 f   libSDLx:SDL_systhread.obj
 0002:0002d930       _SDL_SYS_SetupThread       004e2b10 f   libSDLx:SDL_systhread.obj
 0002:0002d960       _SDL_ThreadID              004e2b40 f   libSDLx:SDL_systhread.obj
 0002:0002d9b0       _SDL_SYS_WaitThread        004e2b90 f   libSDLx:SDL_systhread.obj
 0002:0002da10       _SDL_SYS_KillThread        004e2bf0 f   libSDLx:SDL_systhread.obj
 0002:0002da70       _SDL_QuitInit              004e2c50 f   libSDLx:SDL_quit.obj
 0002:0002daa0       _SDL_QuitQuit              004e2c80 f   libSDLx:SDL_quit.obj
 0002:0002dad0       _SDL_PrivateQuit           004e2cb0 f   libSDLx:SDL_quit.obj
 0002:0002dbb0       _SDL_AppActiveInit         004e2d90 f   libSDLx:SDL_active.obj
 0002:0002dbf0       _SDL_AppActiveQuit         004e2dd0 f   libSDLx:SDL_active.obj
 0002:0002dc20       _SDL_GetAppState           004e2e00 f   libSDLx:SDL_active.obj
 0002:0002dc60       _SDL_PrivateAppActive      004e2e40 f   libSDLx:SDL_active.obj
 0002:0002ddf0       _SDL_ThreadsInit           004e2fd0 f   libSDLx:SDL_thread.obj
 0002:0002de60       _SDL_ThreadsQuit           004e3040 f   libSDLx:SDL_thread.obj
 0002:0002ded0       _SDL_GetErrBuf             004e30b0 f   libSDLx:SDL_thread.obj
 0002:0002dfb0       _SDL_RunThread             004e3190 f   libSDLx:SDL_thread.obj
 0002:0002e070       _SDL_CreateThread          004e3250 f   libSDLx:SDL_thread.obj
 0002:0002e4a0       _SDL_WaitThread            004e3680 f   libSDLx:SDL_thread.obj
 0002:0002e530       _SDL_GetThreadID           004e3710 f   libSDLx:SDL_thread.obj
 0002:0002e590       _SDL_KillThread            004e3770 f   libSDLx:SDL_thread.obj
 0002:0002e600       _SDL_CalculateBlit         004e37e0 f   libSDLx:SDL_blit.obj
 0002:0002f060       _SDL_SYS_CDInit            004e4240 f   libSDLx:SDL_syscdrom.obj
 0002:0002f420       _SDL_SYS_CDQuit            004e4600 f   libSDLx:SDL_syscdrom.obj
 0002:0002f600       _Remount                   004e47e0 f   libSDLx:SDL_syscdrom.obj
 0002:0002f7f0       _Mount                     004e49d0 f   libSDLx:SDL_syscdrom.obj
 0002:0002f920       _Unmount                   004e4b00 f   libSDLx:SDL_syscdrom.obj
 0002:0002ff00       _TocValToFrames            004e50e0 f i libSDLx:SDL_syscdrom.obj
 0002:0002ff60       _MsfToFrames               004e5140 f i libSDLx:SDL_syscdrom.obj
 0002:0002ffc0       _TocValToMsf               004e51a0 f i libSDLx:SDL_syscdrom.obj
 0002:000303a0       _cdrom_cdda_play           004e5580 f   libSDLx:SDL_syscdrom.obj
 0002:000304e0       _cddapause                 004e56c0 f   libSDLx:SDL_syscdrom.obj
 0002:000305f0       _cddaprocess               004e57d0 f   libSDLx:SDL_syscdrom.obj
 0002:00030a90       _ReadSectorCDDA            004e5c70 f   libSDLx:SDL_syscdrom.obj
 0002:00030e70       _XboxDX_SoundFocus         004e6050 f   libSDLx:SDL_xboxaudio.obj
 0002:00031d60       _SDL_ConvertMono           004e6f40 f   libSDLx:SDL_audiocvt.obj
 0002:000322e0       _SDL_ConvertStrip          004e74c0 f   libSDLx:SDL_audiocvt.obj
 0002:000328f0       _SDL_ConvertStrip_2        004e7ad0 f   libSDLx:SDL_audiocvt.obj
 0002:00032f00       _SDL_ConvertStereo         004e80e0 f   libSDLx:SDL_audiocvt.obj
 0002:000330c0       _SDL_ConvertSurround       004e82a0 f   libSDLx:SDL_audiocvt.obj
 0002:00033df0       _SDL_ConvertSurround_4     004e8fd0 f   libSDLx:SDL_audiocvt.obj
 0002:00034920       _SDL_Convert16LSB          004e9b00 f   libSDLx:SDL_audiocvt.obj
 0002:00034a50       _SDL_Convert16MSB          004e9c30 f   libSDLx:SDL_audiocvt.obj
 0002:00034b80       _SDL_Convert8              004e9d60 f   libSDLx:SDL_audiocvt.obj
 0002:00034cc0       _SDL_ConvertSign           004e9ea0 f   libSDLx:SDL_audiocvt.obj
 0002:00034e30       _SDL_ConvertEndian         004ea010 f   libSDLx:SDL_audiocvt.obj
 0002:00034f40       _SDL_RateMUL2              004ea120 f   libSDLx:SDL_audiocvt.obj
 0002:00035110       _SDL_RateMUL2_c2           004ea2f0 f   libSDLx:SDL_audiocvt.obj
 0002:00035350       _SDL_RateMUL2_c4           004ea530 f   libSDLx:SDL_audiocvt.obj
 0002:00035650       _SDL_RateMUL2_c6           004ea830 f   libSDLx:SDL_audiocvt.obj
 0002:00035a10       _SDL_RateDIV2              004eabf0 f   libSDLx:SDL_audiocvt.obj
 0002:00035bb0       _SDL_RateDIV2_c2           004ead90 f   libSDLx:SDL_audiocvt.obj
 0002:00035d80       _SDL_RateDIV2_c4           004eaf60 f   libSDLx:SDL_audiocvt.obj
 0002:00035fb0       _SDL_RateDIV2_c6           004eb190 f   libSDLx:SDL_audiocvt.obj
 0002:00036240       _SDL_RateSLOW              004eb420 f   libSDLx:SDL_audiocvt.obj
 0002:00036560       _SDL_ConvertAudio          004eb740 f   libSDLx:SDL_audiocvt.obj
 0002:00036620       _SDL_BuildAudioCVT         004eb800 f   libSDLx:SDL_audiocvt.obj
 0002:00036df0       _XBOX_PumpEvents           004ebfd0 f   libSDLx:SDL_xboxevents.obj
 0002:00036e40       _XBOX_InitOSKeymap         004ec020 f   libSDLx:SDL_xboxevents.obj
 0002:00037610       _XBInput_GetKeyboardInput  004ec7f0 f   libSDLx:SDL_xboxevents.obj
 0002:00037b90       _Mouse_RefreshDeviceList   004ecd70 f   libSDLx:SDL_xboxevents.obj
 0002:00037da0       _SDL_CreateSemaphore       004ecf80 f   libSDLx:SDL_syssem.obj
 0002:00037e70       _SDL_DestroySemaphore      004ed050 f   libSDLx:SDL_syssem.obj
 0002:00037ef0       _SDL_SemWaitTimeout        004ed0d0 f   libSDLx:SDL_syssem.obj
 0002:00037ff0       _SDL_SemTryWait            004ed1d0 f   libSDLx:SDL_syssem.obj
 0002:00038040       _SDL_SemWait               004ed220 f   libSDLx:SDL_syssem.obj
 0002:00038090       _SDL_SemValue              004ed270 f   libSDLx:SDL_syssem.obj
 0002:00038100       _SDL_SemPost               004ed2e0 f   libSDLx:SDL_syssem.obj
 0002:0003b010       _SDL_CalculateBlitN        004f01f0 f   libSDLx:SDL_blit_N.obj
 0002:000474e0       _SDL_CalculateBlit1        004fc6c0 f   libSDLx:SDL_blit_1.obj
 0002:0004bee0       _SDL_CalculateBlit0        005010c0 f   libSDLx:SDL_blit_0.obj
 0002:0004cc80       _SDL_HasRDTSC              00501e60 f   libSDLx:SDL_cpuinfo.obj
 0002:0004d260       _SDL_HasMMX                00502440 f   libSDLx:SDL_cpuinfo.obj
 0002:0004d2c0       _SDL_HasMMXExt             005024a0 f   libSDLx:SDL_cpuinfo.obj
 0002:0004d320       _SDL_Has3DNow              00502500 f   libSDLx:SDL_cpuinfo.obj
 0002:0004d380       _SDL_Has3DNowExt           00502560 f   libSDLx:SDL_cpuinfo.obj
 0002:0004d3e0       _SDL_HasSSE                005025c0 f   libSDLx:SDL_cpuinfo.obj
 0002:0004d440       _SDL_HasSSE2               00502620 f   libSDLx:SDL_cpuinfo.obj
 0002:0004d4a0       _SDL_HasAltiVec            00502680 f   libSDLx:SDL_cpuinfo.obj
 0002:0004d500       _SDL_CalculateAlphaBlit    005026e0 f   libSDLx:SDL_blit_A.obj
 0002:00058d30       _IMG_Linked_Version        0050df10 f   SDL_Image:IMG.obj
 0002:00058d80       _IMG_Init                  0050df60 f   SDL_Image:IMG.obj
 0002:00058ea0       _IMG_Quit                  0050e080 f   SDL_Image:IMG.obj
 0002:00058f40       _IMG_Load                  0050e120 f   SDL_Image:IMG.obj
 0002:00058ff0       _IMG_Load_RW               0050e1d0 f   SDL_Image:IMG.obj
 0002:00059050       _IMG_LoadTyped_RW          0050e230 f   SDL_Image:IMG.obj
 0002:00059310       _IMG_InvertAlpha           0050e4f0 f   SDL_Image:IMG.obj
 0002:00059350       _IMG_InitWEBP              0050e530 f   SDL_Image:IMG_webp.obj
 0002:000593b0       _IMG_QuitWEBP              0050e590 f   SDL_Image:IMG_webp.obj
 0002:000593e0       _IMG_isWEBP                0050e5c0 f   SDL_Image:IMG_webp.obj
 0002:00059410       _IMG_LoadWEBP_RW           0050e5f0 f   SDL_Image:IMG_webp.obj
 0002:00059440       _IMG_isXV                  0050e620 f   SDL_Image:IMG_xv.obj
 0002:00059470       _IMG_LoadXV_RW             0050e650 f   SDL_Image:IMG_xv.obj
 0002:000594a0       _IMG_isXPM                 0050e680 f   SDL_Image:IMG_xpm.obj
 0002:000595d0       _IMG_LoadXPM_RW            0050e7b0 f   SDL_Image:IMG_xpm.obj
 0002:0005a840       _IMG_ReadXPMFromArray      0050fa20 f   SDL_Image:IMG_xpm.obj
 0002:0005a890       _IMG_isXCF                 0050fa70 f   SDL_Image:IMG_xcf.obj
 0002:0005a8c0       _IMG_LoadXCF_RW            0050faa0 f   SDL_Image:IMG_xcf.obj
 0002:0005a8f0       _IMG_InitTIF               0050fad0 f   SDL_Image:IMG_tif.obj
 0002:0005a950       _IMG_QuitTIF               0050fb30 f   SDL_Image:IMG_tif.obj
 0002:0005a980       _IMG_isTIF                 0050fb60 f   SDL_Image:IMG_tif.obj
 0002:0005a9b0       _IMG_LoadTIF_RW            0050fb90 f   SDL_Image:IMG_tif.obj
 0002:0005a9e0       _IMG_isPNM                 0050fbc0 f   SDL_Image:IMG_pnm.obj
 0002:0005ab10       _IMG_LoadPNM_RW            0050fcf0 f   SDL_Image:IMG_pnm.obj
 0002:0005b3d0       _IMG_InitPNG               005105b0 f   SDL_Image:IMG_png.obj
 0002:0005b500       _IMG_QuitPNG               005106e0 f   SDL_Image:IMG_png.obj
 0002:0005b550       _IMG_isPNG                 00510730 f   SDL_Image:IMG_png.obj
 0002:0005b690       _IMG_LoadPNG_RW            00510870 f   SDL_Image:IMG_png.obj
 0002:0005c1d0       _IMG_isPCX                 005113b0 f   SDL_Image:IMG_pcx.obj
 0002:0005c340       _IMG_LoadPCX_RW            00511520 f   SDL_Image:IMG_pcx.obj
 0002:0005ced0       _IMG_isLBM                 005120b0 f   SDL_Image:IMG_lbm.obj
 0002:0005d030       _IMG_LoadLBM_RW            00512210 f   SDL_Image:IMG_lbm.obj
 0002:0005e6d0       _IMG_InitJPG               005138b0 f   SDL_Image:IMG_jpg.obj
 0002:0005e790       _IMG_QuitJPG               00513970 f   SDL_Image:IMG_jpg.obj
 0002:0005e7e0       _IMG_isJPG                 005139c0 f   SDL_Image:IMG_jpg.obj
 0002:0005eae0       _IMG_LoadJPG_RW            00513cc0 f   SDL_Image:IMG_jpg.obj
 0002:0005f2a0       _IMG_isGIF                 00514480 f   SDL_Image:IMG_gif.obj
 0002:0005f400       _IMG_LoadGIF_RW            005145e0 f   SDL_Image:IMG_gif.obj
 0002:00060b50       _IMG_isBMP                 00515d30 f   SDL_Image:IMG_bmp.obj
 0002:00060c80       _IMG_isICO                 00515e60 f   SDL_Image:IMG_bmp.obj
 0002:00060de0       _IMG_isCUR                 00515fc0 f   SDL_Image:IMG_bmp.obj
 0002:00060e30       _IMG_LoadBMP_RW            00516010 f   SDL_Image:IMG_bmp.obj
 0002:000622c0       _IMG_LoadICO_RW            005174a0 f   SDL_Image:IMG_bmp.obj
 0002:00063150       _IMG_LoadCUR_RW            00518330 f   SDL_Image:IMG_bmp.obj
 0002:000631b0       _IMG_LoadTGA_RW            00518390 f   SDL_Image:IMG_tga.obj
 0002:00063fd0       _jpeg_std_error            005191b0 f   SDL_Image:jerror.obj
 0002:000644f0       _jpeg_start_decompress     005196d0 f   SDL_Image:jdapistd.obj
 0002:000648f0       _jpeg_read_scanlines       00519ad0 f   SDL_Image:jdapistd.obj
 0002:00064ab0       _jpeg_read_raw_data        00519c90 f   SDL_Image:jdapistd.obj
 0002:00064c80       _jpeg_start_output         00519e60 f   SDL_Image:jdapistd.obj
 0002:00064d80       _jpeg_finish_output        00519f60 f   SDL_Image:jdapistd.obj
 0002:00064ee0       _jpeg_resync_to_restart    0051a0c0 f   SDL_Image:jdmarker.obj
 0002:00065400       _jinit_marker_reader       0051a5e0 f   SDL_Image:jdmarker.obj
 0002:00068d80       _jpeg_save_markers         0051df60 f   SDL_Image:jdmarker.obj
 0002:00069440       _jpeg_set_marker_processor 0051e620 f   SDL_Image:jdmarker.obj
 0002:00069510       _jpeg_CreateDecompress     0051e6f0 f   SDL_Image:jdapimin.obj
 0002:00069760       _jpeg_destroy_decompress   0051e940 f   SDL_Image:jdapimin.obj
 0002:000697b0       _jpeg_abort_decompress     0051e990 f   SDL_Image:jdapimin.obj
 0002:00069800       _jpeg_read_header          0051e9e0 f   SDL_Image:jdapimin.obj
 0002:00069940       _jpeg_consume_input        0051eb20 f   SDL_Image:jdapimin.obj
 0002:00069f60       _jpeg_input_complete       0051f140 f   SDL_Image:jdapimin.obj
 0002:0006a010       _jpeg_has_multiple_scans   0051f1f0 f   SDL_Image:jdapimin.obj
 0002:0006a0c0       _jpeg_finish_decompress    0051f2a0 f   SDL_Image:jdapimin.obj
 0002:0006a280       _jpeg_calc_output_dimensions 0051f460 f   SDL_Image:jdmaster.obj
 0002:0006a860       _jpeg_new_colormap         0051fa40 f   SDL_Image:jdmaster.obj
 0002:0006a990       _jinit_master_decompress   0051fb70 f   SDL_Image:jdmaster.obj
 0002:0006b460       _jpeg_abort                00520640 f   SDL_Image:jcomapi.obj
 0002:0006b530       _jpeg_destroy              00520710 f   SDL_Image:jcomapi.obj
 0002:0006b5c0       _jpeg_alloc_quant_table    005207a0 f   SDL_Image:jcomapi.obj
 0002:0006b640       _jpeg_alloc_huff_table     00520820 f   SDL_Image:jcomapi.obj
 0002:0006b6c0       _jdiv_round_up             005208a0 f   SDL_Image:jutils.obj
 0002:0006b700       _jround_up                 005208e0 f   SDL_Image:jutils.obj
 0002:0006b750       _jcopy_sample_rows         00520930 f   SDL_Image:jutils.obj
 0002:0006b820       _jcopy_block_row           00520a00 f   SDL_Image:jutils.obj
 0002:0006b880       _jzero_far                 00520a60 f   SDL_Image:jutils.obj
 0002:0006b8e0       _jinit_input_controller    00520ac0 f   SDL_Image:jdinput.obj
 0002:0006c6d0       _jinit_memory_mgr          005218b0 f   SDL_Image:jmemmgr.obj
 0002:0006e390       _jinit_d_main_controller   00523570 f   SDL_Image:jdmainct.obj
 0002:0006f190       _jinit_d_coef_controller   00524370 f   SDL_Image:jdcoefct.obj
 0002:00071090       _jpeg_make_d_derived_tbl   00526270 f   SDL_Image:jdhuff.obj
 0002:00071630       _jpeg_fill_bit_buffer      00526810 f   SDL_Image:jdhuff.obj
 0002:000718b0       _jpeg_huff_decode          00526a90 f   SDL_Image:jdhuff.obj
 0002:00071a90       _jinit_huff_decoder        00526c70 f   SDL_Image:jdhuff.obj
 0002:00072900       _jinit_phuff_decoder       00527ae0 f   SDL_Image:jdphuff.obj
 0002:00074460       _jinit_inverse_dct         00529640 f   SDL_Image:jddctmgr.obj
 0002:000749e0       _jinit_d_post_controller   00529bc0 f   SDL_Image:jdpostct.obj
 0002:000751b0       _jinit_upsampler           0052a390 f   SDL_Image:jdsample.obj
 0002:00076080       _jinit_color_deconverter   0052b260 f   SDL_Image:jdcolor.obj
 0002:00076d40       _jinit_merged_upsampler    0052bf20 f   SDL_Image:jdmerge.obj
 0002:00077b20       _jinit_2pass_quantizer     0052cd00 f   SDL_Image:jquant2.obj
 0002:0007a6d0       _jinit_1pass_quantizer     0052f8b0 f   SDL_Image:jquant1.obj
 0002:0007c020       _jpeg_get_small            00531200 f   SDL_Image:jmemansi.obj
 0002:0007c070       _jpeg_free_small           00531250 f   SDL_Image:jmemansi.obj
 0002:0007c0c0       _jpeg_get_large            005312a0 f   SDL_Image:jmemansi.obj
 0002:0007c110       _jpeg_free_large           005312f0 f   SDL_Image:jmemansi.obj
 0002:0007c160       _jpeg_mem_available        00531340 f   SDL_Image:jmemansi.obj
 0002:0007c1a0       _jpeg_open_backing_store   00531380 f   SDL_Image:jmemansi.obj
 0002:0007c490       _jpeg_mem_init             00531670 f   SDL_Image:jmemansi.obj
 0002:0007c4d0       _jpeg_mem_term             005316b0 f   SDL_Image:jmemansi.obj
 0002:0007c500       _jpeg_idct_float           005316e0 f   SDL_Image:jidctflt.obj
 0002:0007cf70       _jpeg_idct_ifast           00532150 f   SDL_Image:jidctfst.obj
 0002:0007da20       _jpeg_idct_islow           00532c00 f   SDL_Image:jidctint.obj
 0002:0007e610       _jpeg_idct_4x4             005337f0 f   SDL_Image:jidctred.obj
 0002:0007ec70       _jpeg_idct_2x2             00533e50 f   SDL_Image:jidctred.obj
 0002:0007f060       _jpeg_idct_1x1             00534240 f   SDL_Image:jidctred.obj
 0002:0007f0f1       _XLaunchNewImageA@8        005342d1 f   xapilibd:launch.obj
 0002:0007f143       _XWriteTitleInfoNoReboot@24 00534323 f   xapilibd:launch.obj
 0002:0007f25c       _XGetLaunchInfo@8          0053443c f   xapilibd:launch.obj
 0002:0007f338       _XWriteTitleInfoAndRebootA@20 00534518 f   xapilibd:launch.obj
 0002:0007f3dd       _mainXapiStartup@4         005345bd f   xapilibd:xapi0.obj
 0002:0007f47d       _mainCRTStartup            0053465d f   xapilibd:xapi0.obj
 0002:0007f50b       _XboxTimeZoneNameToWstr@8  005346eb f i xapilibd:datetime.obj
 0002:0007f536       _XboxTimeZoneDateToSystemTime@8 00534716 f i xapilibd:datetime.obj
 0002:0007f57e       _XapipQueryTimeZoneInformation@8 0053475e f   xapilibd:datetime.obj
 0002:0007f652       _XapipUseDaylightSavingTime@0 00534832 f   xapilibd:datetime.obj
 0002:0007f689       _GetSystemTime@4           00534869 f   xapilibd:datetime.obj
 0002:0007f706       _GetTickCount@0            005348e6 f   xapilibd:datetime.obj
 0002:0007f710       _FileTimeToSystemTime@8    005348f0 f   xapilibd:datetime.obj
 0002:0007f7b3       _SystemTimeToFileTime@8    00534993 f   xapilibd:datetime.obj
 0002:0007f845       _CompareFileTime@8         00534a25 f   xapilibd:datetime.obj
 0002:0007f88c       _RtlpCutoverTimeToSystemTime@16 00534a6c f   xapilibd:datetime.obj
 0002:0007fb18       _GetTimeZoneInformation@4  00534cf8 f   xapilibd:datetime.obj
 0002:0007fccb       _XapipGetTimeZoneBias@4    00534eab f   xapilibd:datetime.obj
 0002:0007fd3b       _GetLocalTime@4            00534f1b f   xapilibd:datetime.obj
 0002:0007fdd9       _FileTimeToLocalFileTime@8 00534fb9 f   xapilibd:datetime.obj
 0002:0007fe0e       _LocalFileTimeToFileTime@8 00534fee f   xapilibd:datetime.obj
 0002:0007fe43       _QueryPerformanceCounter@4 00535023 f   xapilibd:perfctr.obj
 0002:0007fe58       _QueryPerformanceFrequency@4 00535038 f   xapilibd:perfctr.obj
 0002:0007fe74       _CreateEventA@16           00535054 f   xapilibd:synch.obj
 0002:0007feed       _OpenEventA@12             005350cd f   xapilibd:synch.obj
 0002:0007ff60       _SetEvent@4                00535140 f   xapilibd:synch.obj
 0002:0007ff8b       _ResetEvent@4              0053516b f   xapilibd:synch.obj
 0002:0007ffb4       _PulseEvent@4              00535194 f   xapilibd:synch.obj
 0002:0007ffdf       _CreateSemaphoreA@16       005351bf f   xapilibd:synch.obj
 0002:00080050       _OpenSemaphoreA@12         00535230 f   xapilibd:synch.obj
 0002:000800c3       _ReleaseSemaphore@12       005352a3 f   xapilibd:synch.obj
 0002:000800f3       _CreateMutexA@12           005352d3 f   xapilibd:synch.obj
 0002:00080161       _OpenMutexA@12             00535341 f   xapilibd:synch.obj
 0002:000801d4       _ReleaseMutex@4            005353b4 f   xapilibd:synch.obj
 0002:000801ff       _WaitForSingleObjectEx@12  005353df f   xapilibd:synch.obj
 0002:00080254       _SignalObjectAndWait@16    00535434 f   xapilibd:synch.obj
 0002:000802ac       _WaitForMultipleObjectsEx@20 0053548c f   xapilibd:synch.obj
 0002:0008034c       _SleepEx@8                 0053552c f   xapilibd:synch.obj
 0002:000803b2       _CreateWaitableTimerA@12   00535592 f   xapilibd:synch.obj
 0002:00080427       _OpenWaitableTimerA@12     00535607 f   xapilibd:synch.obj
 0002:0008049a       _SetWaitableTimer@24       0053567a f   xapilibd:synch.obj
 0002:000804f1       _CancelWaitableTimer@4     005356d1 f   xapilibd:synch.obj
 0002:0008051c       _WaitForSingleObject@8     005356fc f   xapilibd:synch.obj
 0002:00080535       _WaitForMultipleObjects@16 00535715 f   xapilibd:synch.obj
 0002:00080555       _Sleep@4                   00535735 f   xapilibd:synch.obj
 0002:0008056a       _XapiMmTimerThread@4       0053574a f   xapilibd:mmtimer.obj
 0002:000807f4       _timeSetEvent@20           005359d4 f   xapilibd:mmtimer.obj
 0002:0008099a       _timeKillEvent@4           00535b7a f   xapilibd:mmtimer.obj
 0002:00080a27       _timeGetSystemTime@8       00535c07 f   xapilibd:mmtimer.obj
 0002:00080a55       _XGetVideoStandard@0       00535c35 f   xapilibd:xgetvideostandard.obj
 0002:00080a88       _XGetVideoFlags@0          00535c68 f   xapilibd:xgetvideoflags.obj
 0002:00080ae3       _CloseHandle@4             00535cc3 f   xapilibd:handle.obj
 0002:00080b0c       _DuplicateHandle@28        00535cec f   xapilibd:handle.obj
 0002:00080b3c       _XapiCallThreadNotifyRoutines@4 00535d1c f   xapilibd:thread.obj
 0002:00080b85       _SetThreadPriority@8       00535d65 f   xapilibd:thread.obj
 0002:00080beb       _GetThreadPriority@4       00535dcb f   xapilibd:thread.obj
 0002:00080c54       _SetThreadPriorityBoost@8  00535e34 f   xapilibd:thread.obj
 0002:00080cab       _GetThreadPriorityBoost@8  00535e8b f   xapilibd:thread.obj
 0002:00080cfc       _SuspendThread@4           00535edc f   xapilibd:thread.obj
 0002:00080d2b       _ResumeThread@4            00535f0b f   xapilibd:thread.obj
 0002:00080d5a       _RaiseException@16         00535f3a f   xapilibd:thread.obj
 0002:00080dc5       _XapiDispatchAPC@12        00535fa5 f   xapilibd:thread.obj
 0002:00080dd5       _QueueUserAPC@12           00535fb5 f   xapilibd:thread.obj
 0002:00080e04       _SwitchToThread@0          00535fe4 f   xapilibd:thread.obj
 0002:00080e22       _ExitThread@4              00536002 f   xapilibd:thread.obj
 0002:00080e46       _GetExitCodeThread@8       00536026 f   xapilibd:thread.obj
 0002:00080eb3       _SetUnhandledExceptionFilter@4 00536093 f   xapilibd:thread.obj
 0002:00080ecd       _GetThreadTimes@20         005360ad f   xapilibd:thread.obj
 0002:00080f78       _XRegisterThreadNotifyRoutine@8 00536158 f   xapilibd:thread.obj
 0002:00080fd4       _XSetProcessQuantumLength@4 005361b4 f   xapilibd:thread.obj
 0002:00081016       _XGetProcessQuantumLength@0 005361f6 f   xapilibd:thread.obj
 0002:00081077       _UnhandledExceptionFilter@4 00536257 f   xapilibd:thread.obj
 0002:000810ff       _XapiThreadStartup@8       005362df f   xapilibd:thread.obj
 0002:00081287       _CreateThread@24           00536467 f   xapilibd:thread.obj
 0002:00081310       _GetCurrentThreadId@0      005364f0 f   xapilibd:thread.obj
 0002:00081320       _ReadFile@20               00536500 f   xapilibd:filehops.obj
 0002:00081448       _WriteFile@20              00536628 f   xapilibd:filehops.obj
 0002:00081553       _SetEndOfFile@4            00536733 f   xapilibd:filehops.obj
 0002:000815f8       _SetFilePointer@16         005367d8 f   xapilibd:filehops.obj
 0002:00081744       _SetFilePointerEx@20       00536924 f   xapilibd:filehops.obj
 0002:0008184f       _GetFileInformationByHandle@8 00536a2f f   xapilibd:filehops.obj
 0002:0008195e       _GetFileTime@16            00536b3e f   xapilibd:filehops.obj
 0002:000819dd       _SetFileTime@16            00536bbd f   xapilibd:filehops.obj
 0002:00081a6b       _FlushFileBuffers@4        00536c4b f   xapilibd:filehops.obj
 0002:00081a9b       _GetFileSizeEx@8           00536c7b f   xapilibd:filehops.obj
 0002:00081ae8       _ReadFileEx@20             00536cc8 f   xapilibd:filehops.obj
 0002:00081b4d       _WriteFileEx@20            00536d2d f   xapilibd:filehops.obj
 0002:00081bb2       _DeviceIoControl@32        00536d92 f   xapilibd:filehops.obj
 0002:00081cef       _ReadFileScatter@20        00536ecf f   xapilibd:filehops.obj
 0002:00081e17       _WriteFileGather@20        00536ff7 f   xapilibd:filehops.obj
 0002:00081f22       _XGetFilePhysicalSortKey@4 00537102 f   xapilibd:filehops.obj
 0002:00081ff2       _GetFileSize@8             005371d2 f   xapilibd:filehops.obj
 0002:0008203b       _XAutoPowerDownResetTimer@0 0053721b f   xapilibd:powerdwn.obj
 0002:0008205f       _XAutoPowerDownTimeRemaining@0 0053723f f   xapilibd:powerdwn.obj
 0002:000820cf       _XapiAutoPowerDownTimeout@16 005372af f   xapilibd:powerdwn.obj
 0002:000820e5       _XapiInitAutoPowerDown@0   005372c5 f   xapilibd:powerdwn.obj
 0002:0008218f       _BuildUpdateFilePath@12    0053736f f   xapilibd:bootutil.obj
 0002:000821eb       _XapipUpdateMountDashPartition@0 005373cb f   xapilibd:bootutil.obj
 0002:00082289       _XoUpdateLoadXBEInfo@8     00537469 f   xapilibd:bootutil.obj
 0002:00082388       _XoRebootToUpdaterWhilePreservingDDrive@12 00537568 f   xapilibd:bootutil.obj
 0002:0008247e       _XoUpdateGetSavedDataFromLaunchPage@12 0053765e f   xapilibd:bootutil.obj
 0002:0008254d       _XapipUpdateGetCurrentDDriveMapping@8 0053772d f   xapilibd:bootutil.obj
 0002:00082643       _XapipUpdateSaveDDriveMappingToLaunchPage@8 00537823 f   xapilibd:bootutil.obj
 0002:00082747       _XapipUpdateDetectAndVerify@16 00537927 f   xapilibd:bootutil.obj
 0002:000829e3       _XapipUpdateDashIfNecessary@4 00537bc3 f   xapilibd:bootutil.obj
 0002:00082a9b       _XapipLaunchNewImageInternal@16 00537c7b f   xapilibd:bootutil.obj
 0002:00082cdf       _XapipUpdateRebootIfNecessary@0 00537ebf f   xapilibd:bootutil.obj
 0002:00082fa7       _lstrcmpA@8                00538187 f   xapilibd:lcompata.obj
 0002:00083024       _lstrcmpiA@8               00538204 f   xapilibd:lcompata.obj
 0002:0008307a       _lstrcpyA@8                0053825a f   xapilibd:lcompata.obj
 0002:000830c7       _lstrcpynA@12              005382a7 f   xapilibd:lcompata.obj
 0002:00083145       _lstrcatA@8                00538325 f   xapilibd:lcompata.obj
 0002:000831b5       _lstrlenA@4                00538395 f   xapilibd:lcompata.obj
 0002:00083202       _OutputDebugStringA@4      005383e2 f   xapilibd:outputdebugstringa.obj
 0002:00083240       _vXDebugPrint@16           00538420 f   xapilibd:outputdebugstringa.obj
 0002:000832c2       _XDebugPrint               005384a2 f   xapilibd:outputdebugstringa.obj
 0002:000832de       _XDebugError               005384be f   xapilibd:outputdebugstringa.obj
 0002:000832f9       _XDebugWarning             005384d9 f   xapilibd:outputdebugstringa.obj
 0002:00083314       _XDebugTrace               005384f4 f   xapilibd:outputdebugstringa.obj
 0002:0008332f       _XDebugEntry               0053850f f   xapilibd:outputdebugstringa.obj
 0002:0008334a       _XDebugExit                0053852a f   xapilibd:outputdebugstringa.obj
 0002:00083365       _XapiValidateDiskPartitionEx@8 00538545 f   xapilibd:xapiinit.obj
 0002:000833fb       _XapiCopySectionToFile@16  005385db f   xapilibd:xapiinit.obj
 0002:0008357d       _XapiMapLetterToDirectory@24 0053875d f   xapilibd:xapiinit.obj
 0002:00083ab1       _XapiSetupPerTitleDriveLetters@8 00538c91 f   xapilibd:xapiinit.obj
 0002:00083b1b       _XapiBootToDash@12         00538cfb f   xapilibd:xapiinit.obj
 0002:00083b99       _XapiValidateDiskPartition@4 00538d79 f   xapilibd:xapiinit.obj
 0002:00083bb2       _XapiInitProcess@0         00538d92 f   xapilibd:xapiinit.obj
 0002:00083e55       __cinit@0                  00539035 f   xapilibd:xapi0dat.obj
 0002:00083ea8       __rtinit@0                 00539088 f   xapilibd:xapi0dat.obj
 0002:00083ef4       _GetLastError@0            005390d4 f   xapilibd:error.obj
 0002:00083f42       _SetLastError@4            00539122 f   xapilibd:error.obj
 0002:00083f9c       _XapiSetLastNTError@4      0053917c f   xapilibd:error.obj
 0002:00083fbf       _CreateIoCompletionPort@16 0053919f f   xapilibd:error.obj
 0002:0008406e       _PostQueuedCompletionStatus@16 0053924e f   xapilibd:error.obj
 0002:000840a7       _GetQueuedCompletionStatus@20 00539287 f   xapilibd:error.obj
 0002:00084135       _GetOverlappedResult@16    00539315 f   xapilibd:error.obj
 0002:000841ba       _XapiRestrictCodeSelectorLimit@0 0053939a f   xapilibd:krnlptch.obj
 0002:00084237       _XapiApplyKernelPatches@0  00539417 f   xapilibd:krnlptch.obj
 0002:0008432e       _XQueryValue@20            0053950e f   xapilibd:xqueryvalue.obj
 0002:00084358       _XapiFormatObjectAttributes@12 00539538 f   xapilibd:support.obj
 0002:0008438b       _XapiFormatTimeOut@8       0053956b f   xapilibd:support.obj
 0002:00084419       _XGetAVPack@0              005395f9 f   xapilibd:xgetavpack.obj
 0002:00084423       _CreateFileA@28            00539603 f   xapilibd:fileopcr.obj
 0002:00084628       _CopyFileExA@24            00539808 f   xapilibd:fileopcr.obj
 0002:000849de       _CopyFileA@12              00539bbe f   xapilibd:fileopcr.obj
 0002:00084a06       _XapiComputeContentMetadataFileName@8 00539be6 f   xapilibd:contsig.obj
 0002:00084a76       _XComputeContentSignatureKey@8 00539c56 f   xapilibd:contsig.obj
 0002:00084a9f       _XapiComputeContentHeaderSignature@16 00539c7f f   xapilibd:contsig.obj
 0002:00084bc6       _XapiLoadContentMetadataHeader@16 00539da6 f   xapilibd:contsig.obj
 0002:00084cdf       _XapiVerifyAndLoadOptionalSectionData@12 00539ebf f   xapilibd:contsig.obj
 0002:00084dde       _XapipGetAlternateTitleID@0 00539fbe f   xapilibd:contsig.obj
 0002:00084ee2       _XGetContentInstallLocationFromIDs@16 0053a0c2 f   xapilibd:contsig.obj
 0002:00084f5f       _XGetContentInstallLocation@12 0053a13f f   xapilibd:contsig.obj
 0002:00084fe1       _XInstallContentSignaturesWithFileName@16 0053a1c1 f   xapilibd:contsig.obj
 0002:00085293       _XInstallContentSignaturesEx@16 0053a473 f   xapilibd:contsig.obj
 0002:000852d0       _XInstallContentSignatures@12 0053a4b0 f   xapilibd:contsig.obj
 0002:0008530a       _XCreateContentSimple@24   0053a4ea f   xapilibd:contsig.obj
 0002:00085550       _XRemoveContent@4          0053a730 f   xapilibd:contsig.obj
 0002:000855bc       _XLoadContentSignaturesWithFileName@8 0053a79c f   xapilibd:contsig.obj
 0002:00085783       _XLoadContentSignaturesEx@8 0053a963 f   xapilibd:contsig.obj
 0002:000857b8       _XLocateSignatureByIndex@16 0053a998 f   xapilibd:contsig.obj
 0002:00085871       _XLocateSignatureByNameEx@24 0053aa51 f   xapilibd:contsig.obj
 0002:000859da       _XLocateSignatureByName@24 0053abba f   xapilibd:contsig.obj
 0002:00085a00       _XLocateNextSignature@28   0053abe0 f   xapilibd:contsig.obj
 0002:00085b29       _XCalculateContentSignature@16 0053ad09 f   xapilibd:contsig.obj
 0002:00085bb3       _XLocateLiveSignature@12   0053ad93 f   xapilibd:contsig.obj
 0002:00085c30       _XCloseContentSignatures@4 0053ae10 f   xapilibd:contsig.obj
 0002:00085c71       _xCompareStringA@20        0053ae51 f   xapilibd:compstra.obj
 0002:00085e5c       _XGetSectionHandleA@4      0053b03c f   xapilibd:xemodule.obj
 0002:00085ef9       _XLoadSectionByHandle@4    0053b0d9 f   xapilibd:xemodule.obj
 0002:00085f59       _XFreeSectionByHandle@4    0053b139 f   xapilibd:xemodule.obj
 0002:00085fb8       _XLoadSectionA@4           0053b198 f   xapilibd:xemodule.obj
 0002:00085ffa       _XFreeSectionA@4           0053b1da f   xapilibd:xemodule.obj
 0002:0008603c       _XGetSectionSize@4         0053b21c f   xapilibd:xemodule.obj
 0002:00086082       _XGetParentalControlSetting@0 0053b262 f   xapilibd:xgetparentalcontrolsetting.obj
 0002:000860b0       _GetDiskFreeSpaceExA@16    0053b290 f   xapilibd:pathmisc.obj
 0002:000861fb       _GetVolumeInformationA@32  0053b3db f   xapilibd:pathmisc.obj
 0002:00086502       _XapiSelectCachePartition@12 0053b6e2 f   xapilibd:pathmisc.obj
 0002:00086877       _XMountUtilityDrive@4      0053ba57 f   xapilibd:pathmisc.obj
 0002:000869eb       _XFormatUtilityDrive@0     0053bbcb f   xapilibd:pathmisc.obj
 0002:00086ab9       _XMountSecondaryUtilityDrive@0 0053bc99 f   xapilibd:pathmisc.obj
 0002:00086e1a       _XSwapUtilityDrives@0      0053bffa f   xapilibd:pathmisc.obj
 0002:000870dd       _XFormatSecondaryUtilityDrive@0 0053c2bd f   xapilibd:pathmisc.obj
 0002:000871ab       _XMountAlternateTitleA@12  0053c38b f   xapilibd:pathmisc.obj
 0002:000874c7       _XUnmountAlternateTitleA@4 0053c6a7 f   xapilibd:pathmisc.obj
 0002:0008755b       _XGetDiskClusterSizeA@4    0053c73b f   xapilibd:pathmisc.obj
 0002:00087669       _XGetDiskSectorSizeA@4     0053c849 f   xapilibd:pathmisc.obj
 0002:0008776b       _XMUNameFromDriveLetter@12 0053c94b f   xapilibd:pathmisc.obj
 0002:00087894       _HeapCreate@12             0053ca74 f   xapilibd:xapiheap.obj
 0002:000878f6       _HeapDestroy@4             0053cad6 f   xapilibd:xapiheap.obj
 0002:0008791c       _HeapFree@12               0053cafc f   xapilibd:xapiheap.obj
 0002:0008793a       _HeapValidate@12           0053cb1a f   xapilibd:xapiheap.obj
 0002:00087958       _GetProcessHeap@0          0053cb38 f   xapilibd:xapiheap.obj
 0002:0008795e       _HeapCompact@8             0053cb3e f   xapilibd:xapiheap.obj
 0002:00087969       _HeapLock@4                0053cb49 f   xapilibd:xapiheap.obj
 0002:0008797f       _HeapUnlock@4              0053cb5f f   xapilibd:xapiheap.obj
 0002:00087995       _HeapWalk@8                0053cb75 f   xapilibd:xapiheap.obj
 0002:00087aa9       _LocalAlloc@8              0053cc89 f   xapilibd:xapiheap.obj
 0002:00087aec       _LocalReAlloc@12           0053cccc f   xapilibd:xapiheap.obj
 0002:00087b44       _LocalSize@4               0053cd24 f   xapilibd:xapiheap.obj
 0002:00087b60       _LocalFree@4               0053cd40 f   xapilibd:xapiheap.obj
 0002:00087b88       _LocalLock@4               0053cd68 f   xapilibd:xapiheap.obj
 0002:00087b94       _LocalHandle@4             0053cd74 f   xapilibd:xapiheap.obj
 0002:00087ba0       _LocalUnlock@4             0053cd80 f   xapilibd:xapiheap.obj
 0002:00087ba6       _GlobalAlloc@8             0053cd86 f   xapilibd:xapiheap.obj
 0002:00087be9       _GlobalReAlloc@12          0053cdc9 f   xapilibd:xapiheap.obj
 0002:00087c41       _XSetAttributesOnHeapAlloc@8 0053ce21 f   xapilibd:xapiheap.obj
 0002:00087c55       _XGetAttributesOnHeapAlloc@4 0053ce35 f   xapilibd:xapiheap.obj
 0002:00087d23       _RtlZeroHeap@8             0053cf03 f   xapilibd:heap.obj
 0002:00087ed7       _RtlpCreateUnCommittedRange@4 0053d0b7 f   xapilibd:heap.obj
 0002:00088087       _RtlpDestroyUnCommittedRange@8 0053d267 f   xapilibd:heap.obj
 0002:000880fc       _RtlpInsertUnCommittedPages@12 0053d2dc f   xapilibd:heap.obj
 0002:00088215       _RtlpFindAndCommitPages@16 0053d3f5 f   xapilibd:heap.obj
 0002:00088478       _RtlpDestroyHeapSegment@4  0053d658 f   xapilibd:heap.obj
 0002:00088501       _RtlpCoalesceFreeBlocks@16 0053d6e1 f   xapilibd:heap.obj
 0002:00088b24       _RtlpInsertFreeBlock@12    0053dd04 f   xapilibd:heap.obj
 0002:00088d36       _RtlpGetExtraStuffPointer@4 0053df16 f   xapilibd:heap.obj
 0002:00088d5c       _RtlpGetSizeOfBigBlock@4   0053df3c f   xapilibd:heap.obj
 0002:00088dbc       _RtlpCheckBusyBlockTail@4  0053df9c f   xapilibd:heap.obj
 0002:00088e89       _RtlpCheckHeapSignature@8  0053e069 f   xapilibd:heap.obj
 0002:00088ef2       _RtlpValidateHeapHeaders@8 0053e0d2 f   xapilibd:heap.obj
 0002:00089003       _RtlpValidateHeapSegment@32 0053e1e3 f   xapilibd:heap.obj
 0002:000892e3       _RtlpValidateHeapEntry@12  0053e4c3 f   xapilibd:heap.obj
 0002:000893d4       _RtlpValidateHeap@8        0053e5b4 f   xapilibd:heap.obj
 0002:00089814       _RtlDebugWalkHeap@8        0053e9f4 f   xapilibd:heap.obj
 0002:0008986f       _RtlWalkHeap@8             0053ea4f f   xapilibd:heap.obj
 0002:00089b65       _RtlLockHeap@4             0053ed45 f   xapilibd:heap.obj
 0002:00089be9       _RtlUnlockHeap@4           0053edc9 f   xapilibd:heap.obj
 0002:00089c6d       _RtlValidateHeap@12        0053ee4d f   xapilibd:heap.obj
 0002:00089d40       _RtlDebugCompactHeap@8     0053ef20 f   xapilibd:heap.obj
 0002:00089e19       _RtlDestroyHeap@4          0053eff9 f   xapilibd:heap.obj
 0002:00089f27       _RtlpGrowBlockInPlace@20   0053f107 f   xapilibd:heap.obj
 0002:0008a7c0       _RtlSizeHeap@12            0053f9a0 f   xapilibd:heap.obj
 0002:0008a7fd       _RtlpInitializeHeapSegment@28 0053f9dd f   xapilibd:heap.obj
 0002:0008a9ac       _RtlpExtendHeap@8          0053fb8c f   xapilibd:heap.obj
 0002:0008abde       _RtlpDeCommitFreeBlock@12  0053fdbe f   xapilibd:heap.obj
 0002:0008b0d0       _RtlpCoalesceHeap@4        005402b0 f   xapilibd:heap.obj
 0002:0008b1fa       _RtlCompactHeap@8          005403da f   xapilibd:heap.obj
 0002:0008b2dc       _RtlCreateHeap@24          005404bc f   xapilibd:heap.obj
 0002:0008b8a9       _RtlAllocateHeapSlowly@12  00540a89 f   xapilibd:heap.obj
 0002:0008c7be       _RtlFreeHeapSlowly@12      0054199e f   xapilibd:heap.obj
 0002:0008cb10       _RtlAllocateHeap@12        00541cf0 f   xapilibd:heap.obj
 0002:0008d989       _RtlFreeHeap@12            00542b69 f   xapilibd:heap.obj
 0002:0008de86       _RtlReAllocateHeap@16      00543066 f   xapilibd:heap.obj
 0002:0008eacc       _XapiShutdownChannelStartNextPacket@0 00543cac f   xapilibd:xapiterm.obj
 0002:0008eb13       _XapiShutdownChannelStartPacket@8 00543cf3 f   xapilibd:xapiterm.obj
 0002:0008eb28       _XapiShutdownNotification@4 00543d08 f   xapilibd:xapiterm.obj
 0002:0008eb94       _XapiChangeCodeSelectorLimit@8 00543d74 f   xapilibd:xapidlla.obj
 0002:0008ec14       _XShaHmacInitialize@12     00543df4 f   xapilibd:xcalcsig.obj
 0002:0008ecd5       _XShaHmacUpdate@12         00543eb5 f   xapilibd:xcalcsig.obj
 0002:0008ed2d       _XShaHmacComputeFinal@16   00543f0d f   xapilibd:xcalcsig.obj
 0002:0008edf0       _XapiConvertSignatureToNonRoamable@12 00543fd0 f   xapilibd:xcalcsig.obj
 0002:0008eeab       _XapipCalculateSaveGameSignatureBegin@8 0054408b f   xapilibd:xcalcsig.obj
 0002:0008ef93       _XapipCalculateSaveGameSignatureUpdate@12 00544173 f   xapilibd:xcalcsig.obj
 0002:0008efd4       _XapipCalculateSaveGameSignatureEnd@8 005441b4 f   xapilibd:xcalcsig.obj
 0002:0008f077       _XapipCalculateContentSignatureBegin@0 00544257 f   xapilibd:xcalcsig.obj
 0002:0008f0ba       _XapipCalculateContentSignatureUpdate@12 0054429a f   xapilibd:xcalcsig.obj
 0002:0008f0db       _XapipCalculateContentSignatureEnd@8 005442bb f   xapilibd:xcalcsig.obj
 0002:0008f110       _XCalculateSignatureGetSize@4 005442f0 f   xapilibd:xcalcsig.obj
 0002:0008f14e       _XCalculateSignatureBeginEx@8 0054432e f   xapilibd:xcalcsig.obj
 0002:0008f1d5       _XCalculateSignatureBegin@4 005443b5 f   xapilibd:xcalcsig.obj
 0002:0008f1f1       _XCalculateSignatureUpdate@12 005443d1 f   xapilibd:xcalcsig.obj
 0002:0008f2bf       _XCalculateSignatureEnd@8  0054449f f   xapilibd:xcalcsig.obj
 0002:0008f362       _XMemAlloc@8               00544542 f   xapilibd:xmem.obj
 0002:0008f490       _XMemFree@8                00544670 f   xapilibd:xmem.obj
 0002:0008f621       _XMemSize@8                00544801 f   xapilibd:xmem.obj
 0002:0008f644       _XapiNukeDirectoryFromHandle@8 00544824 f   xapilibd:xclndrv.obj
 0002:0008f820       _XapiNukeDirectory@8       00544a00 f   xapilibd:xclndrv.obj
 0002:0008f8cf       _SetFileAttributesA@8      00544aaf f   xapilibd:filemisc.obj
 0002:0008f99e       _GetFileAttributesA@4      00544b7e f   xapilibd:filemisc.obj
 0002:0008f9fb       _GetFileAttributesExA@12   00544bdb f   xapilibd:filemisc.obj
 0002:0008fac1       _MoveFileA@8               00544ca1 f   xapilibd:filemisc.obj
 0002:0008fb7c       _DeleteFileA@4             00544d5c f   xapilibd:filemisc.obj
 0002:0008fc2d       _XSetFileCacheSize@4       00544e0d f   xapilibd:filemisc.obj
 0002:0008fc66       _XGetFileCacheSize@0       00544e46 f   xapilibd:filemisc.obj
 0002:0008fc72       _XapiGetDirectoryDisplayBlocks@12 00544e52 f   xapilibd:filemisc.obj
 0002:0008fdf4       _XGetDisplayBlocks@4       00544fd4 f   xapilibd:filemisc.obj
 0002:0008ff02       _MoveFileWithProgressA@20  005450e2 f   xapilibd:filemisc.obj
 0002:0009002e       _MoveFileExA@12            0054520e f   xapilibd:filemisc.obj
 0002:0009004d       _XapiFormatFATVolumeEx@8   0054522d f   xapilibd:format.obj
 0002:0009043a       _XapiFormatFATVolume@4     0054561a f   xapilibd:format.obj
 0002:00090453       _lstrcmpW@8                00545633 f   xapilibd:lcompat.obj
 0002:000904a9       _lstrcmpiW@8               00545689 f   xapilibd:lcompat.obj
 0002:000904ff       _lstrcpyW@8                005456df f   xapilibd:lcompat.obj
 0002:00090545       _lstrcpynW@12              00545725 f   xapilibd:lcompat.obj
 0002:000905cc       _lstrcatW@8                005457ac f   xapilibd:lcompat.obj
 0002:00090612       _lstrlenW@4                005457f2 f   xapilibd:lcompat.obj
 0002:00090660       @RtlFindFirstSetRightMember@4 00545840 f   xapilibd:bitmapa.obj
 0002:00090698       _RootHubPortToPortNumber@4 00545878 f i xapilibd:roothub.obj
 0002:000906a8       _PortNumberToRootHubPort@4 00545888 f i xapilibd:roothub.obj
 0002:0009073b       _XPhysicalAlloc@16         0054591b f   xapilibd:physical.obj
 0002:000907fe       _XPhysicalAllocEx@20       005459de f   xapilibd:physical.obj
 0002:0009088c       _XPhysicalSize@4           00545a6c f   xapilibd:physical.obj
 0002:000908b9       _XPhysicalProtect@12       00545a99 f   xapilibd:physical.obj
 0002:00090911       _XPhysicalFree@4           00545af1 f   xapilibd:physical.obj
 0002:0009093e       _XQueryMemoryProtect@4     00545b1e f   xapilibd:physical.obj
 0002:0009094a       _xCompareStringW@20        00545b2a f   xapilibd:compstr.obj
 0002:00090b49       ??_ECDirectSound@DirectSound@@W7AEPAXI@Z 00545d29 f i dsoundd:dsapi.obj
 0002:00090b53       ??_ECDirectSoundBuffer@DirectSound@@W7AEPAXI@Z 00545d33 f i dsoundd:dsapi.obj
 0002:00090b5d       ??_ECDirectSoundStream@DirectSound@@W3AEPAXI@Z 00545d3d f i dsoundd:dsapi.obj
 0002:00090b67       ??_ECDirectSoundStream@DirectSound@@WM@AEPAXI@Z 00545d47 f i dsoundd:dsapi.obj
 0002:00090b71       ??_ECMcpxAPU@DirectSound@@W7AEPAXI@Z 00545d51 f i dsoundd:mcpapu.obj
 0002:00090b7b       ??_ECWaveFileMediaObject@DirectSound@@W3AEPAXI@Z 00545d5b f i dsoundd:wavexmo.obj
 0002:00090b85       ??_ECFileMediaObject@DirectSound@@W3AEPAXI@Z 00545d65 f i dsoundd:wavexmo.obj
 0002:00090b8f       ??_ECAc97MediaObject@DirectSound@@W3AEPAXI@Z 00545d6f f i dsoundd:ac97xmo.obj
 0002:00090b99       ??_ECAc97MediaObject@DirectSound@@WM@AEPAXI@Z 00545d79 f i dsoundd:ac97xmo.obj
 0002:00090ba4       _HalWriteSMBusValue@16     00545d84 f   xboxkrnl:xboxkrnl.exe
 0002:00090baa       _NtCreateFile@36           00545d8a f   xboxkrnl:xboxkrnl.exe
 0002:00090bb0       _RtlInitAnsiString@8       00545d90 f   xboxkrnl:xboxkrnl.exe
 0002:00090bb6       _IoCreateSymbolicLink@8    00545d96 f   xboxkrnl:xboxkrnl.exe
 0002:00090bbc       _IoDeleteSymbolicLink@4    00545d9c f   xboxkrnl:xboxkrnl.exe
 0002:00090bc2       @KfLowerIrql@4             00545da2 f   xboxkrnl:xboxkrnl.exe
 0002:00090bc8       _KeRaiseIrqlToDpcLevel@0   00545da8 f   xboxkrnl:xboxkrnl.exe
 0002:00090bce       _ExAllocatePoolWithTag@8   00545dae f   xboxkrnl:xboxkrnl.exe
 0002:00090bd4       _MmPersistContiguousMemory@12 00545db4 f   xboxkrnl:xboxkrnl.exe
 0002:00090bda       _MmAllocateContiguousMemory@4 00545dba f   xboxkrnl:xboxkrnl.exe
 0002:00090be0       _MmFreeContiguousMemory@4  00545dc0 f   xboxkrnl:xboxkrnl.exe
 0002:00090be6       _RtlRip@12                 00545dc6 f   xboxkrnl:xboxkrnl.exe
 0002:00090bec       _RtlNtStatusToDosError@4   00545dcc f   xboxkrnl:xboxkrnl.exe
 0002:00090bf2       _HalReturnToFirmware@4     00545dd2 f   xboxkrnl:xboxkrnl.exe
 0002:00090bf8       _RtlTimeToTimeFields@8     00545dd8 f   xboxkrnl:xboxkrnl.exe
 0002:00090bfe       _KeQuerySystemTime@4       00545dde f   xboxkrnl:xboxkrnl.exe
 0002:00090c04       _RtlTimeFieldsToTime@8     00545de4 f   xboxkrnl:xboxkrnl.exe
 0002:00090c0a       _NtCreateEvent@16          00545dea f   xboxkrnl:xboxkrnl.exe
 0002:00090c10       _ObOpenObjectByName@16     00545df0 f   xboxkrnl:xboxkrnl.exe
 0002:00090c16       _NtSetEvent@8              00545df6 f   xboxkrnl:xboxkrnl.exe
 0002:00090c1c       _NtClearEvent@4            00545dfc f   xboxkrnl:xboxkrnl.exe
 0002:00090c22       _NtPulseEvent@8            00545e02 f   xboxkrnl:xboxkrnl.exe
 0002:00090c28       _NtCreateSemaphore@16      00545e08 f   xboxkrnl:xboxkrnl.exe
 0002:00090c2e       _NtReleaseSemaphore@12     00545e0e f   xboxkrnl:xboxkrnl.exe
 0002:00090c34       _NtCreateMutant@12         00545e14 f   xboxkrnl:xboxkrnl.exe
 0002:00090c3a       _NtReleaseMutant@8         00545e1a f   xboxkrnl:xboxkrnl.exe
 0002:00090c40       _NtWaitForSingleObjectEx@16 00545e20 f   xboxkrnl:xboxkrnl.exe
 0002:00090c46       _NtSignalAndWaitForSingleObjectEx@20 00545e26 f   xboxkrnl:xboxkrnl.exe
 0002:00090c4c       _NtWaitForMultipleObjectsEx@24 00545e2c f   xboxkrnl:xboxkrnl.exe
 0002:00090c52       _KeDelayExecutionThread@12 00545e32 f   xboxkrnl:xboxkrnl.exe
 0002:00090c58       _NtCreateTimer@12          00545e38 f   xboxkrnl:xboxkrnl.exe
 0002:00090c5e       _NtSetTimerEx@32           00545e3e f   xboxkrnl:xboxkrnl.exe
 0002:00090c64       _NtCancelTimer@8           00545e44 f   xboxkrnl:xboxkrnl.exe
 0002:00090c6a       _KeSetTimerEx@20           00545e4a f   xboxkrnl:xboxkrnl.exe
 0002:00090c70       _KeQueryInterruptTime@0    00545e50 f   xboxkrnl:xboxkrnl.exe
 0002:00090c76       _RtlLeaveCriticalSection@4 00545e56 f   xboxkrnl:xboxkrnl.exe
 0002:00090c7c       _RtlEnterCriticalSection@4 00545e5c f   xboxkrnl:xboxkrnl.exe
 0002:00090c82       _KeWaitForMultipleObjects@32 00545e62 f   xboxkrnl:xboxkrnl.exe
 0002:00090c88       _KeSetEvent@12             00545e68 f   xboxkrnl:xboxkrnl.exe
 0002:00090c8e       _KeInitializeTimerEx@8     00545e6e f   xboxkrnl:xboxkrnl.exe
 0002:00090c94       _RtlAssert@16              00545e74 f   xboxkrnl:xboxkrnl.exe
 0002:00090c9a       _KeWaitForSingleObject@20  00545e7a f   xboxkrnl:xboxkrnl.exe
 0002:00090ca0       _KeCancelTimer@4           00545e80 f   xboxkrnl:xboxkrnl.exe
 0002:00090ca6       @KfRaiseIrql@4             00545e86 f   xboxkrnl:xboxkrnl.exe
 0002:00090cac       _DbgBreakPoint@0           00545e8c f   xboxkrnl:xboxkrnl.exe
 0002:00090cb2       _DbgPrint                  00545e92 f   xboxkrnl:xboxkrnl.exe
 0002:00090cb8       _ExQueryNonVolatileSetting@20 00545e98 f   xboxkrnl:xboxkrnl.exe
 0002:00090cbe       _NtClose@4                 00545e9e f   xboxkrnl:xboxkrnl.exe
 0002:00090cc4       _NtDuplicateObject@12      00545ea4 f   xboxkrnl:xboxkrnl.exe
 0002:00090cca       @ObfDereferenceObject@4    00545eaa f   xboxkrnl:xboxkrnl.exe
 0002:00090cd0       _KeSetBasePriorityThread@8 00545eb0 f   xboxkrnl:xboxkrnl.exe
 0002:00090cd6       _ObReferenceObjectByHandle@12 00545eb6 f   xboxkrnl:xboxkrnl.exe
 0002:00090cdc       _KeQueryBasePriorityThread@4 00545ebc f   xboxkrnl:xboxkrnl.exe
 0002:00090ce2       _KeSetDisableBoostThread@8 00545ec2 f   xboxkrnl:xboxkrnl.exe
 0002:00090ce8       _NtSuspendThread@8         00545ec8 f   xboxkrnl:xboxkrnl.exe
 0002:00090cee       _NtResumeThread@8          00545ece f   xboxkrnl:xboxkrnl.exe
 0002:00090cf4       _RtlRaiseException@4       00545ed4 f   xboxkrnl:xboxkrnl.exe
 0002:00090cfa       _NtQueueApcThread@20       00545eda f   xboxkrnl:xboxkrnl.exe
 0002:00090d00       _NtYieldExecution@0        00545ee0 f   xboxkrnl:xboxkrnl.exe
 0002:00090d06       _PsTerminateSystemThread@4 00545ee6 f   xboxkrnl:xboxkrnl.exe
 0002:00090d0c       _PsCreateSystemThreadEx@40 00545eec f   xboxkrnl:xboxkrnl.exe
 0002:00090d12       _NtWaitForSingleObject@12  00545ef2 f   xboxkrnl:xboxkrnl.exe
 0002:00090d18       _NtReadFile@32             00545ef8 f   xboxkrnl:xboxkrnl.exe
 0002:00090d1e       _NtWriteFile@32            00545efe f   xboxkrnl:xboxkrnl.exe
 0002:00090d24       _NtSetInformationFile@20   00545f04 f   xboxkrnl:xboxkrnl.exe
 0002:00090d2a       _NtQueryInformationFile@20 00545f0a f   xboxkrnl:xboxkrnl.exe
 0002:00090d30       _NtQueryVolumeInformationFile@20 00545f10 f   xboxkrnl:xboxkrnl.exe
 0002:00090d36       _NtFlushBuffersFile@8      00545f16 f   xboxkrnl:xboxkrnl.exe
 0002:00090d3c       _NtUserIoApcDispatcher@12  00545f1c f   xboxkrnl:xboxkrnl.exe
 0002:00090d42       _NtFsControlFile@40        00545f22 f   xboxkrnl:xboxkrnl.exe
 0002:00090d48       _NtDeviceIoControlFile@40  00545f28 f   xboxkrnl:xboxkrnl.exe
 0002:00090d4e       _NtReadFileScatter@32      00545f2e f   xboxkrnl:xboxkrnl.exe
 0002:00090d54       _NtWriteFileGather@32      00545f34 f   xboxkrnl:xboxkrnl.exe
 0002:00090d5a       _IoQueryVolumeInformation@20 00545f3a f   xboxkrnl:xboxkrnl.exe
 0002:00090d60       _KeSetTimer@16             00545f40 f   xboxkrnl:xboxkrnl.exe
 0002:00090d66       _HalInitiateShutdown@0     00545f46 f   xboxkrnl:xboxkrnl.exe
 0002:00090d6c       _KeInitializeDpc@12        00545f4c f   xboxkrnl:xboxkrnl.exe
 0002:00090d72       _NtQuerySymbolicLinkObject@12 00545f52 f   xboxkrnl:xboxkrnl.exe
 0002:00090d78       _NtOpenSymbolicLinkObject@8 00545f58 f   xboxkrnl:xboxkrnl.exe
 0002:00090d7e       _XcSHAFinal@8              00545f5e f   xboxkrnl:xboxkrnl.exe
 0002:00090d84       _XcSHAUpdate@12            00545f64 f   xboxkrnl:xboxkrnl.exe
 0002:00090d8a       _XcSHAInit@4               00545f6a f   xboxkrnl:xboxkrnl.exe
 0002:00090d90       _NtOpenFile@24             00545f70 f   xboxkrnl:xboxkrnl.exe
 0002:00090d96       _HalRegisterShutdownNotification@8 00545f76 f   xboxkrnl:xboxkrnl.exe
 0002:00090d9c       _NtCreateIoCompletion@16   00545f7c f   xboxkrnl:xboxkrnl.exe
 0002:00090da2       _NtSetIoCompletion@20      00545f82 f   xboxkrnl:xboxkrnl.exe
 0002:00090da8       _NtRemoveIoCompletion@20   00545f88 f   xboxkrnl:xboxkrnl.exe
 0002:00090dae       _MmSetAddressProtect@12    00545f8e f   xboxkrnl:xboxkrnl.exe
 0002:00090db4       _MmQueryAddressProtect@4   00545f94 f   xboxkrnl:xboxkrnl.exe
 0002:00090dba       _MmFreeSystemMemory@8      00545f9a f   xboxkrnl:xboxkrnl.exe
 0002:00090dc0       _MmAllocateSystemMemory@8  00545fa0 f   xboxkrnl:xboxkrnl.exe
 0002:00090dc6       _XcHMAC@28                 00545fa6 f   xboxkrnl:xboxkrnl.exe
 0002:00090dcc       _RtlCompareString@12       00545fac f   xboxkrnl:xboxkrnl.exe
 0002:00090dd2       _RtlEqualString@12         00545fb2 f   xboxkrnl:xboxkrnl.exe
 0002:00090dd8       _XeLoadSection@4           00545fb8 f   xboxkrnl:xboxkrnl.exe
 0002:00090dde       _XeUnloadSection@4         00545fbe f   xboxkrnl:xboxkrnl.exe
 0002:00090de4       _RtlFillMemoryUlong@12     00545fc4 f   xboxkrnl:xboxkrnl.exe
 0002:00090dea       _NtFreeVirtualMemory@12    00545fca f   xboxkrnl:xboxkrnl.exe
 0002:00090df0       _NtAllocateVirtualMemory@20 00545fd0 f   xboxkrnl:xboxkrnl.exe
 0002:00090df6       _RtlCompareMemoryUlong@12  00545fd6 f   xboxkrnl:xboxkrnl.exe
 0002:00090dfc       _RtlCompareMemory@12       00545fdc f   xboxkrnl:xboxkrnl.exe
 0002:00090e02       _RtlInitializeCriticalSection@4 00545fe2 f   xboxkrnl:xboxkrnl.exe
 0002:00090e08       _NtQueryVirtualMemory@8    00545fe8 f   xboxkrnl:xboxkrnl.exe
 0002:00090e0e       _ExFreePool@4              00545fee f   xboxkrnl:xboxkrnl.exe
 0002:00090e14       _HalGetInterruptVector@8   00545ff4 f   xboxkrnl:xboxkrnl.exe
 0002:00090e1a       _KeConnectInterrupt@4      00545ffa f   xboxkrnl:xboxkrnl.exe
 0002:00090e20       _KeInitializeInterrupt@28  00546000 f   xboxkrnl:xboxkrnl.exe
 0002:00090e26       _KeStallExecutionProcessor@4 00546006 f   xboxkrnl:xboxkrnl.exe
 0002:00090e2c       _NtQueryDirectoryFile@40   0054600c f   xboxkrnl:xboxkrnl.exe
 0002:00090e32       _NtQueryFullAttributesFile@8 00546012 f   xboxkrnl:xboxkrnl.exe
 0002:00090e38       _FscSetCacheSize@4         00546018 f   xboxkrnl:xboxkrnl.exe
 0002:00090e3e       _FscGetCacheSize@0         0054601e f   xboxkrnl:xboxkrnl.exe
 0002:00090e44       _MmGetPhysicalAddress@4    00546024 f   xboxkrnl:xboxkrnl.exe
 0002:00090e4a       _MmLockUnlockBufferPages@12 0054602a f   xboxkrnl:xboxkrnl.exe
 0002:00090e50       _KeInsertQueueDpc@12       00546030 f   xboxkrnl:xboxkrnl.exe
 0002:00090e56       _MmLockUnlockPhysicalPage@8 00546036 f   xboxkrnl:xboxkrnl.exe
 0002:00090e5c       _MmAllocateContiguousMemoryEx@20 0054603c f   xboxkrnl:xboxkrnl.exe
 0002:00090e62       _MmQueryAllocationSize@4   00546042 f   xboxkrnl:xboxkrnl.exe
 0002:00090e68       _AvGetSavedDataAddress@0   00546048 f   xboxkrnl:xboxkrnl.exe
 0002:00090e6e       _AvSendTVEncoderOption@16  0054604e f   xboxkrnl:xboxkrnl.exe
 0002:00090e74       _AvSetDisplayMode@24       00546054 f   xboxkrnl:xboxkrnl.exe
 0002:00090e7a       _AvSetSavedDataAddress@4   0054605a f   xboxkrnl:xboxkrnl.exe
 0002:00090e80       _MmQueryStatistics@4       00546060 f   xboxkrnl:xboxkrnl.exe
 0002:00090e86       _RtlWalkFrameChain@12      00546066 f   xboxkrnl:xboxkrnl.exe
 0002:00090e8c       _NtDeleteFile@4            0054606c f   xboxkrnl:xboxkrnl.exe
 0002:00090e92       _HalReadWritePCISpace@24   00546072 f   xboxkrnl:xboxkrnl.exe
 0002:00090e98       _KeDisconnectInterrupt@4   00546078 f   xboxkrnl:xboxkrnl.exe
 0002:00090e9e       _MmClaimGpuInstanceMemory@8 0054607e f   xboxkrnl:xboxkrnl.exe
 0002:00090ea4       _KeSaveFloatingPointState@4 00546084 f   xboxkrnl:xboxkrnl.exe
 0002:00090eaa       _KeRestoreFloatingPointState@4 0054608a f   xboxkrnl:xboxkrnl.exe
 0002:00090eb0       _ExQueryPoolBlockSize@4    00546090 f   xboxkrnl:xboxkrnl.exe
 0002:00090eb6       _KeRemoveQueueDpc@4        00546096 f   xboxkrnl:xboxkrnl.exe
 0002:00090ebc       _KeSynchronizeExecution@12 0054609c f   xboxkrnl:xboxkrnl.exe
 0002:00090ed0       _SDL_RWFromFile            005460b0 f   libSDLx:SDL_rwops.obj
 0002:000919e0       _SDL_RWFromFP              00546bc0 f   libSDLx:SDL_rwops.obj
 0002:00091cc0       _SDL_RWFromMem             00546ea0 f   libSDLx:SDL_rwops.obj
 0002:00092070       _SDL_RWFromConstMem        00547250 f   libSDLx:SDL_rwops.obj
 0002:00092190       _SDL_AllocRW               00547370 f   libSDLx:SDL_rwops.obj
 0002:00092200       _SDL_FreeRW                005473e0 f   libSDLx:SDL_rwops.obj
 0002:00092250       _SDL_ReadLE16              00547430 f   libSDLx:SDL_rwops.obj
 0002:000922f0       _SDL_ReadBE16              005474d0 f   libSDLx:SDL_rwops.obj
 0002:000923f0       _SDL_ReadLE32              005475d0 f   libSDLx:SDL_rwops.obj
 0002:00092490       _SDL_ReadBE32              00547670 f   libSDLx:SDL_rwops.obj
 0002:000925b0       _SDL_ReadLE64              00547790 f   libSDLx:SDL_rwops.obj
 0002:00092660       _SDL_ReadBE64              00547840 f   libSDLx:SDL_rwops.obj
 0002:000927e0       _SDL_WriteLE16             005479c0 f   libSDLx:SDL_rwops.obj
 0002:00092850       _SDL_WriteBE16             00547a30 f   libSDLx:SDL_rwops.obj
 0002:000928d0       _SDL_WriteLE32             00547ab0 f   libSDLx:SDL_rwops.obj
 0002:00092940       _SDL_WriteBE32             00547b20 f   libSDLx:SDL_rwops.obj
 0002:000929c0       _SDL_WriteLE64             00547ba0 f   libSDLx:SDL_rwops.obj
 0002:00092a40       _SDL_WriteBE64             00547c20 f   libSDLx:SDL_rwops.obj
 0002:00092ac0       _SDL_iconv_open            00547ca0 f   libSDLx:SDL_iconv.obj
 0002:00092e10       _SDL_iconv                 00547ff0 f   libSDLx:SDL_iconv.obj
 0002:00094500       _SDL_iconv_close           005496e0 f   libSDLx:SDL_iconv.obj
 0002:00094560       _SDL_iconv_string          00549740 f   libSDLx:SDL_iconv.obj
 0002:00094840       _srand                     00549a20 f   LIBCMTD:rand.obj
 0002:00094860       _rand                      00549a40 f   LIBCMTD:rand.obj
 0002:000948b0       _printf                    00549a90 f   LIBCMTD:printf.obj
 0002:000949c0       _fprintf                   00549ba0 f   LIBCMTD:fprintf.obj
 0002:00094af0       ___iob_func                00549cd0 f   LIBCMTD:_file.obj
 0002:00094b00       ___initstdio               00549ce0 f   LIBCMTD:_file.obj
 0002:00094c80       ___endstdio                00549e60 f   LIBCMTD:_file.obj
 0002:00094ca0       __lock_file                00549e80 f   LIBCMTD:_file.obj
 0002:00094cf0       __lock_file2               00549ed0 f   LIBCMTD:_file.obj
 0002:00094d30       __unlock_file              00549f10 f   LIBCMTD:_file.obj
 0002:00094d80       __unlock_file2             00549f60 f   LIBCMTD:_file.obj
 0002:00094dc0       _time                      00549fa0 f   LIBCMTD:time.obj
 0002:00094e18       __fpclear                  00549ff8 f   LIBCMTD:fpinit.obj
 0002:00094e19       __cfltcvt_init             00549ff9 f   LIBCMTD:fpinit.obj
 0002:00094e5f       ___setfflag                0054a03f f   LIBCMTD:fpinit.obj
 0002:00094e76       __fpmath                   0054a056 f   LIBCMTD:fpinit.obj
 0002:00094ea0       __RTC_CheckEsp             0054a080 f   LIBCMTD:stack.obj
 0002:00094ed0       @_RTC_CheckStackVars@8     0054a0b0 f   LIBCMTD:stack.obj
[...]
 0008:0005a840       _SDL_colors                006afe60     <common>
 0008:0005ac40       _D3D                       006b0260     <common>
 0008:0005ac44       _D3D_Device                006b0264     <common>
 0008:0005ac60       _D3D_PP                    006b0280     <common>
 0008:0005acc0       _g_InputStates             006b02e0     <common>
 0008:0005ae00       _g_Gamepads                006b0420     <common>
 0008:0005b170       _SDL_alarm_callback        006b0790     <common>
 0008:0005b17c       _SDL_numcds                006b079c     <common>
 0008:0005b1a0       _SDL_KeyRepeat             006b07c0     <common>
 0008:0005b1e0       _SDL_ProcessEvents         006b0800     <common>
 0008:0005b220       _OHCD_GlobalPool           006b0840     <common>
 0008:0005b280       _OHCD_InterruptObject      006b08a0     <common>
 0008:0005b30e       _RtlpValidateHeapTagsEnable 006b092e     <common>
 0008:0005b31c       _NtGlobalFlag              006b093c     <common>
 0008:0005b320       _RtlpHeapStopOn            006b0940     <common>
 0008:0005b338       _XapiProcessHeap           006b0958     <common>
 0008:0005b348       _XapiOriginalCodeSelectorEntry 006b0968     <common>
 0008:0005b35c       ___@@_PchSym_@00@UcylcUkirezgvUmglhUczkrUpDCUoryUlyqUrDIGUyzhvwooOlyq@Xapi_k32 006b097c     <common>
 0008:0005b380       _XapiAutoPowerDownGlobals  006b09a0     <common>
 0008:0005b3f4       _XapiCurrentTopLevelFilter 006b0a14     <common>
 0008:0005b404       _XapiTlsSize               006b0a24     <common>
 0008:0005b408       _XapiMmTimerThreadState    006b0a28     <common>
 0008:0005b416       _XapiMmTimerSerialNumber   006b0a36     <common>
 0008:0005b418       ___@@_PchSym_@00@UcylcUkirezgvUdrmwldhUwrivxgcUwhlfmwUwhlfmwUlyqUrDIGUwhlfmwrOlyq@dsoundd 006b0a38     <common>
 0008:0005b424       ___mblcid                  006b0a44     <common>
 0008:0005b4a0       ___ptmbcinfo               006b0ac0     <common>
 0008:0005b4a4       ___ismbcodepage            006b0ac4     <common>
 0008:0005b4c0       __mbctype                  006b0ae0     <common>
 0008:0005b5c4       ___mbcodepage              006b0be4     <common>
 0008:0005b5e0       ___mbulinfo                006b0c00     <common>
 0008:0005b600       __mbcasemap                006b0c20     <common>
 0008:0005b700       ___active_heap             006b0d20     <common>
 0008:0005b70c       __nhandle                  006b0d2c     <common>
 0008:0005b760       ___pioinfo                 006b0d80     <common>
 0008:0005b860       __pfnReportHook            006b0e80     <common>
 0008:0005b870       __pReportHookList          006b0e90     <common>
 0008:0005b874       ___ptd_glob                006b0e94     <common>
 0008:0005b880       ___env_initialized         006b0ea0     <common>
 0008:0005b890       ___onexitend               006b0eb0     <common>
 0008:0005b894       ___onexitbegin             006b0eb4     <common>
 0008:0005b898       ___mbctype_initialized     006b0eb8     <common>
 0008:0005b89c       __setjmpexused             006b0ebc     <common>
 0008:0005b8a8       __pfnDumpClient            006b0ec8     <common>
 0008:0005b8b4       ___piob                    006b0ed4     <common>
 0008:0005b8c4       __nstream                  006b0ee4     <common>
 0009:00000000       __IMPORT_DESCRIPTOR_xboxkrnl 006b0f00     xboxkrnl:xboxkrnl.exe
 0009:00000014       __NULL_IMPORT_DESCRIPTOR   006b0f14     xboxkrnl:xboxkrnl.exe
 0009:00000344       __imp__HalWriteSMBusValue@16 006b1244     xboxkrnl:xboxkrnl.exe
 0009:00000348       __imp__NtCreateFile@36     006b1248     xboxkrnl:xboxkrnl.exe
 0009:0000034c       __imp__RtlInitAnsiString@8 006b124c     xboxkrnl:xboxkrnl.exe
 0009:00000350       __imp__IoCreateSymbolicLink@8 006b1250     xboxkrnl:xboxkrnl.exe
 0009:00000354       __imp__IoDeleteSymbolicLink@4 006b1254     xboxkrnl:xboxkrnl.exe
 0009:00000358       __imp_@KfLowerIrql@4       006b1258     xboxkrnl:xboxkrnl.exe
 0009:0000035c       __imp__KeRaiseIrqlToDpcLevel@0 006b125c     xboxkrnl:xboxkrnl.exe
 0009:00000360       __imp__ExAllocatePoolWithTag@8 006b1260     xboxkrnl:xboxkrnl.exe
 0009:00000364       __imp__MmPersistContiguousMemory@12 006b1264     xboxkrnl:xboxkrnl.exe
 0009:00000368       __imp__MmAllocateContiguousMemory@4 006b1268     xboxkrnl:xboxkrnl.exe
 0009:0000036c       _LaunchDataPage            006b126c     xboxkrnl:xboxkrnl.exe
 0009:0000036c       __imp__LaunchDataPage      006b126c     xboxkrnl:xboxkrnl.exe
 0009:00000370       __imp__MmFreeContiguousMemory@4 006b1270     xboxkrnl:xboxkrnl.exe
 0009:00000374       __imp__RtlRip@12           006b1274     xboxkrnl:xboxkrnl.exe
 0009:00000378       __imp__RtlNtStatusToDosError@4 006b1278     xboxkrnl:xboxkrnl.exe
 0009:0000037c       __imp__HalReturnToFirmware@4 006b127c     xboxkrnl:xboxkrnl.exe
 0009:00000380       _IdexChannelObject         006b1280     xboxkrnl:xboxkrnl.exe
 0009:00000380       __imp__IdexChannelObject   006b1280     xboxkrnl:xboxkrnl.exe
 0009:00000384       __imp__RtlTimeToTimeFields@8 006b1284     xboxkrnl:xboxkrnl.exe
 0009:00000388       __imp__KeQuerySystemTime@4 006b1288     xboxkrnl:xboxkrnl.exe
 0009:0000038c       _KeTickCount               006b128c     xboxkrnl:xboxkrnl.exe
 0009:0000038c       __imp__KeTickCount         006b128c     xboxkrnl:xboxkrnl.exe
 0009:00000390       __imp__RtlTimeFieldsToTime@8 006b1290     xboxkrnl:xboxkrnl.exe
 0009:00000394       __imp__NtCreateEvent@16    006b1294     xboxkrnl:xboxkrnl.exe
 0009:00000398       __imp__ObOpenObjectByName@16 006b1298     xboxkrnl:xboxkrnl.exe
 0009:0000039c       __imp__ExEventObjectType   006b129c     xboxkrnl:xboxkrnl.exe
 0009:0000039c       _ExEventObjectType         006b129c     xboxkrnl:xboxkrnl.exe
 0009:000003a0       __imp__NtSetEvent@8        006b12a0     xboxkrnl:xboxkrnl.exe
 0009:000003a4       __imp__NtClearEvent@4      006b12a4     xboxkrnl:xboxkrnl.exe
 0009:000003a8       __imp__NtPulseEvent@8      006b12a8     xboxkrnl:xboxkrnl.exe
 0009:000003ac       __imp__NtCreateSemaphore@16 006b12ac     xboxkrnl:xboxkrnl.exe
 0009:000003b0       __imp__ExSemaphoreObjectType 006b12b0     xboxkrnl:xboxkrnl.exe
 0009:000003b0       _ExSemaphoreObjectType     006b12b0     xboxkrnl:xboxkrnl.exe
 0009:000003b4       __imp__NtReleaseSemaphore@12 006b12b4     xboxkrnl:xboxkrnl.exe
 0009:000003b8       __imp__NtCreateMutant@12   006b12b8     xboxkrnl:xboxkrnl.exe
 0009:000003bc       __imp__ExMutantObjectType  006b12bc     xboxkrnl:xboxkrnl.exe
 0009:000003bc       _ExMutantObjectType        006b12bc     xboxkrnl:xboxkrnl.exe
 0009:000003c0       __imp__NtReleaseMutant@8   006b12c0     xboxkrnl:xboxkrnl.exe
 0009:000003c4       __imp__NtWaitForSingleObjectEx@16 006b12c4     xboxkrnl:xboxkrnl.exe
 0009:000003c8       __imp__NtSignalAndWaitForSingleObjectEx@20 006b12c8     xboxkrnl:xboxkrnl.exe
 0009:000003cc       __imp__NtWaitForMultipleObjectsEx@24 006b12cc     xboxkrnl:xboxkrnl.exe
 0009:000003d0       __imp__KeDelayExecutionThread@12 006b12d0     xboxkrnl:xboxkrnl.exe
 0009:000003d4       __imp__NtCreateTimer@12    006b12d4     xboxkrnl:xboxkrnl.exe
 0009:000003d8       _ExTimerObjectType         006b12d8     xboxkrnl:xboxkrnl.exe
 0009:000003d8       __imp__ExTimerObjectType   006b12d8     xboxkrnl:xboxkrnl.exe
 0009:000003dc       __imp__NtSetTimerEx@32     006b12dc     xboxkrnl:xboxkrnl.exe
 0009:000003e0       __imp__NtCancelTimer@8     006b12e0     xboxkrnl:xboxkrnl.exe
 0009:000003e4       __imp__KeSetTimerEx@20     006b12e4     xboxkrnl:xboxkrnl.exe
 0009:000003e8       __imp__KeQueryInterruptTime@0 006b12e8     xboxkrnl:xboxkrnl.exe
 0009:000003ec       __imp__RtlLeaveCriticalSection@4 006b12ec     xboxkrnl:xboxkrnl.exe
 0009:000003f0       __imp__RtlEnterCriticalSection@4 006b12f0     xboxkrnl:xboxkrnl.exe
 0009:000003f4       __imp__KeWaitForMultipleObjects@32 006b12f4     xboxkrnl:xboxkrnl.exe
 0009:000003f8       __imp__KeSetEvent@12       006b12f8     xboxkrnl:xboxkrnl.exe
 0009:000003fc       __imp__KeInitializeTimerEx@8 006b12fc     xboxkrnl:xboxkrnl.exe
 0009:00000400       __imp__RtlAssert@16        006b1300     xboxkrnl:xboxkrnl.exe
 0009:00000404       __imp__KeWaitForSingleObject@20 006b1304     xboxkrnl:xboxkrnl.exe
 0009:00000408       __imp__KeCancelTimer@4     006b1308     xboxkrnl:xboxkrnl.exe
 0009:0000040c       __imp_@KfRaiseIrql@4       006b130c     xboxkrnl:xboxkrnl.exe
 0009:00000410       __imp__DbgBreakPoint@0     006b1310     xboxkrnl:xboxkrnl.exe
 0009:00000414       __imp__DbgPrint            006b1314     xboxkrnl:xboxkrnl.exe
 0009:00000418       __imp__ExQueryNonVolatileSetting@20 006b1318     xboxkrnl:xboxkrnl.exe
 0009:0000041c       __imp__NtClose@4           006b131c     xboxkrnl:xboxkrnl.exe
 0009:00000420       __imp__NtDuplicateObject@12 006b1320     xboxkrnl:xboxkrnl.exe
 0009:00000424       __imp_@ObfDereferenceObject@4 006b1324     xboxkrnl:xboxkrnl.exe
 0009:00000428       __imp__KeSetBasePriorityThread@8 006b1328     xboxkrnl:xboxkrnl.exe
 0009:0000042c       __imp__ObReferenceObjectByHandle@12 006b132c     xboxkrnl:xboxkrnl.exe
 0009:00000430       __imp__PsThreadObjectType  006b1330     xboxkrnl:xboxkrnl.exe
 0009:00000430       _PsThreadObjectType        006b1330     xboxkrnl:xboxkrnl.exe
 0009:00000434       __imp__KeQueryBasePriorityThread@4 006b1334     xboxkrnl:xboxkrnl.exe
 0009:00000438       __imp__KeSetDisableBoostThread@8 006b1338     xboxkrnl:xboxkrnl.exe
 0009:0000043c       __imp__NtSuspendThread@8   006b133c     xboxkrnl:xboxkrnl.exe
 0009:00000440       __imp__NtResumeThread@8    006b1340     xboxkrnl:xboxkrnl.exe
 0009:00000444       __imp__RtlRaiseException@4 006b1344     xboxkrnl:xboxkrnl.exe
 0009:00000448       __imp__NtQueueApcThread@20 006b1348     xboxkrnl:xboxkrnl.exe
 0009:0000044c       __imp__NtYieldExecution@0  006b134c     xboxkrnl:xboxkrnl.exe
 0009:00000450       __imp__PsTerminateSystemThread@4 006b1350     xboxkrnl:xboxkrnl.exe
 0009:00000454       __imp__KeTimeIncrement     006b1354     xboxkrnl:xboxkrnl.exe
 0009:00000454       _KeTimeIncrement           006b1354     xboxkrnl:xboxkrnl.exe
 0009:00000458       __imp__PsCreateSystemThreadEx@40 006b1358     xboxkrnl:xboxkrnl.exe
 0009:0000045c       __imp__NtWaitForSingleObject@12 006b135c     xboxkrnl:xboxkrnl.exe
 0009:00000460       __imp__NtReadFile@32       006b1360     xboxkrnl:xboxkrnl.exe
 0009:00000464       __imp__NtWriteFile@32      006b1364     xboxkrnl:xboxkrnl.exe
 0009:00000468       __imp__NtSetInformationFile@20 006b1368     xboxkrnl:xboxkrnl.exe
 0009:0000046c       __imp__NtQueryInformationFile@20 006b136c     xboxkrnl:xboxkrnl.exe
 0009:00000470       __imp__NtQueryVolumeInformationFile@20 006b1370     xboxkrnl:xboxkrnl.exe
 0009:00000474       __imp__NtFlushBuffersFile@8 006b1374     xboxkrnl:xboxkrnl.exe
 0009:00000478       __imp__NtUserIoApcDispatcher@12 006b1378     xboxkrnl:xboxkrnl.exe
 0009:0000047c       __imp__NtFsControlFile@40  006b137c     xboxkrnl:xboxkrnl.exe
 0009:00000480       __imp__NtDeviceIoControlFile@40 006b1380     xboxkrnl:xboxkrnl.exe
 0009:00000484       __imp__NtReadFileScatter@32 006b1384     xboxkrnl:xboxkrnl.exe
 0009:00000488       __imp__NtWriteFileGather@32 006b1388     xboxkrnl:xboxkrnl.exe
 0009:0000048c       __imp__IoQueryVolumeInformation@20 006b138c     xboxkrnl:xboxkrnl.exe
 0009:00000490       _IoFileObjectType          006b1390     xboxkrnl:xboxkrnl.exe
 0009:00000490       __imp__IoFileObjectType    006b1390     xboxkrnl:xboxkrnl.exe
 0009:00000494       __imp__KeSetTimer@16       006b1394     xboxkrnl:xboxkrnl.exe
 0009:00000498       __imp__HalInitiateShutdown@0 006b1398     xboxkrnl:xboxkrnl.exe
 0009:0000049c       _XboxHardwareInfo          006b139c     xboxkrnl:xboxkrnl.exe
 0009:0000049c       __imp__XboxHardwareInfo    006b139c     xboxkrnl:xboxkrnl.exe
 0009:000004a0       __imp__KeInitializeDpc@12  006b13a0     xboxkrnl:xboxkrnl.exe
 0009:000004a4       __imp__NtQuerySymbolicLinkObject@12 006b13a4     xboxkrnl:xboxkrnl.exe
 0009:000004a8       __imp__NtOpenSymbolicLinkObject@8 006b13a8     xboxkrnl:xboxkrnl.exe
 0009:000004ac       __imp__XcSHAFinal@8        006b13ac     xboxkrnl:xboxkrnl.exe
 0009:000004b0       __imp__XcSHAUpdate@12      006b13b0     xboxkrnl:xboxkrnl.exe
 0009:000004b4       __imp__XcSHAInit@4         006b13b4     xboxkrnl:xboxkrnl.exe
 0009:000004b8       _XeImageFileName           006b13b8     xboxkrnl:xboxkrnl.exe
 0009:000004b8       __imp__XeImageFileName     006b13b8     xboxkrnl:xboxkrnl.exe
 0009:000004bc       __imp__NtOpenFile@24       006b13bc     xboxkrnl:xboxkrnl.exe
 0009:000004c0       __imp__HalRegisterShutdownNotification@8 006b13c0     xboxkrnl:xboxkrnl.exe
 0009:000004c4       __imp__NtCreateIoCompletion@16 006b13c4     xboxkrnl:xboxkrnl.exe
 0009:000004c8       __imp__NtSetIoCompletion@20 006b13c8     xboxkrnl:xboxkrnl.exe
 0009:000004cc       __imp__NtRemoveIoCompletion@20 006b13cc     xboxkrnl:xboxkrnl.exe
 0009:000004d0       __imp__MmSetAddressProtect@12 006b13d0     xboxkrnl:xboxkrnl.exe
 0009:000004d4       __imp__MmQueryAddressProtect@4 006b13d4     xboxkrnl:xboxkrnl.exe
 0009:000004d8       _XboxKrnlVersion           006b13d8     xboxkrnl:xboxkrnl.exe
 0009:000004d8       __imp__XboxKrnlVersion     006b13d8     xboxkrnl:xboxkrnl.exe
 0009:000004dc       _HalBootSMCVideoMode       006b13dc     xboxkrnl:xboxkrnl.exe
 0009:000004dc       __imp__HalBootSMCVideoMode 006b13dc     xboxkrnl:xboxkrnl.exe
 0009:000004e0       __imp__MmFreeSystemMemory@8 006b13e0     xboxkrnl:xboxkrnl.exe
 0009:000004e4       __imp__MmAllocateSystemMemory@8 006b13e4     xboxkrnl:xboxkrnl.exe
 0009:000004e8       __imp__XcHMAC@28           006b13e8     xboxkrnl:xboxkrnl.exe
 0009:000004ec       _XboxHDKey                 006b13ec     xboxkrnl:xboxkrnl.exe
 0009:000004ec       __imp__XboxHDKey           006b13ec     xboxkrnl:xboxkrnl.exe
 0009:000004f0       __imp__RtlCompareString@12 006b13f0     xboxkrnl:xboxkrnl.exe
 0009:000004f4       __imp__RtlEqualString@12   006b13f4     xboxkrnl:xboxkrnl.exe
 0009:000004f8       __imp__XeLoadSection@4     006b13f8     xboxkrnl:xboxkrnl.exe
 0009:000004fc       __imp__XeUnloadSection@4   006b13fc     xboxkrnl:xboxkrnl.exe
 0009:00000500       __imp__HalDiskCachePartitionCount 006b1400     xboxkrnl:xboxkrnl.exe
 0009:00000500       _HalDiskCachePartitionCount 006b1400     xboxkrnl:xboxkrnl.exe
 0009:00000504       __imp__RtlFillMemoryUlong@12 006b1404     xboxkrnl:xboxkrnl.exe
 0009:00000508       __imp__NtFreeVirtualMemory@12 006b1408     xboxkrnl:xboxkrnl.exe
 0009:0000050c       __imp__NtAllocateVirtualMemory@20 006b140c     xboxkrnl:xboxkrnl.exe
 0009:00000510       __imp__KdDebuggerEnabled   006b1410     xboxkrnl:xboxkrnl.exe
 0009:00000510       _KdDebuggerEnabled         006b1410     xboxkrnl:xboxkrnl.exe
 0009:00000514       __imp__RtlCompareMemoryUlong@12 006b1414     xboxkrnl:xboxkrnl.exe
 0009:00000518       __imp__RtlCompareMemory@12 006b1418     xboxkrnl:xboxkrnl.exe
 0009:0000051c       __imp__RtlInitializeCriticalSection@4 006b141c     xboxkrnl:xboxkrnl.exe
 0009:00000520       __imp__NtQueryVirtualMemory@8 006b1420     xboxkrnl:xboxkrnl.exe
 0009:00000524       __imp__ExFreePool@4        006b1424     xboxkrnl:xboxkrnl.exe
 0009:00000528       __imp__HalGetInterruptVector@8 006b1428     xboxkrnl:xboxkrnl.exe
 0009:0000052c       __imp__KeConnectInterrupt@4 006b142c     xboxkrnl:xboxkrnl.exe
 0009:00000530       __imp__KeInitializeInterrupt@28 006b1430     xboxkrnl:xboxkrnl.exe
 0009:00000534       __imp__KeStallExecutionProcessor@4 006b1434     xboxkrnl:xboxkrnl.exe
 0009:00000538       _XboxSignatureKey          006b1438     xboxkrnl:xboxkrnl.exe
 0009:00000538       __imp__XboxSignatureKey    006b1438     xboxkrnl:xboxkrnl.exe
 0009:0000053c       __imp__XboxAlternateSignatureKeys 006b143c     xboxkrnl:xboxkrnl.exe
 0009:0000053c       _XboxAlternateSignatureKeys 006b143c     xboxkrnl:xboxkrnl.exe
 0009:00000540       __imp__NtQueryDirectoryFile@40 006b1440     xboxkrnl:xboxkrnl.exe
 0009:00000544       __imp__NtQueryFullAttributesFile@8 006b1444     xboxkrnl:xboxkrnl.exe
 0009:00000548       __imp__FscSetCacheSize@4   006b1448     xboxkrnl:xboxkrnl.exe
 0009:0000054c       __imp__FscGetCacheSize@0   006b144c     xboxkrnl:xboxkrnl.exe
 0009:00000550       __imp__MmGetPhysicalAddress@4 006b1450     xboxkrnl:xboxkrnl.exe
 0009:00000554       __imp__MmLockUnlockBufferPages@12 006b1454     xboxkrnl:xboxkrnl.exe
 0009:00000558       __imp__KeInsertQueueDpc@12 006b1458     xboxkrnl:xboxkrnl.exe
 0009:0000055c       __imp__MmLockUnlockPhysicalPage@8 006b145c     xboxkrnl:xboxkrnl.exe
 0009:00000560       __imp__MmAllocateContiguousMemoryEx@20 006b1460     xboxkrnl:xboxkrnl.exe
 0009:00000564       __imp__MmQueryAllocationSize@4 006b1464     xboxkrnl:xboxkrnl.exe
 0009:00000568       __imp__AvGetSavedDataAddress@0 006b1468     xboxkrnl:xboxkrnl.exe
 0009:0000056c       __imp__AvSendTVEncoderOption@16 006b146c     xboxkrnl:xboxkrnl.exe
 0009:00000570       __imp__AvSetDisplayMode@24 006b1470     xboxkrnl:xboxkrnl.exe
 0009:00000574       __imp__AvSetSavedDataAddress@4 006b1474     xboxkrnl:xboxkrnl.exe
 0009:00000578       __imp__MmQueryStatistics@4 006b1478     xboxkrnl:xboxkrnl.exe
 0009:0000057c       __imp__RtlWalkFrameChain@12 006b147c     xboxkrnl:xboxkrnl.exe
 0009:00000580       __imp__NtDeleteFile@4      006b1480     xboxkrnl:xboxkrnl.exe
 0009:00000584       __imp__HalReadWritePCISpace@24 006b1484     xboxkrnl:xboxkrnl.exe
 0009:00000588       __imp__KeDisconnectInterrupt@4 006b1488     xboxkrnl:xboxkrnl.exe
 0009:0000058c       __imp__MmClaimGpuInstanceMemory@8 006b148c     xboxkrnl:xboxkrnl.exe
 0009:00000590       __imp__KeSaveFloatingPointState@4 006b1490     xboxkrnl:xboxkrnl.exe
 0009:00000594       __imp__KeRestoreFloatingPointState@4 006b1494     xboxkrnl:xboxkrnl.exe
 0009:00000598       __imp__ExQueryPoolBlockSize@4 006b1498     xboxkrnl:xboxkrnl.exe
 0009:0000059c       __imp__KeRemoveQueueDpc@4  006b149c     xboxkrnl:xboxkrnl.exe
 0009:000005a0       __imp__KeSynchronizeExecution@12 006b14a0     xboxkrnl:xboxkrnl.exe
 0009:000005a4       __imp__KeBugCheck@4        006b14a4     xboxkrnl:xboxkrnl.exe
 0009:000005a8       __imp__RtlUnwind@16        006b14a8     xboxkrnl:xboxkrnl.exe
 0009:000005ac       __imp_@IofCompleteRequest@8 006b14ac     xboxkrnl:xboxkrnl.exe
 0009:000005b0       __imp__RtlAnsiStringToUnicodeString@12 006b14b0     xboxkrnl:xboxkrnl.exe
 0009:000005b4       __imp__RtlUnicodeStringToAnsiString@12 006b14b4     xboxkrnl:xboxkrnl.exe
 0009:000005b8       \177xboxkrnl_NULL_THUNK_DATA 006b14b8     xboxkrnl:xboxkrnl.exe
 000b:00000000       _XapiBuildNumberD          006b9fc0     xapilibd:xapi0.obj
 000b:00000114       ?XKbdBuildNumber@@3PAGA    006ba0d4     libSDLx:queue.obj
 000b:00000128       ?XMouseBuildNumber@@3PAGA  006ba0e8     xapilibd:mouse.obj
 000b:0000013c       _D3D8BuildNumberD          006ba0fc     d3d8d:precomp.obj
 000b:00000150       _D3DX8BuildNumberD         006ba110     d3dx8d:png.obj
 000b:00000164       _DSoundBuildNumberD        006ba124     dsoundd:dsapi.obj
 000b:00000178       _DMusicBuildNumberD        006ba138     dmusicd:xguids.obj
 000b:0000018c       _XboxKrnlBuildNumber       006ba14c     xboxkrnl:bldnum.obj
 000b:000001a0       ___DebugCrtBuildNumberMT   006ba160     LIBCMTD:rand.obj
 000c:00000000       __tls_start                006ba280     xapilibd:xapitls.obj
 000c:00000108       _XapiLastErrorCode         006ba388     xapilibd:error.obj
 000c:0000010c       ___ptd_cur                 006ba38c     LIBCMTD:tidtable.obj
 000c:00000110       _XapiTlsSlots              006ba390     xapilibd:tls.obj
 000c:000002ab       __tls_end                  006ba52b     xapilibd:xapitls.obj

 entry point at        0002:00003f2a

