 ARKANOTRON

 Timestamp is 5f2560bc (Sat Aug 01 14:31:56 2020)

 Preferred load address is 00400000

 Start         Length     Name                   Class
 0001:00000000 000b4be4H .textbss                DATA
 0002:00000000 000ae436H .text                   CODE
 0003:00000000 0003d510H D3D                     CODE
 0003:0003d510 0001f0beH D3D_RD                  CODE
 0003:0005c5d0 000098e8H D3D_URW                 CODE
 0004:00000000 00008e0bH D3DX                    CODE
 0004:00008e10 000026f9H D3DX_RD                 CODE
 0005:00000000 000288bdH DSOUND                  CODE
 0005:000288c0 000270edH DSOUND_RD               CODE
 0005:0004f9b0 00001c79H DSOUND_RW               CODE
 0005:00051630 00001294H DSOUND_URW              CODE
 0006:00000000 00001005H .XID$A                  CODE
 0006:00001008 00001005H .XID$Gamepad            CODE
 0006:00002010 00001005H .XID$IrRemote           CODE
 0006:00003018 00001005H .XID$Keyboard           CODE
 0006:00004020 00001005H .XID$Mouse              CODE
 0006:00005028 00001005H .XID$ZZZ                CODE
 0006:00006030 00001005H .XPP$ClassA             CODE
 0006:00007038 0000100aH .XPP$ClassXID           CODE
 0006:00008044 00001005H .XPP$ClassZZHub         CODE
 0006:0000904c 00001005H .XPP$ClassZZZ           CODE
 0006:0000a051 00001001H .XPP$DATA               CODE
 0006:0000b058 0000136cH .XPP$Data               CODE
 0006:0000c3c4 00002280H .XPPCINIT               CODE
 0006:0000e644 0000aba3H .XPPCODE                CODE
 0006:000191e8 0000381aH .XPPRDATA               CODE
 0006:0001ca08 00001159H .XPPRINIT               CODE
 0007:00000000 0000f8abH .rdata                  DATA
 0007:0000f8ac 00000196H .rdata$debug            DATA
 0007:0000fa44 00000104H .rtc$IAA                DATA
 0007:0000fb48 00000284H .rtc$IMZ                DATA
 0007:0000fdcc 00000104H .rtc$IZZ                DATA
 0007:0000fed0 00000104H .rtc$TAA                DATA
 0007:0000ffd4 00000284H .rtc$TMZ                DATA
 0007:00010258 00000104H .rtc$TZZ                DATA
 0007:0001035c 00000000H .edata                  DATA
 0008:00000000 00000104H .CRT$RIA                DATA
 0008:00000104 00000104H .CRT$RII10              DATA
 0008:00000208 00000104H .CRT$RII15              DATA
 0008:0000030c 00000104H .CRT$RII20              DATA
 0008:00000410 00000104H .CRT$RIZ                DATA
 0008:00000514 00000104H .CRT$XCA                DATA
 0008:00000618 00000126H .CRT$XCU                DATA
 0008:00000740 00000104H .CRT$XCZ                DATA
 0008:00000844 00000104H .CRT$XIA                DATA
 0008:00000948 00000109H .CRT$XIC                DATA
 0008:00000a54 00000104H .CRT$XIZ                DATA
 0008:00000b58 00000104H .CRT$XPA                DATA
 0008:00000c5c 00000109H .CRT$XPX                DATA
 0008:00000d68 00000104H .CRT$XPZ                DATA
 0008:00000e6c 00000104H .CRT$XTA                DATA
 0008:00000f70 00000104H .CRT$XTZ                DATA
 0008:00001074 00000104H .XAPI$LNA               DATA
 0008:00001178 00000104H .XAPI$LNZ               DATA
 0008:00001280 00042402H .data                   DATA
 0008:000436a0 000181e8H .bss                    DATA
 0009:00000000 00000014H .idata$2                DATA
 0009:00000014 00000014H .idata$3                DATA
 0009:00000028 0000031cH .idata$4                DATA
 0009:00000344 0000031cH .idata$5                DATA
 0009:00000660 0000010fH .idata$6                DATA
 000a:00000000 00008933H DOLBY                   DATA
 000b:00000000 00000113H .XBLD$A                 DATA
 000b:00000114 000001a2H .XBLD$V                 DATA
 000c:00000000 00000101H .tls                    DATA
 000c:00000108 000001a3H .tls$                   DATA
 000c:000002ab 00000101H .tls$ZZZ                DATA

  Address         Publics by Value              Rva+Base     Lib:Object

 0000:00000000       __except_list              00000000     <absolute>
 0000:00000000       ___safe_se_handler_count   00000000     <absolute>
 0000:00000000       ___safe_se_handler_table   00000000     <absolute>
 0000:00000004       __tls_array                00000004     <absolute>
 0001:00000000       __enc$textbss$begin        004003e0     <linker-defined>
 0001:000b4be4       __enc$textbss$end          004b4fc4     <linker-defined>
 0002:00008540       _main                      004bd520 f   ARKANOTRON.obj
 0002:000093a0       _BallRespown               004be380 f   GAME_Functions.obj
 0002:00009540       _ScaleLine                 004be520 f   GUI_Functions.obj
 0002:00009590       _Scale                     004be570 f   GUI_Functions.obj
 0002:00009650       _IsRectColliding           004be630 f   GUI_Functions.obj
 0002:000097f0       _Bounce                    004be7d0 f   GUI_Functions.obj
 0002:00009ad0       _SDL_InitSubSystem         004beab0 f   libSDLx:SDL.obj
 0002:00009ca0       _SDL_Init                  004bec80 f   libSDLx:SDL.obj
 0002:00009d20       _SDL_QuitSubSystem         004bed00 f   libSDLx:SDL.obj
 0002:00009e30       _SDL_WasInit               004bee10 f   libSDLx:SDL.obj
 0002:00009e80       _SDL_Quit                  004bee60 f   libSDLx:SDL.obj
 0002:00009ee0       _SDL_Linked_Version        004beec0 f   libSDLx:SDL.obj
 0002:00009f20       _SDL_CreateRGBSurface      004bef00 f   libSDLx:SDL_surface.obj
 0002:0000a350       _SDL_CreateRGBSurfaceFrom  004bf330 f   libSDLx:SDL_surface.obj
 0002:0000a420       _SDL_SetColorKey           004bf400 f   libSDLx:SDL_surface.obj
 0002:0000a600       _SDL_SetAlpha              004bf5e0 f   libSDLx:SDL_surface.obj
 0002:0000a840       _SDL_SetAlphaChannel       004bf820 f   libSDLx:SDL_surface.obj
 0002:0000a9e0       _SDL_SetClipRect           004bf9c0 f   libSDLx:SDL_surface.obj
 0002:0000ac90       _SDL_GetClipRect           004bfc70 f   libSDLx:SDL_surface.obj
 0002:0000acf0       _SDL_LowerBlit             004bfcd0 f   libSDLx:SDL_surface.obj
 0002:0000aef0       _SDL_UpperBlit             004bfed0 f   libSDLx:SDL_surface.obj
 0002:0000b2b0       _SDL_FillRect              004c0290 f   libSDLx:SDL_surface.obj
 0002:0000bce0       _SDL_LockSurface           004c0cc0 f   libSDLx:SDL_surface.obj
 0002:0000bde0       _SDL_UnlockSurface         004c0dc0 f   libSDLx:SDL_surface.obj
 0002:0000bee0       _SDL_ConvertSurface        004c0ec0 f   libSDLx:SDL_surface.obj
 0002:0000c3b0       _SDL_FreeSurface           004c1390 f   libSDLx:SDL_surface.obj
 0002:0000c570       _SDL_StartTicks            004c1550 f   libSDLx:SDL_systimer.obj
 0002:0000c5d0       _SDL_GetTicks              004c15b0 f   libSDLx:SDL_systimer.obj
 0002:0000c710       _SDL_Delay                 004c16f0 f   libSDLx:SDL_systimer.obj
 0002:0000c760       _SDL_SYS_TimerInit         004c1740 f   libSDLx:SDL_systimer.obj
 0002:0000c840       _SDL_SYS_TimerQuit         004c1820 f   libSDLx:SDL_systimer.obj
 0002:0000c8a0       _SDL_SYS_StartTimer        004c1880 f   libSDLx:SDL_systimer.obj
 0002:0000c900       _SDL_SYS_StopTimer         004c18e0 f   libSDLx:SDL_systimer.obj
 0002:0000c930       _SDL_VideoInit             004c1910 f   libSDLx:SDL_video.obj
 0002:0000ce60       _SDL_VideoDriverName       004c1e40 f   libSDLx:SDL_video.obj
 0002:0000cee0       _SDL_GetVideoSurface       004c1ec0 f   libSDLx:SDL_video.obj
 0002:0000cf40       _SDL_GetVideoInfo          004c1f20 f   libSDLx:SDL_video.obj
 0002:0000cfa0       _SDL_ListModes             004c1f80 f   libSDLx:SDL_video.obj
 0002:0000d060       _SDL_VideoModeOK           004c2040 f   libSDLx:SDL_video.obj
 0002:0000d2f0       _SDL_SetVideoMode          004c22d0 f   libSDLx:SDL_video.obj
 0002:0000e300       _SDL_DisplayFormat         004c32e0 f   libSDLx:SDL_video.obj
 0002:0000e3f0       _SDL_DisplayFormatAlpha    004c33d0 f   libSDLx:SDL_video.obj
 0002:0000e600       _SDL_UpdateRect            004c35e0 f   libSDLx:SDL_video.obj
 0002:0000e710       _SDL_UpdateRects           004c36f0 f   libSDLx:SDL_video.obj
 0002:0000eb00       _SDL_Flip                  004c3ae0 f   libSDLx:SDL_video.obj
 0002:0000edd0       _SDL_SetPalette            004c3db0 f   libSDLx:SDL_video.obj
 0002:0000f3b0       _SDL_SetColors             004c4390 f   libSDLx:SDL_video.obj
 0002:0000f410       _SDL_VideoQuit             004c43f0 f   libSDLx:SDL_video.obj
 0002:0000f6a0       _SDL_GL_LoadLibrary        004c4680 f   libSDLx:SDL_video.obj
 0002:0000f760       _SDL_GL_GetProcAddress     004c4740 f   libSDLx:SDL_video.obj
 0002:0000f830       _SDL_GL_SetAttribute       004c4810 f   libSDLx:SDL_video.obj
 0002:0000fa70       _SDL_GL_GetAttribute       004c4a50 f   libSDLx:SDL_video.obj
 0002:0000fb30       _SDL_GL_SwapBuffers        004c4b10 f   libSDLx:SDL_video.obj
 0002:0000fbd0       _SDL_GL_UpdateRectsLock    004c4bb0 f   libSDLx:SDL_video.obj
 0002:0000fc30       _SDL_GL_UpdateRects        004c4c10 f   libSDLx:SDL_video.obj
 0002:0000fc60       _SDL_GL_Lock               004c4c40 f   libSDLx:SDL_video.obj
 0002:0000fc90       _SDL_GL_Unlock             004c4c70 f   libSDLx:SDL_video.obj
 0002:0000fcc0       _SDL_WM_SetCaption         004c4ca0 f   libSDLx:SDL_video.obj
 0002:0000fe20       _SDL_WM_GetCaption         004c4e00 f   libSDLx:SDL_video.obj
 0002:0000fea0       _SDL_WM_SetIcon            004c4e80 f   libSDLx:SDL_video.obj
 0002:00010650       _SDL_WM_GrabInput          004c5630 f   libSDLx:SDL_video.obj
 0002:000108e0       _SDL_WM_IconifyWindow      004c58c0 f   libSDLx:SDL_video.obj
 0002:00010980       _SDL_WM_ToggleFullScreen   004c5960 f   libSDLx:SDL_video.obj
 0002:00010b50       _SDL_GetWMInfo             004c5b30 f   libSDLx:SDL_video.obj
 0002:00010bf0       _SDL_Lock_EventThread      004c5bd0 f   libSDLx:SDL_events.obj
 0002:00010c80       _SDL_Unlock_EventThread    004c5c60 f   libSDLx:SDL_events.obj
 0002:00010cf0       _SDL_EventThreadID         004c5cd0 f   libSDLx:SDL_events.obj
 0002:00010d30       _SDL_StopEventLoop         004c5d10 f   libSDLx:SDL_events.obj
 0002:00010e80       _SDL_StartEventLoop        004c5e60 f   libSDLx:SDL_events.obj
 0002:000111f0       _SDL_PeepEvents            004c61d0 f   libSDLx:SDL_events.obj
 0002:000116a0       _SDL_PumpEvents            004c6680 f   libSDLx:SDL_events.obj
 0002:00011750       _SDL_PollEvent             004c6730 f   libSDLx:SDL_events.obj
 0002:000117c0       _SDL_WaitEvent             004c67a0 f   libSDLx:SDL_events.obj
 0002:00011870       _SDL_PushEvent             004c6850 f   libSDLx:SDL_events.obj
 0002:000118e0       _SDL_SetEventFilter        004c68c0 f   libSDLx:SDL_events.obj
 0002:00011980       _SDL_GetEventFilter        004c6960 f   libSDLx:SDL_events.obj
 0002:000119c0       _SDL_EventState            004c69a0 f   libSDLx:SDL_events.obj
 0002:00011ba0       _SDL_PrivateSysWMEvent     004c6b80 f   libSDLx:SDL_events.obj
 0002:00011ca0       _SDL_KeyboardInit          004c6c80 f   libSDLx:SDL_keyboard.obj
 0002:00012940       _SDL_KeyboardQuit          004c7920 f   libSDLx:SDL_keyboard.obj
 0002:00012970       _SDL_ResetKeyboard         004c7950 f   libSDLx:SDL_keyboard.obj
 0002:00012a60       _SDL_EnableUNICODE         004c7a40 f   libSDLx:SDL_keyboard.obj
 0002:00012ab0       _SDL_GetKeyState           004c7a90 f   libSDLx:SDL_keyboard.obj
 0002:00012b00       _SDL_GetModState           004c7ae0 f   libSDLx:SDL_keyboard.obj
 0002:00012b40       _SDL_SetModState           004c7b20 f   libSDLx:SDL_keyboard.obj
 0002:00012b80       _SDL_GetKeyName            004c7b60 f   libSDLx:SDL_keyboard.obj
 0002:00012bf0       _SDL_PrivateKeyboard       004c7bd0 f   libSDLx:SDL_keyboard.obj
 0002:00013220       _SDL_CheckKeyRepeat        004c8200 f   libSDLx:SDL_keyboard.obj
 0002:00013310       _SDL_EnableKeyRepeat       004c82f0 f   libSDLx:SDL_keyboard.obj
 0002:000133b0       _SDL_GetKeyRepeat          004c8390 f   libSDLx:SDL_keyboard.obj
 0002:00013400       _SDL_SetError              004c83e0 f   libSDLx:SDL_error.obj
 0002:000137c0       _SDL_GetErrorMsg           004c87a0 f   libSDLx:SDL_error.obj
 0002:00013ca0       _SDL_GetError              004c8c80 f   libSDLx:SDL_error.obj
 0002:00013d00       _SDL_ClearError            004c8ce0 f   libSDLx:SDL_error.obj
 0002:00013d60       _SDL_Error                 004c8d40 f   libSDLx:SDL_error.obj
 0002:00013e40       _SDL_CDROMInit             004c8e20 f   libSDLx:SDL_cdrom.obj
 0002:00013ec0       _SDL_CDNumDrives           004c8ea0 f   libSDLx:SDL_cdrom.obj
 0002:00013fd0       _SDL_CDName                004c8fb0 f   libSDLx:SDL_cdrom.obj
 0002:00014080       _SDL_CDOpen                004c9060 f   libSDLx:SDL_cdrom.obj
 0002:00014190       _SDL_CDStatus              004c9170 f   libSDLx:SDL_cdrom.obj
 0002:00014330       _SDL_CDPlayTracks          004c9310 f   libSDLx:SDL_cdrom.obj
 0002:00014570       _SDL_CDPlay                004c9550 f   libSDLx:SDL_cdrom.obj
 0002:000145f0       _SDL_CDPause               004c95d0 f   libSDLx:SDL_cdrom.obj
 0002:000146c0       _SDL_CDResume              004c96a0 f   libSDLx:SDL_cdrom.obj
 0002:00014790       _SDL_CDStop                004c9770 f   libSDLx:SDL_cdrom.obj
 0002:00014860       _SDL_CDEject               004c9840 f   libSDLx:SDL_cdrom.obj
 0002:000148e0       _SDL_CDClose               004c98c0 f   libSDLx:SDL_cdrom.obj
 0002:00014970       _SDL_CDROMQuit             004c9950 f   libSDLx:SDL_cdrom.obj
 0002:000149d0       _SDL_JoystickInit          004c99b0 f   libSDLx:SDL_joystick.obj
 0002:00014ab0       _SDL_NumJoysticks          004c9a90 f   libSDLx:SDL_joystick.obj
 0002:00014af0       _SDL_JoystickName          004c9ad0 f   libSDLx:SDL_joystick.obj
 0002:00014b80       _SDL_JoystickOpen          004c9b60 f   libSDLx:SDL_joystick.obj
 0002:00014f10       _SDL_JoystickOpened        004c9ef0 f   libSDLx:SDL_joystick.obj
 0002:00014fa0       _SDL_JoystickIndex         004c9f80 f   libSDLx:SDL_joystick.obj
 0002:00015070       _SDL_JoystickNumAxes       004ca050 f   libSDLx:SDL_joystick.obj
 0002:000150d0       _SDL_JoystickNumHats       004ca0b0 f   libSDLx:SDL_joystick.obj
 0002:00015130       _SDL_JoystickNumBalls      004ca110 f   libSDLx:SDL_joystick.obj
 0002:00015190       _SDL_JoystickNumButtons    004ca170 f   libSDLx:SDL_joystick.obj
 0002:000151f0       _SDL_JoystickGetAxis       004ca1d0 f   libSDLx:SDL_joystick.obj
 0002:000152a0       _SDL_JoystickGetHat        004ca280 f   libSDLx:SDL_joystick.obj
 0002:00015340       _SDL_JoystickGetBall       004ca320 f   libSDLx:SDL_joystick.obj
 0002:00015440       _SDL_JoystickGetButton     004ca420 f   libSDLx:SDL_joystick.obj
 0002:000154e0       _SDL_JoystickClose         004ca4c0 f   libSDLx:SDL_joystick.obj
 0002:00015680       _SDL_JoystickQuit          004ca660 f   libSDLx:SDL_joystick.obj
 0002:00015790       _SDL_PrivateJoystickAxis   004ca770 f   libSDLx:SDL_joystick.obj
 0002:000158b0       _SDL_PrivateJoystickHat    004ca890 f   libSDLx:SDL_joystick.obj
 0002:000159d0       _SDL_PrivateJoystickBall   004ca9b0 f   libSDLx:SDL_joystick.obj
 0002:00015b40       _SDL_PrivateJoystickButton 004cab20 f   libSDLx:SDL_joystick.obj
 0002:00015ca0       _SDL_JoystickUpdate        004cac80 f   libSDLx:SDL_joystick.obj
 0002:00015d30       _SDL_JoystickEventState    004cad10 f   libSDLx:SDL_joystick.obj
 0002:00015e70       _SDL_RunAudio              004cae50 f   libSDLx:SDL_audio.obj
 0002:00016170       _SDL_AudioInit             004cb150 f   libSDLx:SDL_audio.obj
 0002:00016490       _SDL_AudioDriverName       004cb470 f   libSDLx:SDL_audio.obj
 0002:00016510       _SDL_OpenAudio             004cb4f0 f   libSDLx:SDL_audio.obj
 0002:00016ca0       _SDL_GetAudioStatus        004cbc80 f   libSDLx:SDL_audio.obj
 0002:00016d20       _SDL_PauseAudio            004cbd00 f   libSDLx:SDL_audio.obj
 0002:00016d70       _SDL_LockAudio             004cbd50 f   libSDLx:SDL_audio.obj
 0002:00016df0       _SDL_UnlockAudio           004cbdd0 f   libSDLx:SDL_audio.obj
 0002:00016e70       _SDL_CloseAudio            004cbe50 f   libSDLx:SDL_audio.obj
 0002:00016ec0       _SDL_AudioQuit             004cbea0 f   libSDLx:SDL_audio.obj
 0002:00017020       _SDL_FirstAudioFormat      004cc000 f   libSDLx:SDL_audio.obj
 0002:000170c0       _SDL_NextAudioFormat       004cc0a0 f   libSDLx:SDL_audio.obj
 0002:00017150       _SDL_CalculateAudioSpec    004cc130 f   libSDLx:SDL_audio.obj
 0002:00017210       _SDL_Audio_SetCaption      004cc1f0 f   libSDLx:SDL_audio.obj
 0002:00017290       _SDL_putenv                004cc270 f   libSDLx:SDL_getenv.obj
 0002:000174d0       _SDL_getenv                004cc4b0 f   libSDLx:SDL_getenv.obj
 0002:000175e0       _SDL_SetTimerThreaded      004cc5c0 f   libSDLx:SDL_timer.obj
 0002:00017660       _SDL_TimerInit             004cc640 f   libSDLx:SDL_timer.obj
 0002:00017700       _SDL_TimerQuit             004cc6e0 f   libSDLx:SDL_timer.obj
 0002:000177b0       _SDL_ThreadedTimerCheck    004cc790 f   libSDLx:SDL_timer.obj
 0002:00017a00       _SDL_AddTimer              004cc9e0 f   libSDLx:SDL_timer.obj
 0002:00017bc0       _SDL_RemoveTimer           004ccba0 f   libSDLx:SDL_timer.obj
 0002:00017cd0       _SDL_SetTimer              004cccb0 f   libSDLx:SDL_timer.obj
 0002:00017ea0       _SDL_InstallParachute      004cce80 f   libSDLx:SDL_fatal.obj
 0002:00017ed0       _SDL_UninstallParachute    004cceb0 f   libSDLx:SDL_fatal.obj
 0002:00017f00       _SDL_AllocFormat           004ccee0 f   libSDLx:SDL_pixels.obj
 0002:000187a0       _SDL_ReallocFormat         004cd780 f   libSDLx:SDL_pixels.obj
 0002:00018840       _SDL_FormatChanged         004cd820 f   libSDLx:SDL_pixels.obj
 0002:000188c0       _SDL_FreeFormat            004cd8a0 f   libSDLx:SDL_pixels.obj
 0002:00018960       _SDL_DitherColors          004cd940 f   libSDLx:SDL_pixels.obj
 0002:00018a80       _SDL_CalculatePitch        004cda60 f   libSDLx:SDL_pixels.obj
 0002:00018b40       _SDL_FindColor             004cdb20 f   libSDLx:SDL_pixels.obj
 0002:00018c50       _SDL_MapRGB                004cdc30 f   libSDLx:SDL_pixels.obj
 0002:00018d20       _SDL_MapRGBA               004cdd00 f   libSDLx:SDL_pixels.obj
 0002:00018e10       _SDL_GetRGBA               004cddf0 f   libSDLx:SDL_pixels.obj
 0002:00019000       _SDL_GetRGB                004cdfe0 f   libSDLx:SDL_pixels.obj
 0002:00019180       _SDL_ApplyGamma            004ce160 f   libSDLx:SDL_pixels.obj
 0002:00019250       _SDL_AllocBlitMap          004ce230 f   libSDLx:SDL_pixels.obj
 0002:00019330       _SDL_InvalidateMap         004ce310 f   libSDLx:SDL_pixels.obj
 0002:000193c0       _SDL_MapSurface            004ce3a0 f   libSDLx:SDL_pixels.obj
 0002:00019ce0       _SDL_FreeBlitMap           004cecc0 f   libSDLx:SDL_pixels.obj
 0002:00019d70       _SDL_RLEBlit               004ced50 f   libSDLx:SDL_RLEaccel.obj
 0002:00020d70       _SDL_RLEAlphaBlit          004d5d50 f   libSDLx:SDL_RLEaccel.obj
 0002:00022a50       _SDL_RLESurface            004d7a30 f   libSDLx:SDL_RLEaccel.obj
 0002:000244f0       _SDL_UnRLESurface          004d94d0 f   libSDLx:SDL_RLEaccel.obj
 0002:00024ea0       _SDL_XBOX_SetScreenPosition 004d9e80 f   libSDLx:SDL_xboxvideo.obj
 0002:00024f20       _SDL_XBOX_SetScreenStretch 004d9f00 f   libSDLx:SDL_xboxvideo.obj
 0002:00024fa0       _SDL_XBOX_GetScreenPosition 004d9f80 f   libSDLx:SDL_xboxvideo.obj
 0002:00025000       _SDL_XBOX_GetScreenStretch 004d9fe0 f   libSDLx:SDL_xboxvideo.obj
 0002:00025060       _SDL_XBOX_SetFlickerFilter 004da040 f   libSDLx:SDL_xboxvideo.obj
 0002:000250c0       _SDL_XBOX_SetSoftDisplayFilter 004da0a0 f   libSDLx:SDL_xboxvideo.obj
 0002:00027c70       _SDL_CursorQuit            004dcc50 f   libSDLx:SDL_cursor.obj
 0002:00027d60       _SDL_CursorInit            004dcd40 f   libSDLx:SDL_cursor.obj
 0002:00027e10       _SDL_CreateCursor          004dcdf0 f   libSDLx:SDL_cursor.obj
 0002:000280f0       _SDL_SetCursor             004dd0d0 f   libSDLx:SDL_cursor.obj
 0002:00028420       _SDL_GetCursor             004dd400 f   libSDLx:SDL_cursor.obj
 0002:00028460       _SDL_FreeCursor            004dd440 f   libSDLx:SDL_cursor.obj
 0002:00028590       _SDL_ShowCursor            004dd570 f   libSDLx:SDL_cursor.obj
 0002:000286d0       _SDL_WarpMouse             004dd6b0 f   libSDLx:SDL_cursor.obj
 0002:00028890       _SDL_MoveCursor            004dd870 f   libSDLx:SDL_cursor.obj
 0002:000289e0       _SDL_CursorPaletteChanged  004dd9c0 f   libSDLx:SDL_cursor.obj
 0002:00028a20       _SDL_MouseRect             004dda00 f   libSDLx:SDL_cursor.obj
 0002:00028bc0       _SDL_DrawCursorNoLock      004ddba0 f   libSDLx:SDL_cursor.obj
 0002:00029a40       _SDL_DrawCursor            004dea20 f   libSDLx:SDL_cursor.obj
 0002:00029bb0       _SDL_EraseCursorNoLock     004deb90 f   libSDLx:SDL_cursor.obj
 0002:00029f20       _SDL_EraseCursor           004def00 f   libSDLx:SDL_cursor.obj
 0002:0002a090       _SDL_ResetCursor           004df070 f   libSDLx:SDL_cursor.obj
 0002:0002a140       _SDL_revcpy                004df120 f   libSDLx:SDL_string.obj
 0002:0002a1f0       _SDL_strlcpy               004df1d0 f   libSDLx:SDL_string.obj
 0002:0002a2b0       _SDL_strlcat               004df290 f   libSDLx:SDL_string.obj
 0002:0002a350       _SDL_strdup                004df330 f   libSDLx:SDL_string.obj
 0002:0002a3e0       _SDL_lltoa                 004df3c0 f   libSDLx:SDL_string.obj
 0002:0002a530       _SDL_ulltoa                004df510 f   libSDLx:SDL_string.obj
 0002:0002a620       _SDL_strtoull              004df600 f   libSDLx:SDL_string.obj
 0002:0002a8b0       _SDL_snprintf              004df890 f   libSDLx:SDL_string.obj
 0002:0002a930       _SDL_vsnprintf             004df910 f   libSDLx:SDL_string.obj
 0002:0002b580       _SDL_MouseInit             004e0560 f   libSDLx:SDL_mouse.obj
 0002:0002b600       _SDL_MouseQuit             004e05e0 f   libSDLx:SDL_mouse.obj
 0002:0002b630       _SDL_ResetMouse            004e0610 f   libSDLx:SDL_mouse.obj
 0002:0002b6d0       _SDL_GetMouseState         004e06b0 f   libSDLx:SDL_mouse.obj
 0002:0002b740       _SDL_GetRelativeMouseState 004e0720 f   libSDLx:SDL_mouse.obj
 0002:0002b7c0       _SDL_SetMouseRange         004e07a0 f   libSDLx:SDL_mouse.obj
 0002:0002b810       _SDL_PrivateMouseMotion    004e07f0 f   libSDLx:SDL_mouse.obj
 0002:0002bbe0       _SDL_PrivateMouseButton    004e0bc0 f   libSDLx:SDL_mouse.obj
 0002:0002bea0       _SDL_CreateMutex           004e0e80 f   libSDLx:SDL_sysmutex.obj
 0002:0002bf50       _SDL_DestroyMutex          004e0f30 f   libSDLx:SDL_sysmutex.obj
 0002:0002bfd0       _SDL_mutexP                004e0fb0 f   libSDLx:SDL_sysmutex.obj
 0002:0002c060       _SDL_mutexV                004e1040 f   libSDLx:SDL_sysmutex.obj
 0002:0002c0f0       _SDL_PrivateResize         004e10d0 f   libSDLx:SDL_resize.obj
 0002:0002c290       _SDL_SYS_CreateThread      004e1270 f   libSDLx:SDL_systhread.obj
 0002:0002c3c0       _SDL_SYS_SetupThread       004e13a0 f   libSDLx:SDL_systhread.obj
 0002:0002c3f0       _SDL_ThreadID              004e13d0 f   libSDLx:SDL_systhread.obj
 0002:0002c440       _SDL_SYS_WaitThread        004e1420 f   libSDLx:SDL_systhread.obj
 0002:0002c4a0       _SDL_SYS_KillThread        004e1480 f   libSDLx:SDL_systhread.obj
 0002:0002c500       _SDL_QuitInit              004e14e0 f   libSDLx:SDL_quit.obj
 0002:0002c530       _SDL_QuitQuit              004e1510 f   libSDLx:SDL_quit.obj
 0002:0002c560       _SDL_PrivateQuit           004e1540 f   libSDLx:SDL_quit.obj
 0002:0002c640       _SDL_AppActiveInit         004e1620 f   libSDLx:SDL_active.obj
 0002:0002c680       _SDL_AppActiveQuit         004e1660 f   libSDLx:SDL_active.obj
 0002:0002c6b0       _SDL_GetAppState           004e1690 f   libSDLx:SDL_active.obj
 0002:0002c6f0       _SDL_PrivateAppActive      004e16d0 f   libSDLx:SDL_active.obj
 0002:0002c880       _SDL_ThreadsInit           004e1860 f   libSDLx:SDL_thread.obj
 0002:0002c8f0       _SDL_ThreadsQuit           004e18d0 f   libSDLx:SDL_thread.obj
 0002:0002c960       _SDL_GetErrBuf             004e1940 f   libSDLx:SDL_thread.obj
 0002:0002ca40       _SDL_RunThread             004e1a20 f   libSDLx:SDL_thread.obj
 0002:0002cb00       _SDL_CreateThread          004e1ae0 f   libSDLx:SDL_thread.obj
 0002:0002cf30       _SDL_WaitThread            004e1f10 f   libSDLx:SDL_thread.obj
 0002:0002cfc0       _SDL_GetThreadID           004e1fa0 f   libSDLx:SDL_thread.obj
 0002:0002d020       _SDL_KillThread            004e2000 f   libSDLx:SDL_thread.obj
 0002:0002d090       _SDL_SYS_CDInit            004e2070 f   libSDLx:SDL_syscdrom.obj
 0002:0002d450       _SDL_SYS_CDQuit            004e2430 f   libSDLx:SDL_syscdrom.obj
 0002:0002d630       _Remount                   004e2610 f   libSDLx:SDL_syscdrom.obj
 0002:0002d820       _Mount                     004e2800 f   libSDLx:SDL_syscdrom.obj
 0002:0002d950       _Unmount                   004e2930 f   libSDLx:SDL_syscdrom.obj
 0002:0002df30       _TocValToFrames            004e2f10 f i libSDLx:SDL_syscdrom.obj
 0002:0002df90       _MsfToFrames               004e2f70 f i libSDLx:SDL_syscdrom.obj
 0002:0002dff0       _TocValToMsf               004e2fd0 f i libSDLx:SDL_syscdrom.obj
 0002:0002e3d0       _cdrom_cdda_play           004e33b0 f   libSDLx:SDL_syscdrom.obj
 0002:0002e510       _cddapause                 004e34f0 f   libSDLx:SDL_syscdrom.obj
 0002:0002e620       _cddaprocess               004e3600 f   libSDLx:SDL_syscdrom.obj
 0002:0002eac0       _ReadSectorCDDA            004e3aa0 f   libSDLx:SDL_syscdrom.obj
 0002:0002ebf0       _xfabsf                    004e3bd0 f   libSDLx:SDL_sysjoystick.obj
 0002:0002ec90       _SDL_SYS_JoystickInit      004e3c70 f   libSDLx:SDL_sysjoystick.obj
 0002:0002ecd0       _SDL_SYS_JoystickName      004e3cb0 f   libSDLx:SDL_sysjoystick.obj
 0002:0002ed10       _SDL_SYS_JoystickOpen      004e3cf0 f   libSDLx:SDL_sysjoystick.obj
 0002:0002ef30       _SDL_SYS_JoystickUpdate    004e3f10 f   libSDLx:SDL_sysjoystick.obj
 0002:0002fa80       _SDL_SYS_JoystickClose     004e4a60 f   libSDLx:SDL_sysjoystick.obj
 0002:0002fae0       _SDL_SYS_JoystickQuit      004e4ac0 f   libSDLx:SDL_sysjoystick.obj
 0002:0002fb10       _XBInput_RefreshDeviceList 004e4af0 f   libSDLx:SDL_sysjoystick.obj
 0002:00030010       _XboxDX_SoundFocus         004e4ff0 f   libSDLx:SDL_xboxaudio.obj
 0002:00030f00       _SDL_ConvertMono           004e5ee0 f   libSDLx:SDL_audiocvt.obj
 0002:00031480       _SDL_ConvertStrip          004e6460 f   libSDLx:SDL_audiocvt.obj
 0002:00031a90       _SDL_ConvertStrip_2        004e6a70 f   libSDLx:SDL_audiocvt.obj
 0002:000320a0       _SDL_ConvertStereo         004e7080 f   libSDLx:SDL_audiocvt.obj
 0002:00032260       _SDL_ConvertSurround       004e7240 f   libSDLx:SDL_audiocvt.obj
 0002:00032f90       _SDL_ConvertSurround_4     004e7f70 f   libSDLx:SDL_audiocvt.obj
 0002:00033ac0       _SDL_Convert16LSB          004e8aa0 f   libSDLx:SDL_audiocvt.obj
 0002:00033bf0       _SDL_Convert16MSB          004e8bd0 f   libSDLx:SDL_audiocvt.obj
 0002:00033d20       _SDL_Convert8              004e8d00 f   libSDLx:SDL_audiocvt.obj
 0002:00033e60       _SDL_ConvertSign           004e8e40 f   libSDLx:SDL_audiocvt.obj
 0002:00033fd0       _SDL_ConvertEndian         004e8fb0 f   libSDLx:SDL_audiocvt.obj
 0002:000340e0       _SDL_RateMUL2              004e90c0 f   libSDLx:SDL_audiocvt.obj
 0002:000342b0       _SDL_RateMUL2_c2           004e9290 f   libSDLx:SDL_audiocvt.obj
 0002:000344f0       _SDL_RateMUL2_c4           004e94d0 f   libSDLx:SDL_audiocvt.obj
 0002:000347f0       _SDL_RateMUL2_c6           004e97d0 f   libSDLx:SDL_audiocvt.obj
 0002:00034bb0       _SDL_RateDIV2              004e9b90 f   libSDLx:SDL_audiocvt.obj
 0002:00034d50       _SDL_RateDIV2_c2           004e9d30 f   libSDLx:SDL_audiocvt.obj
 0002:00034f20       _SDL_RateDIV2_c4           004e9f00 f   libSDLx:SDL_audiocvt.obj
 0002:00035150       _SDL_RateDIV2_c6           004ea130 f   libSDLx:SDL_audiocvt.obj
 0002:000353e0       _SDL_RateSLOW              004ea3c0 f   libSDLx:SDL_audiocvt.obj
 0002:00035700       _SDL_ConvertAudio          004ea6e0 f   libSDLx:SDL_audiocvt.obj
 0002:000357c0       _SDL_BuildAudioCVT         004ea7a0 f   libSDLx:SDL_audiocvt.obj
 0002:00035f90       _SDL_CalculateBlit         004eaf70 f   libSDLx:SDL_blit.obj
 0002:000369f0       _XBOX_PumpEvents           004eb9d0 f   libSDLx:SDL_xboxevents.obj
 0002:00036a40       _XBOX_InitOSKeymap         004eba20 f   libSDLx:SDL_xboxevents.obj
 0002:00037210       _XBInput_GetKeyboardInput  004ec1f0 f   libSDLx:SDL_xboxevents.obj
 0002:00037790       _Mouse_RefreshDeviceList   004ec770 f   libSDLx:SDL_xboxevents.obj
 0002:000379a0       _SDL_CreateSemaphore       004ec980 f   libSDLx:SDL_syssem.obj
 0002:00037a70       _SDL_DestroySemaphore      004eca50 f   libSDLx:SDL_syssem.obj
 0002:00037af0       _SDL_SemWaitTimeout        004ecad0 f   libSDLx:SDL_syssem.obj
 0002:00037bf0       _SDL_SemTryWait            004ecbd0 f   libSDLx:SDL_syssem.obj
 0002:00037c40       _SDL_SemWait               004ecc20 f   libSDLx:SDL_syssem.obj
 0002:00037c90       _SDL_SemValue              004ecc70 f   libSDLx:SDL_syssem.obj
 0002:00037d00       _SDL_SemPost               004ecce0 f   libSDLx:SDL_syssem.obj
 0002:0003ac10       _SDL_CalculateBlitN        004efbf0 f   libSDLx:SDL_blit_N.obj
 0002:000470e0       _SDL_CalculateBlit1        004fc0c0 f   libSDLx:SDL_blit_1.obj
 0002:0004bae0       _SDL_CalculateBlit0        00500ac0 f   libSDLx:SDL_blit_0.obj
 0002:0004c880       _SDL_HasRDTSC              00501860 f   libSDLx:SDL_cpuinfo.obj
 0002:0004ce60       _SDL_HasMMX                00501e40 f   libSDLx:SDL_cpuinfo.obj
 0002:0004cec0       _SDL_HasMMXExt             00501ea0 f   libSDLx:SDL_cpuinfo.obj
 0002:0004cf20       _SDL_Has3DNow              00501f00 f   libSDLx:SDL_cpuinfo.obj
 0002:0004cf80       _SDL_Has3DNowExt           00501f60 f   libSDLx:SDL_cpuinfo.obj
 0002:0004cfe0       _SDL_HasSSE                00501fc0 f   libSDLx:SDL_cpuinfo.obj
 0002:0004d040       _SDL_HasSSE2               00502020 f   libSDLx:SDL_cpuinfo.obj
 0002:0004d0a0       _SDL_HasAltiVec            00502080 f   libSDLx:SDL_cpuinfo.obj
 0002:0004d100       _SDL_CalculateAlphaBlit    005020e0 f   libSDLx:SDL_blit_A.obj
 0002:00058930       _IMG_Linked_Version        0050d910 f   SDL_Image:IMG.obj
 0002:00058980       _IMG_Init                  0050d960 f   SDL_Image:IMG.obj
 0002:00058aa0       _IMG_Quit                  0050da80 f   SDL_Image:IMG.obj
 0002:00058b40       _IMG_Load                  0050db20 f   SDL_Image:IMG.obj
 0002:00058bf0       _IMG_Load_RW               0050dbd0 f   SDL_Image:IMG.obj
 0002:00058c50       _IMG_LoadTyped_RW          0050dc30 f   SDL_Image:IMG.obj
 0002:00058f10       _IMG_InvertAlpha           0050def0 f   SDL_Image:IMG.obj
 0002:00058f50       _IMG_InitWEBP              0050df30 f   SDL_Image:IMG_webp.obj
 0002:00058fb0       _IMG_QuitWEBP              0050df90 f   SDL_Image:IMG_webp.obj
 0002:00058fe0       _IMG_isWEBP                0050dfc0 f   SDL_Image:IMG_webp.obj
 0002:00059010       _IMG_LoadWEBP_RW           0050dff0 f   SDL_Image:IMG_webp.obj
 0002:00059040       _IMG_isXV                  0050e020 f   SDL_Image:IMG_xv.obj
 0002:00059070       _IMG_LoadXV_RW             0050e050 f   SDL_Image:IMG_xv.obj
 0002:000590a0       _IMG_isXPM                 0050e080 f   SDL_Image:IMG_xpm.obj
 0002:000591d0       _IMG_LoadXPM_RW            0050e1b0 f   SDL_Image:IMG_xpm.obj
 0002:0005a440       _IMG_ReadXPMFromArray      0050f420 f   SDL_Image:IMG_xpm.obj
 0002:0005a490       _IMG_isXCF                 0050f470 f   SDL_Image:IMG_xcf.obj
 0002:0005a4c0       _IMG_LoadXCF_RW            0050f4a0 f   SDL_Image:IMG_xcf.obj
 0002:0005a4f0       _IMG_InitTIF               0050f4d0 f   SDL_Image:IMG_tif.obj
 0002:0005a550       _IMG_QuitTIF               0050f530 f   SDL_Image:IMG_tif.obj
 0002:0005a580       _IMG_isTIF                 0050f560 f   SDL_Image:IMG_tif.obj
 0002:0005a5b0       _IMG_LoadTIF_RW            0050f590 f   SDL_Image:IMG_tif.obj
 0002:0005a5e0       _IMG_isPNM                 0050f5c0 f   SDL_Image:IMG_pnm.obj
 0002:0005a710       _IMG_LoadPNM_RW            0050f6f0 f   SDL_Image:IMG_pnm.obj
 0002:0005afd0       _IMG_InitPNG               0050ffb0 f   SDL_Image:IMG_png.obj
 0002:0005b100       _IMG_QuitPNG               005100e0 f   SDL_Image:IMG_png.obj
 0002:0005b150       _IMG_isPNG                 00510130 f   SDL_Image:IMG_png.obj
 0002:0005b290       _IMG_LoadPNG_RW            00510270 f   SDL_Image:IMG_png.obj
 0002:0005bdd0       _IMG_isPCX                 00510db0 f   SDL_Image:IMG_pcx.obj
 0002:0005bf40       _IMG_LoadPCX_RW            00510f20 f   SDL_Image:IMG_pcx.obj
 0002:0005cad0       _IMG_isLBM                 00511ab0 f   SDL_Image:IMG_lbm.obj
 0002:0005cc30       _IMG_LoadLBM_RW            00511c10 f   SDL_Image:IMG_lbm.obj
 0002:0005e2d0       _IMG_InitJPG               005132b0 f   SDL_Image:IMG_jpg.obj
 0002:0005e390       _IMG_QuitJPG               00513370 f   SDL_Image:IMG_jpg.obj
 0002:0005e3e0       _IMG_isJPG                 005133c0 f   SDL_Image:IMG_jpg.obj
 0002:0005e6e0       _IMG_LoadJPG_RW            005136c0 f   SDL_Image:IMG_jpg.obj
 0002:0005eea0       _IMG_isGIF                 00513e80 f   SDL_Image:IMG_gif.obj
 0002:0005f000       _IMG_LoadGIF_RW            00513fe0 f   SDL_Image:IMG_gif.obj
 0002:00060750       _IMG_isBMP                 00515730 f   SDL_Image:IMG_bmp.obj
 0002:00060880       _IMG_isICO                 00515860 f   SDL_Image:IMG_bmp.obj
 0002:000609e0       _IMG_isCUR                 005159c0 f   SDL_Image:IMG_bmp.obj
 0002:00060a30       _IMG_LoadBMP_RW            00515a10 f   SDL_Image:IMG_bmp.obj
 0002:00061ec0       _IMG_LoadICO_RW            00516ea0 f   SDL_Image:IMG_bmp.obj
 0002:00062d50       _IMG_LoadCUR_RW            00517d30 f   SDL_Image:IMG_bmp.obj
 0002:00062db0       _IMG_LoadTGA_RW            00517d90 f   SDL_Image:IMG_tga.obj
 0002:00063bd0       _jpeg_std_error            00518bb0 f   SDL_Image:jerror.obj
 0002:000640f0       _jpeg_start_decompress     005190d0 f   SDL_Image:jdapistd.obj
 0002:000644f0       _jpeg_read_scanlines       005194d0 f   SDL_Image:jdapistd.obj
 0002:000646b0       _jpeg_read_raw_data        00519690 f   SDL_Image:jdapistd.obj
 0002:00064880       _jpeg_start_output         00519860 f   SDL_Image:jdapistd.obj
 0002:00064980       _jpeg_finish_output        00519960 f   SDL_Image:jdapistd.obj
 0002:00064ae0       _jpeg_resync_to_restart    00519ac0 f   SDL_Image:jdmarker.obj
 0002:00065000       _jinit_marker_reader       00519fe0 f   SDL_Image:jdmarker.obj
 0002:00068980       _jpeg_save_markers         0051d960 f   SDL_Image:jdmarker.obj
 0002:00069040       _jpeg_set_marker_processor 0051e020 f   SDL_Image:jdmarker.obj
 0002:00069110       _jpeg_CreateDecompress     0051e0f0 f   SDL_Image:jdapimin.obj
 0002:00069360       _jpeg_destroy_decompress   0051e340 f   SDL_Image:jdapimin.obj
 0002:000693b0       _jpeg_abort_decompress     0051e390 f   SDL_Image:jdapimin.obj
 0002:00069400       _jpeg_read_header          0051e3e0 f   SDL_Image:jdapimin.obj
 0002:00069540       _jpeg_consume_input        0051e520 f   SDL_Image:jdapimin.obj
 0002:00069b60       _jpeg_input_complete       0051eb40 f   SDL_Image:jdapimin.obj
 0002:00069c10       _jpeg_has_multiple_scans   0051ebf0 f   SDL_Image:jdapimin.obj
 0002:00069cc0       _jpeg_finish_decompress    0051eca0 f   SDL_Image:jdapimin.obj
 0002:00069e80       _jpeg_calc_output_dimensions 0051ee60 f   SDL_Image:jdmaster.obj
 0002:0006a460       _jpeg_new_colormap         0051f440 f   SDL_Image:jdmaster.obj
 0002:0006a590       _jinit_master_decompress   0051f570 f   SDL_Image:jdmaster.obj
 0002:0006b060       _jpeg_abort                00520040 f   SDL_Image:jcomapi.obj
 0002:0006b130       _jpeg_destroy              00520110 f   SDL_Image:jcomapi.obj
 0002:0006b1c0       _jpeg_alloc_quant_table    005201a0 f   SDL_Image:jcomapi.obj
 0002:0006b240       _jpeg_alloc_huff_table     00520220 f   SDL_Image:jcomapi.obj
 0002:0006b2c0       _jdiv_round_up             005202a0 f   SDL_Image:jutils.obj
 0002:0006b300       _jround_up                 005202e0 f   SDL_Image:jutils.obj
 0002:0006b350       _jcopy_sample_rows         00520330 f   SDL_Image:jutils.obj
 0002:0006b420       _jcopy_block_row           00520400 f   SDL_Image:jutils.obj
 0002:0006b480       _jzero_far                 00520460 f   SDL_Image:jutils.obj
 0002:0006b4e0       _jinit_input_controller    005204c0 f   SDL_Image:jdinput.obj
 0002:0006c2d0       _jinit_memory_mgr          005212b0 f   SDL_Image:jmemmgr.obj
 0002:0006df90       _jinit_d_main_controller   00522f70 f   SDL_Image:jdmainct.obj
 0002:0006ed90       _jinit_d_coef_controller   00523d70 f   SDL_Image:jdcoefct.obj
 0002:00070c90       _jpeg_make_d_derived_tbl   00525c70 f   SDL_Image:jdhuff.obj
 0002:00071230       _jpeg_fill_bit_buffer      00526210 f   SDL_Image:jdhuff.obj
 0002:000714b0       _jpeg_huff_decode          00526490 f   SDL_Image:jdhuff.obj
 0002:00071690       _jinit_huff_decoder        00526670 f   SDL_Image:jdhuff.obj
 0002:00072500       _jinit_phuff_decoder       005274e0 f   SDL_Image:jdphuff.obj
 0002:00074060       _jinit_inverse_dct         00529040 f   SDL_Image:jddctmgr.obj
 0002:000745e0       _jinit_d_post_controller   005295c0 f   SDL_Image:jdpostct.obj
 0002:00074db0       _jinit_upsampler           00529d90 f   SDL_Image:jdsample.obj
 0002:00075c80       _jinit_color_deconverter   0052ac60 f   SDL_Image:jdcolor.obj
 0002:00076940       _jinit_merged_upsampler    0052b920 f   SDL_Image:jdmerge.obj
 0002:00077720       _jinit_2pass_quantizer     0052c700 f   SDL_Image:jquant2.obj
 0002:0007a2d0       _jinit_1pass_quantizer     0052f2b0 f   SDL_Image:jquant1.obj
 0002:0007bc20       _jpeg_get_small            00530c00 f   SDL_Image:jmemansi.obj
 0002:0007bc70       _jpeg_free_small           00530c50 f   SDL_Image:jmemansi.obj
 0002:0007bcc0       _jpeg_get_large            00530ca0 f   SDL_Image:jmemansi.obj
 0002:0007bd10       _jpeg_free_large           00530cf0 f   SDL_Image:jmemansi.obj
 0002:0007bd60       _jpeg_mem_available        00530d40 f   SDL_Image:jmemansi.obj
 0002:0007bda0       _jpeg_open_backing_store   00530d80 f   SDL_Image:jmemansi.obj
 0002:0007c090       _jpeg_mem_init             00531070 f   SDL_Image:jmemansi.obj
 0002:0007c0d0       _jpeg_mem_term             005310b0 f   SDL_Image:jmemansi.obj
 0002:0007c100       _jpeg_idct_float           005310e0 f   SDL_Image:jidctflt.obj
 0002:0007cb70       _jpeg_idct_ifast           00531b50 f   SDL_Image:jidctfst.obj
 0002:0007d620       _jpeg_idct_islow           00532600 f   SDL_Image:jidctint.obj
 0002:0007e210       _jpeg_idct_4x4             005331f0 f   SDL_Image:jidctred.obj
 0002:0007e870       _jpeg_idct_2x2             00533850 f   SDL_Image:jidctred.obj
 0002:0007ec60       _jpeg_idct_1x1             00533c40 f   SDL_Image:jidctred.obj
 0002:0007ed1b       _mainXapiStartup@4         00533cfb f   xapilibd:xapi0.obj
 0002:0007edbb       _mainCRTStartup            00533d9b f   xapilibd:xapi0.obj
 0002:0007ee49       _XboxTimeZoneNameToWstr@8  00533e29 f i xapilibd:datetime.obj
 0002:0007ee74       _XboxTimeZoneDateToSystemTime@8 00533e54 f i xapilibd:datetime.obj
 0002:0007eebc       _XapipQueryTimeZoneInformation@8 00533e9c f   xapilibd:datetime.obj
 0002:0007ef90       _XapipUseDaylightSavingTime@0 00533f70 f   xapilibd:datetime.obj
 0002:0007efc7       _GetSystemTime@4           00533fa7 f   xapilibd:datetime.obj
 0002:0007f044       _GetTickCount@0            00534024 f   xapilibd:datetime.obj
 0002:0007f04e       _FileTimeToSystemTime@8    0053402e f   xapilibd:datetime.obj
 0002:0007f0f1       _SystemTimeToFileTime@8    005340d1 f   xapilibd:datetime.obj
 0002:0007f183       _CompareFileTime@8         00534163 f   xapilibd:datetime.obj
 0002:0007f1ca       _RtlpCutoverTimeToSystemTime@16 005341aa f   xapilibd:datetime.obj
 0002:0007f456       _GetTimeZoneInformation@4  00534436 f   xapilibd:datetime.obj
 0002:0007f609       _XapipGetTimeZoneBias@4    005345e9 f   xapilibd:datetime.obj
 0002:0007f679       _GetLocalTime@4            00534659 f   xapilibd:datetime.obj
 0002:0007f717       _FileTimeToLocalFileTime@8 005346f7 f   xapilibd:datetime.obj
 0002:0007f74c       _LocalFileTimeToFileTime@8 0053472c f   xapilibd:datetime.obj
 0002:0007f781       _QueryPerformanceCounter@4 00534761 f   xapilibd:perfctr.obj
 0002:0007f796       _QueryPerformanceFrequency@4 00534776 f   xapilibd:perfctr.obj
 0002:0007f7b2       _CreateEventA@16           00534792 f   xapilibd:synch.obj
 0002:0007f82b       _OpenEventA@12             0053480b f   xapilibd:synch.obj
 0002:0007f89e       _SetEvent@4                0053487e f   xapilibd:synch.obj
 0002:0007f8c9       _ResetEvent@4              005348a9 f   xapilibd:synch.obj
 0002:0007f8f2       _PulseEvent@4              005348d2 f   xapilibd:synch.obj
 0002:0007f91d       _CreateSemaphoreA@16       005348fd f   xapilibd:synch.obj
 0002:0007f98e       _OpenSemaphoreA@12         0053496e f   xapilibd:synch.obj
 0002:0007fa01       _ReleaseSemaphore@12       005349e1 f   xapilibd:synch.obj
 0002:0007fa31       _CreateMutexA@12           00534a11 f   xapilibd:synch.obj
 0002:0007fa9f       _OpenMutexA@12             00534a7f f   xapilibd:synch.obj
 0002:0007fb12       _ReleaseMutex@4            00534af2 f   xapilibd:synch.obj
 0002:0007fb3d       _WaitForSingleObjectEx@12  00534b1d f   xapilibd:synch.obj
 0002:0007fb92       _SignalObjectAndWait@16    00534b72 f   xapilibd:synch.obj
 0002:0007fbea       _WaitForMultipleObjectsEx@20 00534bca f   xapilibd:synch.obj
 0002:0007fc8a       _SleepEx@8                 00534c6a f   xapilibd:synch.obj
 0002:0007fcf0       _CreateWaitableTimerA@12   00534cd0 f   xapilibd:synch.obj
 0002:0007fd65       _OpenWaitableTimerA@12     00534d45 f   xapilibd:synch.obj
 0002:0007fdd8       _SetWaitableTimer@24       00534db8 f   xapilibd:synch.obj
 0002:0007fe2f       _CancelWaitableTimer@4     00534e0f f   xapilibd:synch.obj
 0002:0007fe5a       _WaitForSingleObject@8     00534e3a f   xapilibd:synch.obj
 0002:0007fe73       _WaitForMultipleObjects@16 00534e53 f   xapilibd:synch.obj
 0002:0007fe93       _Sleep@4                   00534e73 f   xapilibd:synch.obj
 0002:0007fea8       _XapiMmTimerThread@4       00534e88 f   xapilibd:mmtimer.obj
 0002:00080132       _timeSetEvent@20           00535112 f   xapilibd:mmtimer.obj
 0002:000802d8       _timeKillEvent@4           005352b8 f   xapilibd:mmtimer.obj
 0002:00080365       _timeGetSystemTime@8       00535345 f   xapilibd:mmtimer.obj
 0002:00080388       _XGetVideoStandard@0       00535368 f   xapilibd:xgetvideostandard.obj
 0002:000803bb       _XGetVideoFlags@0          0053539b f   xapilibd:xgetvideoflags.obj
 0002:00080416       _CloseHandle@4             005353f6 f   xapilibd:handle.obj
 0002:0008043f       _DuplicateHandle@28        0053541f f   xapilibd:handle.obj
 0002:0008046f       _XapiCallThreadNotifyRoutines@4 0053544f f   xapilibd:thread.obj
 0002:000804b8       _SetThreadPriority@8       00535498 f   xapilibd:thread.obj
 0002:0008051e       _GetThreadPriority@4       005354fe f   xapilibd:thread.obj
 0002:00080587       _SetThreadPriorityBoost@8  00535567 f   xapilibd:thread.obj
 0002:000805de       _GetThreadPriorityBoost@8  005355be f   xapilibd:thread.obj
 0002:0008062f       _SuspendThread@4           0053560f f   xapilibd:thread.obj
 0002:0008065e       _ResumeThread@4            0053563e f   xapilibd:thread.obj
 0002:0008068d       _RaiseException@16         0053566d f   xapilibd:thread.obj
 0002:000806f8       _XapiDispatchAPC@12        005356d8 f   xapilibd:thread.obj
 0002:00080708       _QueueUserAPC@12           005356e8 f   xapilibd:thread.obj
 0002:00080737       _SwitchToThread@0          00535717 f   xapilibd:thread.obj
 0002:00080755       _ExitThread@4              00535735 f   xapilibd:thread.obj
 0002:00080779       _GetExitCodeThread@8       00535759 f   xapilibd:thread.obj
 0002:000807e6       _SetUnhandledExceptionFilter@4 005357c6 f   xapilibd:thread.obj
 0002:00080800       _GetThreadTimes@20         005357e0 f   xapilibd:thread.obj
 0002:000808ab       _XRegisterThreadNotifyRoutine@8 0053588b f   xapilibd:thread.obj
 0002:00080907       _XSetProcessQuantumLength@4 005358e7 f   xapilibd:thread.obj
 0002:00080949       _XGetProcessQuantumLength@0 00535929 f   xapilibd:thread.obj
 0002:000809aa       _UnhandledExceptionFilter@4 0053598a f   xapilibd:thread.obj
 0002:00080a32       _XapiThreadStartup@8       00535a12 f   xapilibd:thread.obj
 0002:00080bba       _CreateThread@24           00535b9a f   xapilibd:thread.obj
 0002:00080c43       _GetCurrentThreadId@0      00535c23 f   xapilibd:thread.obj
 0002:00080c53       _ReadFile@20               00535c33 f   xapilibd:filehops.obj
 0002:00080d7b       _WriteFile@20              00535d5b f   xapilibd:filehops.obj
 0002:00080e86       _SetEndOfFile@4            00535e66 f   xapilibd:filehops.obj
 0002:00080f2b       _SetFilePointer@16         00535f0b f   xapilibd:filehops.obj
 0002:00081077       _SetFilePointerEx@20       00536057 f   xapilibd:filehops.obj
 0002:00081182       _GetFileInformationByHandle@8 00536162 f   xapilibd:filehops.obj
 0002:00081291       _GetFileTime@16            00536271 f   xapilibd:filehops.obj
 0002:00081310       _SetFileTime@16            005362f0 f   xapilibd:filehops.obj
 0002:0008139e       _FlushFileBuffers@4        0053637e f   xapilibd:filehops.obj
 0002:000813ce       _GetFileSizeEx@8           005363ae f   xapilibd:filehops.obj
 0002:0008141b       _ReadFileEx@20             005363fb f   xapilibd:filehops.obj
 0002:00081480       _WriteFileEx@20            00536460 f   xapilibd:filehops.obj
 0002:000814e5       _DeviceIoControl@32        005364c5 f   xapilibd:filehops.obj
 0002:00081622       _ReadFileScatter@20        00536602 f   xapilibd:filehops.obj
 0002:0008174a       _WriteFileGather@20        0053672a f   xapilibd:filehops.obj
 0002:00081855       _XGetFilePhysicalSortKey@4 00536835 f   xapilibd:filehops.obj
 0002:00081925       _GetFileSize@8             00536905 f   xapilibd:filehops.obj
 0002:00081979       _XAutoPowerDownResetTimer@0 00536959 f   xapilibd:powerdwn.obj
 0002:0008199d       _XAutoPowerDownTimeRemaining@0 0053697d f   xapilibd:powerdwn.obj
 0002:00081a0d       _XapiAutoPowerDownTimeout@16 005369ed f   xapilibd:powerdwn.obj
 0002:00081a23       _XapiInitAutoPowerDown@0   00536a03 f   xapilibd:powerdwn.obj
 0002:00081acd       _XapiValidateDiskPartitionEx@8 00536aad f   xapilibd:xapiinit.obj
 0002:00081b63       _XapiCopySectionToFile@16  00536b43 f   xapilibd:xapiinit.obj
 0002:00081ce5       _XapiMapLetterToDirectory@24 00536cc5 f   xapilibd:xapiinit.obj
 0002:00082219       _XapiSetupPerTitleDriveLetters@8 005371f9 f   xapilibd:xapiinit.obj
 0002:00082283       _XapiBootToDash@12         00537263 f   xapilibd:xapiinit.obj
 0002:00082301       _XapiValidateDiskPartition@4 005372e1 f   xapilibd:xapiinit.obj
 0002:0008231a       _XapiInitProcess@0         005372fa f   xapilibd:xapiinit.obj
 0002:000825bd       __cinit@0                  0053759d f   xapilibd:xapi0dat.obj
 0002:00082610       __rtinit@0                 005375f0 f   xapilibd:xapi0dat.obj
 0002:0008265c       _GetLastError@0            0053763c f   xapilibd:error.obj
 0002:000826aa       _SetLastError@4            0053768a f   xapilibd:error.obj
 0002:00082704       _XapiSetLastNTError@4      005376e4 f   xapilibd:error.obj
 0002:00082727       _CreateIoCompletionPort@16 00537707 f   xapilibd:error.obj
 0002:000827d6       _PostQueuedCompletionStatus@16 005377b6 f   xapilibd:error.obj
 0002:0008280f       _GetQueuedCompletionStatus@20 005377ef f   xapilibd:error.obj
 0002:0008289d       _GetOverlappedResult@16    0053787d f   xapilibd:error.obj
 0002:00082922       _XapiRestrictCodeSelectorLimit@0 00537902 f   xapilibd:krnlptch.obj
 0002:0008299f       _XapiApplyKernelPatches@0  0053797f f   xapilibd:krnlptch.obj
 0002:00082a96       _XQueryValue@20            00537a76 f   xapilibd:xqueryvalue.obj
 0002:00082ac0       _XapiFormatObjectAttributes@12 00537aa0 f   xapilibd:support.obj
 0002:00082af3       _XapiFormatTimeOut@8       00537ad3 f   xapilibd:support.obj
 0002:00082b2f       _OutputDebugStringA@4      00537b0f f   xapilibd:outputdebugstringa.obj
 0002:00082b6d       _vXDebugPrint@16           00537b4d f   xapilibd:outputdebugstringa.obj
 0002:00082bef       _XDebugPrint               00537bcf f   xapilibd:outputdebugstringa.obj
 0002:00082c0b       _XDebugError               00537beb f   xapilibd:outputdebugstringa.obj
 0002:00082c26       _XDebugWarning             00537c06 f   xapilibd:outputdebugstringa.obj
 0002:00082c41       _XDebugTrace               00537c21 f   xapilibd:outputdebugstringa.obj
 0002:00082c5c       _XDebugEntry               00537c3c f   xapilibd:outputdebugstringa.obj
 0002:00082c77       _XDebugExit                00537c57 f   xapilibd:outputdebugstringa.obj
 0002:00082c92       _XGetAVPack@0              00537c72 f   xapilibd:xgetavpack.obj
 0002:00082cee       _XGetSectionHandleA@4      00537cce f   xapilibd:xemodule.obj
 0002:00082d8b       _XLoadSectionByHandle@4    00537d6b f   xapilibd:xemodule.obj
 0002:00082deb       _XFreeSectionByHandle@4    00537dcb f   xapilibd:xemodule.obj
 0002:00082e4a       _XLoadSectionA@4           00537e2a f   xapilibd:xemodule.obj
 0002:00082e8c       _XFreeSectionA@4           00537e6c f   xapilibd:xemodule.obj
 0002:00082ece       _XGetSectionSize@4         00537eae f   xapilibd:xemodule.obj
 0002:00082f14       _lstrcmpA@8                00537ef4 f   xapilibd:lcompata.obj
 0002:00082f91       _lstrcmpiA@8               00537f71 f   xapilibd:lcompata.obj
 0002:00082fe7       _lstrcpyA@8                00537fc7 f   xapilibd:lcompata.obj
 0002:00083034       _lstrcpynA@12              00538014 f   xapilibd:lcompata.obj
 0002:000830b2       _lstrcatA@8                00538092 f   xapilibd:lcompata.obj
 0002:00083122       _lstrlenA@4                00538102 f   xapilibd:lcompata.obj
 0002:0008316f       _XLaunchNewImageA@8        0053814f f   xapilibd:launch.obj
 0002:000831c1       _XWriteTitleInfoNoReboot@24 005381a1 f   xapilibd:launch.obj
 0002:000832da       _XGetLaunchInfo@8          005382ba f   xapilibd:launch.obj
 0002:000833b6       _XWriteTitleInfoAndRebootA@20 00538396 f   xapilibd:launch.obj
 0002:00083431       _BuildUpdateFilePath@12    00538411 f   xapilibd:bootutil.obj
 0002:0008348d       _XapipUpdateMountDashPartition@0 0053846d f   xapilibd:bootutil.obj
 0002:0008352b       _XoUpdateLoadXBEInfo@8     0053850b f   xapilibd:bootutil.obj
 0002:0008362a       _XoRebootToUpdaterWhilePreservingDDrive@12 0053860a f   xapilibd:bootutil.obj
 0002:00083720       _XoUpdateGetSavedDataFromLaunchPage@12 00538700 f   xapilibd:bootutil.obj
 0002:000837ef       _XapipUpdateGetCurrentDDriveMapping@8 005387cf f   xapilibd:bootutil.obj
 0002:000838e5       _XapipUpdateSaveDDriveMappingToLaunchPage@8 005388c5 f   xapilibd:bootutil.obj
 0002:000839e9       _XapipUpdateDetectAndVerify@16 005389c9 f   xapilibd:bootutil.obj
 0002:00083c85       _XapipUpdateDashIfNecessary@4 00538c65 f   xapilibd:bootutil.obj
 0002:00083d3d       _XapipLaunchNewImageInternal@16 00538d1d f   xapilibd:bootutil.obj
 0002:00083f81       _XapipUpdateRebootIfNecessary@0 00538f61 f   xapilibd:bootutil.obj
 0002:00084249       _XGetParentalControlSetting@0 00539229 f   xapilibd:xgetparentalcontrolsetting.obj
 0002:00084277       _GetDiskFreeSpaceExA@16    00539257 f   xapilibd:pathmisc.obj
 0002:000843c2       _GetVolumeInformationA@32  005393a2 f   xapilibd:pathmisc.obj
 0002:000846c9       _XapiSelectCachePartition@12 005396a9 f   xapilibd:pathmisc.obj
 0002:00084a3e       _XMountUtilityDrive@4      00539a1e f   xapilibd:pathmisc.obj
 0002:00084bb2       _XFormatUtilityDrive@0     00539b92 f   xapilibd:pathmisc.obj
 0002:00084c80       _XMountSecondaryUtilityDrive@0 00539c60 f   xapilibd:pathmisc.obj
 0002:00084fe1       _XSwapUtilityDrives@0      00539fc1 f   xapilibd:pathmisc.obj
 0002:000852a4       _XFormatSecondaryUtilityDrive@0 0053a284 f   xapilibd:pathmisc.obj
 0002:00085372       _XMountAlternateTitleA@12  0053a352 f   xapilibd:pathmisc.obj
 0002:0008568e       _XUnmountAlternateTitleA@4 0053a66e f   xapilibd:pathmisc.obj
 0002:00085722       _XGetDiskClusterSizeA@4    0053a702 f   xapilibd:pathmisc.obj
 0002:00085830       _XGetDiskSectorSizeA@4     0053a810 f   xapilibd:pathmisc.obj
 0002:00085932       _XMUNameFromDriveLetter@12 0053a912 f   xapilibd:pathmisc.obj
 0002:00085a5b       _HeapCreate@12             0053aa3b f   xapilibd:xapiheap.obj
 0002:00085abd       _HeapDestroy@4             0053aa9d f   xapilibd:xapiheap.obj
 0002:00085ae3       _HeapFree@12               0053aac3 f   xapilibd:xapiheap.obj
 0002:00085b01       _HeapValidate@12           0053aae1 f   xapilibd:xapiheap.obj
 0002:00085b1f       _GetProcessHeap@0          0053aaff f   xapilibd:xapiheap.obj
 0002:00085b25       _HeapCompact@8             0053ab05 f   xapilibd:xapiheap.obj
 0002:00085b30       _HeapLock@4                0053ab10 f   xapilibd:xapiheap.obj
 0002:00085b46       _HeapUnlock@4              0053ab26 f   xapilibd:xapiheap.obj
 0002:00085b5c       _HeapWalk@8                0053ab3c f   xapilibd:xapiheap.obj
 0002:00085c70       _LocalAlloc@8              0053ac50 f   xapilibd:xapiheap.obj
 0002:00085cb3       _LocalReAlloc@12           0053ac93 f   xapilibd:xapiheap.obj
 0002:00085d0b       _LocalSize@4               0053aceb f   xapilibd:xapiheap.obj
 0002:00085d27       _LocalFree@4               0053ad07 f   xapilibd:xapiheap.obj
 0002:00085d4f       _LocalLock@4               0053ad2f f   xapilibd:xapiheap.obj
 0002:00085d5b       _LocalHandle@4             0053ad3b f   xapilibd:xapiheap.obj
 0002:00085d67       _LocalUnlock@4             0053ad47 f   xapilibd:xapiheap.obj
 0002:00085d6d       _GlobalAlloc@8             0053ad4d f   xapilibd:xapiheap.obj
 0002:00085db0       _GlobalReAlloc@12          0053ad90 f   xapilibd:xapiheap.obj
 0002:00085e08       _XSetAttributesOnHeapAlloc@8 0053ade8 f   xapilibd:xapiheap.obj
 0002:00085e1c       _XGetAttributesOnHeapAlloc@4 0053adfc f   xapilibd:xapiheap.obj
 0002:00085eea       _RtlZeroHeap@8             0053aeca f   xapilibd:heap.obj
 0002:0008609e       _RtlpCreateUnCommittedRange@4 0053b07e f   xapilibd:heap.obj
 0002:0008624e       _RtlpDestroyUnCommittedRange@8 0053b22e f   xapilibd:heap.obj
 0002:000862c3       _RtlpInsertUnCommittedPages@12 0053b2a3 f   xapilibd:heap.obj
 0002:000863dc       _RtlpFindAndCommitPages@16 0053b3bc f   xapilibd:heap.obj
 0002:0008663f       _RtlpDestroyHeapSegment@4  0053b61f f   xapilibd:heap.obj
 0002:000866c8       _RtlpCoalesceFreeBlocks@16 0053b6a8 f   xapilibd:heap.obj
 0002:00086ceb       _RtlpInsertFreeBlock@12    0053bccb f   xapilibd:heap.obj
 0002:00086efd       _RtlpGetExtraStuffPointer@4 0053bedd f   xapilibd:heap.obj
 0002:00086f23       _RtlpGetSizeOfBigBlock@4   0053bf03 f   xapilibd:heap.obj
 0002:00086f83       _RtlpCheckBusyBlockTail@4  0053bf63 f   xapilibd:heap.obj
 0002:00087050       _RtlpCheckHeapSignature@8  0053c030 f   xapilibd:heap.obj
 0002:000870b9       _RtlpValidateHeapHeaders@8 0053c099 f   xapilibd:heap.obj
 0002:000871ca       _RtlpValidateHeapSegment@32 0053c1aa f   xapilibd:heap.obj
 0002:000874aa       _RtlpValidateHeapEntry@12  0053c48a f   xapilibd:heap.obj
 0002:0008759b       _RtlpValidateHeap@8        0053c57b f   xapilibd:heap.obj
 0002:000879db       _RtlDebugWalkHeap@8        0053c9bb f   xapilibd:heap.obj
 0002:00087a36       _RtlWalkHeap@8             0053ca16 f   xapilibd:heap.obj
 0002:00087d2c       _RtlLockHeap@4             0053cd0c f   xapilibd:heap.obj
 0002:00087db0       _RtlUnlockHeap@4           0053cd90 f   xapilibd:heap.obj
 0002:00087e34       _RtlValidateHeap@12        0053ce14 f   xapilibd:heap.obj
 0002:00087f07       _RtlDebugCompactHeap@8     0053cee7 f   xapilibd:heap.obj
 0002:00087fe0       _RtlDestroyHeap@4          0053cfc0 f   xapilibd:heap.obj
 0002:000880ee       _RtlpGrowBlockInPlace@20   0053d0ce f   xapilibd:heap.obj
 0002:00088987       _RtlSizeHeap@12            0053d967 f   xapilibd:heap.obj
 0002:000889c4       _RtlpInitializeHeapSegment@28 0053d9a4 f   xapilibd:heap.obj
 0002:00088b73       _RtlpExtendHeap@8          0053db53 f   xapilibd:heap.obj
 0002:00088da5       _RtlpDeCommitFreeBlock@12  0053dd85 f   xapilibd:heap.obj
 0002:00089297       _RtlpCoalesceHeap@4        0053e277 f   xapilibd:heap.obj
 0002:000893c1       _RtlCompactHeap@8          0053e3a1 f   xapilibd:heap.obj
 0002:000894a3       _RtlCreateHeap@24          0053e483 f   xapilibd:heap.obj
 0002:00089a70       _RtlAllocateHeapSlowly@12  0053ea50 f   xapilibd:heap.obj
 0002:0008a985       _RtlFreeHeapSlowly@12      0053f965 f   xapilibd:heap.obj
 0002:0008acd7       _RtlAllocateHeap@12        0053fcb7 f   xapilibd:heap.obj
 0002:0008bb50       _RtlFreeHeap@12            00540b30 f   xapilibd:heap.obj
 0002:0008c04d       _RtlReAllocateHeap@16      0054102d f   xapilibd:heap.obj
 0002:0008cc93       _XapiShutdownChannelStartNextPacket@0 00541c73 f   xapilibd:xapiterm.obj
 0002:0008ccda       _XapiShutdownChannelStartPacket@8 00541cba f   xapilibd:xapiterm.obj
 0002:0008ccef       _XapiShutdownNotification@4 00541ccf f   xapilibd:xapiterm.obj
 0002:0008cd5c       _XapiChangeCodeSelectorLimit@8 00541d3c f   xapilibd:xapidlla.obj
 0002:0008cddc       _xCompareStringA@20        00541dbc f   xapilibd:compstra.obj
 0002:0008cfc7       _CreateFileA@28            00541fa7 f   xapilibd:fileopcr.obj
 0002:0008d1cc       _CopyFileExA@24            005421ac f   xapilibd:fileopcr.obj
 0002:0008d582       _CopyFileA@12              00542562 f   xapilibd:fileopcr.obj
 0002:0008d5aa       _XapiComputeContentMetadataFileName@8 0054258a f   xapilibd:contsig.obj
 0002:0008d61a       _XComputeContentSignatureKey@8 005425fa f   xapilibd:contsig.obj
 0002:0008d643       _XapiComputeContentHeaderSignature@16 00542623 f   xapilibd:contsig.obj
 0002:0008d76a       _XapiLoadContentMetadataHeader@16 0054274a f   xapilibd:contsig.obj
 0002:0008d883       _XapiVerifyAndLoadOptionalSectionData@12 00542863 f   xapilibd:contsig.obj
 0002:0008d982       _XapipGetAlternateTitleID@0 00542962 f   xapilibd:contsig.obj
 0002:0008da86       _XGetContentInstallLocationFromIDs@16 00542a66 f   xapilibd:contsig.obj
 0002:0008db03       _XGetContentInstallLocation@12 00542ae3 f   xapilibd:contsig.obj
 0002:0008db85       _XInstallContentSignaturesWithFileName@16 00542b65 f   xapilibd:contsig.obj
 0002:0008de37       _XInstallContentSignaturesEx@16 00542e17 f   xapilibd:contsig.obj
 0002:0008de74       _XInstallContentSignatures@12 00542e54 f   xapilibd:contsig.obj
 0002:0008deae       _XCreateContentSimple@24   00542e8e f   xapilibd:contsig.obj
 0002:0008e0f4       _XRemoveContent@4          005430d4 f   xapilibd:contsig.obj
 0002:0008e160       _XLoadContentSignaturesWithFileName@8 00543140 f   xapilibd:contsig.obj
 0002:0008e327       _XLoadContentSignaturesEx@8 00543307 f   xapilibd:contsig.obj
 0002:0008e35c       _XLocateSignatureByIndex@16 0054333c f   xapilibd:contsig.obj
 0002:0008e415       _XLocateSignatureByNameEx@24 005433f5 f   xapilibd:contsig.obj
 0002:0008e57e       _XLocateSignatureByName@24 0054355e f   xapilibd:contsig.obj
 0002:0008e5a4       _XLocateNextSignature@28   00543584 f   xapilibd:contsig.obj
 0002:0008e6cd       _XCalculateContentSignature@16 005436ad f   xapilibd:contsig.obj
 0002:0008e757       _XLocateLiveSignature@12   00543737 f   xapilibd:contsig.obj
 0002:0008e7d4       _XCloseContentSignatures@4 005437b4 f   xapilibd:contsig.obj
 0002:0008e815       _XMemAlloc@8               005437f5 f   xapilibd:xmem.obj
 0002:0008e943       _XMemFree@8                00543923 f   xapilibd:xmem.obj
 0002:0008ead4       _XMemSize@8                00543ab4 f   xapilibd:xmem.obj
 0002:0008eaf7       _XapiFormatFATVolumeEx@8   00543ad7 f   xapilibd:format.obj
 0002:0008eee4       _XapiFormatFATVolume@4     00543ec4 f   xapilibd:format.obj
 0002:0008eefd       _lstrcmpW@8                00543edd f   xapilibd:lcompat.obj
 0002:0008ef53       _lstrcmpiW@8               00543f33 f   xapilibd:lcompat.obj
 0002:0008efa9       _lstrcpyW@8                00543f89 f   xapilibd:lcompat.obj
 0002:0008efef       _lstrcpynW@12              00543fcf f   xapilibd:lcompat.obj
 0002:0008f076       _lstrcatW@8                00544056 f   xapilibd:lcompat.obj
 0002:0008f0bc       _lstrlenW@4                0054409c f   xapilibd:lcompat.obj
 0002:0008f110       @RtlFindFirstSetRightMember@4 005440f0 f   xapilibd:bitmapa.obj
 0002:0008f148       _RootHubPortToPortNumber@4 00544128 f i xapilibd:roothub.obj
 0002:0008f158       _PortNumberToRootHubPort@4 00544138 f i xapilibd:roothub.obj
 0002:0008f1eb       _XShaHmacInitialize@12     005441cb f   xapilibd:xcalcsig.obj
 0002:0008f2ac       _XShaHmacUpdate@12         0054428c f   xapilibd:xcalcsig.obj
 0002:0008f304       _XShaHmacComputeFinal@16   005442e4 f   xapilibd:xcalcsig.obj
 0002:0008f3c7       _XapiConvertSignatureToNonRoamable@12 005443a7 f   xapilibd:xcalcsig.obj
 0002:0008f482       _XapipCalculateSaveGameSignatureBegin@8 00544462 f   xapilibd:xcalcsig.obj
 0002:0008f56a       _XapipCalculateSaveGameSignatureUpdate@12 0054454a f   xapilibd:xcalcsig.obj
 0002:0008f5ab       _XapipCalculateSaveGameSignatureEnd@8 0054458b f   xapilibd:xcalcsig.obj
 0002:0008f64e       _XapipCalculateContentSignatureBegin@0 0054462e f   xapilibd:xcalcsig.obj
 0002:0008f691       _XapipCalculateContentSignatureUpdate@12 00544671 f   xapilibd:xcalcsig.obj
 0002:0008f6b2       _XapipCalculateContentSignatureEnd@8 00544692 f   xapilibd:xcalcsig.obj
 0002:0008f6e7       _XCalculateSignatureGetSize@4 005446c7 f   xapilibd:xcalcsig.obj
 0002:0008f725       _XCalculateSignatureBeginEx@8 00544705 f   xapilibd:xcalcsig.obj
 0002:0008f7ac       _XCalculateSignatureBegin@4 0054478c f   xapilibd:xcalcsig.obj
 0002:0008f7c8       _XCalculateSignatureUpdate@12 005447a8 f   xapilibd:xcalcsig.obj
 0002:0008f896       _XCalculateSignatureEnd@8  00544876 f   xapilibd:xcalcsig.obj
 0002:0008f939       _XapiNukeDirectoryFromHandle@8 00544919 f   xapilibd:xclndrv.obj
 0002:0008fb15       _XapiNukeDirectory@8       00544af5 f   xapilibd:xclndrv.obj
 0002:0008fbc4       _SetFileAttributesA@8      00544ba4 f   xapilibd:filemisc.obj
 0002:0008fc93       _GetFileAttributesA@4      00544c73 f   xapilibd:filemisc.obj
 0002:0008fcf0       _GetFileAttributesExA@12   00544cd0 f   xapilibd:filemisc.obj
 0002:0008fdb6       _MoveFileA@8               00544d96 f   xapilibd:filemisc.obj
 0002:0008fe71       _DeleteFileA@4             00544e51 f   xapilibd:filemisc.obj
 0002:0008ff22       _XSetFileCacheSize@4       00544f02 f   xapilibd:filemisc.obj
 0002:0008ff5b       _XGetFileCacheSize@0       00544f3b f   xapilibd:filemisc.obj
 0002:0008ff67       _XapiGetDirectoryDisplayBlocks@12 00544f47 f   xapilibd:filemisc.obj
 0002:000900e9       _XGetDisplayBlocks@4       005450c9 f   xapilibd:filemisc.obj
 0002:000901f7       _MoveFileWithProgressA@20  005451d7 f   xapilibd:filemisc.obj
 0002:00090323       _MoveFileExA@12            00545303 f   xapilibd:filemisc.obj
 0002:00090342       _XPhysicalAlloc@16         00545322 f   xapilibd:physical.obj
 0002:00090405       _XPhysicalAllocEx@20       005453e5 f   xapilibd:physical.obj
 0002:00090493       _XPhysicalSize@4           00545473 f   xapilibd:physical.obj
 0002:000904c0       _XPhysicalProtect@12       005454a0 f   xapilibd:physical.obj
 0002:00090518       _XPhysicalFree@4           005454f8 f   xapilibd:physical.obj
 0002:00090545       _XQueryMemoryProtect@4     00545525 f   xapilibd:physical.obj
 0002:00090551       _xCompareStringW@20        00545531 f   xapilibd:compstr.obj
 0002:00090750       ??_ECDirectSound@DirectSound@@W7AEPAXI@Z 00545730 f i dsoundd:dsapi.obj
 0002:0009075a       ??_ECDirectSoundBuffer@DirectSound@@W7AEPAXI@Z 0054573a f i dsoundd:dsapi.obj
 0002:00090764       ??_ECDirectSoundStream@DirectSound@@W3AEPAXI@Z 00545744 f i dsoundd:dsapi.obj
 0002:0009076e       ??_ECDirectSoundStream@DirectSound@@WM@AEPAXI@Z 0054574e f i dsoundd:dsapi.obj
 0002:00090778       ??_ECMcpxAPU@DirectSound@@W7AEPAXI@Z 00545758 f i dsoundd:mcpapu.obj
 0002:00090782       ??_ECWaveFileMediaObject@DirectSound@@W3AEPAXI@Z 00545762 f i dsoundd:wavexmo.obj
 0002:0009078c       ??_ECFileMediaObject@DirectSound@@W3AEPAXI@Z 0054576c f i dsoundd:wavexmo.obj
 0002:00090796       ??_ECAc97MediaObject@DirectSound@@W3AEPAXI@Z 00545776 f i dsoundd:ac97xmo.obj
 0002:000907a0       ??_ECAc97MediaObject@DirectSound@@WM@AEPAXI@Z 00545780 f i dsoundd:ac97xmo.obj
 0002:000907aa       _HalWriteSMBusValue@16     0054578a f   xboxkrnl:xboxkrnl.exe
 0002:000907b0       _NtCreateFile@36           00545790 f   xboxkrnl:xboxkrnl.exe
 0002:000907b6       _RtlInitAnsiString@8       00545796 f   xboxkrnl:xboxkrnl.exe
 0002:000907bc       _IoCreateSymbolicLink@8    0054579c f   xboxkrnl:xboxkrnl.exe
 0002:000907c2       _IoDeleteSymbolicLink@4    005457a2 f   xboxkrnl:xboxkrnl.exe
 0002:000907c8       @KfLowerIrql@4             005457a8 f   xboxkrnl:xboxkrnl.exe
 0002:000907ce       _KeRaiseIrqlToDpcLevel@0   005457ae f   xboxkrnl:xboxkrnl.exe
 0002:000907d4       _ExAllocatePoolWithTag@8   005457b4 f   xboxkrnl:xboxkrnl.exe
 0002:000907da       _RtlRip@12                 005457ba f   xboxkrnl:xboxkrnl.exe
 0002:000907e0       _RtlTimeToTimeFields@8     005457c0 f   xboxkrnl:xboxkrnl.exe
 0002:000907e6       _KeQuerySystemTime@4       005457c6 f   xboxkrnl:xboxkrnl.exe
 0002:000907ec       _RtlTimeFieldsToTime@8     005457cc f   xboxkrnl:xboxkrnl.exe
 0002:000907f2       _NtCreateEvent@16          005457d2 f   xboxkrnl:xboxkrnl.exe
 0002:000907f8       _ObOpenObjectByName@16     005457d8 f   xboxkrnl:xboxkrnl.exe
 0002:000907fe       _NtSetEvent@8              005457de f   xboxkrnl:xboxkrnl.exe
 0002:00090804       _NtClearEvent@4            005457e4 f   xboxkrnl:xboxkrnl.exe
 0002:0009080a       _NtPulseEvent@8            005457ea f   xboxkrnl:xboxkrnl.exe
 0002:00090810       _NtCreateSemaphore@16      005457f0 f   xboxkrnl:xboxkrnl.exe
 0002:00090816       _NtReleaseSemaphore@12     005457f6 f   xboxkrnl:xboxkrnl.exe
 0002:0009081c       _NtCreateMutant@12         005457fc f   xboxkrnl:xboxkrnl.exe
 0002:00090822       _NtReleaseMutant@8         00545802 f   xboxkrnl:xboxkrnl.exe
 0002:00090828       _NtWaitForSingleObjectEx@16 00545808 f   xboxkrnl:xboxkrnl.exe
 0002:0009082e       _NtSignalAndWaitForSingleObjectEx@20 0054580e f   xboxkrnl:xboxkrnl.exe
 0002:00090834       _NtWaitForMultipleObjectsEx@24 00545814 f   xboxkrnl:xboxkrnl.exe
 0002:0009083a       _KeDelayExecutionThread@12 0054581a f   xboxkrnl:xboxkrnl.exe
 0002:00090840       _NtCreateTimer@12          00545820 f   xboxkrnl:xboxkrnl.exe
 0002:00090846       _NtSetTimerEx@32           00545826 f   xboxkrnl:xboxkrnl.exe
 0002:0009084c       _NtCancelTimer@8           0054582c f   xboxkrnl:xboxkrnl.exe
 0002:00090852       _KeSetTimerEx@20           00545832 f   xboxkrnl:xboxkrnl.exe
 0002:00090858       _KeQueryInterruptTime@0    00545838 f   xboxkrnl:xboxkrnl.exe
 0002:0009085e       _RtlLeaveCriticalSection@4 0054583e f   xboxkrnl:xboxkrnl.exe
 0002:00090864       _RtlEnterCriticalSection@4 00545844 f   xboxkrnl:xboxkrnl.exe
 0002:0009086a       _KeWaitForMultipleObjects@32 0054584a f   xboxkrnl:xboxkrnl.exe
 0002:00090870       _KeSetEvent@12             00545850 f   xboxkrnl:xboxkrnl.exe
 0002:00090876       _KeInitializeTimerEx@8     00545856 f   xboxkrnl:xboxkrnl.exe
 0002:0009087c       _RtlAssert@16              0054585c f   xboxkrnl:xboxkrnl.exe
 0002:00090882       _KeWaitForSingleObject@20  00545862 f   xboxkrnl:xboxkrnl.exe
 0002:00090888       _KeCancelTimer@4           00545868 f   xboxkrnl:xboxkrnl.exe
 0002:0009088e       _ExQueryNonVolatileSetting@20 0054586e f   xboxkrnl:xboxkrnl.exe
 0002:00090894       _NtClose@4                 00545874 f   xboxkrnl:xboxkrnl.exe
 0002:0009089a       _NtDuplicateObject@12      0054587a f   xboxkrnl:xboxkrnl.exe
 0002:000908a0       @ObfDereferenceObject@4    00545880 f   xboxkrnl:xboxkrnl.exe
 0002:000908a6       _KeSetBasePriorityThread@8 00545886 f   xboxkrnl:xboxkrnl.exe
 0002:000908ac       _ObReferenceObjectByHandle@12 0054588c f   xboxkrnl:xboxkrnl.exe
 0002:000908b2       _KeQueryBasePriorityThread@4 00545892 f   xboxkrnl:xboxkrnl.exe
 0002:000908b8       _KeSetDisableBoostThread@8 00545898 f   xboxkrnl:xboxkrnl.exe
 0002:000908be       _NtSuspendThread@8         0054589e f   xboxkrnl:xboxkrnl.exe
 0002:000908c4       _NtResumeThread@8          005458a4 f   xboxkrnl:xboxkrnl.exe
 0002:000908ca       _RtlRaiseException@4       005458aa f   xboxkrnl:xboxkrnl.exe
 0002:000908d0       _NtQueueApcThread@20       005458b0 f   xboxkrnl:xboxkrnl.exe
 0002:000908d6       _NtYieldExecution@0        005458b6 f   xboxkrnl:xboxkrnl.exe
 0002:000908dc       _PsTerminateSystemThread@4 005458bc f   xboxkrnl:xboxkrnl.exe
 0002:000908e2       _DbgPrint                  005458c2 f   xboxkrnl:xboxkrnl.exe
 0002:000908e8       _PsCreateSystemThreadEx@40 005458c8 f   xboxkrnl:xboxkrnl.exe
 0002:000908ee       _NtWaitForSingleObject@12  005458ce f   xboxkrnl:xboxkrnl.exe
 0002:000908f4       _NtReadFile@32             005458d4 f   xboxkrnl:xboxkrnl.exe
 0002:000908fa       _NtWriteFile@32            005458da f   xboxkrnl:xboxkrnl.exe
 0002:00090900       _NtSetInformationFile@20   005458e0 f   xboxkrnl:xboxkrnl.exe
 0002:00090906       _NtQueryInformationFile@20 005458e6 f   xboxkrnl:xboxkrnl.exe
 0002:0009090c       _NtQueryVolumeInformationFile@20 005458ec f   xboxkrnl:xboxkrnl.exe
 0002:00090912       _NtFlushBuffersFile@8      005458f2 f   xboxkrnl:xboxkrnl.exe
 0002:00090918       _NtUserIoApcDispatcher@12  005458f8 f   xboxkrnl:xboxkrnl.exe
 0002:0009091e       _NtFsControlFile@40        005458fe f   xboxkrnl:xboxkrnl.exe
 0002:00090924       _NtDeviceIoControlFile@40  00545904 f   xboxkrnl:xboxkrnl.exe
 0002:0009092a       _NtReadFileScatter@32      0054590a f   xboxkrnl:xboxkrnl.exe
 0002:00090930       _NtWriteFileGather@32      00545910 f   xboxkrnl:xboxkrnl.exe
 0002:00090936       _IoQueryVolumeInformation@20 00545916 f   xboxkrnl:xboxkrnl.exe
 0002:0009093c       @KfRaiseIrql@4             0054591c f   xboxkrnl:xboxkrnl.exe
 0002:00090942       _DbgBreakPoint@0           00545922 f   xboxkrnl:xboxkrnl.exe
 0002:00090948       _KeSetTimer@16             00545928 f   xboxkrnl:xboxkrnl.exe
 0002:0009094e       _HalInitiateShutdown@0     0054592e f   xboxkrnl:xboxkrnl.exe
 0002:00090954       _KeInitializeDpc@12        00545934 f   xboxkrnl:xboxkrnl.exe
 0002:0009095a       _NtOpenFile@24             0054593a f   xboxkrnl:xboxkrnl.exe
 0002:00090960       _HalReturnToFirmware@4     00545940 f   xboxkrnl:xboxkrnl.exe
 0002:00090966       _MmFreeContiguousMemory@4  00545946 f   xboxkrnl:xboxkrnl.exe
 0002:0009096c       _HalRegisterShutdownNotification@8 0054594c f   xboxkrnl:xboxkrnl.exe
 0002:00090972       _RtlNtStatusToDosError@4   00545952 f   xboxkrnl:xboxkrnl.exe
 0002:00090978       _NtCreateIoCompletion@16   00545958 f   xboxkrnl:xboxkrnl.exe
 0002:0009097e       _NtSetIoCompletion@20      0054595e f   xboxkrnl:xboxkrnl.exe
 0002:00090984       _NtRemoveIoCompletion@20   00545964 f   xboxkrnl:xboxkrnl.exe
 0002:0009098a       _MmSetAddressProtect@12    0054596a f   xboxkrnl:xboxkrnl.exe
 0002:00090990       _MmQueryAddressProtect@4   00545970 f   xboxkrnl:xboxkrnl.exe
 0002:00090996       _RtlEqualString@12         00545976 f   xboxkrnl:xboxkrnl.exe
 0002:0009099c       _XeLoadSection@4           0054597c f   xboxkrnl:xboxkrnl.exe
 0002:000909a2       _XeUnloadSection@4         00545982 f   xboxkrnl:xboxkrnl.exe
 0002:000909a8       _MmPersistContiguousMemory@12 00545988 f   xboxkrnl:xboxkrnl.exe
 0002:000909ae       _MmAllocateContiguousMemory@4 0054598e f   xboxkrnl:xboxkrnl.exe
 0002:000909b4       _NtQuerySymbolicLinkObject@12 00545994 f   xboxkrnl:xboxkrnl.exe
 0002:000909ba       _NtOpenSymbolicLinkObject@8 0054599a f   xboxkrnl:xboxkrnl.exe
 0002:000909c0       _XcSHAFinal@8              005459a0 f   xboxkrnl:xboxkrnl.exe
 0002:000909c6       _XcSHAUpdate@12            005459a6 f   xboxkrnl:xboxkrnl.exe
 0002:000909cc       _XcSHAInit@4               005459ac f   xboxkrnl:xboxkrnl.exe
 0002:000909d2       _RtlFillMemoryUlong@12     005459b2 f   xboxkrnl:xboxkrnl.exe
 0002:000909d8       _NtFreeVirtualMemory@12    005459b8 f   xboxkrnl:xboxkrnl.exe
 0002:000909de       _NtAllocateVirtualMemory@20 005459be f   xboxkrnl:xboxkrnl.exe
 0002:000909e4       _RtlCompareMemoryUlong@12  005459c4 f   xboxkrnl:xboxkrnl.exe
 0002:000909ea       _RtlCompareMemory@12       005459ca f   xboxkrnl:xboxkrnl.exe
 0002:000909f0       _RtlInitializeCriticalSection@4 005459d0 f   xboxkrnl:xboxkrnl.exe
 0002:000909f6       _NtQueryVirtualMemory@8    005459d6 f   xboxkrnl:xboxkrnl.exe
 0002:000909fc       _ExFreePool@4              005459dc f   xboxkrnl:xboxkrnl.exe
 0002:00090a02       _HalGetInterruptVector@8   005459e2 f   xboxkrnl:xboxkrnl.exe
 0002:00090a08       _KeConnectInterrupt@4      005459e8 f   xboxkrnl:xboxkrnl.exe
 0002:00090a0e       _KeInitializeInterrupt@28  005459ee f   xboxkrnl:xboxkrnl.exe
 0002:00090a14       _KeStallExecutionProcessor@4 005459f4 f   xboxkrnl:xboxkrnl.exe
 0002:00090a1a       _MmFreeSystemMemory@8      005459fa f   xboxkrnl:xboxkrnl.exe
 0002:00090a20       _MmAllocateSystemMemory@8  00545a00 f   xboxkrnl:xboxkrnl.exe
 0002:00090a26       _XcHMAC@28                 00545a06 f   xboxkrnl:xboxkrnl.exe
 0002:00090a2c       _RtlCompareString@12       00545a0c f   xboxkrnl:xboxkrnl.exe
 0002:00090a32       _MmGetPhysicalAddress@4    00545a12 f   xboxkrnl:xboxkrnl.exe
 0002:00090a38       _MmLockUnlockBufferPages@12 00545a18 f   xboxkrnl:xboxkrnl.exe
 0002:00090a3e       _KeInsertQueueDpc@12       00545a1e f   xboxkrnl:xboxkrnl.exe
 0002:00090a44       _MmLockUnlockPhysicalPage@8 00545a24 f   xboxkrnl:xboxkrnl.exe
 0002:00090a4a       _NtQueryDirectoryFile@40   00545a2a f   xboxkrnl:xboxkrnl.exe
 0002:00090a50       _NtQueryFullAttributesFile@8 00545a30 f   xboxkrnl:xboxkrnl.exe
 0002:00090a56       _FscSetCacheSize@4         00545a36 f   xboxkrnl:xboxkrnl.exe
 0002:00090a5c       _FscGetCacheSize@0         00545a3c f   xboxkrnl:xboxkrnl.exe
 0002:00090a62       _MmAllocateContiguousMemoryEx@20 00545a42 f   xboxkrnl:xboxkrnl.exe
 0002:00090a68       _MmQueryAllocationSize@4   00545a48 f   xboxkrnl:xboxkrnl.exe
 0002:00090a6e       _AvGetSavedDataAddress@0   00545a4e f   xboxkrnl:xboxkrnl.exe
 0002:00090a74       _AvSendTVEncoderOption@16  00545a54 f   xboxkrnl:xboxkrnl.exe
 0002:00090a7a       _AvSetDisplayMode@24       00545a5a f   xboxkrnl:xboxkrnl.exe
 0002:00090a80       _AvSetSavedDataAddress@4   00545a60 f   xboxkrnl:xboxkrnl.exe
 0002:00090a86       _MmQueryStatistics@4       00545a66 f   xboxkrnl:xboxkrnl.exe
 0002:00090a8c       _RtlWalkFrameChain@12      00545a6c f   xboxkrnl:xboxkrnl.exe
 0002:00090a92       _NtDeleteFile@4            00545a72 f   xboxkrnl:xboxkrnl.exe
 0002:00090a98       _HalReadWritePCISpace@24   00545a78 f   xboxkrnl:xboxkrnl.exe
 0002:00090a9e       _KeDisconnectInterrupt@4   00545a7e f   xboxkrnl:xboxkrnl.exe
 0002:00090aa4       _MmClaimGpuInstanceMemory@8 00545a84 f   xboxkrnl:xboxkrnl.exe
 0002:00090aaa       _KeSaveFloatingPointState@4 00545a8a f   xboxkrnl:xboxkrnl.exe
 0002:00090ab0       _KeRestoreFloatingPointState@4 00545a90 f   xboxkrnl:xboxkrnl.exe
 0002:00090ab6       _ExQueryPoolBlockSize@4    00545a96 f   xboxkrnl:xboxkrnl.exe
 0002:00090abc       _KeRemoveQueueDpc@4        00545a9c f   xboxkrnl:xboxkrnl.exe
 0002:00090ac2       _KeSynchronizeExecution@12 00545aa2 f   xboxkrnl:xboxkrnl.exe
 0002:00090ad0       _SDL_RWFromFile            00545ab0 f   libSDLx:SDL_rwops.obj
 0002:000915e0       _SDL_RWFromFP              005465c0 f   libSDLx:SDL_rwops.obj
 0002:000918c0       _SDL_RWFromMem             005468a0 f   libSDLx:SDL_rwops.obj
 0002:00091c70       _SDL_RWFromConstMem        00546c50 f   libSDLx:SDL_rwops.obj
 0002:00091d90       _SDL_AllocRW               00546d70 f   libSDLx:SDL_rwops.obj
 0002:00091e00       _SDL_FreeRW                00546de0 f   libSDLx:SDL_rwops.obj
 0002:00091e50       _SDL_ReadLE16              00546e30 f   libSDLx:SDL_rwops.obj
 0002:00091ef0       _SDL_ReadBE16              00546ed0 f   libSDLx:SDL_rwops.obj
 0002:00091ff0       _SDL_ReadLE32              00546fd0 f   libSDLx:SDL_rwops.obj
 0002:00092090       _SDL_ReadBE32              00547070 f   libSDLx:SDL_rwops.obj
 0002:000921b0       _SDL_ReadLE64              00547190 f   libSDLx:SDL_rwops.obj
 0002:00092260       _SDL_ReadBE64              00547240 f   libSDLx:SDL_rwops.obj
 0002:000923e0       _SDL_WriteLE16             005473c0 f   libSDLx:SDL_rwops.obj
 0002:00092450       _SDL_WriteBE16             00547430 f   libSDLx:SDL_rwops.obj
 0002:000924d0       _SDL_WriteLE32             005474b0 f   libSDLx:SDL_rwops.obj
 0002:00092540       _SDL_WriteBE32             00547520 f   libSDLx:SDL_rwops.obj
 0002:000925c0       _SDL_WriteLE64             005475a0 f   libSDLx:SDL_rwops.obj
 0002:00092640       _SDL_WriteBE64             00547620 f   libSDLx:SDL_rwops.obj
 0002:000926c0       _SDL_iconv_open            005476a0 f   libSDLx:SDL_iconv.obj
 0002:00092a10       _SDL_iconv                 005479f0 f   libSDLx:SDL_iconv.obj
 0002:00094100       _SDL_iconv_close           005490e0 f   libSDLx:SDL_iconv.obj
 0002:00094160       _SDL_iconv_string          00549140 f   libSDLx:SDL_iconv.obj
 0002:00094440       _srand                     00549420 f   LIBCMTD:rand.obj
 0002:00094460       _rand                      00549440 f   LIBCMTD:rand.obj
 0002:000944b0       _printf                    00549490 f   LIBCMTD:printf.obj
 0002:000945c0       _fprintf                   005495a0 f   LIBCMTD:fprintf.obj
 0002:000946f0       ___iob_func                005496d0 f   LIBCMTD:_file.obj
 0002:00094700       ___initstdio               005496e0 f   LIBCMTD:_file.obj
 0002:00094880       ___endstdio                00549860 f   LIBCMTD:_file.obj
 0002:000948a0       __lock_file                00549880 f   LIBCMTD:_file.obj
 0002:000948f0       __lock_file2               005498d0 f   LIBCMTD:_file.obj
 0002:00094930       __unlock_file              00549910 f   LIBCMTD:_file.obj
 0002:00094980       __unlock_file2             00549960 f   LIBCMTD:_file.obj
 0002:000949c0       _time                      005499a0 f   LIBCMTD:time.obj
 0002:00094a18       __fpclear                  005499f8 f   LIBCMTD:fpinit.obj
 0002:00094a19       __cfltcvt_init             005499f9 f   LIBCMTD:fpinit.obj
 0002:00094a5f       ___setfflag                00549a3f f   LIBCMTD:fpinit.obj
 0002:00094a76       __fpmath                   00549a56 f   LIBCMTD:fpinit.obj
 0002:00094aa0       __RTC_CheckEsp             00549a80 f   LIBCMTD:stack.obj
 0002:00094ad0       @_RTC_CheckStackVars@8     00549ab0 f   LIBCMTD:stack.obj
[...]
 0008:0005abec       _D3D_Palette               006afbac     <common>
 0008:0005acd8       _SDL_vertexbuffer          006afc98     <common>
 0008:0005ace0       _SDL_colors                006afca0     <common>
 0008:0005b0e0       _D3D                       006b00a0     <common>
 0008:0005b0e4       _D3D_Device                006b00a4     <common>
 0008:0005b100       _D3D_PP                    006b00c0     <common>
 0008:0005b144       _SDL_alarm_callback        006b0104     <common>
 0008:0005b150       _SDL_numcds                006b0110     <common>
 0008:0005b160       _SDL_KeyRepeat             006b0120     <common>
 0008:0005b1a0       _SDL_ProcessEvents         006b0160     <common>
 0008:0005b1e0       _OHCD_GlobalPool           006b01a0     <common>
 0008:0005b240       _OHCD_InterruptObject      006b0200     <common>
 0008:0005b2ce       _RtlpValidateHeapTagsEnable 006b028e     <common>
 0008:0005b2dc       _NtGlobalFlag              006b029c     <common>
 0008:0005b2e0       _RtlpHeapStopOn            006b02a0     <common>
 0008:0005b2f8       _XapiProcessHeap           006b02b8     <common>
 0008:0005b304       ___@@_PchSym_@00@UcylcUkirezgvUmglhUczkrUpDCUoryUlyqUrDIGUyzhvwooOlyq@Xapi_k32 006b02c4     <common>
 0008:0005b310       _XapiOriginalCodeSelectorEntry 006b02d0     <common>
 0008:0005b340       _XapiAutoPowerDownGlobals  006b0300     <common>
 0008:0005b3b4       _XapiCurrentTopLevelFilter 006b0374     <common>
 0008:0005b3c4       _XapiTlsSize               006b0384     <common>
 0008:0005b3c8       _XapiMmTimerThreadState    006b0388     <common>
 0008:0005b3d6       _XapiMmTimerSerialNumber   006b0396     <common>
 0008:0005b3d8       ___@@_PchSym_@00@UcylcUkirezgvUdrmwldhUwrivxgcUwhlfmwUwhlfmwUlyqUrDIGUwhlfmwrOlyq@dsoundd 006b0398     <common>
 0008:0005b3e4       ___mblcid                  006b03a4     <common>
 0008:0005b460       ___ptmbcinfo               006b0420     <common>
 0008:0005b464       ___ismbcodepage            006b0424     <common>
 0008:0005b480       __mbctype                  006b0440     <common>
 0008:0005b584       ___mbcodepage              006b0544     <common>
 0008:0005b5a0       ___mbulinfo                006b0560     <common>
 0008:0005b5c0       __mbcasemap                006b0580     <common>
 0008:0005b6c0       ___active_heap             006b0680     <common>
 0008:0005b6cc       __nhandle                  006b068c     <common>
 0008:0005b720       ___pioinfo                 006b06e0     <common>
 0008:0005b820       __pfnReportHook            006b07e0     <common>
 0008:0005b830       __pReportHookList          006b07f0     <common>
 0008:0005b834       ___ptd_glob                006b07f4     <common>
 0008:0005b840       ___env_initialized         006b0800     <common>
 0008:0005b850       ___onexitend               006b0810     <common>
 0008:0005b854       ___onexitbegin             006b0814     <common>
 0008:0005b858       ___mbctype_initialized     006b0818     <common>
 0008:0005b85c       __setjmpexused             006b081c     <common>
 0008:0005b868       __pfnDumpClient            006b0828     <common>
 0008:0005b874       ___piob                    006b0834     <common>
 0008:0005b884       __nstream                  006b0844     <common>
 0009:00000000       __IMPORT_DESCRIPTOR_xboxkrnl 006b0860     xboxkrnl:xboxkrnl.exe
 0009:00000014       __NULL_IMPORT_DESCRIPTOR   006b0874     xboxkrnl:xboxkrnl.exe
 0009:00000344       __imp__HalWriteSMBusValue@16 006b0ba4     xboxkrnl:xboxkrnl.exe
 0009:00000348       __imp__NtCreateFile@36     006b0ba8     xboxkrnl:xboxkrnl.exe
 0009:0000034c       __imp__RtlInitAnsiString@8 006b0bac     xboxkrnl:xboxkrnl.exe
 0009:00000350       __imp__IoCreateSymbolicLink@8 006b0bb0     xboxkrnl:xboxkrnl.exe
 0009:00000354       __imp__IoDeleteSymbolicLink@4 006b0bb4     xboxkrnl:xboxkrnl.exe
 0009:00000358       __imp_@KfLowerIrql@4       006b0bb8     xboxkrnl:xboxkrnl.exe
 0009:0000035c       __imp__KeRaiseIrqlToDpcLevel@0 006b0bbc     xboxkrnl:xboxkrnl.exe
 0009:00000360       __imp__ExAllocatePoolWithTag@8 006b0bc0     xboxkrnl:xboxkrnl.exe
 0009:00000364       __imp__RtlRip@12           006b0bc4     xboxkrnl:xboxkrnl.exe
 0009:00000368       __imp__RtlTimeToTimeFields@8 006b0bc8     xboxkrnl:xboxkrnl.exe
 0009:0000036c       __imp__KeQuerySystemTime@4 006b0bcc     xboxkrnl:xboxkrnl.exe
 0009:00000370       _KeTickCount               006b0bd0     xboxkrnl:xboxkrnl.exe
 0009:00000370       __imp__KeTickCount         006b0bd0     xboxkrnl:xboxkrnl.exe
 0009:00000374       __imp__RtlTimeFieldsToTime@8 006b0bd4     xboxkrnl:xboxkrnl.exe
 0009:00000378       __imp__NtCreateEvent@16    006b0bd8     xboxkrnl:xboxkrnl.exe
 0009:0000037c       __imp__ObOpenObjectByName@16 006b0bdc     xboxkrnl:xboxkrnl.exe
 0009:00000380       _ExEventObjectType         006b0be0     xboxkrnl:xboxkrnl.exe
 0009:00000380       __imp__ExEventObjectType   006b0be0     xboxkrnl:xboxkrnl.exe
 0009:00000384       __imp__NtSetEvent@8        006b0be4     xboxkrnl:xboxkrnl.exe
 0009:00000388       __imp__NtClearEvent@4      006b0be8     xboxkrnl:xboxkrnl.exe
 0009:0000038c       __imp__NtPulseEvent@8      006b0bec     xboxkrnl:xboxkrnl.exe
 0009:00000390       __imp__NtCreateSemaphore@16 006b0bf0     xboxkrnl:xboxkrnl.exe
 0009:00000394       _ExSemaphoreObjectType     006b0bf4     xboxkrnl:xboxkrnl.exe
 0009:00000394       __imp__ExSemaphoreObjectType 006b0bf4     xboxkrnl:xboxkrnl.exe
 0009:00000398       __imp__NtReleaseSemaphore@12 006b0bf8     xboxkrnl:xboxkrnl.exe
 0009:0000039c       __imp__NtCreateMutant@12   006b0bfc     xboxkrnl:xboxkrnl.exe
 0009:000003a0       __imp__ExMutantObjectType  006b0c00     xboxkrnl:xboxkrnl.exe
 0009:000003a0       _ExMutantObjectType        006b0c00     xboxkrnl:xboxkrnl.exe
 0009:000003a4       __imp__NtReleaseMutant@8   006b0c04     xboxkrnl:xboxkrnl.exe
 0009:000003a8       __imp__NtWaitForSingleObjectEx@16 006b0c08     xboxkrnl:xboxkrnl.exe
 0009:000003ac       __imp__NtSignalAndWaitForSingleObjectEx@20 006b0c0c     xboxkrnl:xboxkrnl.exe
 0009:000003b0       __imp__NtWaitForMultipleObjectsEx@24 006b0c10     xboxkrnl:xboxkrnl.exe
 0009:000003b4       __imp__KeDelayExecutionThread@12 006b0c14     xboxkrnl:xboxkrnl.exe
 0009:000003b8       __imp__NtCreateTimer@12    006b0c18     xboxkrnl:xboxkrnl.exe
 0009:000003bc       _ExTimerObjectType         006b0c1c     xboxkrnl:xboxkrnl.exe
 0009:000003bc       __imp__ExTimerObjectType   006b0c1c     xboxkrnl:xboxkrnl.exe
 0009:000003c0       __imp__NtSetTimerEx@32     006b0c20     xboxkrnl:xboxkrnl.exe
 0009:000003c4       __imp__NtCancelTimer@8     006b0c24     xboxkrnl:xboxkrnl.exe
 0009:000003c8       __imp__KeSetTimerEx@20     006b0c28     xboxkrnl:xboxkrnl.exe
 0009:000003cc       __imp__KeQueryInterruptTime@0 006b0c2c     xboxkrnl:xboxkrnl.exe
 0009:000003d0       __imp__RtlLeaveCriticalSection@4 006b0c30     xboxkrnl:xboxkrnl.exe
 0009:000003d4       __imp__RtlEnterCriticalSection@4 006b0c34     xboxkrnl:xboxkrnl.exe
 0009:000003d8       __imp__KeWaitForMultipleObjects@32 006b0c38     xboxkrnl:xboxkrnl.exe
 0009:000003dc       __imp__KeSetEvent@12       006b0c3c     xboxkrnl:xboxkrnl.exe
 0009:000003e0       __imp__KeInitializeTimerEx@8 006b0c40     xboxkrnl:xboxkrnl.exe
 0009:000003e4       __imp__RtlAssert@16        006b0c44     xboxkrnl:xboxkrnl.exe
 0009:000003e8       __imp__KeWaitForSingleObject@20 006b0c48     xboxkrnl:xboxkrnl.exe
 0009:000003ec       __imp__KeCancelTimer@4     006b0c4c     xboxkrnl:xboxkrnl.exe
 0009:000003f0       __imp__ExQueryNonVolatileSetting@20 006b0c50     xboxkrnl:xboxkrnl.exe
 0009:000003f4       __imp__NtClose@4           006b0c54     xboxkrnl:xboxkrnl.exe
 0009:000003f8       __imp__NtDuplicateObject@12 006b0c58     xboxkrnl:xboxkrnl.exe
 0009:000003fc       __imp_@ObfDereferenceObject@4 006b0c5c     xboxkrnl:xboxkrnl.exe
 0009:00000400       __imp__KeSetBasePriorityThread@8 006b0c60     xboxkrnl:xboxkrnl.exe
 0009:00000404       __imp__ObReferenceObjectByHandle@12 006b0c64     xboxkrnl:xboxkrnl.exe
 0009:00000408       _PsThreadObjectType        006b0c68     xboxkrnl:xboxkrnl.exe
 0009:00000408       __imp__PsThreadObjectType  006b0c68     xboxkrnl:xboxkrnl.exe
 0009:0000040c       __imp__KeQueryBasePriorityThread@4 006b0c6c     xboxkrnl:xboxkrnl.exe
 0009:00000410       __imp__KeSetDisableBoostThread@8 006b0c70     xboxkrnl:xboxkrnl.exe
 0009:00000414       __imp__NtSuspendThread@8   006b0c74     xboxkrnl:xboxkrnl.exe
 0009:00000418       __imp__NtResumeThread@8    006b0c78     xboxkrnl:xboxkrnl.exe
 0009:0000041c       __imp__RtlRaiseException@4 006b0c7c     xboxkrnl:xboxkrnl.exe
 0009:00000420       __imp__NtQueueApcThread@20 006b0c80     xboxkrnl:xboxkrnl.exe
 0009:00000424       __imp__NtYieldExecution@0  006b0c84     xboxkrnl:xboxkrnl.exe
 0009:00000428       __imp__PsTerminateSystemThread@4 006b0c88     xboxkrnl:xboxkrnl.exe
 0009:0000042c       __imp__KeTimeIncrement     006b0c8c     xboxkrnl:xboxkrnl.exe
 0009:0000042c       _KeTimeIncrement           006b0c8c     xboxkrnl:xboxkrnl.exe
 0009:00000430       __imp__DbgPrint            006b0c90     xboxkrnl:xboxkrnl.exe
 0009:00000434       __imp__PsCreateSystemThreadEx@40 006b0c94     xboxkrnl:xboxkrnl.exe
 0009:00000438       __imp__NtWaitForSingleObject@12 006b0c98     xboxkrnl:xboxkrnl.exe
 0009:0000043c       __imp__NtReadFile@32       006b0c9c     xboxkrnl:xboxkrnl.exe
 0009:00000440       __imp__NtWriteFile@32      006b0ca0     xboxkrnl:xboxkrnl.exe
 0009:00000444       __imp__NtSetInformationFile@20 006b0ca4     xboxkrnl:xboxkrnl.exe
 0009:00000448       __imp__NtQueryInformationFile@20 006b0ca8     xboxkrnl:xboxkrnl.exe
 0009:0000044c       __imp__NtQueryVolumeInformationFile@20 006b0cac     xboxkrnl:xboxkrnl.exe
 0009:00000450       __imp__NtFlushBuffersFile@8 006b0cb0     xboxkrnl:xboxkrnl.exe
 0009:00000454       __imp__NtUserIoApcDispatcher@12 006b0cb4     xboxkrnl:xboxkrnl.exe
 0009:00000458       __imp__NtFsControlFile@40  006b0cb8     xboxkrnl:xboxkrnl.exe
 0009:0000045c       __imp__NtDeviceIoControlFile@40 006b0cbc     xboxkrnl:xboxkrnl.exe
 0009:00000460       __imp__NtReadFileScatter@32 006b0cc0     xboxkrnl:xboxkrnl.exe
 0009:00000464       __imp__NtWriteFileGather@32 006b0cc4     xboxkrnl:xboxkrnl.exe
 0009:00000468       __imp__IoQueryVolumeInformation@20 006b0cc8     xboxkrnl:xboxkrnl.exe
 0009:0000046c       _IoFileObjectType          006b0ccc     xboxkrnl:xboxkrnl.exe
 0009:0000046c       __imp__IoFileObjectType    006b0ccc     xboxkrnl:xboxkrnl.exe
 0009:00000470       __imp_@KfRaiseIrql@4       006b0cd0     xboxkrnl:xboxkrnl.exe
 0009:00000474       __imp__DbgBreakPoint@0     006b0cd4     xboxkrnl:xboxkrnl.exe
 0009:00000478       __imp__KeSetTimer@16       006b0cd8     xboxkrnl:xboxkrnl.exe
 0009:0000047c       __imp__HalInitiateShutdown@0 006b0cdc     xboxkrnl:xboxkrnl.exe
 0009:00000480       __imp__XboxHardwareInfo    006b0ce0     xboxkrnl:xboxkrnl.exe
 0009:00000480       _XboxHardwareInfo          006b0ce0     xboxkrnl:xboxkrnl.exe
 0009:00000484       __imp__KeInitializeDpc@12  006b0ce4     xboxkrnl:xboxkrnl.exe
 0009:00000488       __imp__NtOpenFile@24       006b0ce8     xboxkrnl:xboxkrnl.exe
 0009:0000048c       __imp__HalReturnToFirmware@4 006b0cec     xboxkrnl:xboxkrnl.exe
 0009:00000490       __imp__MmFreeContiguousMemory@4 006b0cf0     xboxkrnl:xboxkrnl.exe
 0009:00000494       __imp__LaunchDataPage      006b0cf4     xboxkrnl:xboxkrnl.exe
 0009:00000494       _LaunchDataPage            006b0cf4     xboxkrnl:xboxkrnl.exe
 0009:00000498       __imp__HalRegisterShutdownNotification@8 006b0cf8     xboxkrnl:xboxkrnl.exe
 0009:0000049c       __imp__RtlNtStatusToDosError@4 006b0cfc     xboxkrnl:xboxkrnl.exe
 0009:000004a0       __imp__NtCreateIoCompletion@16 006b0d00     xboxkrnl:xboxkrnl.exe
 0009:000004a4       __imp__NtSetIoCompletion@20 006b0d04     xboxkrnl:xboxkrnl.exe
 0009:000004a8       __imp__NtRemoveIoCompletion@20 006b0d08     xboxkrnl:xboxkrnl.exe
 0009:000004ac       __imp__MmSetAddressProtect@12 006b0d0c     xboxkrnl:xboxkrnl.exe
 0009:000004b0       __imp__MmQueryAddressProtect@4 006b0d10     xboxkrnl:xboxkrnl.exe
 0009:000004b4       _XboxKrnlVersion           006b0d14     xboxkrnl:xboxkrnl.exe
 0009:000004b4       __imp__XboxKrnlVersion     006b0d14     xboxkrnl:xboxkrnl.exe
 0009:000004b8       __imp__HalBootSMCVideoMode 006b0d18     xboxkrnl:xboxkrnl.exe
 0009:000004b8       _HalBootSMCVideoMode       006b0d18     xboxkrnl:xboxkrnl.exe
 0009:000004bc       __imp__RtlEqualString@12   006b0d1c     xboxkrnl:xboxkrnl.exe
 0009:000004c0       __imp__XeLoadSection@4     006b0d20     xboxkrnl:xboxkrnl.exe
 0009:000004c4       __imp__XeUnloadSection@4   006b0d24     xboxkrnl:xboxkrnl.exe
 0009:000004c8       __imp__MmPersistContiguousMemory@12 006b0d28     xboxkrnl:xboxkrnl.exe
 0009:000004cc       __imp__MmAllocateContiguousMemory@4 006b0d2c     xboxkrnl:xboxkrnl.exe
 0009:000004d0       __imp__IdexChannelObject   006b0d30     xboxkrnl:xboxkrnl.exe
 0009:000004d0       _IdexChannelObject         006b0d30     xboxkrnl:xboxkrnl.exe
 0009:000004d4       __imp__NtQuerySymbolicLinkObject@12 006b0d34     xboxkrnl:xboxkrnl.exe
 0009:000004d8       __imp__NtOpenSymbolicLinkObject@8 006b0d38     xboxkrnl:xboxkrnl.exe
 0009:000004dc       __imp__XcSHAFinal@8        006b0d3c     xboxkrnl:xboxkrnl.exe
 0009:000004e0       __imp__XcSHAUpdate@12      006b0d40     xboxkrnl:xboxkrnl.exe
 0009:000004e4       __imp__XcSHAInit@4         006b0d44     xboxkrnl:xboxkrnl.exe
 0009:000004e8       _XeImageFileName           006b0d48     xboxkrnl:xboxkrnl.exe
 0009:000004e8       __imp__XeImageFileName     006b0d48     xboxkrnl:xboxkrnl.exe
 0009:000004ec       _HalDiskCachePartitionCount 006b0d4c     xboxkrnl:xboxkrnl.exe
 0009:000004ec       __imp__HalDiskCachePartitionCount 006b0d4c     xboxkrnl:xboxkrnl.exe
 0009:000004f0       __imp__RtlFillMemoryUlong@12 006b0d50     xboxkrnl:xboxkrnl.exe
 0009:000004f4       __imp__NtFreeVirtualMemory@12 006b0d54     xboxkrnl:xboxkrnl.exe
 0009:000004f8       __imp__NtAllocateVirtualMemory@20 006b0d58     xboxkrnl:xboxkrnl.exe
 0009:000004fc       __imp__KdDebuggerEnabled   006b0d5c     xboxkrnl:xboxkrnl.exe
 0009:000004fc       _KdDebuggerEnabled         006b0d5c     xboxkrnl:xboxkrnl.exe
 0009:00000500       __imp__RtlCompareMemoryUlong@12 006b0d60     xboxkrnl:xboxkrnl.exe
 0009:00000504       __imp__RtlCompareMemory@12 006b0d64     xboxkrnl:xboxkrnl.exe
 0009:00000508       __imp__RtlInitializeCriticalSection@4 006b0d68     xboxkrnl:xboxkrnl.exe
 0009:0000050c       __imp__NtQueryVirtualMemory@8 006b0d6c     xboxkrnl:xboxkrnl.exe
 0009:00000510       __imp__ExFreePool@4        006b0d70     xboxkrnl:xboxkrnl.exe
 0009:00000514       __imp__HalGetInterruptVector@8 006b0d74     xboxkrnl:xboxkrnl.exe
 0009:00000518       __imp__KeConnectInterrupt@4 006b0d78     xboxkrnl:xboxkrnl.exe
 0009:0000051c       __imp__KeInitializeInterrupt@28 006b0d7c     xboxkrnl:xboxkrnl.exe
 0009:00000520       __imp__KeStallExecutionProcessor@4 006b0d80     xboxkrnl:xboxkrnl.exe
 0009:00000524       __imp__MmFreeSystemMemory@8 006b0d84     xboxkrnl:xboxkrnl.exe
 0009:00000528       __imp__MmAllocateSystemMemory@8 006b0d88     xboxkrnl:xboxkrnl.exe
 0009:0000052c       __imp__XcHMAC@28           006b0d8c     xboxkrnl:xboxkrnl.exe
 0009:00000530       __imp__XboxHDKey           006b0d90     xboxkrnl:xboxkrnl.exe
 0009:00000530       _XboxHDKey                 006b0d90     xboxkrnl:xboxkrnl.exe
 0009:00000534       __imp__RtlCompareString@12 006b0d94     xboxkrnl:xboxkrnl.exe
 0009:00000538       __imp__MmGetPhysicalAddress@4 006b0d98     xboxkrnl:xboxkrnl.exe
 0009:0000053c       __imp__MmLockUnlockBufferPages@12 006b0d9c     xboxkrnl:xboxkrnl.exe
 0009:00000540       __imp__KeInsertQueueDpc@12 006b0da0     xboxkrnl:xboxkrnl.exe
 0009:00000544       __imp__MmLockUnlockPhysicalPage@8 006b0da4     xboxkrnl:xboxkrnl.exe
 0009:00000548       __imp__XboxSignatureKey    006b0da8     xboxkrnl:xboxkrnl.exe
 0009:00000548       _XboxSignatureKey          006b0da8     xboxkrnl:xboxkrnl.exe
 0009:0000054c       __imp__XboxAlternateSignatureKeys 006b0dac     xboxkrnl:xboxkrnl.exe
 0009:0000054c       _XboxAlternateSignatureKeys 006b0dac     xboxkrnl:xboxkrnl.exe
 0009:00000550       __imp__NtQueryDirectoryFile@40 006b0db0     xboxkrnl:xboxkrnl.exe
 0009:00000554       __imp__NtQueryFullAttributesFile@8 006b0db4     xboxkrnl:xboxkrnl.exe
 0009:00000558       __imp__FscSetCacheSize@4   006b0db8     xboxkrnl:xboxkrnl.exe
 0009:0000055c       __imp__FscGetCacheSize@0   006b0dbc     xboxkrnl:xboxkrnl.exe
 0009:00000560       __imp__MmAllocateContiguousMemoryEx@20 006b0dc0     xboxkrnl:xboxkrnl.exe
 0009:00000564       __imp__MmQueryAllocationSize@4 006b0dc4     xboxkrnl:xboxkrnl.exe
 0009:00000568       __imp__AvGetSavedDataAddress@0 006b0dc8     xboxkrnl:xboxkrnl.exe
 0009:0000056c       __imp__AvSendTVEncoderOption@16 006b0dcc     xboxkrnl:xboxkrnl.exe
 0009:00000570       __imp__AvSetDisplayMode@24 006b0dd0     xboxkrnl:xboxkrnl.exe
 0009:00000574       __imp__AvSetSavedDataAddress@4 006b0dd4     xboxkrnl:xboxkrnl.exe
 0009:00000578       __imp__MmQueryStatistics@4 006b0dd8     xboxkrnl:xboxkrnl.exe
 0009:0000057c       __imp__RtlWalkFrameChain@12 006b0ddc     xboxkrnl:xboxkrnl.exe
 0009:00000580       __imp__NtDeleteFile@4      006b0de0     xboxkrnl:xboxkrnl.exe
 0009:00000584       __imp__HalReadWritePCISpace@24 006b0de4     xboxkrnl:xboxkrnl.exe
 0009:00000588       __imp__KeDisconnectInterrupt@4 006b0de8     xboxkrnl:xboxkrnl.exe
 0009:0000058c       __imp__MmClaimGpuInstanceMemory@8 006b0dec     xboxkrnl:xboxkrnl.exe
 0009:00000590       __imp__KeSaveFloatingPointState@4 006b0df0     xboxkrnl:xboxkrnl.exe
 0009:00000594       __imp__KeRestoreFloatingPointState@4 006b0df4     xboxkrnl:xboxkrnl.exe
 0009:00000598       __imp__ExQueryPoolBlockSize@4 006b0df8     xboxkrnl:xboxkrnl.exe
 0009:0000059c       __imp__KeRemoveQueueDpc@4  006b0dfc     xboxkrnl:xboxkrnl.exe
 0009:000005a0       __imp__KeSynchronizeExecution@12 006b0e00     xboxkrnl:xboxkrnl.exe
 0009:000005a4       __imp__KeBugCheck@4        006b0e04     xboxkrnl:xboxkrnl.exe
 0009:000005a8       __imp__RtlUnwind@16        006b0e08     xboxkrnl:xboxkrnl.exe
 0009:000005ac       __imp_@IofCompleteRequest@8 006b0e0c     xboxkrnl:xboxkrnl.exe
 0009:000005b0       __imp__RtlAnsiStringToUnicodeString@12 006b0e10     xboxkrnl:xboxkrnl.exe
 0009:000005b4       __imp__RtlUnicodeStringToAnsiString@12 006b0e14     xboxkrnl:xboxkrnl.exe
 0009:000005b8       \177xboxkrnl_NULL_THUNK_DATA 006b0e18     xboxkrnl:xboxkrnl.exe
 000b:00000000       _XapiBuildNumberD          006b9920     xapilibd:xapi0.obj
 000b:00000114       ?XKbdBuildNumber@@3PAGA    006b9a34     libSDLx:queue.obj
 000b:00000128       ?XMouseBuildNumber@@3PAGA  006b9a48     xapilibd:mouse.obj
 000b:0000013c       _D3D8BuildNumberD          006b9a5c     d3d8d:precomp.obj
 000b:00000150       _D3DX8BuildNumberD         006b9a70     d3dx8d:png.obj
 000b:00000164       _DSoundBuildNumberD        006b9a84     dsoundd:dsapi.obj
 000b:00000178       _DMusicBuildNumberD        006b9a98     dmusicd:xguids.obj
 000b:0000018c       _XboxKrnlBuildNumber       006b9aac     xboxkrnl:bldnum.obj
 000b:000001a0       ___DebugCrtBuildNumberMT   006b9ac0     LIBCMTD:rand.obj
 000c:00000000       __tls_start                006b9be0     xapilibd:xapitls.obj
 000c:00000108       _XapiLastErrorCode         006b9ce8     xapilibd:error.obj
 000c:0000010c       ___ptd_cur                 006b9cec     LIBCMTD:tidtable.obj
 000c:00000110       _XapiTlsSlots              006b9cf0     xapilibd:tls.obj
 000c:000002ab       __tls_end                  006b9e8b     xapilibd:xapitls.obj

 entry point at        0002:00003f2a

