 ARKANOTRON

 Timestamp is 5f25aae6 (Sat Aug 01 19:48:22 2020)

 Preferred load address is 00400000

 Start         Length     Name                   Class
 0001:00000000 000b4c84H .textbss                DATA
 0002:00000000 000ae566H .text                   CODE
 0003:00000000 0003d510H D3D                     CODE
 0003:0003d510 0001f0beH D3D_RD                  CODE
 0003:0005c5d0 000098e8H D3D_URW                 CODE
 0004:00000000 00008e0bH D3DX                    CODE
 0004:00008e10 000026f9H D3DX_RD                 CODE
 0005:00000000 000288bdH DSOUND                  CODE
 0005:000288c0 000270edH DSOUND_RD               CODE
 0005:0004f9b0 00001c79H DSOUND_RW               CODE
 0005:00051630 00001294H DSOUND_URW              CODE
 0006:00000000 00001005H .XID$A                  CODE
 0006:00001008 00001005H .XID$Gamepad            CODE
 0006:00002010 00001005H .XID$IrRemote           CODE
 0006:00003018 00001005H .XID$Keyboard           CODE
 0006:00004020 00001005H .XID$Mouse              CODE
 0006:00005028 00001005H .XID$ZZZ                CODE
 0006:00006030 00001005H .XPP$ClassA             CODE
 0006:00007038 0000100aH .XPP$ClassXID           CODE
 0006:00008044 00001005H .XPP$ClassZZHub         CODE
 0006:0000904c 00001005H .XPP$ClassZZZ           CODE
 0006:0000a051 00001001H .XPP$DATA               CODE
 0006:0000b058 0000136cH .XPP$Data               CODE
 0006:0000c3c4 00002280H .XPPCINIT               CODE
 0006:0000e644 0000aba3H .XPPCODE                CODE
 0006:000191e8 0000381aH .XPPRDATA               CODE
 0006:0001ca08 00001159H .XPPRINIT               CODE
 0007:00000000 0000f8b4H .rdata                  DATA
 0007:0000f8b4 00000196H .rdata$debug            DATA
 0007:0000fa4c 00000104H .rtc$IAA                DATA
 0007:0000fb50 00000284H .rtc$IMZ                DATA
 0007:0000fdd4 00000104H .rtc$IZZ                DATA
 0007:0000fed8 00000104H .rtc$TAA                DATA
 0007:0000ffdc 00000284H .rtc$TMZ                DATA
 0007:00010260 00000104H .rtc$TZZ                DATA
 0007:00010364 00000000H .edata                  DATA
 0008:00000000 00000104H .CRT$RIA                DATA
 0008:00000104 00000104H .CRT$RII10              DATA
 0008:00000208 00000104H .CRT$RII15              DATA
 0008:0000030c 00000104H .CRT$RII20              DATA
 0008:00000410 00000104H .CRT$RIZ                DATA
 0008:00000514 00000104H .CRT$XCA                DATA
 0008:00000618 00000126H .CRT$XCU                DATA
 0008:00000740 00000104H .CRT$XCZ                DATA
 0008:00000844 00000104H .CRT$XIA                DATA
 0008:00000948 00000109H .CRT$XIC                DATA
 0008:00000a54 00000104H .CRT$XIZ                DATA
 0008:00000b58 00000104H .CRT$XPA                DATA
 0008:00000c5c 00000109H .CRT$XPX                DATA
 0008:00000d68 00000104H .CRT$XPZ                DATA
 0008:00000e6c 00000104H .CRT$XTA                DATA
 0008:00000f70 00000104H .CRT$XTZ                DATA
 0008:00001074 00000104H .XAPI$LNA               DATA
 0008:00001178 00000104H .XAPI$LNZ               DATA
 0008:00001280 00042402H .data                   DATA
 0008:000436a0 00018228H .bss                    DATA
 0009:00000000 00000014H .idata$2                DATA
 0009:00000014 00000014H .idata$3                DATA
 0009:00000028 0000031cH .idata$4                DATA
 0009:00000344 0000031cH .idata$5                DATA
 0009:00000660 0000010fH .idata$6                DATA
 000a:00000000 00008933H DOLBY                   DATA
 000b:00000000 00000113H .XBLD$A                 DATA
 000b:00000114 000001a2H .XBLD$V                 DATA
 000c:00000000 00000101H .tls                    DATA
 000c:00000108 000001a3H .tls$                   DATA
 000c:000002ab 00000101H .tls$ZZZ                DATA

  Address         Publics by Value              Rva+Base     Lib:Object

 0000:00000000       ___safe_se_handler_count   00000000     <absolute>
 0000:00000000       __except_list              00000000     <absolute>
 0000:00000000       ___safe_se_handler_table   00000000     <absolute>
 0000:00000004       __tls_array                00000004     <absolute>
 0001:00000000       __enc$textbss$begin        004003e0     <linker-defined>
 0001:000b4c84       __enc$textbss$end          004b5064     <linker-defined>
 0002:00008540       _main                      004bd5c0 f   ARKANOTRON.obj
 0002:000094d0       _BallRespown               004be550 f   GAME_Functions.obj
 0002:00009670       _ScaleLine                 004be6f0 f   GUI_Functions.obj
 0002:000096c0       _Scale                     004be740 f   GUI_Functions.obj
 0002:00009780       _IsRectColliding           004be800 f   GUI_Functions.obj
 0002:00009920       _Bounce                    004be9a0 f   GUI_Functions.obj
 0002:00009c00       _SDL_InitSubSystem         004bec80 f   libSDLx:SDL.obj
 0002:00009dd0       _SDL_Init                  004bee50 f   libSDLx:SDL.obj
 0002:00009e50       _SDL_QuitSubSystem         004beed0 f   libSDLx:SDL.obj
 0002:00009f60       _SDL_WasInit               004befe0 f   libSDLx:SDL.obj
 0002:00009fb0       _SDL_Quit                  004bf030 f   libSDLx:SDL.obj
 0002:0000a010       _SDL_Linked_Version        004bf090 f   libSDLx:SDL.obj
 0002:0000a050       _SDL_CreateRGBSurface      004bf0d0 f   libSDLx:SDL_surface.obj
 0002:0000a480       _SDL_CreateRGBSurfaceFrom  004bf500 f   libSDLx:SDL_surface.obj
 0002:0000a550       _SDL_SetColorKey           004bf5d0 f   libSDLx:SDL_surface.obj
 0002:0000a730       _SDL_SetAlpha              004bf7b0 f   libSDLx:SDL_surface.obj
 0002:0000a970       _SDL_SetAlphaChannel       004bf9f0 f   libSDLx:SDL_surface.obj
 0002:0000ab10       _SDL_SetClipRect           004bfb90 f   libSDLx:SDL_surface.obj
 0002:0000adc0       _SDL_GetClipRect           004bfe40 f   libSDLx:SDL_surface.obj
 0002:0000ae20       _SDL_LowerBlit             004bfea0 f   libSDLx:SDL_surface.obj
 0002:0000b020       _SDL_UpperBlit             004c00a0 f   libSDLx:SDL_surface.obj
 0002:0000b3e0       _SDL_FillRect              004c0460 f   libSDLx:SDL_surface.obj
 0002:0000be10       _SDL_LockSurface           004c0e90 f   libSDLx:SDL_surface.obj
 0002:0000bf10       _SDL_UnlockSurface         004c0f90 f   libSDLx:SDL_surface.obj
 0002:0000c010       _SDL_ConvertSurface        004c1090 f   libSDLx:SDL_surface.obj
 0002:0000c4e0       _SDL_FreeSurface           004c1560 f   libSDLx:SDL_surface.obj
 0002:0000c6a0       _SDL_JoystickInit          004c1720 f   libSDLx:SDL_joystick.obj
 0002:0000c780       _SDL_NumJoysticks          004c1800 f   libSDLx:SDL_joystick.obj
 0002:0000c7c0       _SDL_JoystickName          004c1840 f   libSDLx:SDL_joystick.obj
 0002:0000c850       _SDL_JoystickOpen          004c18d0 f   libSDLx:SDL_joystick.obj
 0002:0000cbe0       _SDL_JoystickOpened        004c1c60 f   libSDLx:SDL_joystick.obj
 0002:0000cc70       _SDL_JoystickIndex         004c1cf0 f   libSDLx:SDL_joystick.obj
 0002:0000cd40       _SDL_JoystickNumAxes       004c1dc0 f   libSDLx:SDL_joystick.obj
 0002:0000cda0       _SDL_JoystickNumHats       004c1e20 f   libSDLx:SDL_joystick.obj
 0002:0000ce00       _SDL_JoystickNumBalls      004c1e80 f   libSDLx:SDL_joystick.obj
 0002:0000ce60       _SDL_JoystickNumButtons    004c1ee0 f   libSDLx:SDL_joystick.obj
 0002:0000cec0       _SDL_JoystickGetAxis       004c1f40 f   libSDLx:SDL_joystick.obj
 0002:0000cf70       _SDL_JoystickGetHat        004c1ff0 f   libSDLx:SDL_joystick.obj
 0002:0000d010       _SDL_JoystickGetBall       004c2090 f   libSDLx:SDL_joystick.obj
 0002:0000d110       _SDL_JoystickGetButton     004c2190 f   libSDLx:SDL_joystick.obj
 0002:0000d1b0       _SDL_JoystickClose         004c2230 f   libSDLx:SDL_joystick.obj
 0002:0000d350       _SDL_JoystickQuit          004c23d0 f   libSDLx:SDL_joystick.obj
 0002:0000d460       _SDL_PrivateJoystickAxis   004c24e0 f   libSDLx:SDL_joystick.obj
 0002:0000d580       _SDL_PrivateJoystickHat    004c2600 f   libSDLx:SDL_joystick.obj
 0002:0000d6a0       _SDL_PrivateJoystickBall   004c2720 f   libSDLx:SDL_joystick.obj
 0002:0000d810       _SDL_PrivateJoystickButton 004c2890 f   libSDLx:SDL_joystick.obj
 0002:0000d970       _SDL_JoystickUpdate        004c29f0 f   libSDLx:SDL_joystick.obj
 0002:0000da00       _SDL_JoystickEventState    004c2a80 f   libSDLx:SDL_joystick.obj
 0002:0000db40       _SDL_VideoInit             004c2bc0 f   libSDLx:SDL_video.obj
 0002:0000e070       _SDL_VideoDriverName       004c30f0 f   libSDLx:SDL_video.obj
 0002:0000e0f0       _SDL_GetVideoSurface       004c3170 f   libSDLx:SDL_video.obj
 0002:0000e150       _SDL_GetVideoInfo          004c31d0 f   libSDLx:SDL_video.obj
 0002:0000e1b0       _SDL_ListModes             004c3230 f   libSDLx:SDL_video.obj
 0002:0000e270       _SDL_VideoModeOK           004c32f0 f   libSDLx:SDL_video.obj
 0002:0000e500       _SDL_SetVideoMode          004c3580 f   libSDLx:SDL_video.obj
 0002:0000f510       _SDL_DisplayFormat         004c4590 f   libSDLx:SDL_video.obj
 0002:0000f600       _SDL_DisplayFormatAlpha    004c4680 f   libSDLx:SDL_video.obj
 0002:0000f810       _SDL_UpdateRect            004c4890 f   libSDLx:SDL_video.obj
 0002:0000f920       _SDL_UpdateRects           004c49a0 f   libSDLx:SDL_video.obj
 0002:0000fd10       _SDL_Flip                  004c4d90 f   libSDLx:SDL_video.obj
 0002:0000ffe0       _SDL_SetPalette            004c5060 f   libSDLx:SDL_video.obj
 0002:000105c0       _SDL_SetColors             004c5640 f   libSDLx:SDL_video.obj
 0002:00010620       _SDL_VideoQuit             004c56a0 f   libSDLx:SDL_video.obj
 0002:000108b0       _SDL_GL_LoadLibrary        004c5930 f   libSDLx:SDL_video.obj
 0002:00010970       _SDL_GL_GetProcAddress     004c59f0 f   libSDLx:SDL_video.obj
 0002:00010a40       _SDL_GL_SetAttribute       004c5ac0 f   libSDLx:SDL_video.obj
 0002:00010c80       _SDL_GL_GetAttribute       004c5d00 f   libSDLx:SDL_video.obj
 0002:00010d40       _SDL_GL_SwapBuffers        004c5dc0 f   libSDLx:SDL_video.obj
 0002:00010de0       _SDL_GL_UpdateRectsLock    004c5e60 f   libSDLx:SDL_video.obj
 0002:00010e40       _SDL_GL_UpdateRects        004c5ec0 f   libSDLx:SDL_video.obj
 0002:00010e70       _SDL_GL_Lock               004c5ef0 f   libSDLx:SDL_video.obj
 0002:00010ea0       _SDL_GL_Unlock             004c5f20 f   libSDLx:SDL_video.obj
 0002:00010ed0       _SDL_WM_SetCaption         004c5f50 f   libSDLx:SDL_video.obj
 0002:00011030       _SDL_WM_GetCaption         004c60b0 f   libSDLx:SDL_video.obj
 0002:000110b0       _SDL_WM_SetIcon            004c6130 f   libSDLx:SDL_video.obj
 0002:00011860       _SDL_WM_GrabInput          004c68e0 f   libSDLx:SDL_video.obj
 0002:00011af0       _SDL_WM_IconifyWindow      004c6b70 f   libSDLx:SDL_video.obj
 0002:00011b90       _SDL_WM_ToggleFullScreen   004c6c10 f   libSDLx:SDL_video.obj
 0002:00011d60       _SDL_GetWMInfo             004c6de0 f   libSDLx:SDL_video.obj
 0002:00011e00       _SDL_Lock_EventThread      004c6e80 f   libSDLx:SDL_events.obj
 0002:00011e90       _SDL_Unlock_EventThread    004c6f10 f   libSDLx:SDL_events.obj
 0002:00011f00       _SDL_EventThreadID         004c6f80 f   libSDLx:SDL_events.obj
 0002:00011f40       _SDL_StopEventLoop         004c6fc0 f   libSDLx:SDL_events.obj
 0002:00012090       _SDL_StartEventLoop        004c7110 f   libSDLx:SDL_events.obj
 0002:00012400       _SDL_PeepEvents            004c7480 f   libSDLx:SDL_events.obj
 0002:000128b0       _SDL_PumpEvents            004c7930 f   libSDLx:SDL_events.obj
 0002:00012960       _SDL_PollEvent             004c79e0 f   libSDLx:SDL_events.obj
 0002:000129d0       _SDL_WaitEvent             004c7a50 f   libSDLx:SDL_events.obj
 0002:00012a80       _SDL_PushEvent             004c7b00 f   libSDLx:SDL_events.obj
 0002:00012af0       _SDL_SetEventFilter        004c7b70 f   libSDLx:SDL_events.obj
 0002:00012b90       _SDL_GetEventFilter        004c7c10 f   libSDLx:SDL_events.obj
 0002:00012bd0       _SDL_EventState            004c7c50 f   libSDLx:SDL_events.obj
 0002:00012db0       _SDL_PrivateSysWMEvent     004c7e30 f   libSDLx:SDL_events.obj
 0002:00012eb0       _SDL_KeyboardInit          004c7f30 f   libSDLx:SDL_keyboard.obj
 0002:00013b50       _SDL_KeyboardQuit          004c8bd0 f   libSDLx:SDL_keyboard.obj
 0002:00013b80       _SDL_ResetKeyboard         004c8c00 f   libSDLx:SDL_keyboard.obj
 0002:00013c70       _SDL_EnableUNICODE         004c8cf0 f   libSDLx:SDL_keyboard.obj
 0002:00013cc0       _SDL_GetKeyState           004c8d40 f   libSDLx:SDL_keyboard.obj
 0002:00013d10       _SDL_GetModState           004c8d90 f   libSDLx:SDL_keyboard.obj
 0002:00013d50       _SDL_SetModState           004c8dd0 f   libSDLx:SDL_keyboard.obj
 0002:00013d90       _SDL_GetKeyName            004c8e10 f   libSDLx:SDL_keyboard.obj
 0002:00013e00       _SDL_PrivateKeyboard       004c8e80 f   libSDLx:SDL_keyboard.obj
 0002:00014430       _SDL_CheckKeyRepeat        004c94b0 f   libSDLx:SDL_keyboard.obj
 0002:00014520       _SDL_EnableKeyRepeat       004c95a0 f   libSDLx:SDL_keyboard.obj
 0002:000145c0       _SDL_GetKeyRepeat          004c9640 f   libSDLx:SDL_keyboard.obj
 0002:00014610       _SDL_SetError              004c9690 f   libSDLx:SDL_error.obj
 0002:000149d0       _SDL_GetErrorMsg           004c9a50 f   libSDLx:SDL_error.obj
 0002:00014eb0       _SDL_GetError              004c9f30 f   libSDLx:SDL_error.obj
 0002:00014f10       _SDL_ClearError            004c9f90 f   libSDLx:SDL_error.obj
 0002:00014f70       _SDL_Error                 004c9ff0 f   libSDLx:SDL_error.obj
 0002:00015050       _SDL_CDROMInit             004ca0d0 f   libSDLx:SDL_cdrom.obj
 0002:000150d0       _SDL_CDNumDrives           004ca150 f   libSDLx:SDL_cdrom.obj
 0002:000151e0       _SDL_CDName                004ca260 f   libSDLx:SDL_cdrom.obj
 0002:00015290       _SDL_CDOpen                004ca310 f   libSDLx:SDL_cdrom.obj
 0002:000153a0       _SDL_CDStatus              004ca420 f   libSDLx:SDL_cdrom.obj
 0002:00015540       _SDL_CDPlayTracks          004ca5c0 f   libSDLx:SDL_cdrom.obj
 0002:00015780       _SDL_CDPlay                004ca800 f   libSDLx:SDL_cdrom.obj
 0002:00015800       _SDL_CDPause               004ca880 f   libSDLx:SDL_cdrom.obj
 0002:000158d0       _SDL_CDResume              004ca950 f   libSDLx:SDL_cdrom.obj
 0002:000159a0       _SDL_CDStop                004caa20 f   libSDLx:SDL_cdrom.obj
 0002:00015a70       _SDL_CDEject               004caaf0 f   libSDLx:SDL_cdrom.obj
 0002:00015af0       _SDL_CDClose               004cab70 f   libSDLx:SDL_cdrom.obj
 0002:00015b80       _SDL_CDROMQuit             004cac00 f   libSDLx:SDL_cdrom.obj
 0002:00015be0       _SDL_RunAudio              004cac60 f   libSDLx:SDL_audio.obj
 0002:00015ee0       _SDL_AudioInit             004caf60 f   libSDLx:SDL_audio.obj
 0002:00016200       _SDL_AudioDriverName       004cb280 f   libSDLx:SDL_audio.obj
 0002:00016280       _SDL_OpenAudio             004cb300 f   libSDLx:SDL_audio.obj
 0002:00016a10       _SDL_GetAudioStatus        004cba90 f   libSDLx:SDL_audio.obj
 0002:00016a90       _SDL_PauseAudio            004cbb10 f   libSDLx:SDL_audio.obj
 0002:00016ae0       _SDL_LockAudio             004cbb60 f   libSDLx:SDL_audio.obj
 0002:00016b60       _SDL_UnlockAudio           004cbbe0 f   libSDLx:SDL_audio.obj
 0002:00016be0       _SDL_CloseAudio            004cbc60 f   libSDLx:SDL_audio.obj
 0002:00016c30       _SDL_AudioQuit             004cbcb0 f   libSDLx:SDL_audio.obj
 0002:00016d90       _SDL_FirstAudioFormat      004cbe10 f   libSDLx:SDL_audio.obj
 0002:00016e30       _SDL_NextAudioFormat       004cbeb0 f   libSDLx:SDL_audio.obj
 0002:00016ec0       _SDL_CalculateAudioSpec    004cbf40 f   libSDLx:SDL_audio.obj
 0002:00016f80       _SDL_Audio_SetCaption      004cc000 f   libSDLx:SDL_audio.obj
 0002:00017000       _SDL_putenv                004cc080 f   libSDLx:SDL_getenv.obj
 0002:00017240       _SDL_getenv                004cc2c0 f   libSDLx:SDL_getenv.obj
 0002:00017350       _SDL_SetTimerThreaded      004cc3d0 f   libSDLx:SDL_timer.obj
 0002:000173d0       _SDL_TimerInit             004cc450 f   libSDLx:SDL_timer.obj
 0002:00017470       _SDL_TimerQuit             004cc4f0 f   libSDLx:SDL_timer.obj
 0002:00017520       _SDL_ThreadedTimerCheck    004cc5a0 f   libSDLx:SDL_timer.obj
 0002:00017770       _SDL_AddTimer              004cc7f0 f   libSDLx:SDL_timer.obj
 0002:00017930       _SDL_RemoveTimer           004cc9b0 f   libSDLx:SDL_timer.obj
 0002:00017a40       _SDL_SetTimer              004ccac0 f   libSDLx:SDL_timer.obj
 0002:00017c10       _SDL_StartTicks            004ccc90 f   libSDLx:SDL_systimer.obj
 0002:00017c70       _SDL_GetTicks              004cccf0 f   libSDLx:SDL_systimer.obj
 0002:00017db0       _SDL_Delay                 004cce30 f   libSDLx:SDL_systimer.obj
 0002:00017e00       _SDL_SYS_TimerInit         004cce80 f   libSDLx:SDL_systimer.obj
 0002:00017ee0       _SDL_SYS_TimerQuit         004ccf60 f   libSDLx:SDL_systimer.obj
 0002:00017f40       _SDL_SYS_StartTimer        004ccfc0 f   libSDLx:SDL_systimer.obj
 0002:00017fa0       _SDL_SYS_StopTimer         004cd020 f   libSDLx:SDL_systimer.obj
 0002:00017fd0       _SDL_InstallParachute      004cd050 f   libSDLx:SDL_fatal.obj
 0002:00018000       _SDL_UninstallParachute    004cd080 f   libSDLx:SDL_fatal.obj
 0002:00018030       _SDL_AllocFormat           004cd0b0 f   libSDLx:SDL_pixels.obj
 0002:000188d0       _SDL_ReallocFormat         004cd950 f   libSDLx:SDL_pixels.obj
 0002:00018970       _SDL_FormatChanged         004cd9f0 f   libSDLx:SDL_pixels.obj
 0002:000189f0       _SDL_FreeFormat            004cda70 f   libSDLx:SDL_pixels.obj
 0002:00018a90       _SDL_DitherColors          004cdb10 f   libSDLx:SDL_pixels.obj
 0002:00018bb0       _SDL_CalculatePitch        004cdc30 f   libSDLx:SDL_pixels.obj
 0002:00018c70       _SDL_FindColor             004cdcf0 f   libSDLx:SDL_pixels.obj
 0002:00018d80       _SDL_MapRGB                004cde00 f   libSDLx:SDL_pixels.obj
 0002:00018e50       _SDL_MapRGBA               004cded0 f   libSDLx:SDL_pixels.obj
 0002:00018f40       _SDL_GetRGBA               004cdfc0 f   libSDLx:SDL_pixels.obj
 0002:00019130       _SDL_GetRGB                004ce1b0 f   libSDLx:SDL_pixels.obj
 0002:000192b0       _SDL_ApplyGamma            004ce330 f   libSDLx:SDL_pixels.obj
 0002:00019380       _SDL_AllocBlitMap          004ce400 f   libSDLx:SDL_pixels.obj
 0002:00019460       _SDL_InvalidateMap         004ce4e0 f   libSDLx:SDL_pixels.obj
 0002:000194f0       _SDL_MapSurface            004ce570 f   libSDLx:SDL_pixels.obj
 0002:00019e10       _SDL_FreeBlitMap           004cee90 f   libSDLx:SDL_pixels.obj
 0002:00019ea0       _SDL_RLEBlit               004cef20 f   libSDLx:SDL_RLEaccel.obj
 0002:00020ea0       _SDL_RLEAlphaBlit          004d5f20 f   libSDLx:SDL_RLEaccel.obj
 0002:00022b80       _SDL_RLESurface            004d7c00 f   libSDLx:SDL_RLEaccel.obj
 0002:00024620       _SDL_UnRLESurface          004d96a0 f   libSDLx:SDL_RLEaccel.obj
 0002:00024fd0       _xfabsf                    004da050 f   libSDLx:SDL_sysjoystick.obj
 0002:00025070       _SDL_SYS_JoystickInit      004da0f0 f   libSDLx:SDL_sysjoystick.obj
 0002:000250b0       _SDL_SYS_JoystickName      004da130 f   libSDLx:SDL_sysjoystick.obj
 0002:000250f0       _SDL_SYS_JoystickOpen      004da170 f   libSDLx:SDL_sysjoystick.obj
 0002:00025310       _SDL_SYS_JoystickUpdate    004da390 f   libSDLx:SDL_sysjoystick.obj
 0002:00025e60       _SDL_SYS_JoystickClose     004daee0 f   libSDLx:SDL_sysjoystick.obj
 0002:00025ec0       _SDL_SYS_JoystickQuit      004daf40 f   libSDLx:SDL_sysjoystick.obj
 0002:00025ef0       _XBInput_RefreshDeviceList 004daf70 f   libSDLx:SDL_sysjoystick.obj
 0002:00026140       _SDL_XBOX_SetScreenPosition 004db1c0 f   libSDLx:SDL_xboxvideo.obj
 0002:000261c0       _SDL_XBOX_SetScreenStretch 004db240 f   libSDLx:SDL_xboxvideo.obj
 0002:00026240       _SDL_XBOX_GetScreenPosition 004db2c0 f   libSDLx:SDL_xboxvideo.obj
 0002:000262a0       _SDL_XBOX_GetScreenStretch 004db320 f   libSDLx:SDL_xboxvideo.obj
 0002:00026300       _SDL_XBOX_SetFlickerFilter 004db380 f   libSDLx:SDL_xboxvideo.obj
 0002:00026360       _SDL_XBOX_SetSoftDisplayFilter 004db3e0 f   libSDLx:SDL_xboxvideo.obj
 0002:00028f10       _SDL_CursorQuit            004ddf90 f   libSDLx:SDL_cursor.obj
 0002:00029000       _SDL_CursorInit            004de080 f   libSDLx:SDL_cursor.obj
 0002:000290b0       _SDL_CreateCursor          004de130 f   libSDLx:SDL_cursor.obj
 0002:00029390       _SDL_SetCursor             004de410 f   libSDLx:SDL_cursor.obj
 0002:000296c0       _SDL_GetCursor             004de740 f   libSDLx:SDL_cursor.obj
 0002:00029700       _SDL_FreeCursor            004de780 f   libSDLx:SDL_cursor.obj
 0002:00029830       _SDL_ShowCursor            004de8b0 f   libSDLx:SDL_cursor.obj
 0002:00029970       _SDL_WarpMouse             004de9f0 f   libSDLx:SDL_cursor.obj
 0002:00029b30       _SDL_MoveCursor            004debb0 f   libSDLx:SDL_cursor.obj
 0002:00029c80       _SDL_CursorPaletteChanged  004ded00 f   libSDLx:SDL_cursor.obj
 0002:00029cc0       _SDL_MouseRect             004ded40 f   libSDLx:SDL_cursor.obj
 0002:00029e60       _SDL_DrawCursorNoLock      004deee0 f   libSDLx:SDL_cursor.obj
 0002:0002ace0       _SDL_DrawCursor            004dfd60 f   libSDLx:SDL_cursor.obj
 0002:0002ae50       _SDL_EraseCursorNoLock     004dfed0 f   libSDLx:SDL_cursor.obj
 0002:0002b1c0       _SDL_EraseCursor           004e0240 f   libSDLx:SDL_cursor.obj
 0002:0002b330       _SDL_ResetCursor           004e03b0 f   libSDLx:SDL_cursor.obj
 0002:0002b3e0       _SDL_revcpy                004e0460 f   libSDLx:SDL_string.obj
 0002:0002b490       _SDL_strlcpy               004e0510 f   libSDLx:SDL_string.obj
 0002:0002b550       _SDL_strlcat               004e05d0 f   libSDLx:SDL_string.obj
 0002:0002b5f0       _SDL_strdup                004e0670 f   libSDLx:SDL_string.obj
 0002:0002b680       _SDL_lltoa                 004e0700 f   libSDLx:SDL_string.obj
 0002:0002b7d0       _SDL_ulltoa                004e0850 f   libSDLx:SDL_string.obj
 0002:0002b8c0       _SDL_strtoull              004e0940 f   libSDLx:SDL_string.obj
 0002:0002bb50       _SDL_snprintf              004e0bd0 f   libSDLx:SDL_string.obj
 0002:0002bbd0       _SDL_vsnprintf             004e0c50 f   libSDLx:SDL_string.obj
 0002:0002c820       _SDL_MouseInit             004e18a0 f   libSDLx:SDL_mouse.obj
 0002:0002c8a0       _SDL_MouseQuit             004e1920 f   libSDLx:SDL_mouse.obj
 0002:0002c8d0       _SDL_ResetMouse            004e1950 f   libSDLx:SDL_mouse.obj
 0002:0002c970       _SDL_GetMouseState         004e19f0 f   libSDLx:SDL_mouse.obj
 0002:0002c9e0       _SDL_GetRelativeMouseState 004e1a60 f   libSDLx:SDL_mouse.obj
 0002:0002ca60       _SDL_SetMouseRange         004e1ae0 f   libSDLx:SDL_mouse.obj
 0002:0002cab0       _SDL_PrivateMouseMotion    004e1b30 f   libSDLx:SDL_mouse.obj
 0002:0002ce80       _SDL_PrivateMouseButton    004e1f00 f   libSDLx:SDL_mouse.obj
 0002:0002d140       _SDL_CreateMutex           004e21c0 f   libSDLx:SDL_sysmutex.obj
 0002:0002d1f0       _SDL_DestroyMutex          004e2270 f   libSDLx:SDL_sysmutex.obj
 0002:0002d270       _SDL_mutexP                004e22f0 f   libSDLx:SDL_sysmutex.obj
 0002:0002d300       _SDL_mutexV                004e2380 f   libSDLx:SDL_sysmutex.obj
 0002:0002d390       _SDL_PrivateResize         004e2410 f   libSDLx:SDL_resize.obj
 0002:0002d530       _SDL_SYS_CreateThread      004e25b0 f   libSDLx:SDL_systhread.obj
 0002:0002d660       _SDL_SYS_SetupThread       004e26e0 f   libSDLx:SDL_systhread.obj
 0002:0002d690       _SDL_ThreadID              004e2710 f   libSDLx:SDL_systhread.obj
 0002:0002d6e0       _SDL_SYS_WaitThread        004e2760 f   libSDLx:SDL_systhread.obj
 0002:0002d740       _SDL_SYS_KillThread        004e27c0 f   libSDLx:SDL_systhread.obj
 0002:0002d7a0       _SDL_QuitInit              004e2820 f   libSDLx:SDL_quit.obj
 0002:0002d7d0       _SDL_QuitQuit              004e2850 f   libSDLx:SDL_quit.obj
 0002:0002d800       _SDL_PrivateQuit           004e2880 f   libSDLx:SDL_quit.obj
 0002:0002d8e0       _SDL_AppActiveInit         004e2960 f   libSDLx:SDL_active.obj
 0002:0002d920       _SDL_AppActiveQuit         004e29a0 f   libSDLx:SDL_active.obj
 0002:0002d950       _SDL_GetAppState           004e29d0 f   libSDLx:SDL_active.obj
 0002:0002d990       _SDL_PrivateAppActive      004e2a10 f   libSDLx:SDL_active.obj
 0002:0002db20       _SDL_ThreadsInit           004e2ba0 f   libSDLx:SDL_thread.obj
 0002:0002db90       _SDL_ThreadsQuit           004e2c10 f   libSDLx:SDL_thread.obj
 0002:0002dc00       _SDL_GetErrBuf             004e2c80 f   libSDLx:SDL_thread.obj
 0002:0002dce0       _SDL_RunThread             004e2d60 f   libSDLx:SDL_thread.obj
 0002:0002dda0       _SDL_CreateThread          004e2e20 f   libSDLx:SDL_thread.obj
 0002:0002e1d0       _SDL_WaitThread            004e3250 f   libSDLx:SDL_thread.obj
 0002:0002e260       _SDL_GetThreadID           004e32e0 f   libSDLx:SDL_thread.obj
 0002:0002e2c0       _SDL_KillThread            004e3340 f   libSDLx:SDL_thread.obj
 0002:0002e330       _SDL_SYS_CDInit            004e33b0 f   libSDLx:SDL_syscdrom.obj
 0002:0002e6f0       _SDL_SYS_CDQuit            004e3770 f   libSDLx:SDL_syscdrom.obj
 0002:0002e8d0       _Remount                   004e3950 f   libSDLx:SDL_syscdrom.obj
 0002:0002eac0       _Mount                     004e3b40 f   libSDLx:SDL_syscdrom.obj
 0002:0002ebf0       _Unmount                   004e3c70 f   libSDLx:SDL_syscdrom.obj
 0002:0002f1d0       _TocValToFrames            004e4250 f i libSDLx:SDL_syscdrom.obj
 0002:0002f230       _MsfToFrames               004e42b0 f i libSDLx:SDL_syscdrom.obj
 0002:0002f290       _TocValToMsf               004e4310 f i libSDLx:SDL_syscdrom.obj
 0002:0002f670       _cdrom_cdda_play           004e46f0 f   libSDLx:SDL_syscdrom.obj
 0002:0002f7b0       _cddapause                 004e4830 f   libSDLx:SDL_syscdrom.obj
 0002:0002f8c0       _cddaprocess               004e4940 f   libSDLx:SDL_syscdrom.obj
 0002:0002fd60       _ReadSectorCDDA            004e4de0 f   libSDLx:SDL_syscdrom.obj
 0002:00030140       _XboxDX_SoundFocus         004e51c0 f   libSDLx:SDL_xboxaudio.obj
 0002:00031030       _SDL_ConvertMono           004e60b0 f   libSDLx:SDL_audiocvt.obj
 0002:000315b0       _SDL_ConvertStrip          004e6630 f   libSDLx:SDL_audiocvt.obj
 0002:00031bc0       _SDL_ConvertStrip_2        004e6c40 f   libSDLx:SDL_audiocvt.obj
 0002:000321d0       _SDL_ConvertStereo         004e7250 f   libSDLx:SDL_audiocvt.obj
 0002:00032390       _SDL_ConvertSurround       004e7410 f   libSDLx:SDL_audiocvt.obj
 0002:000330c0       _SDL_ConvertSurround_4     004e8140 f   libSDLx:SDL_audiocvt.obj
 0002:00033bf0       _SDL_Convert16LSB          004e8c70 f   libSDLx:SDL_audiocvt.obj
 0002:00033d20       _SDL_Convert16MSB          004e8da0 f   libSDLx:SDL_audiocvt.obj
 0002:00033e50       _SDL_Convert8              004e8ed0 f   libSDLx:SDL_audiocvt.obj
 0002:00033f90       _SDL_ConvertSign           004e9010 f   libSDLx:SDL_audiocvt.obj
 0002:00034100       _SDL_ConvertEndian         004e9180 f   libSDLx:SDL_audiocvt.obj
 0002:00034210       _SDL_RateMUL2              004e9290 f   libSDLx:SDL_audiocvt.obj
 0002:000343e0       _SDL_RateMUL2_c2           004e9460 f   libSDLx:SDL_audiocvt.obj
 0002:00034620       _SDL_RateMUL2_c4           004e96a0 f   libSDLx:SDL_audiocvt.obj
 0002:00034920       _SDL_RateMUL2_c6           004e99a0 f   libSDLx:SDL_audiocvt.obj
 0002:00034ce0       _SDL_RateDIV2              004e9d60 f   libSDLx:SDL_audiocvt.obj
 0002:00034e80       _SDL_RateDIV2_c2           004e9f00 f   libSDLx:SDL_audiocvt.obj
 0002:00035050       _SDL_RateDIV2_c4           004ea0d0 f   libSDLx:SDL_audiocvt.obj
 0002:00035280       _SDL_RateDIV2_c6           004ea300 f   libSDLx:SDL_audiocvt.obj
 0002:00035510       _SDL_RateSLOW              004ea590 f   libSDLx:SDL_audiocvt.obj
 0002:00035830       _SDL_ConvertAudio          004ea8b0 f   libSDLx:SDL_audiocvt.obj
 0002:000358f0       _SDL_BuildAudioCVT         004ea970 f   libSDLx:SDL_audiocvt.obj
 0002:000360c0       _SDL_CalculateBlit         004eb140 f   libSDLx:SDL_blit.obj
 0002:00036b20       _XBOX_PumpEvents           004ebba0 f   libSDLx:SDL_xboxevents.obj
 0002:00036b70       _XBOX_InitOSKeymap         004ebbf0 f   libSDLx:SDL_xboxevents.obj
 0002:00037340       _XBInput_GetKeyboardInput  004ec3c0 f   libSDLx:SDL_xboxevents.obj
 0002:000378c0       _Mouse_RefreshDeviceList   004ec940 f   libSDLx:SDL_xboxevents.obj
 0002:00037ad0       _SDL_CreateSemaphore       004ecb50 f   libSDLx:SDL_syssem.obj
 0002:00037ba0       _SDL_DestroySemaphore      004ecc20 f   libSDLx:SDL_syssem.obj
 0002:00037c20       _SDL_SemWaitTimeout        004ecca0 f   libSDLx:SDL_syssem.obj
 0002:00037d20       _SDL_SemTryWait            004ecda0 f   libSDLx:SDL_syssem.obj
 0002:00037d70       _SDL_SemWait               004ecdf0 f   libSDLx:SDL_syssem.obj
 0002:00037dc0       _SDL_SemValue              004ece40 f   libSDLx:SDL_syssem.obj
 0002:00037e30       _SDL_SemPost               004eceb0 f   libSDLx:SDL_syssem.obj
 0002:0003ad40       _SDL_CalculateBlitN        004efdc0 f   libSDLx:SDL_blit_N.obj
 0002:00047210       _SDL_CalculateBlit1        004fc290 f   libSDLx:SDL_blit_1.obj
 0002:0004bc10       _SDL_CalculateBlit0        00500c90 f   libSDLx:SDL_blit_0.obj
 0002:0004c9b0       _SDL_HasRDTSC              00501a30 f   libSDLx:SDL_cpuinfo.obj
 0002:0004cf90       _SDL_HasMMX                00502010 f   libSDLx:SDL_cpuinfo.obj
 0002:0004cff0       _SDL_HasMMXExt             00502070 f   libSDLx:SDL_cpuinfo.obj
 0002:0004d050       _SDL_Has3DNow              005020d0 f   libSDLx:SDL_cpuinfo.obj
 0002:0004d0b0       _SDL_Has3DNowExt           00502130 f   libSDLx:SDL_cpuinfo.obj
 0002:0004d110       _SDL_HasSSE                00502190 f   libSDLx:SDL_cpuinfo.obj
 0002:0004d170       _SDL_HasSSE2               005021f0 f   libSDLx:SDL_cpuinfo.obj
 0002:0004d1d0       _SDL_HasAltiVec            00502250 f   libSDLx:SDL_cpuinfo.obj
 0002:0004d230       _SDL_CalculateAlphaBlit    005022b0 f   libSDLx:SDL_blit_A.obj
 0002:00058a60       _IMG_Linked_Version        0050dae0 f   SDL_Image:IMG.obj
 0002:00058ab0       _IMG_Init                  0050db30 f   SDL_Image:IMG.obj
 0002:00058bd0       _IMG_Quit                  0050dc50 f   SDL_Image:IMG.obj
 0002:00058c70       _IMG_Load                  0050dcf0 f   SDL_Image:IMG.obj
 0002:00058d20       _IMG_Load_RW               0050dda0 f   SDL_Image:IMG.obj
 0002:00058d80       _IMG_LoadTyped_RW          0050de00 f   SDL_Image:IMG.obj
 0002:00059040       _IMG_InvertAlpha           0050e0c0 f   SDL_Image:IMG.obj
 0002:00059080       _IMG_InitWEBP              0050e100 f   SDL_Image:IMG_webp.obj
 0002:000590e0       _IMG_QuitWEBP              0050e160 f   SDL_Image:IMG_webp.obj
 0002:00059110       _IMG_isWEBP                0050e190 f   SDL_Image:IMG_webp.obj
 0002:00059140       _IMG_LoadWEBP_RW           0050e1c0 f   SDL_Image:IMG_webp.obj
 0002:00059170       _IMG_isXV                  0050e1f0 f   SDL_Image:IMG_xv.obj
 0002:000591a0       _IMG_LoadXV_RW             0050e220 f   SDL_Image:IMG_xv.obj
 0002:000591d0       _IMG_isXPM                 0050e250 f   SDL_Image:IMG_xpm.obj
 0002:00059300       _IMG_LoadXPM_RW            0050e380 f   SDL_Image:IMG_xpm.obj
 0002:0005a570       _IMG_ReadXPMFromArray      0050f5f0 f   SDL_Image:IMG_xpm.obj
 0002:0005a5c0       _IMG_isXCF                 0050f640 f   SDL_Image:IMG_xcf.obj
 0002:0005a5f0       _IMG_LoadXCF_RW            0050f670 f   SDL_Image:IMG_xcf.obj
 0002:0005a620       _IMG_InitTIF               0050f6a0 f   SDL_Image:IMG_tif.obj
 0002:0005a680       _IMG_QuitTIF               0050f700 f   SDL_Image:IMG_tif.obj
 0002:0005a6b0       _IMG_isTIF                 0050f730 f   SDL_Image:IMG_tif.obj
 0002:0005a6e0       _IMG_LoadTIF_RW            0050f760 f   SDL_Image:IMG_tif.obj
 0002:0005a710       _IMG_isPNM                 0050f790 f   SDL_Image:IMG_pnm.obj
 0002:0005a840       _IMG_LoadPNM_RW            0050f8c0 f   SDL_Image:IMG_pnm.obj
 0002:0005b100       _IMG_InitPNG               00510180 f   SDL_Image:IMG_png.obj
 0002:0005b230       _IMG_QuitPNG               005102b0 f   SDL_Image:IMG_png.obj
 0002:0005b280       _IMG_isPNG                 00510300 f   SDL_Image:IMG_png.obj
 0002:0005b3c0       _IMG_LoadPNG_RW            00510440 f   SDL_Image:IMG_png.obj
 0002:0005bf00       _IMG_isPCX                 00510f80 f   SDL_Image:IMG_pcx.obj
 0002:0005c070       _IMG_LoadPCX_RW            005110f0 f   SDL_Image:IMG_pcx.obj
 0002:0005cc00       _IMG_isLBM                 00511c80 f   SDL_Image:IMG_lbm.obj
 0002:0005cd60       _IMG_LoadLBM_RW            00511de0 f   SDL_Image:IMG_lbm.obj
 0002:0005e400       _IMG_InitJPG               00513480 f   SDL_Image:IMG_jpg.obj
 0002:0005e4c0       _IMG_QuitJPG               00513540 f   SDL_Image:IMG_jpg.obj
 0002:0005e510       _IMG_isJPG                 00513590 f   SDL_Image:IMG_jpg.obj
 0002:0005e810       _IMG_LoadJPG_RW            00513890 f   SDL_Image:IMG_jpg.obj
 0002:0005efd0       _IMG_isGIF                 00514050 f   SDL_Image:IMG_gif.obj
 0002:0005f130       _IMG_LoadGIF_RW            005141b0 f   SDL_Image:IMG_gif.obj
 0002:00060880       _IMG_isBMP                 00515900 f   SDL_Image:IMG_bmp.obj
 0002:000609b0       _IMG_isICO                 00515a30 f   SDL_Image:IMG_bmp.obj
 0002:00060b10       _IMG_isCUR                 00515b90 f   SDL_Image:IMG_bmp.obj
 0002:00060b60       _IMG_LoadBMP_RW            00515be0 f   SDL_Image:IMG_bmp.obj
 0002:00061ff0       _IMG_LoadICO_RW            00517070 f   SDL_Image:IMG_bmp.obj
 0002:00062e80       _IMG_LoadCUR_RW            00517f00 f   SDL_Image:IMG_bmp.obj
 0002:00062ee0       _IMG_LoadTGA_RW            00517f60 f   SDL_Image:IMG_tga.obj
 0002:00063d00       _jpeg_std_error            00518d80 f   SDL_Image:jerror.obj
 0002:00064220       _jpeg_start_decompress     005192a0 f   SDL_Image:jdapistd.obj
 0002:00064620       _jpeg_read_scanlines       005196a0 f   SDL_Image:jdapistd.obj
 0002:000647e0       _jpeg_read_raw_data        00519860 f   SDL_Image:jdapistd.obj
 0002:000649b0       _jpeg_start_output         00519a30 f   SDL_Image:jdapistd.obj
 0002:00064ab0       _jpeg_finish_output        00519b30 f   SDL_Image:jdapistd.obj
 0002:00064c10       _jpeg_resync_to_restart    00519c90 f   SDL_Image:jdmarker.obj
 0002:00065130       _jinit_marker_reader       0051a1b0 f   SDL_Image:jdmarker.obj
 0002:00068ab0       _jpeg_save_markers         0051db30 f   SDL_Image:jdmarker.obj
 0002:00069170       _jpeg_set_marker_processor 0051e1f0 f   SDL_Image:jdmarker.obj
 0002:00069240       _jpeg_CreateDecompress     0051e2c0 f   SDL_Image:jdapimin.obj
 0002:00069490       _jpeg_destroy_decompress   0051e510 f   SDL_Image:jdapimin.obj
 0002:000694e0       _jpeg_abort_decompress     0051e560 f   SDL_Image:jdapimin.obj
 0002:00069530       _jpeg_read_header          0051e5b0 f   SDL_Image:jdapimin.obj
 0002:00069670       _jpeg_consume_input        0051e6f0 f   SDL_Image:jdapimin.obj
 0002:00069c90       _jpeg_input_complete       0051ed10 f   SDL_Image:jdapimin.obj
 0002:00069d40       _jpeg_has_multiple_scans   0051edc0 f   SDL_Image:jdapimin.obj
 0002:00069df0       _jpeg_finish_decompress    0051ee70 f   SDL_Image:jdapimin.obj
 0002:00069fb0       _jpeg_calc_output_dimensions 0051f030 f   SDL_Image:jdmaster.obj
 0002:0006a590       _jpeg_new_colormap         0051f610 f   SDL_Image:jdmaster.obj
 0002:0006a6c0       _jinit_master_decompress   0051f740 f   SDL_Image:jdmaster.obj
 0002:0006b190       _jpeg_abort                00520210 f   SDL_Image:jcomapi.obj
 0002:0006b260       _jpeg_destroy              005202e0 f   SDL_Image:jcomapi.obj
 0002:0006b2f0       _jpeg_alloc_quant_table    00520370 f   SDL_Image:jcomapi.obj
 0002:0006b370       _jpeg_alloc_huff_table     005203f0 f   SDL_Image:jcomapi.obj
 0002:0006b3f0       _jdiv_round_up             00520470 f   SDL_Image:jutils.obj
 0002:0006b430       _jround_up                 005204b0 f   SDL_Image:jutils.obj
 0002:0006b480       _jcopy_sample_rows         00520500 f   SDL_Image:jutils.obj
 0002:0006b550       _jcopy_block_row           005205d0 f   SDL_Image:jutils.obj
 0002:0006b5b0       _jzero_far                 00520630 f   SDL_Image:jutils.obj
 0002:0006b610       _jinit_input_controller    00520690 f   SDL_Image:jdinput.obj
 0002:0006c400       _jinit_memory_mgr          00521480 f   SDL_Image:jmemmgr.obj
 0002:0006e0c0       _jinit_d_main_controller   00523140 f   SDL_Image:jdmainct.obj
 0002:0006eec0       _jinit_d_coef_controller   00523f40 f   SDL_Image:jdcoefct.obj
 0002:00070dc0       _jpeg_make_d_derived_tbl   00525e40 f   SDL_Image:jdhuff.obj
 0002:00071360       _jpeg_fill_bit_buffer      005263e0 f   SDL_Image:jdhuff.obj
 0002:000715e0       _jpeg_huff_decode          00526660 f   SDL_Image:jdhuff.obj
 0002:000717c0       _jinit_huff_decoder        00526840 f   SDL_Image:jdhuff.obj
 0002:00072630       _jinit_phuff_decoder       005276b0 f   SDL_Image:jdphuff.obj
 0002:00074190       _jinit_inverse_dct         00529210 f   SDL_Image:jddctmgr.obj
 0002:00074710       _jinit_d_post_controller   00529790 f   SDL_Image:jdpostct.obj
 0002:00074ee0       _jinit_upsampler           00529f60 f   SDL_Image:jdsample.obj
 0002:00075db0       _jinit_color_deconverter   0052ae30 f   SDL_Image:jdcolor.obj
 0002:00076a70       _jinit_merged_upsampler    0052baf0 f   SDL_Image:jdmerge.obj
 0002:00077850       _jinit_2pass_quantizer     0052c8d0 f   SDL_Image:jquant2.obj
 0002:0007a400       _jinit_1pass_quantizer     0052f480 f   SDL_Image:jquant1.obj
 0002:0007bd50       _jpeg_get_small            00530dd0 f   SDL_Image:jmemansi.obj
 0002:0007bda0       _jpeg_free_small           00530e20 f   SDL_Image:jmemansi.obj
 0002:0007bdf0       _jpeg_get_large            00530e70 f   SDL_Image:jmemansi.obj
 0002:0007be40       _jpeg_free_large           00530ec0 f   SDL_Image:jmemansi.obj
 0002:0007be90       _jpeg_mem_available        00530f10 f   SDL_Image:jmemansi.obj
 0002:0007bed0       _jpeg_open_backing_store   00530f50 f   SDL_Image:jmemansi.obj
 0002:0007c1c0       _jpeg_mem_init             00531240 f   SDL_Image:jmemansi.obj
 0002:0007c200       _jpeg_mem_term             00531280 f   SDL_Image:jmemansi.obj
 0002:0007c230       _jpeg_idct_float           005312b0 f   SDL_Image:jidctflt.obj
 0002:0007cca0       _jpeg_idct_ifast           00531d20 f   SDL_Image:jidctfst.obj
 0002:0007d750       _jpeg_idct_islow           005327d0 f   SDL_Image:jidctint.obj
 0002:0007e340       _jpeg_idct_4x4             005333c0 f   SDL_Image:jidctred.obj
 0002:0007e9a0       _jpeg_idct_2x2             00533a20 f   SDL_Image:jidctred.obj
 0002:0007ed90       _jpeg_idct_1x1             00533e10 f   SDL_Image:jidctred.obj
 0002:0007ee4b       _mainXapiStartup@4         00533ecb f   xapilibd:xapi0.obj
 0002:0007eeeb       _mainCRTStartup            00533f6b f   xapilibd:xapi0.obj
 0002:0007ef79       _XboxTimeZoneNameToWstr@8  00533ff9 f i xapilibd:datetime.obj
 0002:0007efa4       _XboxTimeZoneDateToSystemTime@8 00534024 f i xapilibd:datetime.obj
 0002:0007efec       _XapipQueryTimeZoneInformation@8 0053406c f   xapilibd:datetime.obj
 0002:0007f0c0       _XapipUseDaylightSavingTime@0 00534140 f   xapilibd:datetime.obj
 0002:0007f0f7       _GetSystemTime@4           00534177 f   xapilibd:datetime.obj
 0002:0007f174       _GetTickCount@0            005341f4 f   xapilibd:datetime.obj
 0002:0007f17e       _FileTimeToSystemTime@8    005341fe f   xapilibd:datetime.obj
 0002:0007f221       _SystemTimeToFileTime@8    005342a1 f   xapilibd:datetime.obj
 0002:0007f2b3       _CompareFileTime@8         00534333 f   xapilibd:datetime.obj
 0002:0007f2fa       _RtlpCutoverTimeToSystemTime@16 0053437a f   xapilibd:datetime.obj
 0002:0007f586       _GetTimeZoneInformation@4  00534606 f   xapilibd:datetime.obj
 0002:0007f739       _XapipGetTimeZoneBias@4    005347b9 f   xapilibd:datetime.obj
 0002:0007f7a9       _GetLocalTime@4            00534829 f   xapilibd:datetime.obj
 0002:0007f847       _FileTimeToLocalFileTime@8 005348c7 f   xapilibd:datetime.obj
 0002:0007f87c       _LocalFileTimeToFileTime@8 005348fc f   xapilibd:datetime.obj
 0002:0007f8b1       _QueryPerformanceCounter@4 00534931 f   xapilibd:perfctr.obj
 0002:0007f8c6       _QueryPerformanceFrequency@4 00534946 f   xapilibd:perfctr.obj
 0002:0007f8e2       _CreateEventA@16           00534962 f   xapilibd:synch.obj
 0002:0007f95b       _OpenEventA@12             005349db f   xapilibd:synch.obj
 0002:0007f9ce       _SetEvent@4                00534a4e f   xapilibd:synch.obj
 0002:0007f9f9       _ResetEvent@4              00534a79 f   xapilibd:synch.obj
 0002:0007fa22       _PulseEvent@4              00534aa2 f   xapilibd:synch.obj
 0002:0007fa4d       _CreateSemaphoreA@16       00534acd f   xapilibd:synch.obj
 0002:0007fabe       _OpenSemaphoreA@12         00534b3e f   xapilibd:synch.obj
 0002:0007fb31       _ReleaseSemaphore@12       00534bb1 f   xapilibd:synch.obj
 0002:0007fb61       _CreateMutexA@12           00534be1 f   xapilibd:synch.obj
 0002:0007fbcf       _OpenMutexA@12             00534c4f f   xapilibd:synch.obj
 0002:0007fc42       _ReleaseMutex@4            00534cc2 f   xapilibd:synch.obj
 0002:0007fc6d       _WaitForSingleObjectEx@12  00534ced f   xapilibd:synch.obj
 0002:0007fcc2       _SignalObjectAndWait@16    00534d42 f   xapilibd:synch.obj
 0002:0007fd1a       _WaitForMultipleObjectsEx@20 00534d9a f   xapilibd:synch.obj
 0002:0007fdba       _SleepEx@8                 00534e3a f   xapilibd:synch.obj
 0002:0007fe20       _CreateWaitableTimerA@12   00534ea0 f   xapilibd:synch.obj
 0002:0007fe95       _OpenWaitableTimerA@12     00534f15 f   xapilibd:synch.obj
 0002:0007ff08       _SetWaitableTimer@24       00534f88 f   xapilibd:synch.obj
 0002:0007ff5f       _CancelWaitableTimer@4     00534fdf f   xapilibd:synch.obj
 0002:0007ff8a       _WaitForSingleObject@8     0053500a f   xapilibd:synch.obj
 0002:0007ffa3       _WaitForMultipleObjects@16 00535023 f   xapilibd:synch.obj
 0002:0007ffc3       _Sleep@4                   00535043 f   xapilibd:synch.obj
 0002:0007ffd8       _XapiMmTimerThread@4       00535058 f   xapilibd:mmtimer.obj
 0002:00080262       _timeSetEvent@20           005352e2 f   xapilibd:mmtimer.obj
 0002:00080408       _timeKillEvent@4           00535488 f   xapilibd:mmtimer.obj
 0002:00080495       _timeGetSystemTime@8       00535515 f   xapilibd:mmtimer.obj
 0002:000804c3       _XGetVideoStandard@0       00535543 f   xapilibd:xgetvideostandard.obj
 0002:000804f6       _XGetVideoFlags@0          00535576 f   xapilibd:xgetvideoflags.obj
 0002:00080551       _CloseHandle@4             005355d1 f   xapilibd:handle.obj
 0002:0008057a       _DuplicateHandle@28        005355fa f   xapilibd:handle.obj
 0002:000805aa       _XapiCallThreadNotifyRoutines@4 0053562a f   xapilibd:thread.obj
 0002:000805f3       _SetThreadPriority@8       00535673 f   xapilibd:thread.obj
 0002:00080659       _GetThreadPriority@4       005356d9 f   xapilibd:thread.obj
 0002:000806c2       _SetThreadPriorityBoost@8  00535742 f   xapilibd:thread.obj
 0002:00080719       _GetThreadPriorityBoost@8  00535799 f   xapilibd:thread.obj
 0002:0008076a       _SuspendThread@4           005357ea f   xapilibd:thread.obj
 0002:00080799       _ResumeThread@4            00535819 f   xapilibd:thread.obj
 0002:000807c8       _RaiseException@16         00535848 f   xapilibd:thread.obj
 0002:00080833       _XapiDispatchAPC@12        005358b3 f   xapilibd:thread.obj
 0002:00080843       _QueueUserAPC@12           005358c3 f   xapilibd:thread.obj
 0002:00080872       _SwitchToThread@0          005358f2 f   xapilibd:thread.obj
 0002:00080890       _ExitThread@4              00535910 f   xapilibd:thread.obj
 0002:000808b4       _GetExitCodeThread@8       00535934 f   xapilibd:thread.obj
 0002:00080921       _SetUnhandledExceptionFilter@4 005359a1 f   xapilibd:thread.obj
 0002:0008093b       _GetThreadTimes@20         005359bb f   xapilibd:thread.obj
 0002:000809e6       _XRegisterThreadNotifyRoutine@8 00535a66 f   xapilibd:thread.obj
 0002:00080a42       _XSetProcessQuantumLength@4 00535ac2 f   xapilibd:thread.obj
 0002:00080a84       _XGetProcessQuantumLength@0 00535b04 f   xapilibd:thread.obj
 0002:00080ae5       _UnhandledExceptionFilter@4 00535b65 f   xapilibd:thread.obj
 0002:00080b6d       _XapiThreadStartup@8       00535bed f   xapilibd:thread.obj
 0002:00080cf5       _CreateThread@24           00535d75 f   xapilibd:thread.obj
 0002:00080d7e       _GetCurrentThreadId@0      00535dfe f   xapilibd:thread.obj
 0002:00080d8e       _ReadFile@20               00535e0e f   xapilibd:filehops.obj
 0002:00080eb6       _WriteFile@20              00535f36 f   xapilibd:filehops.obj
 0002:00080fc1       _SetEndOfFile@4            00536041 f   xapilibd:filehops.obj
 0002:00081066       _SetFilePointer@16         005360e6 f   xapilibd:filehops.obj
 0002:000811b2       _SetFilePointerEx@20       00536232 f   xapilibd:filehops.obj
 0002:000812bd       _GetFileInformationByHandle@8 0053633d f   xapilibd:filehops.obj
 0002:000813cc       _GetFileTime@16            0053644c f   xapilibd:filehops.obj
 0002:0008144b       _SetFileTime@16            005364cb f   xapilibd:filehops.obj
 0002:000814d9       _FlushFileBuffers@4        00536559 f   xapilibd:filehops.obj
 0002:00081509       _GetFileSizeEx@8           00536589 f   xapilibd:filehops.obj
 0002:00081556       _ReadFileEx@20             005365d6 f   xapilibd:filehops.obj
 0002:000815bb       _WriteFileEx@20            0053663b f   xapilibd:filehops.obj
 0002:00081620       _DeviceIoControl@32        005366a0 f   xapilibd:filehops.obj
 0002:0008175d       _ReadFileScatter@20        005367dd f   xapilibd:filehops.obj
 0002:00081885       _WriteFileGather@20        00536905 f   xapilibd:filehops.obj
 0002:00081990       _XGetFilePhysicalSortKey@4 00536a10 f   xapilibd:filehops.obj
 0002:00081a60       _GetFileSize@8             00536ae0 f   xapilibd:filehops.obj
 0002:00081aa9       _XAutoPowerDownResetTimer@0 00536b29 f   xapilibd:powerdwn.obj
 0002:00081acd       _XAutoPowerDownTimeRemaining@0 00536b4d f   xapilibd:powerdwn.obj
 0002:00081b3d       _XapiAutoPowerDownTimeout@16 00536bbd f   xapilibd:powerdwn.obj
 0002:00081b53       _XapiInitAutoPowerDown@0   00536bd3 f   xapilibd:powerdwn.obj
 0002:00081bfd       _XapiValidateDiskPartitionEx@8 00536c7d f   xapilibd:xapiinit.obj
 0002:00081c93       _XapiCopySectionToFile@16  00536d13 f   xapilibd:xapiinit.obj
 0002:00081e15       _XapiMapLetterToDirectory@24 00536e95 f   xapilibd:xapiinit.obj
 0002:00082349       _XapiSetupPerTitleDriveLetters@8 005373c9 f   xapilibd:xapiinit.obj
 0002:000823b3       _XapiBootToDash@12         00537433 f   xapilibd:xapiinit.obj
 0002:00082431       _XapiValidateDiskPartition@4 005374b1 f   xapilibd:xapiinit.obj
 0002:0008244a       _XapiInitProcess@0         005374ca f   xapilibd:xapiinit.obj
 0002:000826ed       __cinit@0                  0053776d f   xapilibd:xapi0dat.obj
 0002:00082740       __rtinit@0                 005377c0 f   xapilibd:xapi0dat.obj
 0002:0008278c       _GetLastError@0            0053780c f   xapilibd:error.obj
 0002:000827da       _SetLastError@4            0053785a f   xapilibd:error.obj
 0002:00082834       _XapiSetLastNTError@4      005378b4 f   xapilibd:error.obj
 0002:00082857       _CreateIoCompletionPort@16 005378d7 f   xapilibd:error.obj
 0002:00082906       _PostQueuedCompletionStatus@16 00537986 f   xapilibd:error.obj
 0002:0008293f       _GetQueuedCompletionStatus@20 005379bf f   xapilibd:error.obj
 0002:000829cd       _GetOverlappedResult@16    00537a4d f   xapilibd:error.obj
 0002:00082a52       _XapiRestrictCodeSelectorLimit@0 00537ad2 f   xapilibd:krnlptch.obj
 0002:00082acf       _XapiApplyKernelPatches@0  00537b4f f   xapilibd:krnlptch.obj
 0002:00082bc6       _XQueryValue@20            00537c46 f   xapilibd:xqueryvalue.obj
 0002:00082bf0       _XapiFormatObjectAttributes@12 00537c70 f   xapilibd:support.obj
 0002:00082c23       _XapiFormatTimeOut@8       00537ca3 f   xapilibd:support.obj
 0002:00082c5f       _OutputDebugStringA@4      00537cdf f   xapilibd:outputdebugstringa.obj
 0002:00082c9d       _vXDebugPrint@16           00537d1d f   xapilibd:outputdebugstringa.obj
 0002:00082d1f       _XDebugPrint               00537d9f f   xapilibd:outputdebugstringa.obj
 0002:00082d3b       _XDebugError               00537dbb f   xapilibd:outputdebugstringa.obj
 0002:00082d56       _XDebugWarning             00537dd6 f   xapilibd:outputdebugstringa.obj
 0002:00082d71       _XDebugTrace               00537df1 f   xapilibd:outputdebugstringa.obj
 0002:00082d8c       _XDebugEntry               00537e0c f   xapilibd:outputdebugstringa.obj
 0002:00082da7       _XDebugExit                00537e27 f   xapilibd:outputdebugstringa.obj
 0002:00082e14       _XGetAVPack@0              00537e94 f   xapilibd:xgetavpack.obj
 0002:00082e1e       _XGetSectionHandleA@4      00537e9e f   xapilibd:xemodule.obj
 0002:00082ebb       _XLoadSectionByHandle@4    00537f3b f   xapilibd:xemodule.obj
 0002:00082f1b       _XFreeSectionByHandle@4    00537f9b f   xapilibd:xemodule.obj
 0002:00082f7a       _XLoadSectionA@4           00537ffa f   xapilibd:xemodule.obj
 0002:00082fbc       _XFreeSectionA@4           0053803c f   xapilibd:xemodule.obj
 0002:00082ffe       _XGetSectionSize@4         0053807e f   xapilibd:xemodule.obj
 0002:00083044       _lstrcmpA@8                005380c4 f   xapilibd:lcompata.obj
 0002:000830c1       _lstrcmpiA@8               00538141 f   xapilibd:lcompata.obj
 0002:00083117       _lstrcpyA@8                00538197 f   xapilibd:lcompata.obj
 0002:00083164       _lstrcpynA@12              005381e4 f   xapilibd:lcompata.obj
 0002:000831e2       _lstrcatA@8                00538262 f   xapilibd:lcompata.obj
 0002:00083252       _lstrlenA@4                005382d2 f   xapilibd:lcompata.obj
 0002:0008329f       _XLaunchNewImageA@8        0053831f f   xapilibd:launch.obj
 0002:000832f1       _XWriteTitleInfoNoReboot@24 00538371 f   xapilibd:launch.obj
 0002:0008340a       _XGetLaunchInfo@8          0053848a f   xapilibd:launch.obj
 0002:000834e6       _XWriteTitleInfoAndRebootA@20 00538566 f   xapilibd:launch.obj
 0002:00083561       _BuildUpdateFilePath@12    005385e1 f   xapilibd:bootutil.obj
 0002:000835bd       _XapipUpdateMountDashPartition@0 0053863d f   xapilibd:bootutil.obj
 0002:0008365b       _XoUpdateLoadXBEInfo@8     005386db f   xapilibd:bootutil.obj
 0002:0008375a       _XoRebootToUpdaterWhilePreservingDDrive@12 005387da f   xapilibd:bootutil.obj
 0002:00083850       _XoUpdateGetSavedDataFromLaunchPage@12 005388d0 f   xapilibd:bootutil.obj
 0002:0008391f       _XapipUpdateGetCurrentDDriveMapping@8 0053899f f   xapilibd:bootutil.obj
 0002:00083a15       _XapipUpdateSaveDDriveMappingToLaunchPage@8 00538a95 f   xapilibd:bootutil.obj
 0002:00083b19       _XapipUpdateDetectAndVerify@16 00538b99 f   xapilibd:bootutil.obj
 0002:00083db5       _XapipUpdateDashIfNecessary@4 00538e35 f   xapilibd:bootutil.obj
 0002:00083e6d       _XapipLaunchNewImageInternal@16 00538eed f   xapilibd:bootutil.obj
 0002:000840b1       _XapipUpdateRebootIfNecessary@0 00539131 f   xapilibd:bootutil.obj
 0002:00084379       _XGetParentalControlSetting@0 005393f9 f   xapilibd:xgetparentalcontrolsetting.obj
 0002:000843a7       _GetDiskFreeSpaceExA@16    00539427 f   xapilibd:pathmisc.obj
 0002:000844f2       _GetVolumeInformationA@32  00539572 f   xapilibd:pathmisc.obj
 0002:000847f9       _XapiSelectCachePartition@12 00539879 f   xapilibd:pathmisc.obj
 0002:00084b6e       _XMountUtilityDrive@4      00539bee f   xapilibd:pathmisc.obj
 0002:00084ce2       _XFormatUtilityDrive@0     00539d62 f   xapilibd:pathmisc.obj
 0002:00084db0       _XMountSecondaryUtilityDrive@0 00539e30 f   xapilibd:pathmisc.obj
 0002:00085111       _XSwapUtilityDrives@0      0053a191 f   xapilibd:pathmisc.obj
 0002:000853d4       _XFormatSecondaryUtilityDrive@0 0053a454 f   xapilibd:pathmisc.obj
 0002:000854a2       _XMountAlternateTitleA@12  0053a522 f   xapilibd:pathmisc.obj
 0002:000857be       _XUnmountAlternateTitleA@4 0053a83e f   xapilibd:pathmisc.obj
 0002:00085852       _XGetDiskClusterSizeA@4    0053a8d2 f   xapilibd:pathmisc.obj
 0002:00085960       _XGetDiskSectorSizeA@4     0053a9e0 f   xapilibd:pathmisc.obj
 0002:00085a62       _XMUNameFromDriveLetter@12 0053aae2 f   xapilibd:pathmisc.obj
 0002:00085b8b       _HeapCreate@12             0053ac0b f   xapilibd:xapiheap.obj
 0002:00085bed       _HeapDestroy@4             0053ac6d f   xapilibd:xapiheap.obj
 0002:00085c13       _HeapFree@12               0053ac93 f   xapilibd:xapiheap.obj
 0002:00085c31       _HeapValidate@12           0053acb1 f   xapilibd:xapiheap.obj
 0002:00085c4f       _GetProcessHeap@0          0053accf f   xapilibd:xapiheap.obj
 0002:00085c55       _HeapCompact@8             0053acd5 f   xapilibd:xapiheap.obj
 0002:00085c60       _HeapLock@4                0053ace0 f   xapilibd:xapiheap.obj
 0002:00085c76       _HeapUnlock@4              0053acf6 f   xapilibd:xapiheap.obj
 0002:00085c8c       _HeapWalk@8                0053ad0c f   xapilibd:xapiheap.obj
 0002:00085da0       _LocalAlloc@8              0053ae20 f   xapilibd:xapiheap.obj
 0002:00085de3       _LocalReAlloc@12           0053ae63 f   xapilibd:xapiheap.obj
 0002:00085e3b       _LocalSize@4               0053aebb f   xapilibd:xapiheap.obj
 0002:00085e57       _LocalFree@4               0053aed7 f   xapilibd:xapiheap.obj
 0002:00085e7f       _LocalLock@4               0053aeff f   xapilibd:xapiheap.obj
 0002:00085e8b       _LocalHandle@4             0053af0b f   xapilibd:xapiheap.obj
 0002:00085e97       _LocalUnlock@4             0053af17 f   xapilibd:xapiheap.obj
 0002:00085e9d       _GlobalAlloc@8             0053af1d f   xapilibd:xapiheap.obj
 0002:00085ee0       _GlobalReAlloc@12          0053af60 f   xapilibd:xapiheap.obj
 0002:00085f38       _XSetAttributesOnHeapAlloc@8 0053afb8 f   xapilibd:xapiheap.obj
 0002:00085f4c       _XGetAttributesOnHeapAlloc@4 0053afcc f   xapilibd:xapiheap.obj
 0002:0008601a       _RtlZeroHeap@8             0053b09a f   xapilibd:heap.obj
 0002:000861ce       _RtlpCreateUnCommittedRange@4 0053b24e f   xapilibd:heap.obj
 0002:0008637e       _RtlpDestroyUnCommittedRange@8 0053b3fe f   xapilibd:heap.obj
 0002:000863f3       _RtlpInsertUnCommittedPages@12 0053b473 f   xapilibd:heap.obj
 0002:0008650c       _RtlpFindAndCommitPages@16 0053b58c f   xapilibd:heap.obj
 0002:0008676f       _RtlpDestroyHeapSegment@4  0053b7ef f   xapilibd:heap.obj
 0002:000867f8       _RtlpCoalesceFreeBlocks@16 0053b878 f   xapilibd:heap.obj
 0002:00086e1b       _RtlpInsertFreeBlock@12    0053be9b f   xapilibd:heap.obj
 0002:0008702d       _RtlpGetExtraStuffPointer@4 0053c0ad f   xapilibd:heap.obj
 0002:00087053       _RtlpGetSizeOfBigBlock@4   0053c0d3 f   xapilibd:heap.obj
 0002:000870b3       _RtlpCheckBusyBlockTail@4  0053c133 f   xapilibd:heap.obj
 0002:00087180       _RtlpCheckHeapSignature@8  0053c200 f   xapilibd:heap.obj
 0002:000871e9       _RtlpValidateHeapHeaders@8 0053c269 f   xapilibd:heap.obj
 0002:000872fa       _RtlpValidateHeapSegment@32 0053c37a f   xapilibd:heap.obj
 0002:000875da       _RtlpValidateHeapEntry@12  0053c65a f   xapilibd:heap.obj
 0002:000876cb       _RtlpValidateHeap@8        0053c74b f   xapilibd:heap.obj
 0002:00087b0b       _RtlDebugWalkHeap@8        0053cb8b f   xapilibd:heap.obj
 0002:00087b66       _RtlWalkHeap@8             0053cbe6 f   xapilibd:heap.obj
 0002:00087e5c       _RtlLockHeap@4             0053cedc f   xapilibd:heap.obj
 0002:00087ee0       _RtlUnlockHeap@4           0053cf60 f   xapilibd:heap.obj
 0002:00087f64       _RtlValidateHeap@12        0053cfe4 f   xapilibd:heap.obj
 0002:00088037       _RtlDebugCompactHeap@8     0053d0b7 f   xapilibd:heap.obj
 0002:00088110       _RtlDestroyHeap@4          0053d190 f   xapilibd:heap.obj
 0002:0008821e       _RtlpGrowBlockInPlace@20   0053d29e f   xapilibd:heap.obj
 0002:00088ab7       _RtlSizeHeap@12            0053db37 f   xapilibd:heap.obj
 0002:00088af4       _RtlpInitializeHeapSegment@28 0053db74 f   xapilibd:heap.obj
 0002:00088ca3       _RtlpExtendHeap@8          0053dd23 f   xapilibd:heap.obj
 0002:00088ed5       _RtlpDeCommitFreeBlock@12  0053df55 f   xapilibd:heap.obj
 0002:000893c7       _RtlpCoalesceHeap@4        0053e447 f   xapilibd:heap.obj
 0002:000894f1       _RtlCompactHeap@8          0053e571 f   xapilibd:heap.obj
 0002:000895d3       _RtlCreateHeap@24          0053e653 f   xapilibd:heap.obj
 0002:00089ba0       _RtlAllocateHeapSlowly@12  0053ec20 f   xapilibd:heap.obj
 0002:0008aab5       _RtlFreeHeapSlowly@12      0053fb35 f   xapilibd:heap.obj
 0002:0008ae07       _RtlAllocateHeap@12        0053fe87 f   xapilibd:heap.obj
 0002:0008bc80       _RtlFreeHeap@12            00540d00 f   xapilibd:heap.obj
 0002:0008c17d       _RtlReAllocateHeap@16      005411fd f   xapilibd:heap.obj
 0002:0008cdc3       _XapiShutdownChannelStartNextPacket@0 00541e43 f   xapilibd:xapiterm.obj
 0002:0008ce0a       _XapiShutdownChannelStartPacket@8 00541e8a f   xapilibd:xapiterm.obj
 0002:0008ce1f       _XapiShutdownNotification@4 00541e9f f   xapilibd:xapiterm.obj
 0002:0008ce8c       _XapiChangeCodeSelectorLimit@8 00541f0c f   xapilibd:xapidlla.obj
 0002:0008cf0c       _xCompareStringA@20        00541f8c f   xapilibd:compstra.obj
 0002:0008d0f7       _CreateFileA@28            00542177 f   xapilibd:fileopcr.obj
 0002:0008d2fc       _CopyFileExA@24            0054237c f   xapilibd:fileopcr.obj
 0002:0008d6b2       _CopyFileA@12              00542732 f   xapilibd:fileopcr.obj
 0002:0008d6da       _XapiComputeContentMetadataFileName@8 0054275a f   xapilibd:contsig.obj
 0002:0008d74a       _XComputeContentSignatureKey@8 005427ca f   xapilibd:contsig.obj
 0002:0008d773       _XapiComputeContentHeaderSignature@16 005427f3 f   xapilibd:contsig.obj
 0002:0008d89a       _XapiLoadContentMetadataHeader@16 0054291a f   xapilibd:contsig.obj
 0002:0008d9b3       _XapiVerifyAndLoadOptionalSectionData@12 00542a33 f   xapilibd:contsig.obj
 0002:0008dab2       _XapipGetAlternateTitleID@0 00542b32 f   xapilibd:contsig.obj
 0002:0008dbb6       _XGetContentInstallLocationFromIDs@16 00542c36 f   xapilibd:contsig.obj
 0002:0008dc33       _XGetContentInstallLocation@12 00542cb3 f   xapilibd:contsig.obj
 0002:0008dcb5       _XInstallContentSignaturesWithFileName@16 00542d35 f   xapilibd:contsig.obj
 0002:0008df67       _XInstallContentSignaturesEx@16 00542fe7 f   xapilibd:contsig.obj
 0002:0008dfa4       _XInstallContentSignatures@12 00543024 f   xapilibd:contsig.obj
 0002:0008dfde       _XCreateContentSimple@24   0054305e f   xapilibd:contsig.obj
 0002:0008e224       _XRemoveContent@4          005432a4 f   xapilibd:contsig.obj
 0002:0008e290       _XLoadContentSignaturesWithFileName@8 00543310 f   xapilibd:contsig.obj
 0002:0008e457       _XLoadContentSignaturesEx@8 005434d7 f   xapilibd:contsig.obj
 0002:0008e48c       _XLocateSignatureByIndex@16 0054350c f   xapilibd:contsig.obj
 0002:0008e545       _XLocateSignatureByNameEx@24 005435c5 f   xapilibd:contsig.obj
 0002:0008e6ae       _XLocateSignatureByName@24 0054372e f   xapilibd:contsig.obj
 0002:0008e6d4       _XLocateNextSignature@28   00543754 f   xapilibd:contsig.obj
 0002:0008e7fd       _XCalculateContentSignature@16 0054387d f   xapilibd:contsig.obj
 0002:0008e887       _XLocateLiveSignature@12   00543907 f   xapilibd:contsig.obj
 0002:0008e904       _XCloseContentSignatures@4 00543984 f   xapilibd:contsig.obj
 0002:0008e945       _XMemAlloc@8               005439c5 f   xapilibd:xmem.obj
 0002:0008ea73       _XMemFree@8                00543af3 f   xapilibd:xmem.obj
 0002:0008ec04       _XMemSize@8                00543c84 f   xapilibd:xmem.obj
 0002:0008ec27       _XapiFormatFATVolumeEx@8   00543ca7 f   xapilibd:format.obj
 0002:0008f014       _XapiFormatFATVolume@4     00544094 f   xapilibd:format.obj
 0002:0008f02d       _lstrcmpW@8                005440ad f   xapilibd:lcompat.obj
 0002:0008f083       _lstrcmpiW@8               00544103 f   xapilibd:lcompat.obj
 0002:0008f0d9       _lstrcpyW@8                00544159 f   xapilibd:lcompat.obj
 0002:0008f11f       _lstrcpynW@12              0054419f f   xapilibd:lcompat.obj
 0002:0008f1a6       _lstrcatW@8                00544226 f   xapilibd:lcompat.obj
 0002:0008f1ec       _lstrlenW@4                0054426c f   xapilibd:lcompat.obj
 0002:0008f240       @RtlFindFirstSetRightMember@4 005442c0 f   xapilibd:bitmapa.obj
 0002:0008f278       _RootHubPortToPortNumber@4 005442f8 f i xapilibd:roothub.obj
 0002:0008f288       _PortNumberToRootHubPort@4 00544308 f i xapilibd:roothub.obj
 0002:0008f31b       _XShaHmacInitialize@12     0054439b f   xapilibd:xcalcsig.obj
 0002:0008f3dc       _XShaHmacUpdate@12         0054445c f   xapilibd:xcalcsig.obj
 0002:0008f434       _XShaHmacComputeFinal@16   005444b4 f   xapilibd:xcalcsig.obj
 0002:0008f4f7       _XapiConvertSignatureToNonRoamable@12 00544577 f   xapilibd:xcalcsig.obj
 0002:0008f5b2       _XapipCalculateSaveGameSignatureBegin@8 00544632 f   xapilibd:xcalcsig.obj
 0002:0008f69a       _XapipCalculateSaveGameSignatureUpdate@12 0054471a f   xapilibd:xcalcsig.obj
 0002:0008f6db       _XapipCalculateSaveGameSignatureEnd@8 0054475b f   xapilibd:xcalcsig.obj
 0002:0008f77e       _XapipCalculateContentSignatureBegin@0 005447fe f   xapilibd:xcalcsig.obj
 0002:0008f7c1       _XapipCalculateContentSignatureUpdate@12 00544841 f   xapilibd:xcalcsig.obj
 0002:0008f7e2       _XapipCalculateContentSignatureEnd@8 00544862 f   xapilibd:xcalcsig.obj
 0002:0008f817       _XCalculateSignatureGetSize@4 00544897 f   xapilibd:xcalcsig.obj
 0002:0008f855       _XCalculateSignatureBeginEx@8 005448d5 f   xapilibd:xcalcsig.obj
 0002:0008f8dc       _XCalculateSignatureBegin@4 0054495c f   xapilibd:xcalcsig.obj
 0002:0008f8f8       _XCalculateSignatureUpdate@12 00544978 f   xapilibd:xcalcsig.obj
 0002:0008f9c6       _XCalculateSignatureEnd@8  00544a46 f   xapilibd:xcalcsig.obj
 0002:0008fa69       _XapiNukeDirectoryFromHandle@8 00544ae9 f   xapilibd:xclndrv.obj
 0002:0008fc45       _XapiNukeDirectory@8       00544cc5 f   xapilibd:xclndrv.obj
 0002:0008fcf4       _SetFileAttributesA@8      00544d74 f   xapilibd:filemisc.obj
 0002:0008fdc3       _GetFileAttributesA@4      00544e43 f   xapilibd:filemisc.obj
 0002:0008fe20       _GetFileAttributesExA@12   00544ea0 f   xapilibd:filemisc.obj
 0002:0008fee6       _MoveFileA@8               00544f66 f   xapilibd:filemisc.obj
 0002:0008ffa1       _DeleteFileA@4             00545021 f   xapilibd:filemisc.obj
 0002:00090052       _XSetFileCacheSize@4       005450d2 f   xapilibd:filemisc.obj
 0002:0009008b       _XGetFileCacheSize@0       0054510b f   xapilibd:filemisc.obj
 0002:00090097       _XapiGetDirectoryDisplayBlocks@12 00545117 f   xapilibd:filemisc.obj
 0002:00090219       _XGetDisplayBlocks@4       00545299 f   xapilibd:filemisc.obj
 0002:00090327       _MoveFileWithProgressA@20  005453a7 f   xapilibd:filemisc.obj
 0002:00090453       _MoveFileExA@12            005454d3 f   xapilibd:filemisc.obj
 0002:00090472       _XPhysicalAlloc@16         005454f2 f   xapilibd:physical.obj
 0002:00090535       _XPhysicalAllocEx@20       005455b5 f   xapilibd:physical.obj
 0002:000905c3       _XPhysicalSize@4           00545643 f   xapilibd:physical.obj
 0002:000905f0       _XPhysicalProtect@12       00545670 f   xapilibd:physical.obj
 0002:00090648       _XPhysicalFree@4           005456c8 f   xapilibd:physical.obj
 0002:00090675       _XQueryMemoryProtect@4     005456f5 f   xapilibd:physical.obj
 0002:00090681       _xCompareStringW@20        00545701 f   xapilibd:compstr.obj
 0002:00090880       ??_ECDirectSound@DirectSound@@W7AEPAXI@Z 00545900 f i dsoundd:dsapi.obj
 0002:0009088a       ??_ECDirectSoundBuffer@DirectSound@@W7AEPAXI@Z 0054590a f i dsoundd:dsapi.obj
 0002:00090894       ??_ECDirectSoundStream@DirectSound@@W3AEPAXI@Z 00545914 f i dsoundd:dsapi.obj
 0002:0009089e       ??_ECDirectSoundStream@DirectSound@@WM@AEPAXI@Z 0054591e f i dsoundd:dsapi.obj
 0002:000908a8       ??_ECMcpxAPU@DirectSound@@W7AEPAXI@Z 00545928 f i dsoundd:mcpapu.obj
 0002:000908b2       ??_ECWaveFileMediaObject@DirectSound@@W3AEPAXI@Z 00545932 f i dsoundd:wavexmo.obj
 0002:000908bc       ??_ECFileMediaObject@DirectSound@@W3AEPAXI@Z 0054593c f i dsoundd:wavexmo.obj
 0002:000908c6       ??_ECAc97MediaObject@DirectSound@@W3AEPAXI@Z 00545946 f i dsoundd:ac97xmo.obj
 0002:000908d0       ??_ECAc97MediaObject@DirectSound@@WM@AEPAXI@Z 00545950 f i dsoundd:ac97xmo.obj
 0002:000908da       _HalWriteSMBusValue@16     0054595a f   xboxkrnl:xboxkrnl.exe
 0002:000908e0       _NtCreateFile@36           00545960 f   xboxkrnl:xboxkrnl.exe
 0002:000908e6       _RtlInitAnsiString@8       00545966 f   xboxkrnl:xboxkrnl.exe
 0002:000908ec       _IoCreateSymbolicLink@8    0054596c f   xboxkrnl:xboxkrnl.exe
 0002:000908f2       _IoDeleteSymbolicLink@4    00545972 f   xboxkrnl:xboxkrnl.exe
 0002:000908f8       @KfLowerIrql@4             00545978 f   xboxkrnl:xboxkrnl.exe
 0002:000908fe       _KeRaiseIrqlToDpcLevel@0   0054597e f   xboxkrnl:xboxkrnl.exe
 0002:00090904       _ExAllocatePoolWithTag@8   00545984 f   xboxkrnl:xboxkrnl.exe
 0002:0009090a       _RtlRip@12                 0054598a f   xboxkrnl:xboxkrnl.exe
 0002:00090910       _RtlTimeToTimeFields@8     00545990 f   xboxkrnl:xboxkrnl.exe
 0002:00090916       _KeQuerySystemTime@4       00545996 f   xboxkrnl:xboxkrnl.exe
 0002:0009091c       _RtlTimeFieldsToTime@8     0054599c f   xboxkrnl:xboxkrnl.exe
 0002:00090922       _NtCreateEvent@16          005459a2 f   xboxkrnl:xboxkrnl.exe
 0002:00090928       _ObOpenObjectByName@16     005459a8 f   xboxkrnl:xboxkrnl.exe
 0002:0009092e       _NtSetEvent@8              005459ae f   xboxkrnl:xboxkrnl.exe
 0002:00090934       _NtClearEvent@4            005459b4 f   xboxkrnl:xboxkrnl.exe
 0002:0009093a       _NtPulseEvent@8            005459ba f   xboxkrnl:xboxkrnl.exe
 0002:00090940       _NtCreateSemaphore@16      005459c0 f   xboxkrnl:xboxkrnl.exe
 0002:00090946       _NtReleaseSemaphore@12     005459c6 f   xboxkrnl:xboxkrnl.exe
 0002:0009094c       _NtCreateMutant@12         005459cc f   xboxkrnl:xboxkrnl.exe
 0002:00090952       _NtReleaseMutant@8         005459d2 f   xboxkrnl:xboxkrnl.exe
 0002:00090958       _NtWaitForSingleObjectEx@16 005459d8 f   xboxkrnl:xboxkrnl.exe
 0002:0009095e       _NtSignalAndWaitForSingleObjectEx@20 005459de f   xboxkrnl:xboxkrnl.exe
 0002:00090964       _NtWaitForMultipleObjectsEx@24 005459e4 f   xboxkrnl:xboxkrnl.exe
 0002:0009096a       _KeDelayExecutionThread@12 005459ea f   xboxkrnl:xboxkrnl.exe
 0002:00090970       _NtCreateTimer@12          005459f0 f   xboxkrnl:xboxkrnl.exe
 0002:00090976       _NtSetTimerEx@32           005459f6 f   xboxkrnl:xboxkrnl.exe
 0002:0009097c       _NtCancelTimer@8           005459fc f   xboxkrnl:xboxkrnl.exe
 0002:00090982       _KeSetTimerEx@20           00545a02 f   xboxkrnl:xboxkrnl.exe
 0002:00090988       _KeQueryInterruptTime@0    00545a08 f   xboxkrnl:xboxkrnl.exe
 0002:0009098e       _RtlLeaveCriticalSection@4 00545a0e f   xboxkrnl:xboxkrnl.exe
 0002:00090994       _RtlEnterCriticalSection@4 00545a14 f   xboxkrnl:xboxkrnl.exe
 0002:0009099a       _KeWaitForMultipleObjects@32 00545a1a f   xboxkrnl:xboxkrnl.exe
 0002:000909a0       _KeSetEvent@12             00545a20 f   xboxkrnl:xboxkrnl.exe
 0002:000909a6       _KeInitializeTimerEx@8     00545a26 f   xboxkrnl:xboxkrnl.exe
 0002:000909ac       _RtlAssert@16              00545a2c f   xboxkrnl:xboxkrnl.exe
 0002:000909b2       _KeWaitForSingleObject@20  00545a32 f   xboxkrnl:xboxkrnl.exe
 0002:000909b8       _KeCancelTimer@4           00545a38 f   xboxkrnl:xboxkrnl.exe
 0002:000909be       @KfRaiseIrql@4             00545a3e f   xboxkrnl:xboxkrnl.exe
 0002:000909c4       _DbgBreakPoint@0           00545a44 f   xboxkrnl:xboxkrnl.exe
 0002:000909ca       _DbgPrint                  00545a4a f   xboxkrnl:xboxkrnl.exe
 0002:000909d0       _ExQueryNonVolatileSetting@20 00545a50 f   xboxkrnl:xboxkrnl.exe
 0002:000909d6       _NtClose@4                 00545a56 f   xboxkrnl:xboxkrnl.exe
 0002:000909dc       _NtDuplicateObject@12      00545a5c f   xboxkrnl:xboxkrnl.exe
 0002:000909e2       @ObfDereferenceObject@4    00545a62 f   xboxkrnl:xboxkrnl.exe
 0002:000909e8       _KeSetBasePriorityThread@8 00545a68 f   xboxkrnl:xboxkrnl.exe
 0002:000909ee       _ObReferenceObjectByHandle@12 00545a6e f   xboxkrnl:xboxkrnl.exe
 0002:000909f4       _KeQueryBasePriorityThread@4 00545a74 f   xboxkrnl:xboxkrnl.exe
 0002:000909fa       _KeSetDisableBoostThread@8 00545a7a f   xboxkrnl:xboxkrnl.exe
 0002:00090a00       _NtSuspendThread@8         00545a80 f   xboxkrnl:xboxkrnl.exe
 0002:00090a06       _NtResumeThread@8          00545a86 f   xboxkrnl:xboxkrnl.exe
 0002:00090a0c       _RtlRaiseException@4       00545a8c f   xboxkrnl:xboxkrnl.exe
 0002:00090a12       _NtQueueApcThread@20       00545a92 f   xboxkrnl:xboxkrnl.exe
 0002:00090a18       _NtYieldExecution@0        00545a98 f   xboxkrnl:xboxkrnl.exe
 0002:00090a1e       _PsTerminateSystemThread@4 00545a9e f   xboxkrnl:xboxkrnl.exe
 0002:00090a24       _PsCreateSystemThreadEx@40 00545aa4 f   xboxkrnl:xboxkrnl.exe
 0002:00090a2a       _NtWaitForSingleObject@12  00545aaa f   xboxkrnl:xboxkrnl.exe
 0002:00090a30       _NtReadFile@32             00545ab0 f   xboxkrnl:xboxkrnl.exe
 0002:00090a36       _NtWriteFile@32            00545ab6 f   xboxkrnl:xboxkrnl.exe
 0002:00090a3c       _NtSetInformationFile@20   00545abc f   xboxkrnl:xboxkrnl.exe
 0002:00090a42       _NtQueryInformationFile@20 00545ac2 f   xboxkrnl:xboxkrnl.exe
 0002:00090a48       _NtQueryVolumeInformationFile@20 00545ac8 f   xboxkrnl:xboxkrnl.exe
 0002:00090a4e       _NtFlushBuffersFile@8      00545ace f   xboxkrnl:xboxkrnl.exe
 0002:00090a54       _NtUserIoApcDispatcher@12  00545ad4 f   xboxkrnl:xboxkrnl.exe
 0002:00090a5a       _NtFsControlFile@40        00545ada f   xboxkrnl:xboxkrnl.exe
 0002:00090a60       _NtDeviceIoControlFile@40  00545ae0 f   xboxkrnl:xboxkrnl.exe
 0002:00090a66       _NtReadFileScatter@32      00545ae6 f   xboxkrnl:xboxkrnl.exe
 0002:00090a6c       _NtWriteFileGather@32      00545aec f   xboxkrnl:xboxkrnl.exe
 0002:00090a72       _IoQueryVolumeInformation@20 00545af2 f   xboxkrnl:xboxkrnl.exe
 0002:00090a78       _KeSetTimer@16             00545af8 f   xboxkrnl:xboxkrnl.exe
 0002:00090a7e       _HalInitiateShutdown@0     00545afe f   xboxkrnl:xboxkrnl.exe
 0002:00090a84       _KeInitializeDpc@12        00545b04 f   xboxkrnl:xboxkrnl.exe
 0002:00090a8a       _NtOpenFile@24             00545b0a f   xboxkrnl:xboxkrnl.exe
 0002:00090a90       _HalReturnToFirmware@4     00545b10 f   xboxkrnl:xboxkrnl.exe
 0002:00090a96       _MmFreeContiguousMemory@4  00545b16 f   xboxkrnl:xboxkrnl.exe
 0002:00090a9c       _HalRegisterShutdownNotification@8 00545b1c f   xboxkrnl:xboxkrnl.exe
 0002:00090aa2       _RtlNtStatusToDosError@4   00545b22 f   xboxkrnl:xboxkrnl.exe
 0002:00090aa8       _NtCreateIoCompletion@16   00545b28 f   xboxkrnl:xboxkrnl.exe
 0002:00090aae       _NtSetIoCompletion@20      00545b2e f   xboxkrnl:xboxkrnl.exe
 0002:00090ab4       _NtRemoveIoCompletion@20   00545b34 f   xboxkrnl:xboxkrnl.exe
 0002:00090aba       _MmSetAddressProtect@12    00545b3a f   xboxkrnl:xboxkrnl.exe
 0002:00090ac0       _MmQueryAddressProtect@4   00545b40 f   xboxkrnl:xboxkrnl.exe
 0002:00090ac6       _RtlEqualString@12         00545b46 f   xboxkrnl:xboxkrnl.exe
 0002:00090acc       _XeLoadSection@4           00545b4c f   xboxkrnl:xboxkrnl.exe
 0002:00090ad2       _XeUnloadSection@4         00545b52 f   xboxkrnl:xboxkrnl.exe
 0002:00090ad8       _MmPersistContiguousMemory@12 00545b58 f   xboxkrnl:xboxkrnl.exe
 0002:00090ade       _MmAllocateContiguousMemory@4 00545b5e f   xboxkrnl:xboxkrnl.exe
 0002:00090ae4       _NtQuerySymbolicLinkObject@12 00545b64 f   xboxkrnl:xboxkrnl.exe
 0002:00090aea       _NtOpenSymbolicLinkObject@8 00545b6a f   xboxkrnl:xboxkrnl.exe
 0002:00090af0       _XcSHAFinal@8              00545b70 f   xboxkrnl:xboxkrnl.exe
 0002:00090af6       _XcSHAUpdate@12            00545b76 f   xboxkrnl:xboxkrnl.exe
 0002:00090afc       _XcSHAInit@4               00545b7c f   xboxkrnl:xboxkrnl.exe
 0002:00090b02       _RtlFillMemoryUlong@12     00545b82 f   xboxkrnl:xboxkrnl.exe
 0002:00090b08       _NtFreeVirtualMemory@12    00545b88 f   xboxkrnl:xboxkrnl.exe
 0002:00090b0e       _NtAllocateVirtualMemory@20 00545b8e f   xboxkrnl:xboxkrnl.exe
 0002:00090b14       _RtlCompareMemoryUlong@12  00545b94 f   xboxkrnl:xboxkrnl.exe
 0002:00090b1a       _RtlCompareMemory@12       00545b9a f   xboxkrnl:xboxkrnl.exe
 0002:00090b20       _RtlInitializeCriticalSection@4 00545ba0 f   xboxkrnl:xboxkrnl.exe
 0002:00090b26       _NtQueryVirtualMemory@8    00545ba6 f   xboxkrnl:xboxkrnl.exe
 0002:00090b2c       _ExFreePool@4              00545bac f   xboxkrnl:xboxkrnl.exe
 0002:00090b32       _HalGetInterruptVector@8   00545bb2 f   xboxkrnl:xboxkrnl.exe
 0002:00090b38       _KeConnectInterrupt@4      00545bb8 f   xboxkrnl:xboxkrnl.exe
 0002:00090b3e       _KeInitializeInterrupt@28  00545bbe f   xboxkrnl:xboxkrnl.exe
 0002:00090b44       _KeStallExecutionProcessor@4 00545bc4 f   xboxkrnl:xboxkrnl.exe
 0002:00090b4a       _MmFreeSystemMemory@8      00545bca f   xboxkrnl:xboxkrnl.exe
 0002:00090b50       _MmAllocateSystemMemory@8  00545bd0 f   xboxkrnl:xboxkrnl.exe
 0002:00090b56       _XcHMAC@28                 00545bd6 f   xboxkrnl:xboxkrnl.exe
 0002:00090b5c       _RtlCompareString@12       00545bdc f   xboxkrnl:xboxkrnl.exe
 0002:00090b62       _MmGetPhysicalAddress@4    00545be2 f   xboxkrnl:xboxkrnl.exe
 0002:00090b68       _MmLockUnlockBufferPages@12 00545be8 f   xboxkrnl:xboxkrnl.exe
 0002:00090b6e       _KeInsertQueueDpc@12       00545bee f   xboxkrnl:xboxkrnl.exe
 0002:00090b74       _MmLockUnlockPhysicalPage@8 00545bf4 f   xboxkrnl:xboxkrnl.exe
 0002:00090b7a       _NtQueryDirectoryFile@40   00545bfa f   xboxkrnl:xboxkrnl.exe
 0002:00090b80       _NtQueryFullAttributesFile@8 00545c00 f   xboxkrnl:xboxkrnl.exe
 0002:00090b86       _FscSetCacheSize@4         00545c06 f   xboxkrnl:xboxkrnl.exe
 0002:00090b8c       _FscGetCacheSize@0         00545c0c f   xboxkrnl:xboxkrnl.exe
 0002:00090b92       _MmAllocateContiguousMemoryEx@20 00545c12 f   xboxkrnl:xboxkrnl.exe
 0002:00090b98       _MmQueryAllocationSize@4   00545c18 f   xboxkrnl:xboxkrnl.exe
 0002:00090b9e       _AvGetSavedDataAddress@0   00545c1e f   xboxkrnl:xboxkrnl.exe
 0002:00090ba4       _AvSendTVEncoderOption@16  00545c24 f   xboxkrnl:xboxkrnl.exe
 0002:00090baa       _AvSetDisplayMode@24       00545c2a f   xboxkrnl:xboxkrnl.exe
 0002:00090bb0       _AvSetSavedDataAddress@4   00545c30 f   xboxkrnl:xboxkrnl.exe
 0002:00090bb6       _MmQueryStatistics@4       00545c36 f   xboxkrnl:xboxkrnl.exe
 0002:00090bbc       _RtlWalkFrameChain@12      00545c3c f   xboxkrnl:xboxkrnl.exe
 0002:00090bc2       _NtDeleteFile@4            00545c42 f   xboxkrnl:xboxkrnl.exe
 0002:00090bc8       _HalReadWritePCISpace@24   00545c48 f   xboxkrnl:xboxkrnl.exe
 0002:00090bce       _KeDisconnectInterrupt@4   00545c4e f   xboxkrnl:xboxkrnl.exe
 0002:00090bd4       _MmClaimGpuInstanceMemory@8 00545c54 f   xboxkrnl:xboxkrnl.exe
 0002:00090bda       _KeSaveFloatingPointState@4 00545c5a f   xboxkrnl:xboxkrnl.exe
 0002:00090be0       _KeRestoreFloatingPointState@4 00545c60 f   xboxkrnl:xboxkrnl.exe
 0002:00090be6       _ExQueryPoolBlockSize@4    00545c66 f   xboxkrnl:xboxkrnl.exe
 0002:00090bec       _KeRemoveQueueDpc@4        00545c6c f   xboxkrnl:xboxkrnl.exe
 0002:00090bf2       _KeSynchronizeExecution@12 00545c72 f   xboxkrnl:xboxkrnl.exe
 0002:00090c00       _SDL_RWFromFile            00545c80 f   libSDLx:SDL_rwops.obj
 0002:00091710       _SDL_RWFromFP              00546790 f   libSDLx:SDL_rwops.obj
 0002:000919f0       _SDL_RWFromMem             00546a70 f   libSDLx:SDL_rwops.obj
 0002:00091da0       _SDL_RWFromConstMem        00546e20 f   libSDLx:SDL_rwops.obj
 0002:00091ec0       _SDL_AllocRW               00546f40 f   libSDLx:SDL_rwops.obj
 0002:00091f30       _SDL_FreeRW                00546fb0 f   libSDLx:SDL_rwops.obj
 0002:00091f80       _SDL_ReadLE16              00547000 f   libSDLx:SDL_rwops.obj
 0002:00092020       _SDL_ReadBE16              005470a0 f   libSDLx:SDL_rwops.obj
 0002:00092120       _SDL_ReadLE32              005471a0 f   libSDLx:SDL_rwops.obj
 0002:000921c0       _SDL_ReadBE32              00547240 f   libSDLx:SDL_rwops.obj
 0002:000922e0       _SDL_ReadLE64              00547360 f   libSDLx:SDL_rwops.obj
 0002:00092390       _SDL_ReadBE64              00547410 f   libSDLx:SDL_rwops.obj
 0002:00092510       _SDL_WriteLE16             00547590 f   libSDLx:SDL_rwops.obj
 0002:00092580       _SDL_WriteBE16             00547600 f   libSDLx:SDL_rwops.obj
 0002:00092600       _SDL_WriteLE32             00547680 f   libSDLx:SDL_rwops.obj
 0002:00092670       _SDL_WriteBE32             005476f0 f   libSDLx:SDL_rwops.obj
 0002:000926f0       _SDL_WriteLE64             00547770 f   libSDLx:SDL_rwops.obj
 0002:00092770       _SDL_WriteBE64             005477f0 f   libSDLx:SDL_rwops.obj
 0002:000927f0       _SDL_iconv_open            00547870 f   libSDLx:SDL_iconv.obj
 0002:00092b40       _SDL_iconv                 00547bc0 f   libSDLx:SDL_iconv.obj
 0002:00094230       _SDL_iconv_close           005492b0 f   libSDLx:SDL_iconv.obj
 0002:00094290       _SDL_iconv_string          00549310 f   libSDLx:SDL_iconv.obj
 0002:00094570       _srand                     005495f0 f   LIBCMTD:rand.obj
 0002:00094590       _rand                      00549610 f   LIBCMTD:rand.obj
 0002:000945e0       _printf                    00549660 f   LIBCMTD:printf.obj
 0002:000946f0       _fprintf                   00549770 f   LIBCMTD:fprintf.obj
 0002:00094820       ___iob_func                005498a0 f   LIBCMTD:_file.obj
 0002:00094830       ___initstdio               005498b0 f   LIBCMTD:_file.obj
 0002:000949b0       ___endstdio                00549a30 f   LIBCMTD:_file.obj
 0002:000949d0       __lock_file                00549a50 f   LIBCMTD:_file.obj
 0002:00094a20       __lock_file2               00549aa0 f   LIBCMTD:_file.obj
 0002:00094a60       __unlock_file              00549ae0 f   LIBCMTD:_file.obj
 0002:00094ab0       __unlock_file2             00549b30 f   LIBCMTD:_file.obj
 0002:00094af0       _time                      00549b70 f   LIBCMTD:time.obj
 0002:00094b48       __fpclear                  00549bc8 f   LIBCMTD:fpinit.obj
 0002:00094b49       __cfltcvt_init             00549bc9 f   LIBCMTD:fpinit.obj
 0002:00094b8f       ___setfflag                00549c0f f   LIBCMTD:fpinit.obj
 0002:00094ba6       __fpmath                   00549c26 f   LIBCMTD:fpinit.obj
 0002:00094bd0       __RTC_CheckEsp             00549c50 f   LIBCMTD:stack.obj
 0002:00094c00       @_RTC_CheckStackVars@8     00549c80 f   LIBCMTD:stack.obj
[...]
 0008:0005a840       _SDL_colors                006afa00     <common>
 0008:0005ac40       _D3D                       006afe00     <common>
 0008:0005ac44       _D3D_Device                006afe04     <common>
 0008:0005ac60       _D3D_PP                    006afe20     <common>
 0008:0005acc0       _g_InputStates             006afe80     <common>
 0008:0005ae00       _g_Gamepads                006affc0     <common>
 0008:0005b170       _SDL_alarm_callback        006b0330     <common>
 0008:0005b17c       _SDL_numcds                006b033c     <common>
 0008:0005b1a0       _SDL_KeyRepeat             006b0360     <common>
 0008:0005b1e0       _SDL_ProcessEvents         006b03a0     <common>
 0008:0005b220       _OHCD_GlobalPool           006b03e0     <common>
 0008:0005b280       _OHCD_InterruptObject      006b0440     <common>
 0008:0005b30e       _RtlpValidateHeapTagsEnable 006b04ce     <common>
 0008:0005b31c       _NtGlobalFlag              006b04dc     <common>
 0008:0005b320       _RtlpHeapStopOn            006b04e0     <common>
 0008:0005b338       _XapiProcessHeap           006b04f8     <common>
 0008:0005b344       ___@@_PchSym_@00@UcylcUkirezgvUmglhUczkrUpDCUoryUlyqUrDIGUyzhvwooOlyq@Xapi_k32 006b0504     <common>
 0008:0005b350       _XapiOriginalCodeSelectorEntry 006b0510     <common>
 0008:0005b380       _XapiAutoPowerDownGlobals  006b0540     <common>
 0008:0005b3f4       _XapiCurrentTopLevelFilter 006b05b4     <common>
 0008:0005b404       _XapiTlsSize               006b05c4     <common>
 0008:0005b408       _XapiMmTimerThreadState    006b05c8     <common>
 0008:0005b416       _XapiMmTimerSerialNumber   006b05d6     <common>
 0008:0005b418       ___@@_PchSym_@00@UcylcUkirezgvUdrmwldhUwrivxgcUwhlfmwUwhlfmwUlyqUrDIGUwhlfmwrOlyq@dsoundd 006b05d8     <common>
 0008:0005b424       ___mblcid                  006b05e4     <common>
 0008:0005b4a0       ___ptmbcinfo               006b0660     <common>
 0008:0005b4a4       ___ismbcodepage            006b0664     <common>
 0008:0005b4c0       __mbctype                  006b0680     <common>
 0008:0005b5c4       ___mbcodepage              006b0784     <common>
 0008:0005b5e0       ___mbulinfo                006b07a0     <common>
 0008:0005b600       __mbcasemap                006b07c0     <common>
 0008:0005b700       ___active_heap             006b08c0     <common>
 0008:0005b70c       __nhandle                  006b08cc     <common>
 0008:0005b760       ___pioinfo                 006b0920     <common>
 0008:0005b860       __pfnReportHook            006b0a20     <common>
 0008:0005b870       __pReportHookList          006b0a30     <common>
 0008:0005b874       ___ptd_glob                006b0a34     <common>
 0008:0005b880       ___env_initialized         006b0a40     <common>
 0008:0005b890       ___onexitend               006b0a50     <common>
 0008:0005b894       ___onexitbegin             006b0a54     <common>
 0008:0005b898       ___mbctype_initialized     006b0a58     <common>
 0008:0005b89c       __setjmpexused             006b0a5c     <common>
 0008:0005b8a8       __pfnDumpClient            006b0a68     <common>
 0008:0005b8b4       ___piob                    006b0a74     <common>
 0008:0005b8c4       __nstream                  006b0a84     <common>
 0009:00000000       __IMPORT_DESCRIPTOR_xboxkrnl 006b0aa0     xboxkrnl:xboxkrnl.exe
 0009:00000014       __NULL_IMPORT_DESCRIPTOR   006b0ab4     xboxkrnl:xboxkrnl.exe
 0009:00000344       __imp__HalWriteSMBusValue@16 006b0de4     xboxkrnl:xboxkrnl.exe
 0009:00000348       __imp__NtCreateFile@36     006b0de8     xboxkrnl:xboxkrnl.exe
 0009:0000034c       __imp__RtlInitAnsiString@8 006b0dec     xboxkrnl:xboxkrnl.exe
 0009:00000350       __imp__IoCreateSymbolicLink@8 006b0df0     xboxkrnl:xboxkrnl.exe
 0009:00000354       __imp__IoDeleteSymbolicLink@4 006b0df4     xboxkrnl:xboxkrnl.exe
 0009:00000358       __imp_@KfLowerIrql@4       006b0df8     xboxkrnl:xboxkrnl.exe
 0009:0000035c       __imp__KeRaiseIrqlToDpcLevel@0 006b0dfc     xboxkrnl:xboxkrnl.exe
 0009:00000360       __imp__ExAllocatePoolWithTag@8 006b0e00     xboxkrnl:xboxkrnl.exe
 0009:00000364       __imp__RtlRip@12           006b0e04     xboxkrnl:xboxkrnl.exe
 0009:00000368       __imp__RtlTimeToTimeFields@8 006b0e08     xboxkrnl:xboxkrnl.exe
 0009:0000036c       __imp__KeQuerySystemTime@4 006b0e0c     xboxkrnl:xboxkrnl.exe
 0009:00000370       __imp__KeTickCount         006b0e10     xboxkrnl:xboxkrnl.exe
 0009:00000370       _KeTickCount               006b0e10     xboxkrnl:xboxkrnl.exe
 0009:00000374       __imp__RtlTimeFieldsToTime@8 006b0e14     xboxkrnl:xboxkrnl.exe
 0009:00000378       __imp__NtCreateEvent@16    006b0e18     xboxkrnl:xboxkrnl.exe
 0009:0000037c       __imp__ObOpenObjectByName@16 006b0e1c     xboxkrnl:xboxkrnl.exe
 0009:00000380       _ExEventObjectType         006b0e20     xboxkrnl:xboxkrnl.exe
 0009:00000380       __imp__ExEventObjectType   006b0e20     xboxkrnl:xboxkrnl.exe
 0009:00000384       __imp__NtSetEvent@8        006b0e24     xboxkrnl:xboxkrnl.exe
 0009:00000388       __imp__NtClearEvent@4      006b0e28     xboxkrnl:xboxkrnl.exe
 0009:0000038c       __imp__NtPulseEvent@8      006b0e2c     xboxkrnl:xboxkrnl.exe
 0009:00000390       __imp__NtCreateSemaphore@16 006b0e30     xboxkrnl:xboxkrnl.exe
 0009:00000394       _ExSemaphoreObjectType     006b0e34     xboxkrnl:xboxkrnl.exe
 0009:00000394       __imp__ExSemaphoreObjectType 006b0e34     xboxkrnl:xboxkrnl.exe
 0009:00000398       __imp__NtReleaseSemaphore@12 006b0e38     xboxkrnl:xboxkrnl.exe
 0009:0000039c       __imp__NtCreateMutant@12   006b0e3c     xboxkrnl:xboxkrnl.exe
 0009:000003a0       __imp__ExMutantObjectType  006b0e40     xboxkrnl:xboxkrnl.exe
 0009:000003a0       _ExMutantObjectType        006b0e40     xboxkrnl:xboxkrnl.exe
 0009:000003a4       __imp__NtReleaseMutant@8   006b0e44     xboxkrnl:xboxkrnl.exe
 0009:000003a8       __imp__NtWaitForSingleObjectEx@16 006b0e48     xboxkrnl:xboxkrnl.exe
 0009:000003ac       __imp__NtSignalAndWaitForSingleObjectEx@20 006b0e4c     xboxkrnl:xboxkrnl.exe
 0009:000003b0       __imp__NtWaitForMultipleObjectsEx@24 006b0e50     xboxkrnl:xboxkrnl.exe
 0009:000003b4       __imp__KeDelayExecutionThread@12 006b0e54     xboxkrnl:xboxkrnl.exe
 0009:000003b8       __imp__NtCreateTimer@12    006b0e58     xboxkrnl:xboxkrnl.exe
 0009:000003bc       _ExTimerObjectType         006b0e5c     xboxkrnl:xboxkrnl.exe
 0009:000003bc       __imp__ExTimerObjectType   006b0e5c     xboxkrnl:xboxkrnl.exe
 0009:000003c0       __imp__NtSetTimerEx@32     006b0e60     xboxkrnl:xboxkrnl.exe
 0009:000003c4       __imp__NtCancelTimer@8     006b0e64     xboxkrnl:xboxkrnl.exe
 0009:000003c8       __imp__KeSetTimerEx@20     006b0e68     xboxkrnl:xboxkrnl.exe
 0009:000003cc       __imp__KeQueryInterruptTime@0 006b0e6c     xboxkrnl:xboxkrnl.exe
 0009:000003d0       __imp__RtlLeaveCriticalSection@4 006b0e70     xboxkrnl:xboxkrnl.exe
 0009:000003d4       __imp__RtlEnterCriticalSection@4 006b0e74     xboxkrnl:xboxkrnl.exe
 0009:000003d8       __imp__KeWaitForMultipleObjects@32 006b0e78     xboxkrnl:xboxkrnl.exe
 0009:000003dc       __imp__KeSetEvent@12       006b0e7c     xboxkrnl:xboxkrnl.exe
 0009:000003e0       __imp__KeInitializeTimerEx@8 006b0e80     xboxkrnl:xboxkrnl.exe
 0009:000003e4       __imp__RtlAssert@16        006b0e84     xboxkrnl:xboxkrnl.exe
 0009:000003e8       __imp__KeWaitForSingleObject@20 006b0e88     xboxkrnl:xboxkrnl.exe
 0009:000003ec       __imp__KeCancelTimer@4     006b0e8c     xboxkrnl:xboxkrnl.exe
 0009:000003f0       __imp_@KfRaiseIrql@4       006b0e90     xboxkrnl:xboxkrnl.exe
 0009:000003f4       __imp__DbgBreakPoint@0     006b0e94     xboxkrnl:xboxkrnl.exe
 0009:000003f8       __imp__DbgPrint            006b0e98     xboxkrnl:xboxkrnl.exe
 0009:000003fc       __imp__ExQueryNonVolatileSetting@20 006b0e9c     xboxkrnl:xboxkrnl.exe
 0009:00000400       __imp__NtClose@4           006b0ea0     xboxkrnl:xboxkrnl.exe
 0009:00000404       __imp__NtDuplicateObject@12 006b0ea4     xboxkrnl:xboxkrnl.exe
 0009:00000408       __imp_@ObfDereferenceObject@4 006b0ea8     xboxkrnl:xboxkrnl.exe
 0009:0000040c       __imp__KeSetBasePriorityThread@8 006b0eac     xboxkrnl:xboxkrnl.exe
 0009:00000410       __imp__ObReferenceObjectByHandle@12 006b0eb0     xboxkrnl:xboxkrnl.exe
 0009:00000414       _PsThreadObjectType        006b0eb4     xboxkrnl:xboxkrnl.exe
 0009:00000414       __imp__PsThreadObjectType  006b0eb4     xboxkrnl:xboxkrnl.exe
 0009:00000418       __imp__KeQueryBasePriorityThread@4 006b0eb8     xboxkrnl:xboxkrnl.exe
 0009:0000041c       __imp__KeSetDisableBoostThread@8 006b0ebc     xboxkrnl:xboxkrnl.exe
 0009:00000420       __imp__NtSuspendThread@8   006b0ec0     xboxkrnl:xboxkrnl.exe
 0009:00000424       __imp__NtResumeThread@8    006b0ec4     xboxkrnl:xboxkrnl.exe
 0009:00000428       __imp__RtlRaiseException@4 006b0ec8     xboxkrnl:xboxkrnl.exe
 0009:0000042c       __imp__NtQueueApcThread@20 006b0ecc     xboxkrnl:xboxkrnl.exe
 0009:00000430       __imp__NtYieldExecution@0  006b0ed0     xboxkrnl:xboxkrnl.exe
 0009:00000434       __imp__PsTerminateSystemThread@4 006b0ed4     xboxkrnl:xboxkrnl.exe
 0009:00000438       __imp__KeTimeIncrement     006b0ed8     xboxkrnl:xboxkrnl.exe
 0009:00000438       _KeTimeIncrement           006b0ed8     xboxkrnl:xboxkrnl.exe
 0009:0000043c       __imp__PsCreateSystemThreadEx@40 006b0edc     xboxkrnl:xboxkrnl.exe
 0009:00000440       __imp__NtWaitForSingleObject@12 006b0ee0     xboxkrnl:xboxkrnl.exe
 0009:00000444       __imp__NtReadFile@32       006b0ee4     xboxkrnl:xboxkrnl.exe
 0009:00000448       __imp__NtWriteFile@32      006b0ee8     xboxkrnl:xboxkrnl.exe
 0009:0000044c       __imp__NtSetInformationFile@20 006b0eec     xboxkrnl:xboxkrnl.exe
 0009:00000450       __imp__NtQueryInformationFile@20 006b0ef0     xboxkrnl:xboxkrnl.exe
 0009:00000454       __imp__NtQueryVolumeInformationFile@20 006b0ef4     xboxkrnl:xboxkrnl.exe
 0009:00000458       __imp__NtFlushBuffersFile@8 006b0ef8     xboxkrnl:xboxkrnl.exe
 0009:0000045c       __imp__NtUserIoApcDispatcher@12 006b0efc     xboxkrnl:xboxkrnl.exe
 0009:00000460       __imp__NtFsControlFile@40  006b0f00     xboxkrnl:xboxkrnl.exe
 0009:00000464       __imp__NtDeviceIoControlFile@40 006b0f04     xboxkrnl:xboxkrnl.exe
 0009:00000468       __imp__NtReadFileScatter@32 006b0f08     xboxkrnl:xboxkrnl.exe
 0009:0000046c       __imp__NtWriteFileGather@32 006b0f0c     xboxkrnl:xboxkrnl.exe
 0009:00000470       __imp__IoQueryVolumeInformation@20 006b0f10     xboxkrnl:xboxkrnl.exe
 0009:00000474       _IoFileObjectType          006b0f14     xboxkrnl:xboxkrnl.exe
 0009:00000474       __imp__IoFileObjectType    006b0f14     xboxkrnl:xboxkrnl.exe
 0009:00000478       __imp__KeSetTimer@16       006b0f18     xboxkrnl:xboxkrnl.exe
 0009:0000047c       __imp__HalInitiateShutdown@0 006b0f1c     xboxkrnl:xboxkrnl.exe
 0009:00000480       _XboxHardwareInfo          006b0f20     xboxkrnl:xboxkrnl.exe
 0009:00000480       __imp__XboxHardwareInfo    006b0f20     xboxkrnl:xboxkrnl.exe
 0009:00000484       __imp__KeInitializeDpc@12  006b0f24     xboxkrnl:xboxkrnl.exe
 0009:00000488       __imp__NtOpenFile@24       006b0f28     xboxkrnl:xboxkrnl.exe
 0009:0000048c       __imp__HalReturnToFirmware@4 006b0f2c     xboxkrnl:xboxkrnl.exe
 0009:00000490       __imp__MmFreeContiguousMemory@4 006b0f30     xboxkrnl:xboxkrnl.exe
 0009:00000494       _LaunchDataPage            006b0f34     xboxkrnl:xboxkrnl.exe
 0009:00000494       __imp__LaunchDataPage      006b0f34     xboxkrnl:xboxkrnl.exe
 0009:00000498       __imp__HalRegisterShutdownNotification@8 006b0f38     xboxkrnl:xboxkrnl.exe
 0009:0000049c       __imp__RtlNtStatusToDosError@4 006b0f3c     xboxkrnl:xboxkrnl.exe
 0009:000004a0       __imp__NtCreateIoCompletion@16 006b0f40     xboxkrnl:xboxkrnl.exe
 0009:000004a4       __imp__NtSetIoCompletion@20 006b0f44     xboxkrnl:xboxkrnl.exe
 0009:000004a8       __imp__NtRemoveIoCompletion@20 006b0f48     xboxkrnl:xboxkrnl.exe
 0009:000004ac       __imp__MmSetAddressProtect@12 006b0f4c     xboxkrnl:xboxkrnl.exe
 0009:000004b0       __imp__MmQueryAddressProtect@4 006b0f50     xboxkrnl:xboxkrnl.exe
 0009:000004b4       _XboxKrnlVersion           006b0f54     xboxkrnl:xboxkrnl.exe
 0009:000004b4       __imp__XboxKrnlVersion     006b0f54     xboxkrnl:xboxkrnl.exe
 0009:000004b8       __imp__HalBootSMCVideoMode 006b0f58     xboxkrnl:xboxkrnl.exe
 0009:000004b8       _HalBootSMCVideoMode       006b0f58     xboxkrnl:xboxkrnl.exe
 0009:000004bc       __imp__RtlEqualString@12   006b0f5c     xboxkrnl:xboxkrnl.exe
 0009:000004c0       __imp__XeLoadSection@4     006b0f60     xboxkrnl:xboxkrnl.exe
 0009:000004c4       __imp__XeUnloadSection@4   006b0f64     xboxkrnl:xboxkrnl.exe
 0009:000004c8       __imp__MmPersistContiguousMemory@12 006b0f68     xboxkrnl:xboxkrnl.exe
 0009:000004cc       __imp__MmAllocateContiguousMemory@4 006b0f6c     xboxkrnl:xboxkrnl.exe
 0009:000004d0       _IdexChannelObject         006b0f70     xboxkrnl:xboxkrnl.exe
 0009:000004d0       __imp__IdexChannelObject   006b0f70     xboxkrnl:xboxkrnl.exe
 0009:000004d4       __imp__NtQuerySymbolicLinkObject@12 006b0f74     xboxkrnl:xboxkrnl.exe
 0009:000004d8       __imp__NtOpenSymbolicLinkObject@8 006b0f78     xboxkrnl:xboxkrnl.exe
 0009:000004dc       __imp__XcSHAFinal@8        006b0f7c     xboxkrnl:xboxkrnl.exe
 0009:000004e0       __imp__XcSHAUpdate@12      006b0f80     xboxkrnl:xboxkrnl.exe
 0009:000004e4       __imp__XcSHAInit@4         006b0f84     xboxkrnl:xboxkrnl.exe
 0009:000004e8       _XeImageFileName           006b0f88     xboxkrnl:xboxkrnl.exe
 0009:000004e8       __imp__XeImageFileName     006b0f88     xboxkrnl:xboxkrnl.exe
 0009:000004ec       __imp__HalDiskCachePartitionCount 006b0f8c     xboxkrnl:xboxkrnl.exe
 0009:000004ec       _HalDiskCachePartitionCount 006b0f8c     xboxkrnl:xboxkrnl.exe
 0009:000004f0       __imp__RtlFillMemoryUlong@12 006b0f90     xboxkrnl:xboxkrnl.exe
 0009:000004f4       __imp__NtFreeVirtualMemory@12 006b0f94     xboxkrnl:xboxkrnl.exe
 0009:000004f8       __imp__NtAllocateVirtualMemory@20 006b0f98     xboxkrnl:xboxkrnl.exe
 0009:000004fc       _KdDebuggerEnabled         006b0f9c     xboxkrnl:xboxkrnl.exe
 0009:000004fc       __imp__KdDebuggerEnabled   006b0f9c     xboxkrnl:xboxkrnl.exe
 0009:00000500       __imp__RtlCompareMemoryUlong@12 006b0fa0     xboxkrnl:xboxkrnl.exe
 0009:00000504       __imp__RtlCompareMemory@12 006b0fa4     xboxkrnl:xboxkrnl.exe
 0009:00000508       __imp__RtlInitializeCriticalSection@4 006b0fa8     xboxkrnl:xboxkrnl.exe
 0009:0000050c       __imp__NtQueryVirtualMemory@8 006b0fac     xboxkrnl:xboxkrnl.exe
 0009:00000510       __imp__ExFreePool@4        006b0fb0     xboxkrnl:xboxkrnl.exe
 0009:00000514       __imp__HalGetInterruptVector@8 006b0fb4     xboxkrnl:xboxkrnl.exe
 0009:00000518       __imp__KeConnectInterrupt@4 006b0fb8     xboxkrnl:xboxkrnl.exe
 0009:0000051c       __imp__KeInitializeInterrupt@28 006b0fbc     xboxkrnl:xboxkrnl.exe
 0009:00000520       __imp__KeStallExecutionProcessor@4 006b0fc0     xboxkrnl:xboxkrnl.exe
 0009:00000524       __imp__MmFreeSystemMemory@8 006b0fc4     xboxkrnl:xboxkrnl.exe
 0009:00000528       __imp__MmAllocateSystemMemory@8 006b0fc8     xboxkrnl:xboxkrnl.exe
 0009:0000052c       __imp__XcHMAC@28           006b0fcc     xboxkrnl:xboxkrnl.exe
 0009:00000530       _XboxHDKey                 006b0fd0     xboxkrnl:xboxkrnl.exe
 0009:00000530       __imp__XboxHDKey           006b0fd0     xboxkrnl:xboxkrnl.exe
 0009:00000534       __imp__RtlCompareString@12 006b0fd4     xboxkrnl:xboxkrnl.exe
 0009:00000538       __imp__MmGetPhysicalAddress@4 006b0fd8     xboxkrnl:xboxkrnl.exe
 0009:0000053c       __imp__MmLockUnlockBufferPages@12 006b0fdc     xboxkrnl:xboxkrnl.exe
 0009:00000540       __imp__KeInsertQueueDpc@12 006b0fe0     xboxkrnl:xboxkrnl.exe
 0009:00000544       __imp__MmLockUnlockPhysicalPage@8 006b0fe4     xboxkrnl:xboxkrnl.exe
 0009:00000548       _XboxSignatureKey          006b0fe8     xboxkrnl:xboxkrnl.exe
 0009:00000548       __imp__XboxSignatureKey    006b0fe8     xboxkrnl:xboxkrnl.exe
 0009:0000054c       __imp__XboxAlternateSignatureKeys 006b0fec     xboxkrnl:xboxkrnl.exe
 0009:0000054c       _XboxAlternateSignatureKeys 006b0fec     xboxkrnl:xboxkrnl.exe
 0009:00000550       __imp__NtQueryDirectoryFile@40 006b0ff0     xboxkrnl:xboxkrnl.exe
 0009:00000554       __imp__NtQueryFullAttributesFile@8 006b0ff4     xboxkrnl:xboxkrnl.exe
 0009:00000558       __imp__FscSetCacheSize@4   006b0ff8     xboxkrnl:xboxkrnl.exe
 0009:0000055c       __imp__FscGetCacheSize@0   006b0ffc     xboxkrnl:xboxkrnl.exe
 0009:00000560       __imp__MmAllocateContiguousMemoryEx@20 006b1000     xboxkrnl:xboxkrnl.exe
 0009:00000564       __imp__MmQueryAllocationSize@4 006b1004     xboxkrnl:xboxkrnl.exe
 0009:00000568       __imp__AvGetSavedDataAddress@0 006b1008     xboxkrnl:xboxkrnl.exe
 0009:0000056c       __imp__AvSendTVEncoderOption@16 006b100c     xboxkrnl:xboxkrnl.exe
 0009:00000570       __imp__AvSetDisplayMode@24 006b1010     xboxkrnl:xboxkrnl.exe
 0009:00000574       __imp__AvSetSavedDataAddress@4 006b1014     xboxkrnl:xboxkrnl.exe
 0009:00000578       __imp__MmQueryStatistics@4 006b1018     xboxkrnl:xboxkrnl.exe
 0009:0000057c       __imp__RtlWalkFrameChain@12 006b101c     xboxkrnl:xboxkrnl.exe
 0009:00000580       __imp__NtDeleteFile@4      006b1020     xboxkrnl:xboxkrnl.exe
 0009:00000584       __imp__HalReadWritePCISpace@24 006b1024     xboxkrnl:xboxkrnl.exe
 0009:00000588       __imp__KeDisconnectInterrupt@4 006b1028     xboxkrnl:xboxkrnl.exe
 0009:0000058c       __imp__MmClaimGpuInstanceMemory@8 006b102c     xboxkrnl:xboxkrnl.exe
 0009:00000590       __imp__KeSaveFloatingPointState@4 006b1030     xboxkrnl:xboxkrnl.exe
 0009:00000594       __imp__KeRestoreFloatingPointState@4 006b1034     xboxkrnl:xboxkrnl.exe
 0009:00000598       __imp__ExQueryPoolBlockSize@4 006b1038     xboxkrnl:xboxkrnl.exe
 0009:0000059c       __imp__KeRemoveQueueDpc@4  006b103c     xboxkrnl:xboxkrnl.exe
 0009:000005a0       __imp__KeSynchronizeExecution@12 006b1040     xboxkrnl:xboxkrnl.exe
 0009:000005a4       __imp__KeBugCheck@4        006b1044     xboxkrnl:xboxkrnl.exe
 0009:000005a8       __imp__RtlUnwind@16        006b1048     xboxkrnl:xboxkrnl.exe
 0009:000005ac       __imp_@IofCompleteRequest@8 006b104c     xboxkrnl:xboxkrnl.exe
 0009:000005b0       __imp__RtlAnsiStringToUnicodeString@12 006b1050     xboxkrnl:xboxkrnl.exe
 0009:000005b4       __imp__RtlUnicodeStringToAnsiString@12 006b1054     xboxkrnl:xboxkrnl.exe
 0009:000005b8       \177xboxkrnl_NULL_THUNK_DATA 006b1058     xboxkrnl:xboxkrnl.exe
 000b:00000000       _XapiBuildNumberD          006b9b60     xapilibd:xapi0.obj
 000b:00000114       ?XKbdBuildNumber@@3PAGA    006b9c74     libSDLx:queue.obj
 000b:00000128       ?XMouseBuildNumber@@3PAGA  006b9c88     xapilibd:mouse.obj
 000b:0000013c       _D3D8BuildNumberD          006b9c9c     d3d8d:precomp.obj
 000b:00000150       _D3DX8BuildNumberD         006b9cb0     d3dx8d:png.obj
 000b:00000164       _DSoundBuildNumberD        006b9cc4     dsoundd:dsapi.obj
 000b:00000178       _DMusicBuildNumberD        006b9cd8     dmusicd:xguids.obj
 000b:0000018c       _XboxKrnlBuildNumber       006b9cec     xboxkrnl:bldnum.obj
 000b:000001a0       ___DebugCrtBuildNumberMT   006b9d00     LIBCMTD:rand.obj
 000c:00000000       __tls_start                006b9e20     xapilibd:xapitls.obj
 000c:00000108       _XapiLastErrorCode         006b9f28     xapilibd:error.obj
 000c:0000010c       ___ptd_cur                 006b9f2c     LIBCMTD:tidtable.obj
 000c:00000110       _XapiTlsSlots              006b9f30     xapilibd:tls.obj
 000c:000002ab       __tls_end                  006ba0cb     xapilibd:xapitls.obj

 entry point at        0002:00003f2a

