 ARKANOTRON

 Timestamp is 5f299bc8 (Tue Aug 04 19:32:56 2020)

 Preferred load address is 00400000

 Start         Length     Name                   Class
 0001:00000000 0010944eH .textbss                DATA
 0002:00000000 001623b6H .text                   CODE
 0002:001623c0 00001155H .text$x                 CODE
 0002:00163520 000010bfH .text$yc                CODE
 0003:00000000 0003d510H D3D                     CODE
 0003:0003d510 0001f0b5H D3D_RD                  CODE
 0003:0005c5d0 000098e8H D3D_URW                 CODE
 0004:00000000 000288b0H DSOUND                  CODE
 0004:000288b0 000270edH DSOUND_RD               CODE
 0004:0004f9a0 00001c79H DSOUND_RW               CODE
 0004:00051620 00001294H DSOUND_URW              CODE
 0005:00000000 00001005H .XID$A                  CODE
 0005:00001008 00001005H .XID$Gamepad            CODE
 0005:00002010 00001005H .XID$IrRemote           CODE
 0005:00003018 00001005H .XID$Keyboard           CODE
 0005:00004020 00001005H .XID$Mouse              CODE
 0005:00005028 00001005H .XID$ZZZ                CODE
 0005:00006030 00001005H .XPP$ClassA             CODE
 0005:00007038 0000100aH .XPP$ClassXID           CODE
 0005:00008044 00001005H .XPP$ClassZZHub         CODE
 0005:0000904c 00001005H .XPP$ClassZZZ           CODE
 0005:0000a051 00001001H .XPP$DATA               CODE
 0005:0000b058 0000136cH .XPP$Data               CODE
 0005:0000c3c4 00002280H .XPPCINIT               CODE
 0005:0000e644 0000aba3H .XPPCODE                CODE
 0005:000191e8 0000381aH .XPPRDATA               CODE
 0005:0001ca08 00001159H .XPPRINIT               CODE
 0006:00000000 0002fef3H .rdata                  DATA
 0006:0002fef4 00000196H .rdata$debug            DATA
 0006:0003008c 00000104H .rtc$IAA                DATA
 0006:00030190 00000383H .rtc$IMZ                DATA
 0006:00030514 00000104H .rtc$IZZ                DATA
 0006:00030618 00000104H .rtc$TAA                DATA
 0006:0003071c 00000383H .rtc$TMZ                DATA
 0006:00030aa0 00000104H .rtc$TZZ                DATA
 0006:00030ba4 00000288H .xdata$x                DATA
 0006:00030e2c 00000000H .edata                  DATA
 0007:00000000 00000104H .CRT$RIA                DATA
 0007:00000104 00000104H .CRT$RII10              DATA
 0007:00000208 00000104H .CRT$RII15              DATA
 0007:0000030c 00000104H .CRT$RII20              DATA
 0007:00000410 00000104H .CRT$RIZ                DATA
 0007:00000514 00000104H .CRT$XCA                DATA
 0007:00000618 00000133H .CRT$XCU                DATA
 0007:0000074c 00000104H .CRT$XCZ                DATA
 0007:00000850 00000104H .CRT$XIA                DATA
 0007:00000954 00000109H .CRT$XIC                DATA
 0007:00000a60 00000104H .CRT$XIY                DATA
 0007:00000b64 00000104H .CRT$XIZ                DATA
 0007:00000c68 00000104H .CRT$XPA                DATA
 0007:00000d6c 00000104H .CRT$XPX                DATA
 0007:00000e70 00000104H .CRT$XPZ                DATA
 0007:00000f74 00000104H .CRT$XTA                DATA
 0007:00001078 00000104H .CRT$XTB                DATA
 0007:0000117c 00000104H .CRT$XTZ                DATA
 0007:00001280 00000104H .XAPI$LNA               DATA
 0007:00001384 00000104H .XAPI$LNZ               DATA
 0007:00001490 0004ce68H .data                   DATA
 0007:0004e300 0004fffcH .bss                    DATA
 0008:00000000 00000014H .idata$2                DATA
 0008:00000014 00000014H .idata$3                DATA
 0008:00000028 0000031cH .idata$4                DATA
 0008:00000344 0000031cH .idata$5                DATA
 0008:00000660 0000010fH .idata$6                DATA
 0009:00000000 00008933H DOLBY                   DATA
 000a:00000000 00000113H .XBLD$A                 DATA
 000a:00000114 0000018dH .XBLD$V                 DATA
 000b:00000000 00000101H .tls                    DATA
 000b:00000108 000001a3H .tls$                   DATA
 000b:000002ab 00000101H .tls$ZZZ                DATA

  Address         Publics by Value              Rva+Base     Lib:Object

 0000:00000000       ___safe_se_handler_table   00000000     <absolute>
 0000:00000000       ___safe_se_handler_count   00000000     <absolute>
 0000:00000000       __except_list              00000000     <absolute>
 0000:00000004       __tls_array                00000004     <absolute>
 0001:00000000       __enc$textbss$begin        004003c0     <linker-defined>
 0001:0010944e       __enc$textbss$end          0050980e     <linker-defined>
 0002:0000a3b0       _main                      00513bd0 f   ARKANOTRON.obj
 0002:0000b6e0       _BallRespown               00514f00 f   GAME_Functions.obj
 0002:0000b880       _ScaleLine                 005150a0 f   GUI_Functions.obj
 0002:0000b8d0       _Scale                     005150f0 f   GUI_Functions.obj
 0002:0000b990       _IsRectColliding           005151b0 f   GUI_Functions.obj
 0002:0000bb30       _Bounce                    00515350 f   GUI_Functions.obj
 0002:0000be10       _LoadSufaceFromFile        00515630 f   GUI_Functions.obj
 0002:0000bee0       _SetColorKey               00515700 f   GUI_Functions.obj
 0002:0000bf60       _LoadChuckFromFile         00515780 f   GUI_Functions.obj
 0002:0000c000       _LoadMusicFromFile         00515820 f   GUI_Functions.obj
 0002:0000c090       _SDL_InitSubSystem         005158b0 f   libSDLx:SDL.obj
 0002:0000c260       _SDL_Init                  00515a80 f   libSDLx:SDL.obj
 0002:0000c2e0       _SDL_QuitSubSystem         00515b00 f   libSDLx:SDL.obj
 0002:0000c3f0       _SDL_WasInit               00515c10 f   libSDLx:SDL.obj
 0002:0000c440       _SDL_Quit                  00515c60 f   libSDLx:SDL.obj
 0002:0000c4a0       _SDL_Linked_Version        00515cc0 f   libSDLx:SDL.obj
 0002:0000c550       _Mix_GetNumChunkDecoders   00515d70 f   libSDLx:mixer.obj
 0002:0000c590       _Mix_GetChunkDecoder       00515db0 f   libSDLx:mixer.obj
 0002:0000c5f0       _Mix_Linked_Version        00515e10 f   libSDLx:mixer.obj
 0002:0000c640       _Mix_Init                  00515e60 f   libSDLx:mixer.obj
 0002:0000c760       _Mix_Quit                  00515f80 f   libSDLx:mixer.obj
 0002:0000c800       _Mix_OpenAudio             00516020 f   libSDLx:mixer.obj
 0002:0000d540       _Mix_AllocateChannels      00516d60 f   libSDLx:mixer.obj
 0002:0000d790       _Mix_QuerySpec             00516fb0 f   libSDLx:mixer.obj
 0002:0000d820       _Mix_LoadWAV_RW            00517040 f   libSDLx:mixer.obj
 0002:0000dd40       _Mix_QuickLoad_WAV         00517560 f   libSDLx:mixer.obj
 0002:0000ded0       _Mix_QuickLoad_RAW         005176f0 f   libSDLx:mixer.obj
 0002:0000df90       _Mix_FreeChunk             005177b0 f   libSDLx:mixer.obj
 0002:0000e090       _Mix_SetPostMix            005178b0 f   libSDLx:mixer.obj
 0002:0000e0f0       _Mix_HookMusic             00517910 f   libSDLx:mixer.obj
 0002:0000e180       _Mix_GetMusicHookData      005179a0 f   libSDLx:mixer.obj
 0002:0000e1c0       _Mix_ChannelFinished       005179e0 f   libSDLx:mixer.obj
 0002:0000e220       _Mix_ReserveChannels       00517a40 f   libSDLx:mixer.obj
 0002:0000e280       _Mix_PlayChannelTimed      00517aa0 f   libSDLx:mixer.obj
 0002:0000e580       _Mix_ExpireChannel         00517da0 f   libSDLx:mixer.obj
 0002:0000e680       _Mix_FadeInChannelTimed    00517ea0 f   libSDLx:mixer.obj
 0002:0000e950       _Mix_Volume                00518170 f   libSDLx:mixer.obj
 0002:0000ea50       _Mix_VolumeChunk           00518270 f   libSDLx:mixer.obj
 0002:0000eac0       _Mix_HaltChannel           005182e0 f   libSDLx:mixer.obj
 0002:0000ec30       _Mix_HaltGroup             00518450 f   libSDLx:mixer.obj
 0002:0000ecd0       _Mix_FadeOutChannel        005184f0 f   libSDLx:mixer.obj
 0002:0000eeb0       _Mix_FadeOutGroup          005186d0 f   libSDLx:mixer.obj
 0002:0000ef60       _Mix_FadingChannel         00518780 f   libSDLx:mixer.obj
 0002:0000efc0       _Mix_Playing               005187e0 f   libSDLx:mixer.obj
 0002:0000f0b0       _Mix_GetChunk              005188d0 f   libSDLx:mixer.obj
 0002:0000f120       _Mix_CloseAudio            00518940 f   libSDLx:mixer.obj
 0002:0000f240       _Mix_Pause                 00518a60 f   libSDLx:mixer.obj
 0002:0000f330       _Mix_Resume                00518b50 f   libSDLx:mixer.obj
 0002:0000f4e0       _Mix_Paused                00518d00 f   libSDLx:mixer.obj
 0002:0000f5a0       _Mix_GroupChannel          00518dc0 f   libSDLx:mixer.obj
 0002:0000f630       _Mix_GroupChannels         00518e50 f   libSDLx:mixer.obj
 0002:0000f6b0       _Mix_GroupAvailable        00518ed0 f   libSDLx:mixer.obj
 0002:0000f750       _Mix_GroupCount            00518f70 f   libSDLx:mixer.obj
 0002:0000f7e0       _Mix_GroupOldest           00519000 f   libSDLx:mixer.obj
 0002:0000f8d0       _Mix_GroupNewer            005190f0 f   libSDLx:mixer.obj
 0002:0000fa90       __Mix_RegisterEffect_locked 005192b0 f   libSDLx:mixer.obj
 0002:0000fc90       _Mix_RegisterEffect        005194b0 f   libSDLx:mixer.obj
 0002:0000fd00       __Mix_UnregisterEffect_locked 00519520 f   libSDLx:mixer.obj
 0002:0000fef0       _Mix_UnregisterEffect      00519710 f   libSDLx:mixer.obj
 0002:0000ff60       __Mix_UnregisterAllEffects_locked 00519780 f   libSDLx:mixer.obj
 0002:00010010       _Mix_UnregisterAllEffects  00519830 f   libSDLx:mixer.obj
 0002:000100f0       _Mix_GetNumMusicDecoders   00519910 f   libSDLx:music.obj
 0002:00010130       _Mix_GetMusicDecoder       00519950 f   libSDLx:music.obj
 0002:00010190       _Mix_HookMusicFinished     005199b0 f   libSDLx:music.obj
 0002:000101f0       _music_mixer               00519a10 f   libSDLx:music.obj
 0002:00010600       _open_music                00519e20 f   libSDLx:music.obj
 0002:00010880       _MIX_string_equals         0051a0a0 f   libSDLx:music.obj
 0002:00010960       _Mix_LoadMUS               0051a180 f   libSDLx:music.obj
 0002:00010f30       _Mix_LoadMUS_RW            0051a750 f   libSDLx:music.obj
 0002:00010f90       _Mix_LoadMUSType_RW        0051a7b0 f   libSDLx:music.obj
 0002:000113f0       _Mix_FreeMusic             0051ac10 f   libSDLx:music.obj
 0002:00011580       _Mix_GetMusicType          0051ada0 f   libSDLx:music.obj
 0002:00011850       _Mix_FadeInMusicPos        0051b070 f   libSDLx:music.obj
 0002:000119b0       _Mix_FadeInMusic           0051b1d0 f   libSDLx:music.obj
 0002:00011a20       _Mix_PlayMusic             0051b240 f   libSDLx:music.obj
 0002:00011bf0       _Mix_SetMusicPosition      0051b410 f   libSDLx:music.obj
 0002:00011e60       _Mix_VolumeMusic           0051b680 f   libSDLx:music.obj
 0002:00012040       _Mix_HaltMusic             0051b860 f   libSDLx:music.obj
 0002:000120a0       _Mix_FadeOutMusic          0051b8c0 f   libSDLx:music.obj
 0002:00012200       _Mix_FadingMusic           0051ba20 f   libSDLx:music.obj
 0002:00012270       _Mix_PauseMusic            0051ba90 f   libSDLx:music.obj
 0002:000122b0       _Mix_ResumeMusic           0051bad0 f   libSDLx:music.obj
 0002:000122f0       _Mix_RewindMusic           0051bb10 f   libSDLx:music.obj
 0002:00012350       _Mix_PausedMusic           0051bb70 f   libSDLx:music.obj
 0002:00012520       _Mix_PlayingMusic          0051bd40 f   libSDLx:music.obj
 0002:000125c0       _Mix_SetMusicCMD           0051bde0 f   libSDLx:music.obj
 0002:00012690       _Mix_SetSynchroValue       0051beb0 f   libSDLx:music.obj
 0002:000126d0       _Mix_GetSynchroValue       0051bef0 f   libSDLx:music.obj
 0002:00012710       _close_music               0051bf30 f   libSDLx:music.obj
 0002:000127a0       _Mix_SetSoundFonts         0051bfc0 f   libSDLx:music.obj
 0002:00012850       _Mix_GetSoundFonts         0051c070 f   libSDLx:music.obj
 0002:000128e0       _Mix_EachSoundFont         0051c100 f   libSDLx:music.obj
 0002:00012a00       _SDL_CreateRGBSurface      0051c220 f   libSDLx:SDL_surface.obj
 0002:00012e30       _SDL_CreateRGBSurfaceFrom  0051c650 f   libSDLx:SDL_surface.obj
 0002:00012f00       _SDL_SetColorKey           0051c720 f   libSDLx:SDL_surface.obj
 0002:000130e0       _SDL_SetAlpha              0051c900 f   libSDLx:SDL_surface.obj
 0002:00013320       _SDL_SetAlphaChannel       0051cb40 f   libSDLx:SDL_surface.obj
 0002:000134c0       _SDL_SetClipRect           0051cce0 f   libSDLx:SDL_surface.obj
 0002:00013770       _SDL_GetClipRect           0051cf90 f   libSDLx:SDL_surface.obj
 0002:000137d0       _SDL_LowerBlit             0051cff0 f   libSDLx:SDL_surface.obj
 0002:000139d0       _SDL_UpperBlit             0051d1f0 f   libSDLx:SDL_surface.obj
 0002:00013d90       _SDL_FillRect              0051d5b0 f   libSDLx:SDL_surface.obj
 0002:000147c0       _SDL_LockSurface           0051dfe0 f   libSDLx:SDL_surface.obj
 0002:000148c0       _SDL_UnlockSurface         0051e0e0 f   libSDLx:SDL_surface.obj
 0002:000149c0       _SDL_ConvertSurface        0051e1e0 f   libSDLx:SDL_surface.obj
 0002:00014e90       _SDL_FreeSurface           0051e6b0 f   libSDLx:SDL_surface.obj
 0002:00015050       _SDL_JoystickInit          0051e870 f   libSDLx:SDL_joystick.obj
 0002:00015130       _SDL_NumJoysticks          0051e950 f   libSDLx:SDL_joystick.obj
 0002:00015170       _SDL_JoystickName          0051e990 f   libSDLx:SDL_joystick.obj
 0002:00015200       _SDL_JoystickOpen          0051ea20 f   libSDLx:SDL_joystick.obj
 0002:00015590       _SDL_JoystickOpened        0051edb0 f   libSDLx:SDL_joystick.obj
 0002:00015620       _SDL_JoystickIndex         0051ee40 f   libSDLx:SDL_joystick.obj
 0002:000156f0       _SDL_JoystickNumAxes       0051ef10 f   libSDLx:SDL_joystick.obj
 0002:00015750       _SDL_JoystickNumHats       0051ef70 f   libSDLx:SDL_joystick.obj
 0002:000157b0       _SDL_JoystickNumBalls      0051efd0 f   libSDLx:SDL_joystick.obj
 0002:00015810       _SDL_JoystickNumButtons    0051f030 f   libSDLx:SDL_joystick.obj
 0002:00015870       _SDL_JoystickGetAxis       0051f090 f   libSDLx:SDL_joystick.obj
 0002:00015920       _SDL_JoystickGetHat        0051f140 f   libSDLx:SDL_joystick.obj
 0002:000159c0       _SDL_JoystickGetBall       0051f1e0 f   libSDLx:SDL_joystick.obj
 0002:00015ac0       _SDL_JoystickGetButton     0051f2e0 f   libSDLx:SDL_joystick.obj
 0002:00015b60       _SDL_JoystickClose         0051f380 f   libSDLx:SDL_joystick.obj
 0002:00015d00       _SDL_JoystickQuit          0051f520 f   libSDLx:SDL_joystick.obj
 0002:00015e10       _SDL_PrivateJoystickAxis   0051f630 f   libSDLx:SDL_joystick.obj
 0002:00015f30       _SDL_PrivateJoystickHat    0051f750 f   libSDLx:SDL_joystick.obj
 0002:00016050       _SDL_PrivateJoystickBall   0051f870 f   libSDLx:SDL_joystick.obj
 0002:000161c0       _SDL_PrivateJoystickButton 0051f9e0 f   libSDLx:SDL_joystick.obj
 0002:00016320       _SDL_JoystickUpdate        0051fb40 f   libSDLx:SDL_joystick.obj
 0002:000163b0       _SDL_JoystickEventState    0051fbd0 f   libSDLx:SDL_joystick.obj
 0002:000164f0       _SDL_VideoInit             0051fd10 f   libSDLx:SDL_video.obj
 0002:00016a20       _SDL_VideoDriverName       00520240 f   libSDLx:SDL_video.obj
 0002:00016aa0       _SDL_GetVideoSurface       005202c0 f   libSDLx:SDL_video.obj
 0002:00016b00       _SDL_GetVideoInfo          00520320 f   libSDLx:SDL_video.obj
 0002:00016b60       _SDL_ListModes             00520380 f   libSDLx:SDL_video.obj
 0002:00016c20       _SDL_VideoModeOK           00520440 f   libSDLx:SDL_video.obj
 0002:00016eb0       _SDL_SetVideoMode          005206d0 f   libSDLx:SDL_video.obj
 0002:00017ec0       _SDL_DisplayFormat         005216e0 f   libSDLx:SDL_video.obj
 0002:00017fb0       _SDL_DisplayFormatAlpha    005217d0 f   libSDLx:SDL_video.obj
 0002:000181c0       _SDL_UpdateRect            005219e0 f   libSDLx:SDL_video.obj
 0002:000182d0       _SDL_UpdateRects           00521af0 f   libSDLx:SDL_video.obj
 0002:000186c0       _SDL_Flip                  00521ee0 f   libSDLx:SDL_video.obj
 0002:00018990       _SDL_SetPalette            005221b0 f   libSDLx:SDL_video.obj
 0002:00018f70       _SDL_SetColors             00522790 f   libSDLx:SDL_video.obj
 0002:00018fd0       _SDL_VideoQuit             005227f0 f   libSDLx:SDL_video.obj
 0002:00019260       _SDL_GL_LoadLibrary        00522a80 f   libSDLx:SDL_video.obj
 0002:00019320       _SDL_GL_GetProcAddress     00522b40 f   libSDLx:SDL_video.obj
 0002:000193f0       _SDL_GL_SetAttribute       00522c10 f   libSDLx:SDL_video.obj
 0002:00019630       _SDL_GL_GetAttribute       00522e50 f   libSDLx:SDL_video.obj
 0002:000196f0       _SDL_GL_SwapBuffers        00522f10 f   libSDLx:SDL_video.obj
 0002:00019790       _SDL_GL_UpdateRectsLock    00522fb0 f   libSDLx:SDL_video.obj
 0002:000197f0       _SDL_GL_UpdateRects        00523010 f   libSDLx:SDL_video.obj
 0002:00019820       _SDL_GL_Lock               00523040 f   libSDLx:SDL_video.obj
 0002:00019850       _SDL_GL_Unlock             00523070 f   libSDLx:SDL_video.obj
 0002:00019880       _SDL_WM_SetCaption         005230a0 f   libSDLx:SDL_video.obj
 0002:000199e0       _SDL_WM_GetCaption         00523200 f   libSDLx:SDL_video.obj
 0002:00019a60       _SDL_WM_SetIcon            00523280 f   libSDLx:SDL_video.obj
 0002:0001a210       _SDL_WM_GrabInput          00523a30 f   libSDLx:SDL_video.obj
 0002:0001a4a0       _SDL_WM_IconifyWindow      00523cc0 f   libSDLx:SDL_video.obj
 0002:0001a540       _SDL_WM_ToggleFullScreen   00523d60 f   libSDLx:SDL_video.obj
 0002:0001a710       _SDL_GetWMInfo             00523f30 f   libSDLx:SDL_video.obj
 0002:0001a7b0       _SDL_Lock_EventThread      00523fd0 f   libSDLx:SDL_events.obj
 0002:0001a840       _SDL_Unlock_EventThread    00524060 f   libSDLx:SDL_events.obj
 0002:0001a8b0       _SDL_EventThreadID         005240d0 f   libSDLx:SDL_events.obj
 0002:0001a8f0       _SDL_StopEventLoop         00524110 f   libSDLx:SDL_events.obj
 0002:0001aa40       _SDL_StartEventLoop        00524260 f   libSDLx:SDL_events.obj
 0002:0001adb0       _SDL_PeepEvents            005245d0 f   libSDLx:SDL_events.obj
 0002:0001b260       _SDL_PumpEvents            00524a80 f   libSDLx:SDL_events.obj
 0002:0001b310       _SDL_PollEvent             00524b30 f   libSDLx:SDL_events.obj
 0002:0001b380       _SDL_WaitEvent             00524ba0 f   libSDLx:SDL_events.obj
 0002:0001b430       _SDL_PushEvent             00524c50 f   libSDLx:SDL_events.obj
 0002:0001b4a0       _SDL_SetEventFilter        00524cc0 f   libSDLx:SDL_events.obj
 0002:0001b540       _SDL_GetEventFilter        00524d60 f   libSDLx:SDL_events.obj
 0002:0001b580       _SDL_EventState            00524da0 f   libSDLx:SDL_events.obj
 0002:0001b760       _SDL_PrivateSysWMEvent     00524f80 f   libSDLx:SDL_events.obj
 0002:0001b860       _SDL_StartTicks            00525080 f   libSDLx:SDL_systimer.obj
 0002:0001b8c0       _SDL_GetTicks              005250e0 f   libSDLx:SDL_systimer.obj
 0002:0001ba00       _SDL_Delay                 00525220 f   libSDLx:SDL_systimer.obj
 0002:0001ba50       _SDL_SYS_TimerInit         00525270 f   libSDLx:SDL_systimer.obj
 0002:0001bb30       _SDL_SYS_TimerQuit         00525350 f   libSDLx:SDL_systimer.obj
 0002:0001bb90       _SDL_SYS_StartTimer        005253b0 f   libSDLx:SDL_systimer.obj
 0002:0001bbf0       _SDL_SYS_StopTimer         00525410 f   libSDLx:SDL_systimer.obj
 0002:0001bc20       _SDL_KeyboardInit          00525440 f   libSDLx:SDL_keyboard.obj
 0002:0001c8c0       _SDL_KeyboardQuit          005260e0 f   libSDLx:SDL_keyboard.obj
 0002:0001c8f0       _SDL_ResetKeyboard         00526110 f   libSDLx:SDL_keyboard.obj
 0002:0001c9e0       _SDL_EnableUNICODE         00526200 f   libSDLx:SDL_keyboard.obj
 0002:0001ca30       _SDL_GetKeyState           00526250 f   libSDLx:SDL_keyboard.obj
 0002:0001ca80       _SDL_GetModState           005262a0 f   libSDLx:SDL_keyboard.obj
 0002:0001cac0       _SDL_SetModState           005262e0 f   libSDLx:SDL_keyboard.obj
 0002:0001cb00       _SDL_GetKeyName            00526320 f   libSDLx:SDL_keyboard.obj
 0002:0001cb70       _SDL_PrivateKeyboard       00526390 f   libSDLx:SDL_keyboard.obj
 0002:0001d1a0       _SDL_CheckKeyRepeat        005269c0 f   libSDLx:SDL_keyboard.obj
 0002:0001d290       _SDL_EnableKeyRepeat       00526ab0 f   libSDLx:SDL_keyboard.obj
 0002:0001d330       _SDL_GetKeyRepeat          00526b50 f   libSDLx:SDL_keyboard.obj
 0002:0001d380       _SDL_SetError              00526ba0 f   libSDLx:SDL_error.obj
 0002:0001d740       _SDL_GetErrorMsg           00526f60 f   libSDLx:SDL_error.obj
 0002:0001dc20       _SDL_GetError              00527440 f   libSDLx:SDL_error.obj
 0002:0001dc80       _SDL_ClearError            005274a0 f   libSDLx:SDL_error.obj
 0002:0001dce0       _SDL_Error                 00527500 f   libSDLx:SDL_error.obj
 0002:0001ddc0       _SDL_LoadBMP_RW            005275e0 f   libSDLx:SDL_bmp.obj
 0002:0001eae0       _SDL_SaveBMP_RW            00528300 f   libSDLx:SDL_bmp.obj
 0002:0001f420       _SDL_RWFromFile            00528c40 f   libSDLx:SDL_rwops.obj
 0002:0001ff30       _SDL_RWFromFP              00529750 f   libSDLx:SDL_rwops.obj
 0002:00020210       _SDL_RWFromMem             00529a30 f   libSDLx:SDL_rwops.obj
 0002:000205c0       _SDL_RWFromConstMem        00529de0 f   libSDLx:SDL_rwops.obj
 0002:000206e0       _SDL_AllocRW               00529f00 f   libSDLx:SDL_rwops.obj
 0002:00020750       _SDL_FreeRW                00529f70 f   libSDLx:SDL_rwops.obj
 0002:000207a0       _SDL_ReadLE16              00529fc0 f   libSDLx:SDL_rwops.obj
 0002:00020840       _SDL_ReadBE16              0052a060 f   libSDLx:SDL_rwops.obj
 0002:00020940       _SDL_ReadLE32              0052a160 f   libSDLx:SDL_rwops.obj
 0002:000209e0       _SDL_ReadBE32              0052a200 f   libSDLx:SDL_rwops.obj
 0002:00020b00       _SDL_ReadLE64              0052a320 f   libSDLx:SDL_rwops.obj
 0002:00020bb0       _SDL_ReadBE64              0052a3d0 f   libSDLx:SDL_rwops.obj
 0002:00020d30       _SDL_WriteLE16             0052a550 f   libSDLx:SDL_rwops.obj
 0002:00020da0       _SDL_WriteBE16             0052a5c0 f   libSDLx:SDL_rwops.obj
 0002:00020e20       _SDL_WriteLE32             0052a640 f   libSDLx:SDL_rwops.obj
 0002:00020e90       _SDL_WriteBE32             0052a6b0 f   libSDLx:SDL_rwops.obj
 0002:00020f10       _SDL_WriteLE64             0052a730 f   libSDLx:SDL_rwops.obj
 0002:00020f90       _SDL_WriteBE64             0052a7b0 f   libSDLx:SDL_rwops.obj
 0002:00021010       _SDL_AllocFormat           0052a830 f   libSDLx:SDL_pixels.obj
 0002:000218b0       _SDL_ReallocFormat         0052b0d0 f   libSDLx:SDL_pixels.obj
 0002:00021950       _SDL_FormatChanged         0052b170 f   libSDLx:SDL_pixels.obj
 0002:000219d0       _SDL_FreeFormat            0052b1f0 f   libSDLx:SDL_pixels.obj
 0002:00021a70       _SDL_DitherColors          0052b290 f   libSDLx:SDL_pixels.obj
 0002:00021b90       _SDL_CalculatePitch        0052b3b0 f   libSDLx:SDL_pixels.obj
 0002:00021c50       _SDL_FindColor             0052b470 f   libSDLx:SDL_pixels.obj
 0002:00021d60       _SDL_MapRGB                0052b580 f   libSDLx:SDL_pixels.obj
 0002:00021e30       _SDL_MapRGBA               0052b650 f   libSDLx:SDL_pixels.obj
 0002:00021f20       _SDL_GetRGBA               0052b740 f   libSDLx:SDL_pixels.obj
 0002:00022110       _SDL_GetRGB                0052b930 f   libSDLx:SDL_pixels.obj
 0002:00022290       _SDL_ApplyGamma            0052bab0 f   libSDLx:SDL_pixels.obj
 0002:00022360       _SDL_AllocBlitMap          0052bb80 f   libSDLx:SDL_pixels.obj
 0002:00022440       _SDL_InvalidateMap         0052bc60 f   libSDLx:SDL_pixels.obj
 0002:000224d0       _SDL_MapSurface            0052bcf0 f   libSDLx:SDL_pixels.obj
 0002:00022df0       _SDL_FreeBlitMap           0052c610 f   libSDLx:SDL_pixels.obj
 0002:00022e80       _SDL_CDROMInit             0052c6a0 f   libSDLx:SDL_cdrom.obj
 0002:00022f00       _SDL_CDNumDrives           0052c720 f   libSDLx:SDL_cdrom.obj
 0002:00023010       _SDL_CDName                0052c830 f   libSDLx:SDL_cdrom.obj
 0002:000230c0       _SDL_CDOpen                0052c8e0 f   libSDLx:SDL_cdrom.obj
 0002:000231d0       _SDL_CDStatus              0052c9f0 f   libSDLx:SDL_cdrom.obj
 0002:00023370       _SDL_CDPlayTracks          0052cb90 f   libSDLx:SDL_cdrom.obj
 0002:000235b0       _SDL_CDPlay                0052cdd0 f   libSDLx:SDL_cdrom.obj
 0002:00023630       _SDL_CDPause               0052ce50 f   libSDLx:SDL_cdrom.obj
 0002:00023700       _SDL_CDResume              0052cf20 f   libSDLx:SDL_cdrom.obj
 0002:000237d0       _SDL_CDStop                0052cff0 f   libSDLx:SDL_cdrom.obj
 0002:000238a0       _SDL_CDEject               0052d0c0 f   libSDLx:SDL_cdrom.obj
 0002:00023920       _SDL_CDClose               0052d140 f   libSDLx:SDL_cdrom.obj
 0002:000239b0       _SDL_CDROMQuit             0052d1d0 f   libSDLx:SDL_cdrom.obj
 0002:00023a10       _SDL_RunAudio              0052d230 f   libSDLx:SDL_audio.obj
 0002:00023d10       _SDL_AudioInit             0052d530 f   libSDLx:SDL_audio.obj
 0002:00024030       _SDL_AudioDriverName       0052d850 f   libSDLx:SDL_audio.obj
 0002:000240b0       _SDL_OpenAudio             0052d8d0 f   libSDLx:SDL_audio.obj
 0002:00024840       _SDL_GetAudioStatus        0052e060 f   libSDLx:SDL_audio.obj
 0002:000248c0       _SDL_PauseAudio            0052e0e0 f   libSDLx:SDL_audio.obj
 0002:00024910       _SDL_LockAudio             0052e130 f   libSDLx:SDL_audio.obj
 0002:00024990       _SDL_UnlockAudio           0052e1b0 f   libSDLx:SDL_audio.obj
 0002:00024a10       _SDL_CloseAudio            0052e230 f   libSDLx:SDL_audio.obj
 0002:00024a60       _SDL_AudioQuit             0052e280 f   libSDLx:SDL_audio.obj
 0002:00024bc0       _SDL_FirstAudioFormat      0052e3e0 f   libSDLx:SDL_audio.obj
 0002:00024c60       _SDL_NextAudioFormat       0052e480 f   libSDLx:SDL_audio.obj
 0002:00024cf0       _SDL_CalculateAudioSpec    0052e510 f   libSDLx:SDL_audio.obj
 0002:00024db0       _SDL_Audio_SetCaption      0052e5d0 f   libSDLx:SDL_audio.obj
 0002:00024e30       _SDL_putenv                0052e650 f   libSDLx:SDL_getenv.obj
 0002:00025070       _SDL_getenv                0052e890 f   libSDLx:SDL_getenv.obj
 0002:00025180       _SDL_SetTimerThreaded      0052e9a0 f   libSDLx:SDL_timer.obj
 0002:00025200       _SDL_TimerInit             0052ea20 f   libSDLx:SDL_timer.obj
 0002:000252a0       _SDL_TimerQuit             0052eac0 f   libSDLx:SDL_timer.obj
 0002:00025350       _SDL_ThreadedTimerCheck    0052eb70 f   libSDLx:SDL_timer.obj
 0002:000255a0       _SDL_AddTimer              0052edc0 f   libSDLx:SDL_timer.obj
 0002:00025760       _SDL_RemoveTimer           0052ef80 f   libSDLx:SDL_timer.obj
 0002:00025870       _SDL_SetTimer              0052f090 f   libSDLx:SDL_timer.obj
 0002:00025a40       _SDL_InstallParachute      0052f260 f   libSDLx:SDL_fatal.obj
 0002:00025a70       _SDL_UninstallParachute    0052f290 f   libSDLx:SDL_fatal.obj
 0002:00025b10       _Mix_InitOgg               0052f330 f   libSDLx:dynamic_ogg.obj
 0002:00025bb0       _Mix_QuitOgg               0052f3d0 f   libSDLx:dynamic_ogg.obj
 0002:00025c00       _Mix_InitMP3               0052f420 f   libSDLx:dynamic_mp3.obj
 0002:00025cf0       _Mix_QuitMP3               0052f510 f   libSDLx:dynamic_mp3.obj
 0002:00025d40       _Mix_InitMOD               0052f560 f   libSDLx:dynamic_mod.obj
 0002:00025ed0       _Mix_QuitMOD               0052f6f0 f   libSDLx:dynamic_mod.obj
 0002:00025f20       __Mix_InitEffects          0052f740 f   libSDLx:effects_internal.obj
 0002:00025f80       __Mix_DeinitEffects        0052f7a0 f   libSDLx:effects_internal.obj
 0002:00025fd0       __Eff_build_volume_table_u8 0052f7f0 f   libSDLx:effects_internal.obj
 0002:000260e0       __Eff_build_volume_table_s8 0052f900 f   libSDLx:effects_internal.obj
 0002:000261d0       _SDL_MixAudio              0052f9f0 f   libSDLx:SDL_mixer.obj
 0002:000266e0       _SDL_ConvertMono           0052ff00 f   libSDLx:SDL_audiocvt.obj
 0002:00026c60       _SDL_ConvertStrip          00530480 f   libSDLx:SDL_audiocvt.obj
 0002:00027270       _SDL_ConvertStrip_2        00530a90 f   libSDLx:SDL_audiocvt.obj
 0002:00027880       _SDL_ConvertStereo         005310a0 f   libSDLx:SDL_audiocvt.obj
 0002:00027a40       _SDL_ConvertSurround       00531260 f   libSDLx:SDL_audiocvt.obj
 0002:00028770       _SDL_ConvertSurround_4     00531f90 f   libSDLx:SDL_audiocvt.obj
 0002:000292a0       _SDL_Convert16LSB          00532ac0 f   libSDLx:SDL_audiocvt.obj
 0002:000293d0       _SDL_Convert16MSB          00532bf0 f   libSDLx:SDL_audiocvt.obj
 0002:00029500       _SDL_Convert8              00532d20 f   libSDLx:SDL_audiocvt.obj
 0002:00029640       _SDL_ConvertSign           00532e60 f   libSDLx:SDL_audiocvt.obj
 0002:000297b0       _SDL_ConvertEndian         00532fd0 f   libSDLx:SDL_audiocvt.obj
 0002:000298c0       _SDL_RateMUL2              005330e0 f   libSDLx:SDL_audiocvt.obj
 0002:00029a90       _SDL_RateMUL2_c2           005332b0 f   libSDLx:SDL_audiocvt.obj
 0002:00029cd0       _SDL_RateMUL2_c4           005334f0 f   libSDLx:SDL_audiocvt.obj
 0002:00029fd0       _SDL_RateMUL2_c6           005337f0 f   libSDLx:SDL_audiocvt.obj
 0002:0002a390       _SDL_RateDIV2              00533bb0 f   libSDLx:SDL_audiocvt.obj
 0002:0002a530       _SDL_RateDIV2_c2           00533d50 f   libSDLx:SDL_audiocvt.obj
 0002:0002a700       _SDL_RateDIV2_c4           00533f20 f   libSDLx:SDL_audiocvt.obj
 0002:0002a930       _SDL_RateDIV2_c6           00534150 f   libSDLx:SDL_audiocvt.obj
 0002:0002abc0       _SDL_RateSLOW              005343e0 f   libSDLx:SDL_audiocvt.obj
 0002:0002aee0       _SDL_ConvertAudio          00534700 f   libSDLx:SDL_audiocvt.obj
 0002:0002afa0       _SDL_BuildAudioCVT         005347c0 f   libSDLx:SDL_audiocvt.obj
 0002:0002b770       _Mix_LoadVOC_RW            00534f90 f   libSDLx:load_voc.obj
 0002:0002c720       _Mix_LoadOGG_RW            00535f40 f   libSDLx:load_ogg.obj
 0002:0002cdf0       _Mix_LoadAIFF_RW           00536610 f   libSDLx:load_aiff.obj
 0002:0002d600       _SDL_LoadWAV_RW            00536e20 f   libSDLx:SDL_wave.obj
 0002:0002f180       _SDL_FreeWAV               005389a0 f   libSDLx:SDL_wave.obj
 0002:0002f370       _OGG_init                  00538b90 f   libSDLx:music_ogg.obj
 0002:0002f3f0       _OGG_setvolume             00538c10 f   libSDLx:music_ogg.obj
 0002:0002f430       _OGG_new_RW                00538c50 f   libSDLx:music_ogg.obj
 0002:0002f7b0       _OGG_play                  00538fd0 f   libSDLx:music_ogg.obj
 0002:0002f7f0       _OGG_playing               00539010 f   libSDLx:music_ogg.obj
 0002:0002f830       _OGG_playAudio             00539050 f   libSDLx:music_ogg.obj
 0002:0002fc40       _OGG_stop                  00539460 f   libSDLx:music_ogg.obj
 0002:0002fc80       _OGG_delete                005394a0 f   libSDLx:music_ogg.obj
 0002:0002fd50       _OGG_jump_to_time          00539570 f   libSDLx:music_ogg.obj
 0002:0002fdc0       _Timidity_PlaySome         005395e0 f   libSDLx:playmidi.obj
 0002:00035740       _Timidity_SetVolume        0053ef60 f   libSDLx:playmidi.obj
 0002:00035840       _Timidity_LoadSong_RW      0053f060 f   libSDLx:playmidi.obj
 0002:00035960       _Timidity_Start            0053f180 f   libSDLx:playmidi.obj
 0002:00035a00       _Timidity_Active           0053f220 f   libSDLx:playmidi.obj
 0002:00035a40       _Timidity_Stop             0053f260 f   libSDLx:playmidi.obj
 0002:00035a80       _Timidity_FreeSong         0053f2a0 f   libSDLx:playmidi.obj
 0002:00035b00       _Timidity_Close            0053f320 f   libSDLx:playmidi.obj
 0002:00035ba0       _MOD_init                  0053f3c0 f   libSDLx:music_mod.obj
 0002:00035eb0       _MOD_exit                  0053f6d0 f   libSDLx:music_mod.obj
 0002:00035f10       _MOD_setvolume             0053f730 f   libSDLx:music_mod.obj
 0002:00035f70       _LMM_Seek                  0053f790 f   libSDLx:music_mod.obj
 0002:00036010       _LMM_Tell                  0053f830 f   libSDLx:music_mod.obj
 0002:00036090       _LMM_Read                  0053f8b0 f   libSDLx:music_mod.obj
 0002:00036110       _LMM_Get                   0053f930 f   libSDLx:music_mod.obj
 0002:000361d0       _LMM_Eof                   0053f9f0 f   libSDLx:music_mod.obj
 0002:00036240       _MikMod_LoadSongRW         0053fa60 f   libSDLx:music_mod.obj
 0002:000363b0       _MOD_new_RW                0053fbd0 f   libSDLx:music_mod.obj
 0002:00036510       _MOD_play                  0053fd30 f   libSDLx:music_mod.obj
 0002:00036570       _MOD_playing               0053fd90 f   libSDLx:music_mod.obj
 0002:000365d0       _MOD_playAudio             0053fdf0 f   libSDLx:music_mod.obj
 0002:00036940       _MOD_stop                  00540160 f   libSDLx:music_mod.obj
 0002:000369a0       _MOD_delete                005401c0 f   libSDLx:music_mod.obj
 0002:00036a00       _MOD_jump_to_time          00540220 f   libSDLx:music_mod.obj
 0002:00036a60       _WAVStream_Init            00540280 f   libSDLx:wavestream.obj
 0002:00036ae0       _WAVStream_SetVolume       00540300 f   libSDLx:wavestream.obj
 0002:00036b20       _WAVStream_LoadSong_RW     00540340 f   libSDLx:wavestream.obj
 0002:00036db0       _WAVStream_Start           005405d0 f   libSDLx:wavestream.obj
 0002:00036e30       _WAVStream_PlaySome        00540650 f   libSDLx:wavestream.obj
 0002:00037140       _WAVStream_Stop            00540960 f   libSDLx:wavestream.obj
 0002:00037180       _WAVStream_FreeSong        005409a0 f   libSDLx:wavestream.obj
 0002:00037220       _WAVStream_Active          00540a40 f   libSDLx:wavestream.obj
 0002:00037c30       _Timidity_Init             00541450 f   libSDLx:timidity.obj
 0002:00039030       _Timidity_Error            00542850 f   libSDLx:timidity.obj
 0002:00039070       _SDL_revcpy                00542890 f   libSDLx:SDL_string.obj
 0002:00039120       _SDL_strlcpy               00542940 f   libSDLx:SDL_string.obj
 0002:000391e0       _SDL_strlcat               00542a00 f   libSDLx:SDL_string.obj
 0002:00039280       _SDL_strdup                00542aa0 f   libSDLx:SDL_string.obj
 0002:00039310       _SDL_lltoa                 00542b30 f   libSDLx:SDL_string.obj
 0002:00039460       _SDL_ulltoa                00542c80 f   libSDLx:SDL_string.obj
 0002:00039550       _SDL_strtoull              00542d70 f   libSDLx:SDL_string.obj
 0002:000397e0       _SDL_snprintf              00543000 f   libSDLx:SDL_string.obj
 0002:00039860       _SDL_vsnprintf             00543080 f   libSDLx:SDL_string.obj
 0002:0003a4b0       _SDL_RLEBlit               00543cd0 f   libSDLx:SDL_RLEaccel.obj
 0002:000414b0       _SDL_RLEAlphaBlit          0054acd0 f   libSDLx:SDL_RLEaccel.obj
 0002:00043190       _SDL_RLESurface            0054c9b0 f   libSDLx:SDL_RLEaccel.obj
 0002:00044c30       _SDL_UnRLESurface          0054e450 f   libSDLx:SDL_RLEaccel.obj
 0002:000455e0       _xfabsf                    0054ee00 f   libSDLx:SDL_sysjoystick.obj
 0002:00045680       _SDL_SYS_JoystickInit      0054eea0 f   libSDLx:SDL_sysjoystick.obj
 0002:000456c0       _SDL_SYS_JoystickName      0054eee0 f   libSDLx:SDL_sysjoystick.obj
 0002:00045700       _SDL_SYS_JoystickOpen      0054ef20 f   libSDLx:SDL_sysjoystick.obj
 0002:00045920       _SDL_SYS_JoystickUpdate    0054f140 f   libSDLx:SDL_sysjoystick.obj
 0002:00046470       _SDL_SYS_JoystickClose     0054fc90 f   libSDLx:SDL_sysjoystick.obj
 0002:000464d0       _SDL_SYS_JoystickQuit      0054fcf0 f   libSDLx:SDL_sysjoystick.obj
 0002:00046500       _XBInput_RefreshDeviceList 0054fd20 f   libSDLx:SDL_sysjoystick.obj
 0002:00046750       _SDL_XBOX_SetScreenPosition 0054ff70 f   libSDLx:SDL_xboxvideo.obj
 0002:000467d0       _SDL_XBOX_SetScreenStretch 0054fff0 f   libSDLx:SDL_xboxvideo.obj
 0002:00046850       _SDL_XBOX_GetScreenPosition 00550070 f   libSDLx:SDL_xboxvideo.obj
 0002:000468b0       _SDL_XBOX_GetScreenStretch 005500d0 f   libSDLx:SDL_xboxvideo.obj
 0002:00046910       _SDL_XBOX_SetFlickerFilter 00550130 f   libSDLx:SDL_xboxvideo.obj
 0002:00046970       _SDL_XBOX_SetSoftDisplayFilter 00550190 f   libSDLx:SDL_xboxvideo.obj
 0002:00049520       _SDL_CursorQuit            00552d40 f   libSDLx:SDL_cursor.obj
 0002:00049610       _SDL_CursorInit            00552e30 f   libSDLx:SDL_cursor.obj
 0002:000496c0       _SDL_CreateCursor          00552ee0 f   libSDLx:SDL_cursor.obj
 0002:000499a0       _SDL_SetCursor             005531c0 f   libSDLx:SDL_cursor.obj
 0002:00049cd0       _SDL_GetCursor             005534f0 f   libSDLx:SDL_cursor.obj
 0002:00049d10       _SDL_FreeCursor            00553530 f   libSDLx:SDL_cursor.obj
 0002:00049e40       _SDL_ShowCursor            00553660 f   libSDLx:SDL_cursor.obj
 0002:00049f80       _SDL_WarpMouse             005537a0 f   libSDLx:SDL_cursor.obj
 0002:0004a140       _SDL_MoveCursor            00553960 f   libSDLx:SDL_cursor.obj
 0002:0004a290       _SDL_CursorPaletteChanged  00553ab0 f   libSDLx:SDL_cursor.obj
 0002:0004a2d0       _SDL_MouseRect             00553af0 f   libSDLx:SDL_cursor.obj
 0002:0004a470       _SDL_DrawCursorNoLock      00553c90 f   libSDLx:SDL_cursor.obj
 0002:0004b2f0       _SDL_DrawCursor            00554b10 f   libSDLx:SDL_cursor.obj
 0002:0004b460       _SDL_EraseCursorNoLock     00554c80 f   libSDLx:SDL_cursor.obj
 0002:0004b7d0       _SDL_EraseCursor           00554ff0 f   libSDLx:SDL_cursor.obj
 0002:0004b940       _SDL_ResetCursor           00555160 f   libSDLx:SDL_cursor.obj
 0002:0004b9f0       _SDL_MouseInit             00555210 f   libSDLx:SDL_mouse.obj
 0002:0004ba70       _SDL_MouseQuit             00555290 f   libSDLx:SDL_mouse.obj
 0002:0004baa0       _SDL_ResetMouse            005552c0 f   libSDLx:SDL_mouse.obj
 0002:0004bb40       _SDL_GetMouseState         00555360 f   libSDLx:SDL_mouse.obj
 0002:0004bbb0       _SDL_GetRelativeMouseState 005553d0 f   libSDLx:SDL_mouse.obj
 0002:0004bc30       _SDL_SetMouseRange         00555450 f   libSDLx:SDL_mouse.obj
 0002:0004bc80       _SDL_PrivateMouseMotion    005554a0 f   libSDLx:SDL_mouse.obj
 0002:0004c050       _SDL_PrivateMouseButton    00555870 f   libSDLx:SDL_mouse.obj
 0002:0004c310       _SDL_CreateMutex           00555b30 f   libSDLx:SDL_sysmutex.obj
 0002:0004c3c0       _SDL_DestroyMutex          00555be0 f   libSDLx:SDL_sysmutex.obj
 0002:0004c440       _SDL_mutexP                00555c60 f   libSDLx:SDL_sysmutex.obj
 0002:0004c4d0       _SDL_mutexV                00555cf0 f   libSDLx:SDL_sysmutex.obj
 0002:0004c560       _SDL_PrivateResize         00555d80 f   libSDLx:SDL_resize.obj
 0002:0004c700       _SDL_SYS_CreateThread      00555f20 f   libSDLx:SDL_systhread.obj
 0002:0004c830       _SDL_SYS_SetupThread       00556050 f   libSDLx:SDL_systhread.obj
 0002:0004c860       _SDL_ThreadID              00556080 f   libSDLx:SDL_systhread.obj
 0002:0004c8b0       _SDL_SYS_WaitThread        005560d0 f   libSDLx:SDL_systhread.obj
 0002:0004c910       _SDL_SYS_KillThread        00556130 f   libSDLx:SDL_systhread.obj
 0002:0004c970       _SDL_QuitInit              00556190 f   libSDLx:SDL_quit.obj
 0002:0004c9a0       _SDL_QuitQuit              005561c0 f   libSDLx:SDL_quit.obj
 0002:0004c9d0       _SDL_PrivateQuit           005561f0 f   libSDLx:SDL_quit.obj
 0002:0004cab0       _SDL_AppActiveInit         005562d0 f   libSDLx:SDL_active.obj
 0002:0004caf0       _SDL_AppActiveQuit         00556310 f   libSDLx:SDL_active.obj
 0002:0004cb20       _SDL_GetAppState           00556340 f   libSDLx:SDL_active.obj
 0002:0004cb60       _SDL_PrivateAppActive      00556380 f   libSDLx:SDL_active.obj
 0002:0004ccf0       _SDL_ThreadsInit           00556510 f   libSDLx:SDL_thread.obj
 0002:0004cd60       _SDL_ThreadsQuit           00556580 f   libSDLx:SDL_thread.obj
 0002:0004cdd0       _SDL_GetErrBuf             005565f0 f   libSDLx:SDL_thread.obj
 0002:0004ceb0       _SDL_RunThread             005566d0 f   libSDLx:SDL_thread.obj
 0002:0004cf70       _SDL_CreateThread          00556790 f   libSDLx:SDL_thread.obj
 0002:0004d3a0       _SDL_WaitThread            00556bc0 f   libSDLx:SDL_thread.obj
 0002:0004d430       _SDL_GetThreadID           00556c50 f   libSDLx:SDL_thread.obj
 0002:0004d490       _SDL_KillThread            00556cb0 f   libSDLx:SDL_thread.obj
 0002:0004d500       _SDL_iconv_open            00556d20 f   libSDLx:SDL_iconv.obj
 0002:0004d850       _SDL_iconv                 00557070 f   libSDLx:SDL_iconv.obj
 0002:0004ef40       _SDL_iconv_close           00558760 f   libSDLx:SDL_iconv.obj
 0002:0004efa0       _SDL_iconv_string          005587c0 f   libSDLx:SDL_iconv.obj
 0002:0004f280       _SDL_CalculateBlit         00558aa0 f   libSDLx:SDL_blit.obj
 0002:0004fce0       _SDL_SYS_CDInit            00559500 f   libSDLx:SDL_syscdrom.obj
 0002:000500a0       _SDL_SYS_CDQuit            005598c0 f   libSDLx:SDL_syscdrom.obj
 0002:00050280       _Remount                   00559aa0 f   libSDLx:SDL_syscdrom.obj
 0002:00050470       _Mount                     00559c90 f   libSDLx:SDL_syscdrom.obj
 0002:000505a0       _Unmount                   00559dc0 f   libSDLx:SDL_syscdrom.obj
 0002:00050b80       _TocValToFrames            0055a3a0 f i libSDLx:SDL_syscdrom.obj
 0002:00050be0       _MsfToFrames               0055a400 f i libSDLx:SDL_syscdrom.obj
 0002:00050c40       _TocValToMsf               0055a460 f i libSDLx:SDL_syscdrom.obj
 0002:00051020       _cdrom_cdda_play           0055a840 f   libSDLx:SDL_syscdrom.obj
 0002:00051160       _cddapause                 0055a980 f   libSDLx:SDL_syscdrom.obj
 0002:00051270       _cddaprocess               0055aa90 f   libSDLx:SDL_syscdrom.obj
 0002:00051710       _ReadSectorCDDA            0055af30 f   libSDLx:SDL_syscdrom.obj
 0002:00051af0       _XboxDX_SoundFocus         0055b310 f   libSDLx:SDL_xboxaudio.obj
 0002:000529e0       _ov_clear                  0055c200 f   libSDLx:vorbisfile.obj
 0002:00052be0       _ov_open_callbacks         0055c400 f   libSDLx:vorbisfile.obj
 0002:00054d40       _ov_open                   0055e560 f   libSDLx:vorbisfile.obj
 0002:00054e90       _ov_fopen                  0055e6b0 f   libSDLx:vorbisfile.obj
 0002:00054f30       _ov_halfrate               0055e750 f   libSDLx:vorbisfile.obj
 0002:000550b0       _ov_halfrate_p             0055e8d0 f   libSDLx:vorbisfile.obj
 0002:00055120       _ov_test_callbacks         0055e940 f   libSDLx:vorbisfile.obj
 0002:000551a0       _ov_test                   0055e9c0 f   libSDLx:vorbisfile.obj
 0002:00055280       _ov_test_open              0055eaa0 f   libSDLx:vorbisfile.obj
 0002:000552f0       _ov_streams                0055eb10 f   libSDLx:vorbisfile.obj
 0002:00055330       _ov_seekable               0055eb50 f   libSDLx:vorbisfile.obj
 0002:00055370       _ov_bitrate                0055eb90 f   libSDLx:vorbisfile.obj
 0002:00055640       _ov_bitrate_instant        0055ee60 f   libSDLx:vorbisfile.obj
 0002:00055740       _ov_serialnumber           0055ef60 f   libSDLx:vorbisfile.obj
 0002:00055800       _ov_raw_total              0055f020 f   libSDLx:vorbisfile.obj
 0002:00055920       _ov_pcm_total              0055f140 f   libSDLx:vorbisfile.obj
 0002:00055a30       _ov_time_total             0055f250 f   libSDLx:vorbisfile.obj
 0002:00055b30       _ov_raw_seek               0055f350 f   libSDLx:vorbisfile.obj
 0002:000564a0       _ov_pcm_seek_page          0055fcc0 f   libSDLx:vorbisfile.obj
 0002:000573b0       _ov_pcm_seek               00560bd0 f   libSDLx:vorbisfile.obj
 0002:00058290       _ov_time_seek              00561ab0 f   libSDLx:vorbisfile.obj
 0002:00058430       _ov_time_seek_page         00561c50 f   libSDLx:vorbisfile.obj
 0002:000585d0       _ov_raw_tell               00561df0 f   libSDLx:vorbisfile.obj
 0002:00058630       _ov_pcm_tell               00561e50 f   libSDLx:vorbisfile.obj
 0002:00058690       _ov_time_tell              00561eb0 f   libSDLx:vorbisfile.obj
 0002:00058830       _ov_info                   00562050 f   libSDLx:vorbisfile.obj
 0002:000588d0       _ov_comment                005620f0 f   libSDLx:vorbisfile.obj
 0002:00058970       _ov_read_filter            00562190 f   libSDLx:vorbisfile.obj
 0002:000592c0       _ov_read                   00562ae0 f   libSDLx:vorbisfile.obj
 0002:00059330       _ov_read_float             00562b50 f   libSDLx:vorbisfile.obj
 0002:000594d0       _ov_crosslap               00562cf0 f   libSDLx:vorbisfile.obj
 0002:00059d30       _ov_raw_seek_lap           00563550 f   libSDLx:vorbisfile.obj
 0002:0005a070       _ov_pcm_seek_lap           00563890 f   libSDLx:vorbisfile.obj
 0002:0005a0d0       _ov_pcm_seek_page_lap      005638f0 f   libSDLx:vorbisfile.obj
 0002:0005a130       _ov_time_seek_lap          00563950 f   libSDLx:vorbisfile.obj
 0002:0005a480       _ov_time_seek_page_lap     00563ca0 f   libSDLx:vorbisfile.obj
 0002:0005a4e0       _MD_SampleSpace            00563d00 f   libSDLx:mdriver.obj
 0002:0005a580       _MD_SampleLength           00563da0 f   libSDLx:mdriver.obj
 0002:0005a630       _MikMod_InfoDriver         00563e50 f   libSDLx:mdriver.obj
 0002:0005a7d0       __mm_registerdriver        00563ff0 f   libSDLx:mdriver.obj
 0002:0005a840       __mm_unregisterdrivers     00564060 f   libSDLx:mdriver.obj
 0002:0005a8b0       _MikMod_RegisterDriver     005640d0 f   libSDLx:mdriver.obj
 0002:0005a950       _MikMod_DriverFromAlias    00564170 f   libSDLx:mdriver.obj
 0002:0005aa40       _MD_SampleLoad             00564260 f   libSDLx:mdriver.obj
 0002:0005ab10       _MD_SampleUnload           00564330 f   libSDLx:mdriver.obj
 0002:0005ab70       _MikMod_RegisterPlayer     00564390 f   libSDLx:mdriver.obj
 0002:0005ac00       _MikMod_Update             00564420 f   libSDLx:mdriver.obj
 0002:0005ace0       _Voice_SetVolume_internal  00564500 f   libSDLx:mdriver.obj
 0002:0005ae10       _Voice_SetVolume           00564630 f   libSDLx:mdriver.obj
 0002:0005aea0       _Voice_GetVolume           005646c0 f   libSDLx:mdriver.obj
 0002:0005af60       _Voice_SetFrequency_internal 00564780 f   libSDLx:mdriver.obj
 0002:0005b040       _Voice_SetFrequency        00564860 f   libSDLx:mdriver.obj
 0002:0005b0d0       _Voice_GetFrequency        005648f0 f   libSDLx:mdriver.obj
 0002:0005b190       _Voice_SetPanning_internal 005649b0 f   libSDLx:mdriver.obj
 0002:0005b290       _Voice_SetPanning          00564ab0 f   libSDLx:mdriver.obj
 0002:0005b320       _Voice_GetPanning          00564b40 f   libSDLx:mdriver.obj
 0002:0005b3e0       _Voice_Play_internal       00564c00 f   libSDLx:mdriver.obj
 0002:0005b4e0       _Voice_Play                00564d00 f   libSDLx:mdriver.obj
 0002:0005b580       _Voice_Stop_internal       00564da0 f   libSDLx:mdriver.obj
 0002:0005b630       _Voice_Stop                00564e50 f   libSDLx:mdriver.obj
 0002:0005b6c0       _Voice_Stopped_internal    00564ee0 f   libSDLx:mdriver.obj
 0002:0005b740       _Voice_Stopped             00564f60 f   libSDLx:mdriver.obj
 0002:0005b7d0       _Voice_GetPosition         00564ff0 f   libSDLx:mdriver.obj
 0002:0005b890       _Voice_RealVolume          005650b0 f   libSDLx:mdriver.obj
 0002:0005b950       _MikMod_Init               00565170 f   libSDLx:mdriver.obj
 0002:0005bd00       _MikMod_Exit_internal      00565520 f   libSDLx:mdriver.obj
 0002:0005bdf0       _MikMod_Exit               00565610 f   libSDLx:mdriver.obj
 0002:0005bea0       _MikMod_Reset              005656c0 f   libSDLx:mdriver.obj
 0002:0005c0f0       _MikMod_SetNumVoices_internal 00565910 f   libSDLx:mdriver.obj
 0002:0005c750       _MikMod_SetNumVoices       00565f70 f   libSDLx:mdriver.obj
 0002:0005c7e0       _MikMod_EnableOutput_internal 00566000 f   libSDLx:mdriver.obj
 0002:0005c880       _MikMod_EnableOutput       005660a0 f   libSDLx:mdriver.obj
 0002:0005c900       _MikMod_DisableOutput_internal 00566120 f   libSDLx:mdriver.obj
 0002:0005c980       _MikMod_DisableOutput      005661a0 f   libSDLx:mdriver.obj
 0002:0005ca00       _MikMod_Active_internal    00566220 f   libSDLx:mdriver.obj
 0002:0005ca40       _MikMod_Active             00566260 f   libSDLx:mdriver.obj
 0002:0005cac0       _Sample_Play_internal      005662e0 f   libSDLx:mdriver.obj
 0002:0005cd90       _Sample_Play               005665b0 f   libSDLx:mdriver.obj
 0002:0005ce30       _MikMod_GetVersion         00566650 f   libSDLx:mdriver.obj
 0002:0005ce70       _MikMod_InitThreads        00566690 f   libSDLx:mdriver.obj
 0002:0005cf30       _MikMod_Unlock             00566750 f   libSDLx:mdriver.obj
 0002:0005cfa0       _MikMod_Lock               005667c0 f   libSDLx:mdriver.obj
 0002:0005d020       _MD_GetAtom                00566840 f   libSDLx:mdriver.obj
 0002:0005d340       _VC_Init                   00566b60 f   libSDLx:virtch_common.obj
 0002:0005d3a0       _VC_Exit                   00566bc0 f   libSDLx:virtch_common.obj
 0002:0005d400       _VC_SetNumVoices           00566c20 f   libSDLx:virtch_common.obj
 0002:0005d460       _VC_SampleSpace            00566c80 f   libSDLx:virtch_common.obj
 0002:0005d4c0       _VC_SampleLength           00566ce0 f   libSDLx:virtch_common.obj
 0002:0005d520       _VC_PlayStart              00566d40 f   libSDLx:virtch_common.obj
 0002:0005d580       _VC_PlayStop               00566da0 f   libSDLx:virtch_common.obj
 0002:0005d5e0       _VC_SampleLoad             00566e00 f   libSDLx:virtch_common.obj
 0002:0005d640       _VC_SampleUnload           00566e60 f   libSDLx:virtch_common.obj
 0002:0005d6a0       _VC_WriteBytes             00566ec0 f   libSDLx:virtch_common.obj
 0002:0005d700       _VC_SilenceBytes           00566f20 f   libSDLx:virtch_common.obj
 0002:0005d760       _VC_VoiceSetVolume         00566f80 f   libSDLx:virtch_common.obj
 0002:0005d7c0       _VC_VoiceGetVolume         00566fe0 f   libSDLx:virtch_common.obj
 0002:0005d820       _VC_VoiceSetFrequency      00567040 f   libSDLx:virtch_common.obj
 0002:0005d880       _VC_VoiceGetFrequency      005670a0 f   libSDLx:virtch_common.obj
 0002:0005d8e0       _VC_VoiceSetPanning        00567100 f   libSDLx:virtch_common.obj
 0002:0005d940       _VC_VoiceGetPanning        00567160 f   libSDLx:virtch_common.obj
 0002:0005d9a0       _VC_VoicePlay              005671c0 f   libSDLx:virtch_common.obj
 0002:0005da20       _VC_VoiceStop              00567240 f   libSDLx:virtch_common.obj
 0002:0005da80       _VC_VoiceStopped           005672a0 f   libSDLx:virtch_common.obj
 0002:0005dae0       _VC_VoiceGetPosition       00567300 f   libSDLx:virtch_common.obj
 0002:0005db40       _VC_VoiceRealVolume        00567360 f   libSDLx:virtch_common.obj
 0002:0005dba0       _VC_SetupPointers          005673c0 f   libSDLx:virtch_common.obj
 0002:0005de10       _getlinearperiod           00567630 f   libSDLx:mplayer.obj
 0002:0005de70       _getfrequency              00567690 f   libSDLx:mplayer.obj
 0002:0005df10       _pt_UpdateVoices           00567730 f   libSDLx:mplayer.obj
 0002:0005f450       _pt_Notes                  00568c70 f   libSDLx:mplayer.obj
 0002:0005fe70       _pt_EffectsPass1           00569690 f   libSDLx:mplayer.obj
 0002:00065480       _pt_NNA                    0056eca0 f   libSDLx:mplayer.obj
 0002:000658d0       _pt_SetupVoices            0056f0f0 f   libSDLx:mplayer.obj
 0002:00065df0       _pt_EffectsPass2           0056f610 f   libSDLx:mplayer.obj
 0002:00065f20       _Player_HandleTick         0056f740 f   libSDLx:mplayer.obj
 0002:00066670       _Player_Init               0056fe90 f   libSDLx:mplayer.obj
 0002:000669f0       _Player_Exit_internal      00570210 f   libSDLx:mplayer.obj
 0002:00066ad0       _Player_Exit               005702f0 f   libSDLx:mplayer.obj
 0002:00066b60       _Player_SetVolume          00570380 f   libSDLx:mplayer.obj
 0002:00066c60       _Player_GetModule          00570480 f   libSDLx:mplayer.obj
 0002:00066ce0       _Player_Start              00570500 f   libSDLx:mplayer.obj
 0002:00066df0       _Player_Stop_internal      00570610 f   libSDLx:mplayer.obj
 0002:00066e70       _Player_Stop               00570690 f   libSDLx:mplayer.obj
 0002:00066ef0       _Player_Active             00570710 f   libSDLx:mplayer.obj
 0002:00066fb0       _Player_NextPosition       005707d0 f   libSDLx:mplayer.obj
 0002:00067180       _Player_PrevPosition       005709a0 f   libSDLx:mplayer.obj
 0002:00067350       _Player_SetPosition        00570b70 f   libSDLx:mplayer.obj
 0002:00067580       _Player_Unmute             00570da0 f   libSDLx:mplayer.obj
 0002:00067830       _Player_Mute               00571050 f   libSDLx:mplayer.obj
 0002:00067ae0       _Player_ToggleMute         00571300 f   libSDLx:mplayer.obj
 0002:00067e00       _Player_Muted              00571620 f   libSDLx:mplayer.obj
 0002:00067ef0       _Player_GetChannelVoice    00571710 f   libSDLx:mplayer.obj
 0002:00067fe0       _Player_GetChannelPeriod   00571800 f   libSDLx:mplayer.obj
 0002:000680d0       _Player_Paused_internal    005718f0 f   libSDLx:mplayer.obj
 0002:00068140       _Player_Paused             00571960 f   libSDLx:mplayer.obj
 0002:000681c0       _Player_TogglePause        005719e0 f   libSDLx:mplayer.obj
 0002:00068270       _Player_SetSpeed           00571a90 f   libSDLx:mplayer.obj
 0002:00068360       _Player_SetTempo           00571b80 f   libSDLx:mplayer.obj
 0002:00068430       _Player_SetSynchroValue    00571c50 f   libSDLx:mplayer.obj
 0002:00068470       _Player_GetSynchroValue    00571c90 f   libSDLx:mplayer.obj
 0002:000684b0       _MikMod_InfoLoader         00571cd0 f   libSDLx:mloader.obj
 0002:00068620       __mm_registerloader        00571e40 f   libSDLx:mloader.obj
 0002:00068690       __mm_unregisterloaders     00571eb0 f   libSDLx:mloader.obj
 0002:00068700       _MikMod_RegisterLoader     00571f20 f   libSDLx:mloader.obj
 0002:000687a0       _ReadComment               00571fc0 f   libSDLx:mloader.obj
 0002:000688e0       _ReadLinedComment          00572100 f   libSDLx:mloader.obj
 0002:00068c00       _AllocPositions            00572420 f   libSDLx:mloader.obj
 0002:00068c90       _AllocPatterns             005724b0 f   libSDLx:mloader.obj
 0002:00068e20       _AllocTracks               00572640 f   libSDLx:mloader.obj
 0002:00068ec0       _AllocInstruments          005726e0 f   libSDLx:mloader.obj
 0002:00069010       _AllocSamples              00572830 f   libSDLx:mloader.obj
 0002:00069130       _DupStr                    00572950 f   libSDLx:mloader.obj
 0002:000692c0       _Player_Free_internal      00572ae0 f   libSDLx:mloader.obj
 0002:000696d0       _Player_Free               00572ef0 f   libSDLx:mloader.obj
 0002:00069760       _Player_LoadTitle          00572f80 f   libSDLx:mloader.obj
 0002:00069970       _Player_LoadGeneric_internal 00573190 f   libSDLx:mloader.obj
 0002:00069fa0       _Player_LoadGeneric        005737c0 f   libSDLx:mloader.obj
 0002:0006a070       _Player_LoadFP             00573890 f   libSDLx:mloader.obj
 0002:0006a110       _Player_Load               00573930 f   libSDLx:mloader.obj
 0002:0006a1b0       _MikMod_strerror           005739d0 f   libSDLx:mmerror.obj
 0002:0006a210       __mm_registererrorhandler  00573a30 f   libSDLx:mmerror.obj
 0002:0006a260       _MikMod_RegisterErrorHandler 00573a80 f   libSDLx:mmerror.obj
 0002:0006a2f0       _MikMod_RegisterAllLoaders_internal 00573b10 f   libSDLx:mlreg.obj
 0002:0006a370       _MikMod_RegisterAllLoaders 00573b90 f   libSDLx:mlreg.obj
 0002:0006a3f0       _MikMod_UnregisterAllLoaders 00573c10 f   libSDLx:mlreg.obj
 0002:0006a470       __Eff_PositionDeinit       00573c90 f   libSDLx:effect_position.obj
 0002:0006a540       _Mix_SetPanning            00573d60 f   libSDLx:effect_position.obj
 0002:00070100       _Mix_SetDistance           00579920 f   libSDLx:effect_position.obj
 0002:00070310       _Mix_SetPosition           00579b30 f   libSDLx:effect_position.obj
 0002:00071040       _s32tos8                   0057a860 f   libSDLx:output.obj
 0002:000710f0       _s32tou8                   0057a910 f   libSDLx:output.obj
 0002:000711b0       _s32tos16                  0057a9d0 f   libSDLx:output.obj
 0002:00071270       _s32tou16                  0057aa90 f   libSDLx:output.obj
 0002:00071330       _s32tos16x                 0057ab50 f   libSDLx:output.obj
 0002:00071410       _s32tou16x                 0057ac30 f   libSDLx:output.obj
 0002:00071500       _s32toulaw                 0057ad20 f   libSDLx:output.obj
 0002:000715c0       _recompute_envelope        0057ade0 f   libSDLx:mix.obj
 0002:00071820       _apply_envelope_to_amp     0057b040 f   libSDLx:mix.obj
 0002:00071cc0       _mix_voice                 0057b4e0 f   libSDLx:mix.obj
 0002:00074380       _convert_envelope_rate_attack 0057dba0 f   libSDLx:instrum.obj
 0002:00074410       _convert_envelope_rate     0057dc30 f   libSDLx:instrum.obj
 0002:000744b0       _convert_envelope_offset   0057dcd0 f   libSDLx:instrum.obj
 0002:000744f0       _convert_tremolo_sweep     0057dd10 f   libSDLx:instrum.obj
 0002:00074550       _convert_vibrato_sweep     0057dd70 f   libSDLx:instrum.obj
 0002:000745d0       _convert_tremolo_rate      0057ddf0 f   libSDLx:instrum.obj
 0002:00074630       _convert_vibrato_rate      0057de50 f   libSDLx:instrum.obj
 0002:00074680       _load_missing_instruments  0057dea0 f   libSDLx:instrum.obj
 0002:000775d0       _free_instruments          00580df0 f   libSDLx:instrum.obj
 0002:000777e0       _set_default_instrument    00581000 f   libSDLx:instrum.obj
 0002:000778a0       _init_tables               005810c0 f   libSDLx:tables.obj
 0002:000778d0       _read_midi_file            005810f0 f   libSDLx:readmidi.obj
 0002:0007b240       _open_file                 00584a60 f   libSDLx:common.obj
 0002:0007b5f0       _close_file                00584e10 f   libSDLx:common.obj
 0002:0007b660       _skip                      00584e80 f   libSDLx:common.obj
 0002:0007b770       _safe_malloc               00584f90 f   libSDLx:common.obj
 0002:0007b850       _add_to_pathlist           00585070 f   libSDLx:common.obj
 0002:0007b900       _free_pathlist             00585120 f   libSDLx:common.obj
 0002:0007b9b0       _XBOX_PumpEvents           005851d0 f   libSDLx:SDL_xboxevents.obj
 0002:0007ba00       _XBOX_InitOSKeymap         00585220 f   libSDLx:SDL_xboxevents.obj
 0002:0007c1d0       _XBInput_GetKeyboardInput  005859f0 f   libSDLx:SDL_xboxevents.obj
 0002:0007c750       _Mouse_RefreshDeviceList   00585f70 f   libSDLx:SDL_xboxevents.obj
 0002:0007c960       _SDL_CreateSemaphore       00586180 f   libSDLx:SDL_syssem.obj
 0002:0007ca30       _SDL_DestroySemaphore      00586250 f   libSDLx:SDL_syssem.obj
 0002:0007cab0       _SDL_SemWaitTimeout        005862d0 f   libSDLx:SDL_syssem.obj
 0002:0007cbb0       _SDL_SemTryWait            005863d0 f   libSDLx:SDL_syssem.obj
 0002:0007cc00       _SDL_SemWait               00586420 f   libSDLx:SDL_syssem.obj
 0002:0007cc50       _SDL_SemValue              00586470 f   libSDLx:SDL_syssem.obj
 0002:0007ccc0       _SDL_SemPost               005864e0 f   libSDLx:SDL_syssem.obj
 0002:0007fbd0       _SDL_CalculateBlitN        005893f0 f   libSDLx:SDL_blit_N.obj
 0002:0008c0a0       _SDL_CalculateBlit1        005958c0 f   libSDLx:SDL_blit_1.obj
 0002:00090aa0       _SDL_CalculateBlit0        0059a2c0 f   libSDLx:SDL_blit_0.obj
 0002:00091840       _ogg_page_version          0059b060 f   libSDLx:framing.obj
 0002:00091880       _ogg_page_continued        0059b0a0 f   libSDLx:framing.obj
 0002:000918c0       _ogg_page_bos              0059b0e0 f   libSDLx:framing.obj
 0002:00091900       _ogg_page_eos              0059b120 f   libSDLx:framing.obj
 0002:00091940       _ogg_page_granulepos       0059b160 f   libSDLx:framing.obj
 0002:00091b10       _ogg_page_serialno         0059b330 f   libSDLx:framing.obj
 0002:00091b80       _ogg_page_pageno           0059b3a0 f   libSDLx:framing.obj
 0002:00091bf0       _ogg_page_packets          0059b410 f   libSDLx:framing.obj
 0002:00091c90       _ogg_stream_init           0059b4b0 f   libSDLx:framing.obj
 0002:00091db0       _ogg_stream_check          0059b5d0 f   libSDLx:framing.obj
 0002:00091e00       _ogg_stream_clear          0059b620 f   libSDLx:framing.obj
 0002:00091ec0       _ogg_stream_destroy        0059b6e0 f   libSDLx:framing.obj
 0002:00091f30       _ogg_page_checksum_set     0059b750 f   libSDLx:framing.obj
 0002:000920c0       _ogg_stream_iovecin        0059b8e0 f   libSDLx:framing.obj
 0002:000925e0       _ogg_stream_packetin       0059be00 f   libSDLx:framing.obj
 0002:000926a0       _ogg_stream_flush          0059bec0 f   libSDLx:framing.obj
 0002:00092ca0       _ogg_stream_flush_fill     0059c4c0 f   libSDLx:framing.obj
 0002:00092d00       _ogg_stream_pageout        0059c520 f   libSDLx:framing.obj
 0002:00092dc0       _ogg_stream_pageout_fill   0059c5e0 f   libSDLx:framing.obj
 0002:00092e80       _ogg_stream_eos            0059c6a0 f   libSDLx:framing.obj
 0002:00092ef0       _ogg_sync_init             0059c710 f   libSDLx:framing.obj
 0002:00092f60       _ogg_sync_clear            0059c780 f   libSDLx:framing.obj
 0002:00092fe0       _ogg_sync_destroy          0059c800 f   libSDLx:framing.obj
 0002:00093050       _ogg_sync_check            0059c870 f   libSDLx:framing.obj
 0002:000930a0       _ogg_sync_buffer           0059c8c0 f   libSDLx:framing.obj
 0002:00093210       _ogg_sync_wrote            0059ca30 f   libSDLx:framing.obj
 0002:000932a0       _ogg_sync_pageseek         0059cac0 f   libSDLx:framing.obj
 0002:00093600       _ogg_sync_pageout          0059ce20 f   libSDLx:framing.obj
 0002:000936b0       _ogg_stream_pagein         0059ced0 f   libSDLx:framing.obj
 0002:00093d00       _ogg_sync_reset            0059d520 f   libSDLx:framing.obj
 0002:00093da0       _ogg_stream_reset          0059d5c0 f   libSDLx:framing.obj
 0002:00093ec0       _ogg_stream_reset_serialno 0059d6e0 f   libSDLx:framing.obj
 0002:00093f40       _ogg_stream_packetout      0059d760 f   libSDLx:framing.obj
 0002:00094200       _ogg_stream_packetpeek     0059da20 f   libSDLx:framing.obj
 0002:00094270       _ogg_packet_clear          0059da90 f   libSDLx:framing.obj
 0002:000942e0       _vorbis_comment_init       0059db00 f   libSDLx:info.obj
 0002:00094340       _vorbis_comment_add        0059db60 f   libSDLx:info.obj
 0002:00094480       _vorbis_comment_add_tag    0059dca0 f   libSDLx:info.obj
 0002:00094550       _vorbis_comment_query      0059dd70 f   libSDLx:info.obj
 0002:00094710       _vorbis_comment_query_count 0059df30 f   libSDLx:info.obj
 0002:00094810       _vorbis_comment_clear      0059e030 f   libSDLx:info.obj
 0002:00094920       _vorbis_info_blocksize     0059e140 f   libSDLx:info.obj
 0002:00094990       _vorbis_info_init          0059e1b0 f   libSDLx:info.obj
 0002:00094a00       _vorbis_info_clear         0059e220 f   libSDLx:info.obj
 0002:00094d20       _vorbis_synthesis_idheader 0059e540 f   libSDLx:info.obj
 0002:00094ef0       _vorbis_synthesis_headerin 0059e710 f   libSDLx:info.obj
 0002:00095b40       _vorbis_commentheader_out  0059f360 f   libSDLx:info.obj
 0002:00095ec0       _vorbis_analysis_headerout 0059f6e0 f   libSDLx:info.obj
 0002:00096990       _vorbis_granule_time       005a01b0 f   libSDLx:info.obj
 0002:00096a70       _vorbis_version_string     005a0290 f   libSDLx:info.obj
 0002:00096ab0       _vorbis_block_init         005a02d0 f   libSDLx:block.obj
 0002:00096be0       __vorbis_block_alloc       005a0400 f   libSDLx:block.obj
 0002:00096d00       __vorbis_block_ripcord     005a0520 f   libSDLx:block.obj
 0002:00096e10       _vorbis_block_clear        005a0630 f   libSDLx:block.obj
 0002:00096f10       _vorbis_analysis_init      005a0730 f   libSDLx:block.obj
 0002:00097710       _vorbis_dsp_clear          005a0f30 f   libSDLx:block.obj
 0002:00097b60       _vorbis_analysis_buffer    005a1380 f   libSDLx:block.obj
 0002:00097d20       _vorbis_analysis_wrote     005a1540 f   libSDLx:block.obj
 0002:000981f0       _vorbis_analysis_blockout  005a1a10 f   libSDLx:block.obj
 0002:000987f0       _vorbis_synthesis_restart  005a2010 f   libSDLx:block.obj
 0002:00098910       _vorbis_synthesis_init     005a2130 f   libSDLx:block.obj
 0002:000989a0       _vorbis_synthesis_blockin  005a21c0 f   libSDLx:block.obj
 0002:00099620       _vorbis_synthesis_pcmout   005a2e40 f   libSDLx:block.obj
 0002:000996f0       _vorbis_synthesis_read     005a2f10 f   libSDLx:block.obj
 0002:00099760       _vorbis_synthesis_lapout   005a2f80 f   libSDLx:block.obj
 0002:00099b70       _vorbis_window             005a3390 f   libSDLx:block.obj
 0002:00099c20       _vorbis_synthesis          005a3440 f   libSDLx:synthesis.obj
 0002:00099fe0       _vorbis_synthesis_trackonly 005a3800 f   libSDLx:synthesis.obj
 0002:0009a1e0       _vorbis_packet_blocksize   005a3a00 f   libSDLx:synthesis.obj
 0002:0009a310       _vorbis_synthesis_halfrate 005a3b30 f   libSDLx:synthesis.obj
 0002:0009a380       _vorbis_synthesis_halfrate_p 005a3ba0 f   libSDLx:synthesis.obj
 0002:0009a3d0       __mm_malloc                005a3bf0 f   libSDLx:mmalloc.obj
 0002:0009a460       __mm_calloc                005a3c80 f   libSDLx:mmalloc.obj
 0002:0009a4f0       _SL_Init                   005a3d10 f   libSDLx:sloader.obj
 0002:0009a5a0       _SL_Exit                   005a3dc0 f   libSDLx:sloader.obj
 0002:0009a640       _SL_Load                   005a3e60 f   libSDLx:sloader.obj
 0002:0009b560       _SL_RegisterSample         005a4d80 f   libSDLx:sloader.obj
 0002:0009b6b0       _SL_LoadSamples            005a4ed0 f   libSDLx:sloader.obj
 0002:0009bba0       _SL_Sample16to8            005a53c0 f   libSDLx:sloader.obj
 0002:0009bc10       _SL_Sample8to16            005a5430 f   libSDLx:sloader.obj
 0002:0009bc80       _SL_SampleSigned           005a54a0 f   libSDLx:sloader.obj
 0002:0009bcf0       _SL_SampleUnsigned         005a5510 f   libSDLx:sloader.obj
 0002:0009bd60       _SL_HalveSample            005a5580 f   libSDLx:sloader.obj
 0002:0009be30       _VC1_SilenceBytes          005a5650 f   libSDLx:virtch.obj
 0002:0009bfc0       _VC1_WriteBytes            005a57e0 f   libSDLx:virtch.obj
 0002:0009c060       _VC1_Exit                  005a5880 f   libSDLx:virtch.obj
 0002:0009c120       _VC1_VoiceGetVolume        005a5940 f   libSDLx:virtch.obj
 0002:0009c170       _VC1_VoiceGetPanning       005a5990 f   libSDLx:virtch.obj
 0002:0009c1c0       _VC1_VoiceSetFrequency     005a59e0 f   libSDLx:virtch.obj
 0002:0009c210       _VC1_VoiceGetFrequency     005a5a30 f   libSDLx:virtch.obj
 0002:0009c260       _VC1_VoicePlay             005a5a80 f   libSDLx:virtch.obj
 0002:0009c340       _VC1_VoiceStop             005a5b60 f   libSDLx:virtch.obj
 0002:0009c390       _VC1_VoiceStopped          005a5bb0 f   libSDLx:virtch.obj
 0002:0009c3e0       _VC1_VoiceGetPosition      005a5c00 f   libSDLx:virtch.obj
 0002:0009c450       _VC1_VoiceSetVolume        005a5c70 f   libSDLx:virtch.obj
 0002:0009c500       _VC1_VoiceSetPanning       005a5d20 f   libSDLx:virtch.obj
 0002:0009c5a0       _VC1_SampleUnload          005a5dc0 f   libSDLx:virtch.obj
 0002:0009c640       _VC1_SampleLoad            005a5e60 f   libSDLx:virtch.obj
 0002:0009c8e0       _VC1_SampleSpace           005a6100 f   libSDLx:virtch.obj
 0002:0009c920       _VC1_SampleLength          005a6140 f   libSDLx:virtch.obj
 0002:0009c990       _VC1_VoiceRealVolume       005a61b0 f   libSDLx:virtch.obj
 0002:0009cb40       _VC1_WriteSamples          005a6360 f   libSDLx:virtch.obj
 0002:0009f620       _VC1_Init                  005a8e40 f   libSDLx:virtch.obj
 0002:000a00c0       _VC1_PlayStart             005a98e0 f   libSDLx:virtch.obj
 0002:000a05a0       _VC1_PlayStop              005a9dc0 f   libSDLx:virtch.obj
 0002:000a0890       _VC1_SetNumVoices          005aa0b0 f   libSDLx:virtch.obj
 0002:000a09b0       _VC2_SilenceBytes          005aa1d0 f   libSDLx:virtch2.obj
 0002:000a0b40       _VC2_WriteBytes            005aa360 f   libSDLx:virtch2.obj
 0002:000a0be0       _VC2_Exit                  005aa400 f   libSDLx:virtch2.obj
 0002:000a0ca0       _VC2_VoiceGetVolume        005aa4c0 f   libSDLx:virtch2.obj
 0002:000a0cf0       _VC2_VoiceGetPanning       005aa510 f   libSDLx:virtch2.obj
 0002:000a0d40       _VC2_VoiceSetFrequency     005aa560 f   libSDLx:virtch2.obj
 0002:000a0d90       _VC2_VoiceGetFrequency     005aa5b0 f   libSDLx:virtch2.obj
 0002:000a0de0       _VC2_VoicePlay             005aa600 f   libSDLx:virtch2.obj
 0002:000a0ec0       _VC2_VoiceStop             005aa6e0 f   libSDLx:virtch2.obj
 0002:000a0f10       _VC2_VoiceStopped          005aa730 f   libSDLx:virtch2.obj
 0002:000a0f60       _VC2_VoiceGetPosition      005aa780 f   libSDLx:virtch2.obj
 0002:000a0fd0       _VC2_VoiceSetVolume        005aa7f0 f   libSDLx:virtch2.obj
 0002:000a1080       _VC2_VoiceSetPanning       005aa8a0 f   libSDLx:virtch2.obj
 0002:000a1120       _VC2_SampleUnload          005aa940 f   libSDLx:virtch2.obj
 0002:000a11c0       _VC2_SampleLoad            005aa9e0 f   libSDLx:virtch2.obj
 0002:000a1460       _VC2_SampleSpace           005aac80 f   libSDLx:virtch2.obj
 0002:000a14a0       _VC2_SampleLength          005aacc0 f   libSDLx:virtch2.obj
 0002:000a1510       _VC2_VoiceRealVolume       005aad30 f   libSDLx:virtch2.obj
 0002:000a16c0       _VC2_WriteSamples          005aaee0 f   libSDLx:virtch2.obj
 0002:000a39c0       _VC2_Init                  005ad1e0 f   libSDLx:virtch2.obj
 0002:000a4dd0       _VC2_PlayStart             005ae5f0 f   libSDLx:virtch2.obj
 0002:000a52c0       _VC2_PlayStop              005aeae0 f   libSDLx:virtch2.obj
 0002:000a55b0       _VC2_SetNumVoices          005aedd0 f   libSDLx:virtch2.obj
 0002:000a56f0       _UniSetRow                 005aef10 f   libSDLx:munitrk.obj
 0002:000a5790       _UniGetByte                005aefb0 f   libSDLx:munitrk.obj
 0002:000a5810       _UniGetWord                005af030 f   libSDLx:munitrk.obj
 0002:000a5870       _UniSkipOpcode             005af090 f   libSDLx:munitrk.obj
 0002:000a5910       _UniFindRow                005af130 f   libSDLx:munitrk.obj
 0002:000a59c0       _UniReset                  005af1e0 f   libSDLx:munitrk.obj
 0002:000a5a20       _UniWriteByte              005af240 f   libSDLx:munitrk.obj
 0002:000a5b60       _UniWriteWord              005af380 f   libSDLx:munitrk.obj
 0002:000a5c20       _UniNewline                005af440 f   libSDLx:munitrk.obj
 0002:000a5e90       _UniDup                    005af6b0 f   libSDLx:munitrk.obj
 0002:000a5f60       _UniInit                   005af780 f   libSDLx:munitrk.obj
 0002:000a5fe0       _UniCleanup                005af800 f   libSDLx:munitrk.obj
 0002:000a6050       __mm_fopen                 005af870 f   libSDLx:mmio.obj
 0002:000a60e0       __mm_FileExists            005af900 f   libSDLx:mmio.obj
 0002:000a6160       __mm_iobase_setcur         005af980 f   libSDLx:mmio.obj
 0002:000a61d0       __mm_iobase_revert         005af9f0 f   libSDLx:mmio.obj
 0002:000a6210       __mm_new_file_reader       005afa30 f   libSDLx:mmio.obj
 0002:000a64b0       __mm_delete_file_reader    005afcd0 f   libSDLx:mmio.obj
 0002:000a6510       __mm_new_file_writer       005afd30 f   libSDLx:mmio.obj
 0002:000a6740       __mm_delete_file_writer    005aff60 f   libSDLx:mmio.obj
 0002:000a67a0       __mm_write_string          005affc0 f   libSDLx:mmio.obj
 0002:000a6820       __mm_write_M_UWORD         005b0040 f   libSDLx:mmio.obj
 0002:000a68b0       __mm_write_I_UWORD         005b00d0 f   libSDLx:mmio.obj
 0002:000a6940       __mm_write_M_ULONG         005b0160 f   libSDLx:mmio.obj
 0002:000a69c0       __mm_write_I_ULONG         005b01e0 f   libSDLx:mmio.obj
 0002:000a6a40       __mm_write_M_SWORD         005b0260 f   libSDLx:mmio.obj
 0002:000a6aa0       __mm_write_I_SWORD         005b02c0 f   libSDLx:mmio.obj
 0002:000a6b00       __mm_write_M_SLONG         005b0320 f   libSDLx:mmio.obj
 0002:000a6b60       __mm_write_I_SLONG         005b0380 f   libSDLx:mmio.obj
 0002:000a6bc0       __mm_write_M_SWORDS        005b03e0 f   libSDLx:mmio.obj
 0002:000a6c70       __mm_write_M_UWORDS        005b0490 f   libSDLx:mmio.obj
 0002:000a6d20       __mm_write_I_SWORDS        005b0540 f   libSDLx:mmio.obj
 0002:000a6dd0       __mm_write_I_UWORDS        005b05f0 f   libSDLx:mmio.obj
 0002:000a6e80       __mm_write_M_SLONGS        005b06a0 f   libSDLx:mmio.obj
 0002:000a6f30       __mm_write_M_ULONGS        005b0750 f   libSDLx:mmio.obj
 0002:000a6fe0       __mm_write_I_SLONGS        005b0800 f   libSDLx:mmio.obj
 0002:000a7090       __mm_write_I_ULONGS        005b08b0 f   libSDLx:mmio.obj
 0002:000a7140       __mm_read_string           005b0960 f   libSDLx:mmio.obj
 0002:000a71b0       __mm_read_M_UWORD          005b09d0 f   libSDLx:mmio.obj
 0002:000a7250       __mm_read_I_UWORD          005b0a70 f   libSDLx:mmio.obj
 0002:000a72f0       __mm_read_M_ULONG          005b0b10 f   libSDLx:mmio.obj
 0002:000a7370       __mm_read_I_ULONG          005b0b90 f   libSDLx:mmio.obj
 0002:000a73f0       __mm_read_M_SWORD          005b0c10 f   libSDLx:mmio.obj
 0002:000a7440       __mm_read_I_SWORD          005b0c60 f   libSDLx:mmio.obj
 0002:000a7490       __mm_read_M_SLONG          005b0cb0 f   libSDLx:mmio.obj
 0002:000a74e0       __mm_read_I_SLONG          005b0d00 f   libSDLx:mmio.obj
 0002:000a7530       __mm_read_M_SWORDS         005b0d50 f   libSDLx:mmio.obj
 0002:000a75f0       __mm_read_M_UWORDS         005b0e10 f   libSDLx:mmio.obj
 0002:000a76b0       __mm_read_I_SWORDS         005b0ed0 f   libSDLx:mmio.obj
 0002:000a7770       __mm_read_I_UWORDS         005b0f90 f   libSDLx:mmio.obj
 0002:000a7830       __mm_read_M_SLONGS         005b1050 f   libSDLx:mmio.obj
 0002:000a78f0       __mm_read_M_ULONGS         005b1110 f   libSDLx:mmio.obj
 0002:000a79b0       __mm_read_I_SLONGS         005b11d0 f   libSDLx:mmio.obj
 0002:000a7a70       __mm_read_I_ULONGS         005b1290 f   libSDLx:mmio.obj
 0002:000a7b30       _XM_Test                   005b1350 f   libSDLx:load_xm.obj
 0002:000a7c10       _XM_Init                   005b1430 f   libSDLx:load_xm.obj
 0002:000a7c80       _XM_Cleanup                005b14a0 f   libSDLx:load_xm.obj
 0002:000a7cf0       _XM_Load                   005b1510 f   libSDLx:load_xm.obj
 0002:000aa660       _XM_LoadTitle              005b3e80 f   libSDLx:load_xm.obj
 0002:000aa740       _S3M_Test                  005b3f60 f   libSDLx:load_s3m.obj
 0002:000aa840       _S3M_Init                  005b4060 f   libSDLx:load_s3m.obj
 0002:000aa910       _S3M_Cleanup               005b4130 f   libSDLx:load_s3m.obj
 0002:000aaa20       _S3M_Load                  005b4240 f   libSDLx:load_s3m.obj
 0002:000ac010       _S3M_LoadTitle             005b5830 f   libSDLx:load_s3m.obj
 0002:000ad480       _IT_Test                   005b6ca0 f   libSDLx:load_it.obj
 0002:000ad550       _IT_Init                   005b6d70 f   libSDLx:load_it.obj
 0002:000ad660       _IT_Cleanup                005b6e80 f   libSDLx:load_it.obj
 0002:000ad7d0       _IT_Load                   005b6ff0 f   libSDLx:load_it.obj
 0002:000b12a0       _IT_LoadTitle              005baac0 f   libSDLx:load_it.obj
 0002:000b1740       _resample_voice            005baf60 f   libSDLx:resample.obj
 0002:000b2bf0       _pre_resample              005bc410 f   libSDLx:resample.obj
 0002:000b30a0       _antialiasing              005bc8c0 f   libSDLx:filter.obj
 0002:000b3af0       _SDL_HasRDTSC              005bd310 f   libSDLx:SDL_cpuinfo.obj
 0002:000b40d0       _SDL_HasMMX                005bd8f0 f   libSDLx:SDL_cpuinfo.obj
 0002:000b4130       _SDL_HasMMXExt             005bd950 f   libSDLx:SDL_cpuinfo.obj
 0002:000b4190       _SDL_Has3DNow              005bd9b0 f   libSDLx:SDL_cpuinfo.obj
 0002:000b41f0       _SDL_Has3DNowExt           005bda10 f   libSDLx:SDL_cpuinfo.obj
 0002:000b4250       _SDL_HasSSE                005bda70 f   libSDLx:SDL_cpuinfo.obj
 0002:000b42b0       _SDL_HasSSE2               005bdad0 f   libSDLx:SDL_cpuinfo.obj
 0002:000b4310       _SDL_HasAltiVec            005bdb30 f   libSDLx:SDL_cpuinfo.obj
 0002:000b4370       _SDL_CalculateAlphaBlit    005bdb90 f   libSDLx:SDL_blit_A.obj
 0002:000bfba0       __vp_global_look           005c93c0 f   libSDLx:psy.obj
 0002:000bfc40       __vp_global_free           005c9460 f   libSDLx:psy.obj
 0002:000bfcb0       __vi_gpsy_free             005c94d0 f   libSDLx:psy.obj
 0002:000bfd20       __vi_psy_free              005c9540 f   libSDLx:psy.obj
 0002:000bfd90       __vp_psy_init              005c95b0 f   libSDLx:psy.obj
 0002:000c19f0       __vp_psy_clear             005cb210 f   libSDLx:psy.obj
 0002:000c1ba0       __vp_noisemask             005cb3c0 f   libSDLx:psy.obj
 0002:000c2c80       __vp_tonemask              005cc4a0 f   libSDLx:psy.obj
 0002:000c3670       __vp_offset_and_mix        005cce90 f   libSDLx:psy.obj
 0002:000c3890       __vp_ampmax_decay          005cd0b0 f   libSDLx:psy.obj
 0002:000c3960       __vp_couple_quantize_normalize 005cd180 f   libSDLx:psy.obj
 0002:000c5230       __ilog                     005cea50 f   libSDLx:sharedbook.obj
 0002:000c5290       __float32_pack             005ceab0 f   libSDLx:sharedbook.obj
 0002:000c53d0       __float32_unpack           005cebf0 f   libSDLx:sharedbook.obj
 0002:000c5490       __make_words               005cecb0 f   libSDLx:sharedbook.obj
 0002:000c58b0       __book_maptype1_quantvals  005cf0d0 f   libSDLx:sharedbook.obj
 0002:000c59f0       __book_unquantize          005cf210 f   libSDLx:sharedbook.obj
 0002:000c5dd0       _vorbis_staticbook_destroy 005cf5f0 f   libSDLx:sharedbook.obj
 0002:000c5e80       _vorbis_book_clear         005cf6a0 f   libSDLx:sharedbook.obj
 0002:000c5f70       _vorbis_book_init_encode   005cf790 f   libSDLx:sharedbook.obj
 0002:000c60b0       _vorbis_book_init_decode   005cf8d0 f   libSDLx:sharedbook.obj
 0002:000c68f0       _vorbis_book_codeword      005d0110 f   libSDLx:sharedbook.obj
 0002:000c6940       _vorbis_book_codelen       005d0160 f   libSDLx:sharedbook.obj
 0002:000c69a0       _oggpack_writeinit         005d01c0 f   libSDLx:bitwise.obj
 0002:000c6a40       _oggpackB_writeinit        005d0260 f   libSDLx:bitwise.obj
 0002:000c6a90       _oggpack_writecheck        005d02b0 f   libSDLx:bitwise.obj
 0002:000c6ae0       _oggpackB_writecheck       005d0300 f   libSDLx:bitwise.obj
 0002:000c6b30       _oggpack_writetrunc        005d0350 f   libSDLx:bitwise.obj
 0002:000c6bd0       _oggpackB_writetrunc       005d03f0 f   libSDLx:bitwise.obj
 0002:000c6c70       _oggpack_write             005d0490 f   libSDLx:bitwise.obj
 0002:000c6ed0       _oggpackB_write            005d06f0 f   libSDLx:bitwise.obj
 0002:000c7130       _oggpack_writealign        005d0950 f   libSDLx:bitwise.obj
 0002:000c71a0       _oggpackB_writealign       005d09c0 f   libSDLx:bitwise.obj
 0002:000c7210       _oggpack_writecopy         005d0a30 f   libSDLx:bitwise.obj
 0002:000c74c0       _oggpackB_writecopy        005d0ce0 f   libSDLx:bitwise.obj
 0002:000c7520       _oggpack_reset             005d0d40 f   libSDLx:bitwise.obj
 0002:000c7590       _oggpackB_reset            005d0db0 f   libSDLx:bitwise.obj
 0002:000c75e0       _oggpack_writeclear        005d0e00 f   libSDLx:bitwise.obj
 0002:000c7650       _oggpackB_writeclear       005d0e70 f   libSDLx:bitwise.obj
[...]
 0007:0007f604       _XG_System_variation_type  007f4544     <common>
 0007:0007f620       _drumreverberation         007f4560     <common>
 0007:0007fe20       _voice                     007f4d60     <common>
 0007:0009c620       _drumchorusdepth           00811560     <common>
 0007:0009ce20       _channel                   00811d60     <common>
 0007:0009d3a0       _master_volume             008122e0     <common>
 0007:0009d3a8       _XG_System_reverb_type     008122e8     <common>
 0007:0009d3c0       _drumpanpot                00812300     <common>
 0007:0009dbc0       _SDL_alarm_callback        00812b00     <common>
 0007:0009dbcc       _SDL_numcds                00812b0c     <common>
 0007:0009dbe0       _SDL_KeyRepeat             00812b20     <common>
 0007:0009dc20       _SDL_ProcessEvents         00812b60     <common>
 0007:0009dc60       _OHCD_GlobalPool           00812ba0     <common>
 0007:0009dcc0       _OHCD_InterruptObject      00812c00     <common>
 0007:0009dd4e       _RtlpValidateHeapTagsEnable 00812c8e     <common>
 0007:0009dd5c       _NtGlobalFlag              00812c9c     <common>
 0007:0009dd60       _RtlpHeapStopOn            00812ca0     <common>
 0007:0009dd78       _XapiProcessHeap           00812cb8     <common>
 0007:0009dd88       _XapiOriginalCodeSelectorEntry 00812cc8     <common>
 0007:0009dd9c       ___@@_PchSym_@00@UcylcUkirezgvUmglhUczkrUpDCUoryUlyqUrDIGUyzhvwooOlyq@Xapi_k32 00812cdc     <common>
 0007:0009ddc0       _XapiAutoPowerDownGlobals  00812d00     <common>
 0007:0009de34       _XapiCurrentTopLevelFilter 00812d74     <common>
 0007:0009de44       _XapiTlsSize               00812d84     <common>
 0007:0009de48       _XapiMmTimerThreadState    00812d88     <common>
 0007:0009de56       _XapiMmTimerSerialNumber   00812d96     <common>
 0007:0009de58       ___@@_PchSym_@00@UcylcUkirezgvUdrmwldhUwrivxgcUwhlfmwUwhlfmwUlyqUrDIGUwhlfmwrOlyq@dsoundd 00812d98     <common>
 0007:0009de64       ___mblcid                  00812da4     <common>
 0007:0009dee0       ___ptmbcinfo               00812e20     <common>
 0007:0009dee4       ___ismbcodepage            00812e24     <common>
 0007:0009df00       __mbctype                  00812e40     <common>
 0007:0009e004       ___mbcodepage              00812f44     <common>
 0007:0009e020       ___mbulinfo                00812f60     <common>
 0007:0009e040       __mbcasemap                00812f80     <common>
 0007:0009e140       ___active_heap             00813080     <common>
 0007:0009e14c       __nhandle                  0081308c     <common>
 0007:0009e1a0       ___pioinfo                 008130e0     <common>
 0007:0009e2a0       __pfnReportHook            008131e0     <common>
 0007:0009e2b0       __pReportHookList          008131f0     <common>
 0007:0009e2b4       ___ptd_glob                008131f4     <common>
 0007:0009e2c0       ___env_initialized         00813200     <common>
 0007:0009e2d0       ___onexitend               00813210     <common>
 0007:0009e2d4       ___onexitbegin             00813214     <common>
 0007:0009e2d8       ___mbctype_initialized     00813218     <common>
 0007:0009e2dc       __pfnDumpClient            0081321c     <common>
 0007:0009e2e8       ___piob                    00813228     <common>
 0007:0009e2f8       __nstream                  00813238     <common>
 0008:00000000       __IMPORT_DESCRIPTOR_xboxkrnl 00813240     xboxkrnl:xboxkrnl.exe
 0008:00000014       __NULL_IMPORT_DESCRIPTOR   00813254     xboxkrnl:xboxkrnl.exe
 0008:00000344       __imp__HalWriteSMBusValue@16 00813584     xboxkrnl:xboxkrnl.exe
 0008:00000348       __imp__NtCreateFile@36     00813588     xboxkrnl:xboxkrnl.exe
 0008:0000034c       __imp__RtlInitAnsiString@8 0081358c     xboxkrnl:xboxkrnl.exe
 0008:00000350       __imp__IoCreateSymbolicLink@8 00813590     xboxkrnl:xboxkrnl.exe
 0008:00000354       __imp__IoDeleteSymbolicLink@4 00813594     xboxkrnl:xboxkrnl.exe
 0008:00000358       __imp_@KfLowerIrql@4       00813598     xboxkrnl:xboxkrnl.exe
 0008:0000035c       __imp__KeRaiseIrqlToDpcLevel@0 0081359c     xboxkrnl:xboxkrnl.exe
 0008:00000360       __imp__ExAllocatePoolWithTag@8 008135a0     xboxkrnl:xboxkrnl.exe
 0008:00000364       __imp__MmPersistContiguousMemory@12 008135a4     xboxkrnl:xboxkrnl.exe
 0008:00000368       __imp__MmAllocateContiguousMemory@4 008135a8     xboxkrnl:xboxkrnl.exe
 0008:0000036c       _LaunchDataPage            008135ac     xboxkrnl:xboxkrnl.exe
 0008:0000036c       __imp__LaunchDataPage      008135ac     xboxkrnl:xboxkrnl.exe
 0008:00000370       __imp__MmFreeContiguousMemory@4 008135b0     xboxkrnl:xboxkrnl.exe
 0008:00000374       __imp__RtlRip@12           008135b4     xboxkrnl:xboxkrnl.exe
 0008:00000378       __imp__RtlNtStatusToDosError@4 008135b8     xboxkrnl:xboxkrnl.exe
 0008:0000037c       __imp__HalReturnToFirmware@4 008135bc     xboxkrnl:xboxkrnl.exe
 0008:00000380       _IdexChannelObject         008135c0     xboxkrnl:xboxkrnl.exe
 0008:00000380       __imp__IdexChannelObject   008135c0     xboxkrnl:xboxkrnl.exe
 0008:00000384       __imp__RtlTimeToTimeFields@8 008135c4     xboxkrnl:xboxkrnl.exe
 0008:00000388       __imp__KeQuerySystemTime@4 008135c8     xboxkrnl:xboxkrnl.exe
 0008:0000038c       __imp__KeTickCount         008135cc     xboxkrnl:xboxkrnl.exe
 0008:0000038c       _KeTickCount               008135cc     xboxkrnl:xboxkrnl.exe
 0008:00000390       __imp__RtlTimeFieldsToTime@8 008135d0     xboxkrnl:xboxkrnl.exe
 0008:00000394       __imp__NtCreateEvent@16    008135d4     xboxkrnl:xboxkrnl.exe
 0008:00000398       __imp__ObOpenObjectByName@16 008135d8     xboxkrnl:xboxkrnl.exe
 0008:0000039c       __imp__ExEventObjectType   008135dc     xboxkrnl:xboxkrnl.exe
 0008:0000039c       _ExEventObjectType         008135dc     xboxkrnl:xboxkrnl.exe
 0008:000003a0       __imp__NtSetEvent@8        008135e0     xboxkrnl:xboxkrnl.exe
 0008:000003a4       __imp__NtClearEvent@4      008135e4     xboxkrnl:xboxkrnl.exe
 0008:000003a8       __imp__NtPulseEvent@8      008135e8     xboxkrnl:xboxkrnl.exe
 0008:000003ac       __imp__NtCreateSemaphore@16 008135ec     xboxkrnl:xboxkrnl.exe
 0008:000003b0       __imp__ExSemaphoreObjectType 008135f0     xboxkrnl:xboxkrnl.exe
 0008:000003b0       _ExSemaphoreObjectType     008135f0     xboxkrnl:xboxkrnl.exe
 0008:000003b4       __imp__NtReleaseSemaphore@12 008135f4     xboxkrnl:xboxkrnl.exe
 0008:000003b8       __imp__NtCreateMutant@12   008135f8     xboxkrnl:xboxkrnl.exe
 0008:000003bc       __imp__ExMutantObjectType  008135fc     xboxkrnl:xboxkrnl.exe
 0008:000003bc       _ExMutantObjectType        008135fc     xboxkrnl:xboxkrnl.exe
 0008:000003c0       __imp__NtReleaseMutant@8   00813600     xboxkrnl:xboxkrnl.exe
 0008:000003c4       __imp__NtWaitForSingleObjectEx@16 00813604     xboxkrnl:xboxkrnl.exe
 0008:000003c8       __imp__NtSignalAndWaitForSingleObjectEx@20 00813608     xboxkrnl:xboxkrnl.exe
 0008:000003cc       __imp__NtWaitForMultipleObjectsEx@24 0081360c     xboxkrnl:xboxkrnl.exe
 0008:000003d0       __imp__KeDelayExecutionThread@12 00813610     xboxkrnl:xboxkrnl.exe
 0008:000003d4       __imp__NtCreateTimer@12    00813614     xboxkrnl:xboxkrnl.exe
 0008:000003d8       __imp__ExTimerObjectType   00813618     xboxkrnl:xboxkrnl.exe
 0008:000003d8       _ExTimerObjectType         00813618     xboxkrnl:xboxkrnl.exe
 0008:000003dc       __imp__NtSetTimerEx@32     0081361c     xboxkrnl:xboxkrnl.exe
 0008:000003e0       __imp__NtCancelTimer@8     00813620     xboxkrnl:xboxkrnl.exe
 0008:000003e4       __imp__KeSetTimerEx@20     00813624     xboxkrnl:xboxkrnl.exe
 0008:000003e8       __imp__KeQueryInterruptTime@0 00813628     xboxkrnl:xboxkrnl.exe
 0008:000003ec       __imp__RtlLeaveCriticalSection@4 0081362c     xboxkrnl:xboxkrnl.exe
 0008:000003f0       __imp__RtlEnterCriticalSection@4 00813630     xboxkrnl:xboxkrnl.exe
 0008:000003f4       __imp__KeWaitForMultipleObjects@32 00813634     xboxkrnl:xboxkrnl.exe
 0008:000003f8       __imp__KeSetEvent@12       00813638     xboxkrnl:xboxkrnl.exe
 0008:000003fc       __imp__KeInitializeTimerEx@8 0081363c     xboxkrnl:xboxkrnl.exe
 0008:00000400       __imp__RtlAssert@16        00813640     xboxkrnl:xboxkrnl.exe
 0008:00000404       __imp__KeWaitForSingleObject@20 00813644     xboxkrnl:xboxkrnl.exe
 0008:00000408       __imp__KeCancelTimer@4     00813648     xboxkrnl:xboxkrnl.exe
 0008:0000040c       __imp__NtWriteFile@32      0081364c     xboxkrnl:xboxkrnl.exe
 0008:00000410       __imp__NtReadFile@32       00813650     xboxkrnl:xboxkrnl.exe
 0008:00000414       __imp__NtSetInformationFile@20 00813654     xboxkrnl:xboxkrnl.exe
 0008:00000418       __imp__NtClose@4           00813658     xboxkrnl:xboxkrnl.exe
 0008:0000041c       __imp__NtQueryInformationFile@20 0081365c     xboxkrnl:xboxkrnl.exe
 0008:00000420       __imp__MmFreeSystemMemory@8 00813660     xboxkrnl:xboxkrnl.exe
 0008:00000424       __imp__NtOpenFile@24       00813664     xboxkrnl:xboxkrnl.exe
 0008:00000428       __imp__MmAllocateSystemMemory@8 00813668     xboxkrnl:xboxkrnl.exe
 0008:0000042c       __imp__RtlAnsiStringToUnicodeString@12 0081366c     xboxkrnl:xboxkrnl.exe
 0008:00000430       __imp__RtlUnicodeStringToAnsiString@12 00813670     xboxkrnl:xboxkrnl.exe
 0008:00000434       __imp__NtWaitForSingleObject@12 00813674     xboxkrnl:xboxkrnl.exe
 0008:00000438       __imp__NtQueryVolumeInformationFile@20 00813678     xboxkrnl:xboxkrnl.exe
 0008:0000043c       __imp__NtFlushBuffersFile@8 0081367c     xboxkrnl:xboxkrnl.exe
 0008:00000440       __imp__NtUserIoApcDispatcher@12 00813680     xboxkrnl:xboxkrnl.exe
 0008:00000444       __imp__NtFsControlFile@40  00813684     xboxkrnl:xboxkrnl.exe
 0008:00000448       __imp__NtDeviceIoControlFile@40 00813688     xboxkrnl:xboxkrnl.exe
 0008:0000044c       __imp__NtReadFileScatter@32 0081368c     xboxkrnl:xboxkrnl.exe
 0008:00000450       __imp__NtWriteFileGather@32 00813690     xboxkrnl:xboxkrnl.exe
 0008:00000454       __imp_@ObfDereferenceObject@4 00813694     xboxkrnl:xboxkrnl.exe
 0008:00000458       __imp__IoQueryVolumeInformation@20 00813698     xboxkrnl:xboxkrnl.exe
 0008:0000045c       __imp__ObReferenceObjectByHandle@12 0081369c     xboxkrnl:xboxkrnl.exe
 0008:00000460       __imp__IoFileObjectType    008136a0     xboxkrnl:xboxkrnl.exe
 0008:00000460       _IoFileObjectType          008136a0     xboxkrnl:xboxkrnl.exe
 0008:00000464       __imp__NtDuplicateObject@12 008136a4     xboxkrnl:xboxkrnl.exe
 0008:00000468       __imp_@KfRaiseIrql@4       008136a8     xboxkrnl:xboxkrnl.exe
 0008:0000046c       __imp__DbgBreakPoint@0     008136ac     xboxkrnl:xboxkrnl.exe
 0008:00000470       __imp__DbgPrint            008136b0     xboxkrnl:xboxkrnl.exe
 0008:00000474       __imp__ExQueryNonVolatileSetting@20 008136b4     xboxkrnl:xboxkrnl.exe
 0008:00000478       __imp__KeSetBasePriorityThread@8 008136b8     xboxkrnl:xboxkrnl.exe
 0008:0000047c       __imp__PsThreadObjectType  008136bc     xboxkrnl:xboxkrnl.exe
 0008:0000047c       _PsThreadObjectType        008136bc     xboxkrnl:xboxkrnl.exe
 0008:00000480       __imp__KeQueryBasePriorityThread@4 008136c0     xboxkrnl:xboxkrnl.exe
 0008:00000484       __imp__KeSetDisableBoostThread@8 008136c4     xboxkrnl:xboxkrnl.exe
 0008:00000488       __imp__NtSuspendThread@8   008136c8     xboxkrnl:xboxkrnl.exe
 0008:0000048c       __imp__NtResumeThread@8    008136cc     xboxkrnl:xboxkrnl.exe
 0008:00000490       __imp__RtlRaiseException@4 008136d0     xboxkrnl:xboxkrnl.exe
 0008:00000494       __imp__NtQueueApcThread@20 008136d4     xboxkrnl:xboxkrnl.exe
 0008:00000498       __imp__NtYieldExecution@0  008136d8     xboxkrnl:xboxkrnl.exe
 0008:0000049c       __imp__PsTerminateSystemThread@4 008136dc     xboxkrnl:xboxkrnl.exe
 0008:000004a0       __imp__KeTimeIncrement     008136e0     xboxkrnl:xboxkrnl.exe
 0008:000004a0       _KeTimeIncrement           008136e0     xboxkrnl:xboxkrnl.exe
 0008:000004a4       __imp__PsCreateSystemThreadEx@40 008136e4     xboxkrnl:xboxkrnl.exe
 0008:000004a8       __imp__KeSetTimer@16       008136e8     xboxkrnl:xboxkrnl.exe
 0008:000004ac       __imp__HalInitiateShutdown@0 008136ec     xboxkrnl:xboxkrnl.exe
 0008:000004b0       __imp__XboxHardwareInfo    008136f0     xboxkrnl:xboxkrnl.exe
 0008:000004b0       _XboxHardwareInfo          008136f0     xboxkrnl:xboxkrnl.exe
 0008:000004b4       __imp__KeInitializeDpc@12  008136f4     xboxkrnl:xboxkrnl.exe
 0008:000004b8       __imp__NtQuerySymbolicLinkObject@12 008136f8     xboxkrnl:xboxkrnl.exe
 0008:000004bc       __imp__NtOpenSymbolicLinkObject@8 008136fc     xboxkrnl:xboxkrnl.exe
 0008:000004c0       __imp__XcSHAFinal@8        00813700     xboxkrnl:xboxkrnl.exe
 0008:000004c4       __imp__XcSHAUpdate@12      00813704     xboxkrnl:xboxkrnl.exe
 0008:000004c8       __imp__XcSHAInit@4         00813708     xboxkrnl:xboxkrnl.exe
 0008:000004cc       _XeImageFileName           0081370c     xboxkrnl:xboxkrnl.exe
 0008:000004cc       __imp__XeImageFileName     0081370c     xboxkrnl:xboxkrnl.exe
 0008:000004d0       __imp__HalRegisterShutdownNotification@8 00813710     xboxkrnl:xboxkrnl.exe
 0008:000004d4       __imp__NtCreateIoCompletion@16 00813714     xboxkrnl:xboxkrnl.exe
 0008:000004d8       __imp__NtSetIoCompletion@20 00813718     xboxkrnl:xboxkrnl.exe
 0008:000004dc       __imp__NtRemoveIoCompletion@20 0081371c     xboxkrnl:xboxkrnl.exe
 0008:000004e0       __imp__MmSetAddressProtect@12 00813720     xboxkrnl:xboxkrnl.exe
 0008:000004e4       __imp__MmQueryAddressProtect@4 00813724     xboxkrnl:xboxkrnl.exe
 0008:000004e8       __imp__XboxKrnlVersion     00813728     xboxkrnl:xboxkrnl.exe
 0008:000004e8       _XboxKrnlVersion           00813728     xboxkrnl:xboxkrnl.exe
 0008:000004ec       _HalBootSMCVideoMode       0081372c     xboxkrnl:xboxkrnl.exe
 0008:000004ec       __imp__HalBootSMCVideoMode 0081372c     xboxkrnl:xboxkrnl.exe
 0008:000004f0       __imp__XcHMAC@28           00813730     xboxkrnl:xboxkrnl.exe
 0008:000004f4       _XboxHDKey                 00813734     xboxkrnl:xboxkrnl.exe
 0008:000004f4       __imp__XboxHDKey           00813734     xboxkrnl:xboxkrnl.exe
 0008:000004f8       __imp__RtlCompareString@12 00813738     xboxkrnl:xboxkrnl.exe
 0008:000004fc       __imp__RtlEqualString@12   0081373c     xboxkrnl:xboxkrnl.exe
 0008:00000500       __imp__XeLoadSection@4     00813740     xboxkrnl:xboxkrnl.exe
 0008:00000504       __imp__XeUnloadSection@4   00813744     xboxkrnl:xboxkrnl.exe
 0008:00000508       __imp__HalDiskCachePartitionCount 00813748     xboxkrnl:xboxkrnl.exe
 0008:00000508       _HalDiskCachePartitionCount 00813748     xboxkrnl:xboxkrnl.exe
 0008:0000050c       __imp__RtlFillMemoryUlong@12 0081374c     xboxkrnl:xboxkrnl.exe
 0008:00000510       __imp__NtFreeVirtualMemory@12 00813750     xboxkrnl:xboxkrnl.exe
 0008:00000514       __imp__NtAllocateVirtualMemory@20 00813754     xboxkrnl:xboxkrnl.exe
 0008:00000518       __imp__KdDebuggerEnabled   00813758     xboxkrnl:xboxkrnl.exe
 0008:00000518       _KdDebuggerEnabled         00813758     xboxkrnl:xboxkrnl.exe
 0008:0000051c       __imp__RtlCompareMemoryUlong@12 0081375c     xboxkrnl:xboxkrnl.exe
 0008:00000520       __imp__RtlCompareMemory@12 00813760     xboxkrnl:xboxkrnl.exe
 0008:00000524       __imp__RtlInitializeCriticalSection@4 00813764     xboxkrnl:xboxkrnl.exe
 0008:00000528       __imp__NtQueryVirtualMemory@8 00813768     xboxkrnl:xboxkrnl.exe
 0008:0000052c       __imp__ExFreePool@4        0081376c     xboxkrnl:xboxkrnl.exe
 0008:00000530       __imp__HalGetInterruptVector@8 00813770     xboxkrnl:xboxkrnl.exe
 0008:00000534       __imp__KeConnectInterrupt@4 00813774     xboxkrnl:xboxkrnl.exe
 0008:00000538       __imp__KeInitializeInterrupt@28 00813778     xboxkrnl:xboxkrnl.exe
 0008:0000053c       __imp__KeStallExecutionProcessor@4 0081377c     xboxkrnl:xboxkrnl.exe
 0008:00000540       _XboxSignatureKey          00813780     xboxkrnl:xboxkrnl.exe
 0008:00000540       __imp__XboxSignatureKey    00813780     xboxkrnl:xboxkrnl.exe
 0008:00000544       __imp__XboxAlternateSignatureKeys 00813784     xboxkrnl:xboxkrnl.exe
 0008:00000544       _XboxAlternateSignatureKeys 00813784     xboxkrnl:xboxkrnl.exe
 0008:00000548       __imp__NtQueryDirectoryFile@40 00813788     xboxkrnl:xboxkrnl.exe
 0008:0000054c       __imp__NtQueryFullAttributesFile@8 0081378c     xboxkrnl:xboxkrnl.exe
 0008:00000550       __imp__FscSetCacheSize@4   00813790     xboxkrnl:xboxkrnl.exe
 0008:00000554       __imp__FscGetCacheSize@0   00813794     xboxkrnl:xboxkrnl.exe
 0008:00000558       __imp__MmGetPhysicalAddress@4 00813798     xboxkrnl:xboxkrnl.exe
 0008:0000055c       __imp__MmLockUnlockBufferPages@12 0081379c     xboxkrnl:xboxkrnl.exe
 0008:00000560       __imp__KeInsertQueueDpc@12 008137a0     xboxkrnl:xboxkrnl.exe
 0008:00000564       __imp__MmLockUnlockPhysicalPage@8 008137a4     xboxkrnl:xboxkrnl.exe
 0008:00000568       __imp__MmAllocateContiguousMemoryEx@20 008137a8     xboxkrnl:xboxkrnl.exe
 0008:0000056c       __imp__MmQueryAllocationSize@4 008137ac     xboxkrnl:xboxkrnl.exe
 0008:00000570       __imp__AvGetSavedDataAddress@0 008137b0     xboxkrnl:xboxkrnl.exe
 0008:00000574       __imp__AvSendTVEncoderOption@16 008137b4     xboxkrnl:xboxkrnl.exe
 0008:00000578       __imp__AvSetDisplayMode@24 008137b8     xboxkrnl:xboxkrnl.exe
 0008:0000057c       __imp__AvSetSavedDataAddress@4 008137bc     xboxkrnl:xboxkrnl.exe
 0008:00000580       __imp__MmQueryStatistics@4 008137c0     xboxkrnl:xboxkrnl.exe
 0008:00000584       __imp__RtlWalkFrameChain@12 008137c4     xboxkrnl:xboxkrnl.exe
 0008:00000588       __imp__NtDeleteFile@4      008137c8     xboxkrnl:xboxkrnl.exe
 0008:0000058c       __imp__HalReadWritePCISpace@24 008137cc     xboxkrnl:xboxkrnl.exe
 0008:00000590       __imp__KeDisconnectInterrupt@4 008137d0     xboxkrnl:xboxkrnl.exe
 0008:00000594       __imp__MmClaimGpuInstanceMemory@8 008137d4     xboxkrnl:xboxkrnl.exe
 0008:00000598       __imp__KeSaveFloatingPointState@4 008137d8     xboxkrnl:xboxkrnl.exe
 0008:0000059c       __imp__KeRestoreFloatingPointState@4 008137dc     xboxkrnl:xboxkrnl.exe
 0008:000005a0       __imp__ExQueryPoolBlockSize@4 008137e0     xboxkrnl:xboxkrnl.exe
 0008:000005a4       __imp__KeRemoveQueueDpc@4  008137e4     xboxkrnl:xboxkrnl.exe
 0008:000005a8       __imp__KeSynchronizeExecution@12 008137e8     xboxkrnl:xboxkrnl.exe
 0008:000005ac       __imp__KeBugCheck@4        008137ec     xboxkrnl:xboxkrnl.exe
 0008:000005b0       __imp__RtlUnwind@16        008137f0     xboxkrnl:xboxkrnl.exe
 0008:000005b4       __imp_@IofCompleteRequest@8 008137f4     xboxkrnl:xboxkrnl.exe
 0008:000005b8       \177xboxkrnl_NULL_THUNK_DATA 008137f8     xboxkrnl:xboxkrnl.exe
 000a:00000000       _XapiBuildNumberD          0081c300     xapilibd:xapi0.obj
 000a:00000114       ?XKbdBuildNumber@@3PAGA    0081c414     libSDLx:queue.obj
 000a:00000128       ?XMouseBuildNumber@@3PAGA  0081c428     xapilibd:mouse.obj
 000a:0000013c       _D3D8BuildNumberD          0081c43c     d3d8d:precomp.obj
 000a:00000150       _DSoundBuildNumberD        0081c450     dsoundd:dsapi.obj
 000a:00000164       _DMusicBuildNumberD        0081c464     dmusicd:xguids.obj
 000a:00000178       _XboxKrnlBuildNumber       0081c478     xboxkrnl:bldnum.obj
 000a:0000018c       ___DebugCrtBuildNumberMT   0081c48c     LIBCMTD:rand.obj
 000b:00000000       __tls_start                0081c5c0     xapilibd:xapitls.obj
 000b:00000108       _XapiLastErrorCode         0081c6c8     xapilibd:error.obj
 000b:0000010c       ___ptd_cur                 0081c6cc     LIBCMTD:tidtable.obj
 000b:00000110       _XapiTlsSlots              0081c6d0     xapilibd:tls.obj
 000b:000002ab       __tls_end                  0081c86b     xapilibd:xapitls.obj

 entry point at        0002:00004605

