 ARKANOTRON

 Timestamp is 5f29b27c (Tue Aug 04 21:09:48 2020)

 Preferred load address is 00400000

 Start         Length     Name                   Class
 0001:00000000 001094feH .textbss                DATA
 0002:00000000 00162516H .text                   CODE
 0002:00162520 00001155H .text$x                 CODE
 0002:00163680 000010bfH .text$yc                CODE
 0003:00000000 0003d510H D3D                     CODE
 0003:0003d510 0001f0b5H D3D_RD                  CODE
 0003:0005c5d0 000098e8H D3D_URW                 CODE
 0004:00000000 000288b0H DSOUND                  CODE
 0004:000288b0 000270edH DSOUND_RD               CODE
 0004:0004f9a0 00001c79H DSOUND_RW               CODE
 0004:00051620 00001294H DSOUND_URW              CODE
 0005:00000000 00001005H .XID$A                  CODE
 0005:00001008 00001005H .XID$Gamepad            CODE
 0005:00002010 00001005H .XID$IrRemote           CODE
 0005:00003018 00001005H .XID$Keyboard           CODE
 0005:00004020 00001005H .XID$Mouse              CODE
 0005:00005028 00001005H .XID$ZZZ                CODE
 0005:00006030 00001005H .XPP$ClassA             CODE
 0005:00007038 0000100aH .XPP$ClassXID           CODE
 0005:00008044 00001005H .XPP$ClassZZHub         CODE
 0005:0000904c 00001005H .XPP$ClassZZZ           CODE
 0005:0000a051 00001001H .XPP$DATA               CODE
 0005:0000b058 0000136cH .XPP$Data               CODE
 0005:0000c3c4 00002280H .XPPCINIT               CODE
 0005:0000e644 0000aba3H .XPPCODE                CODE
 0005:000191e8 0000381aH .XPPRDATA               CODE
 0005:0001ca08 00001159H .XPPRINIT               CODE
 0006:00000000 0002feedH .rdata                  DATA
 0006:0002fef0 00000196H .rdata$debug            DATA
 0006:00030088 00000104H .rtc$IAA                DATA
 0006:0003018c 00000383H .rtc$IMZ                DATA
 0006:00030510 00000104H .rtc$IZZ                DATA
 0006:00030614 00000104H .rtc$TAA                DATA
 0006:00030718 00000383H .rtc$TMZ                DATA
 0006:00030a9c 00000104H .rtc$TZZ                DATA
 0006:00030ba0 00000288H .xdata$x                DATA
 0006:00030e28 00000000H .edata                  DATA
 0007:00000000 00000104H .CRT$RIA                DATA
 0007:00000104 00000104H .CRT$RII10              DATA
 0007:00000208 00000104H .CRT$RII15              DATA
 0007:0000030c 00000104H .CRT$RII20              DATA
 0007:00000410 00000104H .CRT$RIZ                DATA
 0007:00000514 00000104H .CRT$XCA                DATA
 0007:00000618 00000133H .CRT$XCU                DATA
 0007:0000074c 00000104H .CRT$XCZ                DATA
 0007:00000850 00000104H .CRT$XIA                DATA
 0007:00000954 00000109H .CRT$XIC                DATA
 0007:00000a60 00000104H .CRT$XIY                DATA
 0007:00000b64 00000104H .CRT$XIZ                DATA
 0007:00000c68 00000104H .CRT$XPA                DATA
 0007:00000d6c 00000104H .CRT$XPX                DATA
 0007:00000e70 00000104H .CRT$XPZ                DATA
 0007:00000f74 00000104H .CRT$XTA                DATA
 0007:00001078 00000104H .CRT$XTB                DATA
 0007:0000117c 00000104H .CRT$XTZ                DATA
 0007:00001280 00000104H .XAPI$LNA               DATA
 0007:00001384 00000104H .XAPI$LNZ               DATA
 0007:00001490 0004ce68H .data                   DATA
 0007:0004e300 0004fffcH .bss                    DATA
 0008:00000000 00000014H .idata$2                DATA
 0008:00000014 00000014H .idata$3                DATA
 0008:00000028 0000031cH .idata$4                DATA
 0008:00000344 0000031cH .idata$5                DATA
 0008:00000660 0000010fH .idata$6                DATA
 0009:00000000 00008933H DOLBY                   DATA
 000a:00000000 00000113H .XBLD$A                 DATA
 000a:00000114 0000018dH .XBLD$V                 DATA
 000b:00000000 00000101H .tls                    DATA
 000b:00000108 000001a3H .tls$                   DATA
 000b:000002ab 00000101H .tls$ZZZ                DATA

  Address         Publics by Value              Rva+Base     Lib:Object

 0000:00000000       __except_list              00000000     <absolute>
 0000:00000000       ___safe_se_handler_count   00000000     <absolute>
 0000:00000000       ___safe_se_handler_table   00000000     <absolute>
 0000:00000004       __tls_array                00000004     <absolute>
 0001:00000000       __enc$textbss$begin        004003c0     <linker-defined>
 0001:001094fe       __enc$textbss$end          005098be     <linker-defined>
 0002:0000a3b0       _main                      00513c70 f   ARKANOTRON.obj
 0002:0000b840       _BallRespown               00515100 f   GAME_Functions.obj
 0002:0000b9e0       _ScaleLine                 005152a0 f   GUI_Functions.obj
 0002:0000ba30       _Scale                     005152f0 f   GUI_Functions.obj
 0002:0000baf0       _IsRectColliding           005153b0 f   GUI_Functions.obj
 0002:0000bc90       _Bounce                    00515550 f   GUI_Functions.obj
 0002:0000bf70       _LoadSufaceFromFile        00515830 f   GUI_Functions.obj
 0002:0000c040       _SetColorKey               00515900 f   GUI_Functions.obj
 0002:0000c0c0       _LoadChuckFromFile         00515980 f   GUI_Functions.obj
 0002:0000c160       _LoadMusicFromFile         00515a20 f   GUI_Functions.obj
 0002:0000c1f0       _SDL_InitSubSystem         00515ab0 f   libSDLx:SDL.obj
 0002:0000c3c0       _SDL_Init                  00515c80 f   libSDLx:SDL.obj
 0002:0000c440       _SDL_QuitSubSystem         00515d00 f   libSDLx:SDL.obj
 0002:0000c550       _SDL_WasInit               00515e10 f   libSDLx:SDL.obj
 0002:0000c5a0       _SDL_Quit                  00515e60 f   libSDLx:SDL.obj
 0002:0000c600       _SDL_Linked_Version        00515ec0 f   libSDLx:SDL.obj
 0002:0000c6b0       _Mix_GetNumChunkDecoders   00515f70 f   libSDLx:mixer.obj
 0002:0000c6f0       _Mix_GetChunkDecoder       00515fb0 f   libSDLx:mixer.obj
 0002:0000c750       _Mix_Linked_Version        00516010 f   libSDLx:mixer.obj
 0002:0000c7a0       _Mix_Init                  00516060 f   libSDLx:mixer.obj
 0002:0000c8c0       _Mix_Quit                  00516180 f   libSDLx:mixer.obj
 0002:0000c960       _Mix_OpenAudio             00516220 f   libSDLx:mixer.obj
 0002:0000d6a0       _Mix_AllocateChannels      00516f60 f   libSDLx:mixer.obj
 0002:0000d8f0       _Mix_QuerySpec             005171b0 f   libSDLx:mixer.obj
 0002:0000d980       _Mix_LoadWAV_RW            00517240 f   libSDLx:mixer.obj
 0002:0000dea0       _Mix_QuickLoad_WAV         00517760 f   libSDLx:mixer.obj
 0002:0000e030       _Mix_QuickLoad_RAW         005178f0 f   libSDLx:mixer.obj
 0002:0000e0f0       _Mix_FreeChunk             005179b0 f   libSDLx:mixer.obj
 0002:0000e1f0       _Mix_SetPostMix            00517ab0 f   libSDLx:mixer.obj
 0002:0000e250       _Mix_HookMusic             00517b10 f   libSDLx:mixer.obj
 0002:0000e2e0       _Mix_GetMusicHookData      00517ba0 f   libSDLx:mixer.obj
 0002:0000e320       _Mix_ChannelFinished       00517be0 f   libSDLx:mixer.obj
 0002:0000e380       _Mix_ReserveChannels       00517c40 f   libSDLx:mixer.obj
 0002:0000e3e0       _Mix_PlayChannelTimed      00517ca0 f   libSDLx:mixer.obj
 0002:0000e6e0       _Mix_ExpireChannel         00517fa0 f   libSDLx:mixer.obj
 0002:0000e7e0       _Mix_FadeInChannelTimed    005180a0 f   libSDLx:mixer.obj
 0002:0000eab0       _Mix_Volume                00518370 f   libSDLx:mixer.obj
 0002:0000ebb0       _Mix_VolumeChunk           00518470 f   libSDLx:mixer.obj
 0002:0000ec20       _Mix_HaltChannel           005184e0 f   libSDLx:mixer.obj
 0002:0000ed90       _Mix_HaltGroup             00518650 f   libSDLx:mixer.obj
 0002:0000ee30       _Mix_FadeOutChannel        005186f0 f   libSDLx:mixer.obj
 0002:0000f010       _Mix_FadeOutGroup          005188d0 f   libSDLx:mixer.obj
 0002:0000f0c0       _Mix_FadingChannel         00518980 f   libSDLx:mixer.obj
 0002:0000f120       _Mix_Playing               005189e0 f   libSDLx:mixer.obj
 0002:0000f210       _Mix_GetChunk              00518ad0 f   libSDLx:mixer.obj
 0002:0000f280       _Mix_CloseAudio            00518b40 f   libSDLx:mixer.obj
 0002:0000f3a0       _Mix_Pause                 00518c60 f   libSDLx:mixer.obj
 0002:0000f490       _Mix_Resume                00518d50 f   libSDLx:mixer.obj
 0002:0000f640       _Mix_Paused                00518f00 f   libSDLx:mixer.obj
 0002:0000f700       _Mix_GroupChannel          00518fc0 f   libSDLx:mixer.obj
 0002:0000f790       _Mix_GroupChannels         00519050 f   libSDLx:mixer.obj
 0002:0000f810       _Mix_GroupAvailable        005190d0 f   libSDLx:mixer.obj
 0002:0000f8b0       _Mix_GroupCount            00519170 f   libSDLx:mixer.obj
 0002:0000f940       _Mix_GroupOldest           00519200 f   libSDLx:mixer.obj
 0002:0000fa30       _Mix_GroupNewer            005192f0 f   libSDLx:mixer.obj
 0002:0000fbf0       __Mix_RegisterEffect_locked 005194b0 f   libSDLx:mixer.obj
 0002:0000fdf0       _Mix_RegisterEffect        005196b0 f   libSDLx:mixer.obj
 0002:0000fe60       __Mix_UnregisterEffect_locked 00519720 f   libSDLx:mixer.obj
 0002:00010050       _Mix_UnregisterEffect      00519910 f   libSDLx:mixer.obj
 0002:000100c0       __Mix_UnregisterAllEffects_locked 00519980 f   libSDLx:mixer.obj
 0002:00010170       _Mix_UnregisterAllEffects  00519a30 f   libSDLx:mixer.obj
 0002:00010250       _Mix_GetNumMusicDecoders   00519b10 f   libSDLx:music.obj
 0002:00010290       _Mix_GetMusicDecoder       00519b50 f   libSDLx:music.obj
 0002:000102f0       _Mix_HookMusicFinished     00519bb0 f   libSDLx:music.obj
 0002:00010350       _music_mixer               00519c10 f   libSDLx:music.obj
 0002:00010760       _open_music                0051a020 f   libSDLx:music.obj
 0002:000109e0       _MIX_string_equals         0051a2a0 f   libSDLx:music.obj
 0002:00010ac0       _Mix_LoadMUS               0051a380 f   libSDLx:music.obj
 0002:00011090       _Mix_LoadMUS_RW            0051a950 f   libSDLx:music.obj
 0002:000110f0       _Mix_LoadMUSType_RW        0051a9b0 f   libSDLx:music.obj
 0002:00011550       _Mix_FreeMusic             0051ae10 f   libSDLx:music.obj
 0002:000116e0       _Mix_GetMusicType          0051afa0 f   libSDLx:music.obj
 0002:000119b0       _Mix_FadeInMusicPos        0051b270 f   libSDLx:music.obj
 0002:00011b10       _Mix_FadeInMusic           0051b3d0 f   libSDLx:music.obj
 0002:00011b80       _Mix_PlayMusic             0051b440 f   libSDLx:music.obj
 0002:00011d50       _Mix_SetMusicPosition      0051b610 f   libSDLx:music.obj
 0002:00011fc0       _Mix_VolumeMusic           0051b880 f   libSDLx:music.obj
 0002:000121a0       _Mix_HaltMusic             0051ba60 f   libSDLx:music.obj
 0002:00012200       _Mix_FadeOutMusic          0051bac0 f   libSDLx:music.obj
 0002:00012360       _Mix_FadingMusic           0051bc20 f   libSDLx:music.obj
 0002:000123d0       _Mix_PauseMusic            0051bc90 f   libSDLx:music.obj
 0002:00012410       _Mix_ResumeMusic           0051bcd0 f   libSDLx:music.obj
 0002:00012450       _Mix_RewindMusic           0051bd10 f   libSDLx:music.obj
 0002:000124b0       _Mix_PausedMusic           0051bd70 f   libSDLx:music.obj
 0002:00012680       _Mix_PlayingMusic          0051bf40 f   libSDLx:music.obj
 0002:00012720       _Mix_SetMusicCMD           0051bfe0 f   libSDLx:music.obj
 0002:000127f0       _Mix_SetSynchroValue       0051c0b0 f   libSDLx:music.obj
 0002:00012830       _Mix_GetSynchroValue       0051c0f0 f   libSDLx:music.obj
 0002:00012870       _close_music               0051c130 f   libSDLx:music.obj
 0002:00012900       _Mix_SetSoundFonts         0051c1c0 f   libSDLx:music.obj
 0002:000129b0       _Mix_GetSoundFonts         0051c270 f   libSDLx:music.obj
 0002:00012a40       _Mix_EachSoundFont         0051c300 f   libSDLx:music.obj
 0002:00012b60       _SDL_CreateRGBSurface      0051c420 f   libSDLx:SDL_surface.obj
 0002:00012f90       _SDL_CreateRGBSurfaceFrom  0051c850 f   libSDLx:SDL_surface.obj
 0002:00013060       _SDL_SetColorKey           0051c920 f   libSDLx:SDL_surface.obj
 0002:00013240       _SDL_SetAlpha              0051cb00 f   libSDLx:SDL_surface.obj
 0002:00013480       _SDL_SetAlphaChannel       0051cd40 f   libSDLx:SDL_surface.obj
 0002:00013620       _SDL_SetClipRect           0051cee0 f   libSDLx:SDL_surface.obj
 0002:000138d0       _SDL_GetClipRect           0051d190 f   libSDLx:SDL_surface.obj
 0002:00013930       _SDL_LowerBlit             0051d1f0 f   libSDLx:SDL_surface.obj
 0002:00013b30       _SDL_UpperBlit             0051d3f0 f   libSDLx:SDL_surface.obj
 0002:00013ef0       _SDL_FillRect              0051d7b0 f   libSDLx:SDL_surface.obj
 0002:00014920       _SDL_LockSurface           0051e1e0 f   libSDLx:SDL_surface.obj
 0002:00014a20       _SDL_UnlockSurface         0051e2e0 f   libSDLx:SDL_surface.obj
 0002:00014b20       _SDL_ConvertSurface        0051e3e0 f   libSDLx:SDL_surface.obj
 0002:00014ff0       _SDL_FreeSurface           0051e8b0 f   libSDLx:SDL_surface.obj
 0002:000151b0       _SDL_JoystickInit          0051ea70 f   libSDLx:SDL_joystick.obj
 0002:00015290       _SDL_NumJoysticks          0051eb50 f   libSDLx:SDL_joystick.obj
 0002:000152d0       _SDL_JoystickName          0051eb90 f   libSDLx:SDL_joystick.obj
 0002:00015360       _SDL_JoystickOpen          0051ec20 f   libSDLx:SDL_joystick.obj
 0002:000156f0       _SDL_JoystickOpened        0051efb0 f   libSDLx:SDL_joystick.obj
 0002:00015780       _SDL_JoystickIndex         0051f040 f   libSDLx:SDL_joystick.obj
 0002:00015850       _SDL_JoystickNumAxes       0051f110 f   libSDLx:SDL_joystick.obj
 0002:000158b0       _SDL_JoystickNumHats       0051f170 f   libSDLx:SDL_joystick.obj
 0002:00015910       _SDL_JoystickNumBalls      0051f1d0 f   libSDLx:SDL_joystick.obj
 0002:00015970       _SDL_JoystickNumButtons    0051f230 f   libSDLx:SDL_joystick.obj
 0002:000159d0       _SDL_JoystickGetAxis       0051f290 f   libSDLx:SDL_joystick.obj
 0002:00015a80       _SDL_JoystickGetHat        0051f340 f   libSDLx:SDL_joystick.obj
 0002:00015b20       _SDL_JoystickGetBall       0051f3e0 f   libSDLx:SDL_joystick.obj
 0002:00015c20       _SDL_JoystickGetButton     0051f4e0 f   libSDLx:SDL_joystick.obj
 0002:00015cc0       _SDL_JoystickClose         0051f580 f   libSDLx:SDL_joystick.obj
 0002:00015e60       _SDL_JoystickQuit          0051f720 f   libSDLx:SDL_joystick.obj
 0002:00015f70       _SDL_PrivateJoystickAxis   0051f830 f   libSDLx:SDL_joystick.obj
 0002:00016090       _SDL_PrivateJoystickHat    0051f950 f   libSDLx:SDL_joystick.obj
 0002:000161b0       _SDL_PrivateJoystickBall   0051fa70 f   libSDLx:SDL_joystick.obj
 0002:00016320       _SDL_PrivateJoystickButton 0051fbe0 f   libSDLx:SDL_joystick.obj
 0002:00016480       _SDL_JoystickUpdate        0051fd40 f   libSDLx:SDL_joystick.obj
 0002:00016510       _SDL_JoystickEventState    0051fdd0 f   libSDLx:SDL_joystick.obj
 0002:00016650       _SDL_VideoInit             0051ff10 f   libSDLx:SDL_video.obj
 0002:00016b80       _SDL_VideoDriverName       00520440 f   libSDLx:SDL_video.obj
 0002:00016c00       _SDL_GetVideoSurface       005204c0 f   libSDLx:SDL_video.obj
 0002:00016c60       _SDL_GetVideoInfo          00520520 f   libSDLx:SDL_video.obj
 0002:00016cc0       _SDL_ListModes             00520580 f   libSDLx:SDL_video.obj
 0002:00016d80       _SDL_VideoModeOK           00520640 f   libSDLx:SDL_video.obj
 0002:00017010       _SDL_SetVideoMode          005208d0 f   libSDLx:SDL_video.obj
 0002:00018020       _SDL_DisplayFormat         005218e0 f   libSDLx:SDL_video.obj
 0002:00018110       _SDL_DisplayFormatAlpha    005219d0 f   libSDLx:SDL_video.obj
 0002:00018320       _SDL_UpdateRect            00521be0 f   libSDLx:SDL_video.obj
 0002:00018430       _SDL_UpdateRects           00521cf0 f   libSDLx:SDL_video.obj
 0002:00018820       _SDL_Flip                  005220e0 f   libSDLx:SDL_video.obj
 0002:00018af0       _SDL_SetPalette            005223b0 f   libSDLx:SDL_video.obj
 0002:000190d0       _SDL_SetColors             00522990 f   libSDLx:SDL_video.obj
 0002:00019130       _SDL_VideoQuit             005229f0 f   libSDLx:SDL_video.obj
 0002:000193c0       _SDL_GL_LoadLibrary        00522c80 f   libSDLx:SDL_video.obj
 0002:00019480       _SDL_GL_GetProcAddress     00522d40 f   libSDLx:SDL_video.obj
 0002:00019550       _SDL_GL_SetAttribute       00522e10 f   libSDLx:SDL_video.obj
 0002:00019790       _SDL_GL_GetAttribute       00523050 f   libSDLx:SDL_video.obj
 0002:00019850       _SDL_GL_SwapBuffers        00523110 f   libSDLx:SDL_video.obj
 0002:000198f0       _SDL_GL_UpdateRectsLock    005231b0 f   libSDLx:SDL_video.obj
 0002:00019950       _SDL_GL_UpdateRects        00523210 f   libSDLx:SDL_video.obj
 0002:00019980       _SDL_GL_Lock               00523240 f   libSDLx:SDL_video.obj
 0002:000199b0       _SDL_GL_Unlock             00523270 f   libSDLx:SDL_video.obj
 0002:000199e0       _SDL_WM_SetCaption         005232a0 f   libSDLx:SDL_video.obj
 0002:00019b40       _SDL_WM_GetCaption         00523400 f   libSDLx:SDL_video.obj
 0002:00019bc0       _SDL_WM_SetIcon            00523480 f   libSDLx:SDL_video.obj
 0002:0001a370       _SDL_WM_GrabInput          00523c30 f   libSDLx:SDL_video.obj
 0002:0001a600       _SDL_WM_IconifyWindow      00523ec0 f   libSDLx:SDL_video.obj
 0002:0001a6a0       _SDL_WM_ToggleFullScreen   00523f60 f   libSDLx:SDL_video.obj
 0002:0001a870       _SDL_GetWMInfo             00524130 f   libSDLx:SDL_video.obj
 0002:0001a910       _SDL_Lock_EventThread      005241d0 f   libSDLx:SDL_events.obj
 0002:0001a9a0       _SDL_Unlock_EventThread    00524260 f   libSDLx:SDL_events.obj
 0002:0001aa10       _SDL_EventThreadID         005242d0 f   libSDLx:SDL_events.obj
 0002:0001aa50       _SDL_StopEventLoop         00524310 f   libSDLx:SDL_events.obj
 0002:0001aba0       _SDL_StartEventLoop        00524460 f   libSDLx:SDL_events.obj
 0002:0001af10       _SDL_PeepEvents            005247d0 f   libSDLx:SDL_events.obj
 0002:0001b3c0       _SDL_PumpEvents            00524c80 f   libSDLx:SDL_events.obj
 0002:0001b470       _SDL_PollEvent             00524d30 f   libSDLx:SDL_events.obj
 0002:0001b4e0       _SDL_WaitEvent             00524da0 f   libSDLx:SDL_events.obj
 0002:0001b590       _SDL_PushEvent             00524e50 f   libSDLx:SDL_events.obj
 0002:0001b600       _SDL_SetEventFilter        00524ec0 f   libSDLx:SDL_events.obj
 0002:0001b6a0       _SDL_GetEventFilter        00524f60 f   libSDLx:SDL_events.obj
 0002:0001b6e0       _SDL_EventState            00524fa0 f   libSDLx:SDL_events.obj
 0002:0001b8c0       _SDL_PrivateSysWMEvent     00525180 f   libSDLx:SDL_events.obj
 0002:0001b9c0       _SDL_StartTicks            00525280 f   libSDLx:SDL_systimer.obj
 0002:0001ba20       _SDL_GetTicks              005252e0 f   libSDLx:SDL_systimer.obj
 0002:0001bb60       _SDL_Delay                 00525420 f   libSDLx:SDL_systimer.obj
 0002:0001bbb0       _SDL_SYS_TimerInit         00525470 f   libSDLx:SDL_systimer.obj
 0002:0001bc90       _SDL_SYS_TimerQuit         00525550 f   libSDLx:SDL_systimer.obj
 0002:0001bcf0       _SDL_SYS_StartTimer        005255b0 f   libSDLx:SDL_systimer.obj
 0002:0001bd50       _SDL_SYS_StopTimer         00525610 f   libSDLx:SDL_systimer.obj
 0002:0001bd80       _SDL_KeyboardInit          00525640 f   libSDLx:SDL_keyboard.obj
 0002:0001ca20       _SDL_KeyboardQuit          005262e0 f   libSDLx:SDL_keyboard.obj
 0002:0001ca50       _SDL_ResetKeyboard         00526310 f   libSDLx:SDL_keyboard.obj
 0002:0001cb40       _SDL_EnableUNICODE         00526400 f   libSDLx:SDL_keyboard.obj
 0002:0001cb90       _SDL_GetKeyState           00526450 f   libSDLx:SDL_keyboard.obj
 0002:0001cbe0       _SDL_GetModState           005264a0 f   libSDLx:SDL_keyboard.obj
 0002:0001cc20       _SDL_SetModState           005264e0 f   libSDLx:SDL_keyboard.obj
 0002:0001cc60       _SDL_GetKeyName            00526520 f   libSDLx:SDL_keyboard.obj
 0002:0001ccd0       _SDL_PrivateKeyboard       00526590 f   libSDLx:SDL_keyboard.obj
 0002:0001d300       _SDL_CheckKeyRepeat        00526bc0 f   libSDLx:SDL_keyboard.obj
 0002:0001d3f0       _SDL_EnableKeyRepeat       00526cb0 f   libSDLx:SDL_keyboard.obj
 0002:0001d490       _SDL_GetKeyRepeat          00526d50 f   libSDLx:SDL_keyboard.obj
 0002:0001d4e0       _SDL_SetError              00526da0 f   libSDLx:SDL_error.obj
 0002:0001d8a0       _SDL_GetErrorMsg           00527160 f   libSDLx:SDL_error.obj
 0002:0001dd80       _SDL_GetError              00527640 f   libSDLx:SDL_error.obj
 0002:0001dde0       _SDL_ClearError            005276a0 f   libSDLx:SDL_error.obj
 0002:0001de40       _SDL_Error                 00527700 f   libSDLx:SDL_error.obj
 0002:0001df20       _SDL_LoadBMP_RW            005277e0 f   libSDLx:SDL_bmp.obj
 0002:0001ec40       _SDL_SaveBMP_RW            00528500 f   libSDLx:SDL_bmp.obj
 0002:0001f580       _SDL_RWFromFile            00528e40 f   libSDLx:SDL_rwops.obj
 0002:00020090       _SDL_RWFromFP              00529950 f   libSDLx:SDL_rwops.obj
 0002:00020370       _SDL_RWFromMem             00529c30 f   libSDLx:SDL_rwops.obj
 0002:00020720       _SDL_RWFromConstMem        00529fe0 f   libSDLx:SDL_rwops.obj
 0002:00020840       _SDL_AllocRW               0052a100 f   libSDLx:SDL_rwops.obj
 0002:000208b0       _SDL_FreeRW                0052a170 f   libSDLx:SDL_rwops.obj
 0002:00020900       _SDL_ReadLE16              0052a1c0 f   libSDLx:SDL_rwops.obj
 0002:000209a0       _SDL_ReadBE16              0052a260 f   libSDLx:SDL_rwops.obj
 0002:00020aa0       _SDL_ReadLE32              0052a360 f   libSDLx:SDL_rwops.obj
 0002:00020b40       _SDL_ReadBE32              0052a400 f   libSDLx:SDL_rwops.obj
 0002:00020c60       _SDL_ReadLE64              0052a520 f   libSDLx:SDL_rwops.obj
 0002:00020d10       _SDL_ReadBE64              0052a5d0 f   libSDLx:SDL_rwops.obj
 0002:00020e90       _SDL_WriteLE16             0052a750 f   libSDLx:SDL_rwops.obj
 0002:00020f00       _SDL_WriteBE16             0052a7c0 f   libSDLx:SDL_rwops.obj
 0002:00020f80       _SDL_WriteLE32             0052a840 f   libSDLx:SDL_rwops.obj
 0002:00020ff0       _SDL_WriteBE32             0052a8b0 f   libSDLx:SDL_rwops.obj
 0002:00021070       _SDL_WriteLE64             0052a930 f   libSDLx:SDL_rwops.obj
 0002:000210f0       _SDL_WriteBE64             0052a9b0 f   libSDLx:SDL_rwops.obj
 0002:00021170       _SDL_AllocFormat           0052aa30 f   libSDLx:SDL_pixels.obj
 0002:00021a10       _SDL_ReallocFormat         0052b2d0 f   libSDLx:SDL_pixels.obj
 0002:00021ab0       _SDL_FormatChanged         0052b370 f   libSDLx:SDL_pixels.obj
 0002:00021b30       _SDL_FreeFormat            0052b3f0 f   libSDLx:SDL_pixels.obj
 0002:00021bd0       _SDL_DitherColors          0052b490 f   libSDLx:SDL_pixels.obj
 0002:00021cf0       _SDL_CalculatePitch        0052b5b0 f   libSDLx:SDL_pixels.obj
 0002:00021db0       _SDL_FindColor             0052b670 f   libSDLx:SDL_pixels.obj
 0002:00021ec0       _SDL_MapRGB                0052b780 f   libSDLx:SDL_pixels.obj
 0002:00021f90       _SDL_MapRGBA               0052b850 f   libSDLx:SDL_pixels.obj
 0002:00022080       _SDL_GetRGBA               0052b940 f   libSDLx:SDL_pixels.obj
 0002:00022270       _SDL_GetRGB                0052bb30 f   libSDLx:SDL_pixels.obj
 0002:000223f0       _SDL_ApplyGamma            0052bcb0 f   libSDLx:SDL_pixels.obj
 0002:000224c0       _SDL_AllocBlitMap          0052bd80 f   libSDLx:SDL_pixels.obj
 0002:000225a0       _SDL_InvalidateMap         0052be60 f   libSDLx:SDL_pixels.obj
 0002:00022630       _SDL_MapSurface            0052bef0 f   libSDLx:SDL_pixels.obj
 0002:00022f50       _SDL_FreeBlitMap           0052c810 f   libSDLx:SDL_pixels.obj
 0002:00022fe0       _SDL_CDROMInit             0052c8a0 f   libSDLx:SDL_cdrom.obj
 0002:00023060       _SDL_CDNumDrives           0052c920 f   libSDLx:SDL_cdrom.obj
 0002:00023170       _SDL_CDName                0052ca30 f   libSDLx:SDL_cdrom.obj
 0002:00023220       _SDL_CDOpen                0052cae0 f   libSDLx:SDL_cdrom.obj
 0002:00023330       _SDL_CDStatus              0052cbf0 f   libSDLx:SDL_cdrom.obj
 0002:000234d0       _SDL_CDPlayTracks          0052cd90 f   libSDLx:SDL_cdrom.obj
 0002:00023710       _SDL_CDPlay                0052cfd0 f   libSDLx:SDL_cdrom.obj
 0002:00023790       _SDL_CDPause               0052d050 f   libSDLx:SDL_cdrom.obj
 0002:00023860       _SDL_CDResume              0052d120 f   libSDLx:SDL_cdrom.obj
 0002:00023930       _SDL_CDStop                0052d1f0 f   libSDLx:SDL_cdrom.obj
 0002:00023a00       _SDL_CDEject               0052d2c0 f   libSDLx:SDL_cdrom.obj
 0002:00023a80       _SDL_CDClose               0052d340 f   libSDLx:SDL_cdrom.obj
 0002:00023b10       _SDL_CDROMQuit             0052d3d0 f   libSDLx:SDL_cdrom.obj
 0002:00023b70       _SDL_RunAudio              0052d430 f   libSDLx:SDL_audio.obj
 0002:00023e70       _SDL_AudioInit             0052d730 f   libSDLx:SDL_audio.obj
 0002:00024190       _SDL_AudioDriverName       0052da50 f   libSDLx:SDL_audio.obj
 0002:00024210       _SDL_OpenAudio             0052dad0 f   libSDLx:SDL_audio.obj
 0002:000249a0       _SDL_GetAudioStatus        0052e260 f   libSDLx:SDL_audio.obj
 0002:00024a20       _SDL_PauseAudio            0052e2e0 f   libSDLx:SDL_audio.obj
 0002:00024a70       _SDL_LockAudio             0052e330 f   libSDLx:SDL_audio.obj
 0002:00024af0       _SDL_UnlockAudio           0052e3b0 f   libSDLx:SDL_audio.obj
 0002:00024b70       _SDL_CloseAudio            0052e430 f   libSDLx:SDL_audio.obj
 0002:00024bc0       _SDL_AudioQuit             0052e480 f   libSDLx:SDL_audio.obj
 0002:00024d20       _SDL_FirstAudioFormat      0052e5e0 f   libSDLx:SDL_audio.obj
 0002:00024dc0       _SDL_NextAudioFormat       0052e680 f   libSDLx:SDL_audio.obj
 0002:00024e50       _SDL_CalculateAudioSpec    0052e710 f   libSDLx:SDL_audio.obj
 0002:00024f10       _SDL_Audio_SetCaption      0052e7d0 f   libSDLx:SDL_audio.obj
 0002:00024f90       _SDL_putenv                0052e850 f   libSDLx:SDL_getenv.obj
 0002:000251d0       _SDL_getenv                0052ea90 f   libSDLx:SDL_getenv.obj
 0002:000252e0       _SDL_SetTimerThreaded      0052eba0 f   libSDLx:SDL_timer.obj
 0002:00025360       _SDL_TimerInit             0052ec20 f   libSDLx:SDL_timer.obj
 0002:00025400       _SDL_TimerQuit             0052ecc0 f   libSDLx:SDL_timer.obj
 0002:000254b0       _SDL_ThreadedTimerCheck    0052ed70 f   libSDLx:SDL_timer.obj
 0002:00025700       _SDL_AddTimer              0052efc0 f   libSDLx:SDL_timer.obj
 0002:000258c0       _SDL_RemoveTimer           0052f180 f   libSDLx:SDL_timer.obj
 0002:000259d0       _SDL_SetTimer              0052f290 f   libSDLx:SDL_timer.obj
 0002:00025ba0       _SDL_InstallParachute      0052f460 f   libSDLx:SDL_fatal.obj
 0002:00025bd0       _SDL_UninstallParachute    0052f490 f   libSDLx:SDL_fatal.obj
 0002:00025c70       _Mix_InitOgg               0052f530 f   libSDLx:dynamic_ogg.obj
 0002:00025d10       _Mix_QuitOgg               0052f5d0 f   libSDLx:dynamic_ogg.obj
 0002:00025d60       _Mix_InitMP3               0052f620 f   libSDLx:dynamic_mp3.obj
 0002:00025e50       _Mix_QuitMP3               0052f710 f   libSDLx:dynamic_mp3.obj
 0002:00025ea0       _Mix_InitMOD               0052f760 f   libSDLx:dynamic_mod.obj
 0002:00026030       _Mix_QuitMOD               0052f8f0 f   libSDLx:dynamic_mod.obj
 0002:00026080       __Mix_InitEffects          0052f940 f   libSDLx:effects_internal.obj
 0002:000260e0       __Mix_DeinitEffects        0052f9a0 f   libSDLx:effects_internal.obj
 0002:00026130       __Eff_build_volume_table_u8 0052f9f0 f   libSDLx:effects_internal.obj
 0002:00026240       __Eff_build_volume_table_s8 0052fb00 f   libSDLx:effects_internal.obj
 0002:00026330       _SDL_MixAudio              0052fbf0 f   libSDLx:SDL_mixer.obj
 0002:00026840       _SDL_ConvertMono           00530100 f   libSDLx:SDL_audiocvt.obj
 0002:00026dc0       _SDL_ConvertStrip          00530680 f   libSDLx:SDL_audiocvt.obj
 0002:000273d0       _SDL_ConvertStrip_2        00530c90 f   libSDLx:SDL_audiocvt.obj
 0002:000279e0       _SDL_ConvertStereo         005312a0 f   libSDLx:SDL_audiocvt.obj
 0002:00027ba0       _SDL_ConvertSurround       00531460 f   libSDLx:SDL_audiocvt.obj
 0002:000288d0       _SDL_ConvertSurround_4     00532190 f   libSDLx:SDL_audiocvt.obj
 0002:00029400       _SDL_Convert16LSB          00532cc0 f   libSDLx:SDL_audiocvt.obj
 0002:00029530       _SDL_Convert16MSB          00532df0 f   libSDLx:SDL_audiocvt.obj
 0002:00029660       _SDL_Convert8              00532f20 f   libSDLx:SDL_audiocvt.obj
 0002:000297a0       _SDL_ConvertSign           00533060 f   libSDLx:SDL_audiocvt.obj
 0002:00029910       _SDL_ConvertEndian         005331d0 f   libSDLx:SDL_audiocvt.obj
 0002:00029a20       _SDL_RateMUL2              005332e0 f   libSDLx:SDL_audiocvt.obj
 0002:00029bf0       _SDL_RateMUL2_c2           005334b0 f   libSDLx:SDL_audiocvt.obj
 0002:00029e30       _SDL_RateMUL2_c4           005336f0 f   libSDLx:SDL_audiocvt.obj
 0002:0002a130       _SDL_RateMUL2_c6           005339f0 f   libSDLx:SDL_audiocvt.obj
 0002:0002a4f0       _SDL_RateDIV2              00533db0 f   libSDLx:SDL_audiocvt.obj
 0002:0002a690       _SDL_RateDIV2_c2           00533f50 f   libSDLx:SDL_audiocvt.obj
 0002:0002a860       _SDL_RateDIV2_c4           00534120 f   libSDLx:SDL_audiocvt.obj
 0002:0002aa90       _SDL_RateDIV2_c6           00534350 f   libSDLx:SDL_audiocvt.obj
 0002:0002ad20       _SDL_RateSLOW              005345e0 f   libSDLx:SDL_audiocvt.obj
 0002:0002b040       _SDL_ConvertAudio          00534900 f   libSDLx:SDL_audiocvt.obj
 0002:0002b100       _SDL_BuildAudioCVT         005349c0 f   libSDLx:SDL_audiocvt.obj
 0002:0002b8d0       _Mix_LoadVOC_RW            00535190 f   libSDLx:load_voc.obj
 0002:0002c880       _Mix_LoadOGG_RW            00536140 f   libSDLx:load_ogg.obj
 0002:0002cf50       _Mix_LoadAIFF_RW           00536810 f   libSDLx:load_aiff.obj
 0002:0002d760       _SDL_LoadWAV_RW            00537020 f   libSDLx:SDL_wave.obj
 0002:0002f2e0       _SDL_FreeWAV               00538ba0 f   libSDLx:SDL_wave.obj
 0002:0002f4d0       _OGG_init                  00538d90 f   libSDLx:music_ogg.obj
 0002:0002f550       _OGG_setvolume             00538e10 f   libSDLx:music_ogg.obj
 0002:0002f590       _OGG_new_RW                00538e50 f   libSDLx:music_ogg.obj
 0002:0002f910       _OGG_play                  005391d0 f   libSDLx:music_ogg.obj
 0002:0002f950       _OGG_playing               00539210 f   libSDLx:music_ogg.obj
 0002:0002f990       _OGG_playAudio             00539250 f   libSDLx:music_ogg.obj
 0002:0002fda0       _OGG_stop                  00539660 f   libSDLx:music_ogg.obj
 0002:0002fde0       _OGG_delete                005396a0 f   libSDLx:music_ogg.obj
 0002:0002feb0       _OGG_jump_to_time          00539770 f   libSDLx:music_ogg.obj
 0002:0002ff20       _Timidity_PlaySome         005397e0 f   libSDLx:playmidi.obj
 0002:000358a0       _Timidity_SetVolume        0053f160 f   libSDLx:playmidi.obj
 0002:000359a0       _Timidity_LoadSong_RW      0053f260 f   libSDLx:playmidi.obj
 0002:00035ac0       _Timidity_Start            0053f380 f   libSDLx:playmidi.obj
 0002:00035b60       _Timidity_Active           0053f420 f   libSDLx:playmidi.obj
 0002:00035ba0       _Timidity_Stop             0053f460 f   libSDLx:playmidi.obj
 0002:00035be0       _Timidity_FreeSong         0053f4a0 f   libSDLx:playmidi.obj
 0002:00035c60       _Timidity_Close            0053f520 f   libSDLx:playmidi.obj
 0002:00035d00       _MOD_init                  0053f5c0 f   libSDLx:music_mod.obj
 0002:00036010       _MOD_exit                  0053f8d0 f   libSDLx:music_mod.obj
 0002:00036070       _MOD_setvolume             0053f930 f   libSDLx:music_mod.obj
 0002:000360d0       _LMM_Seek                  0053f990 f   libSDLx:music_mod.obj
 0002:00036170       _LMM_Tell                  0053fa30 f   libSDLx:music_mod.obj
 0002:000361f0       _LMM_Read                  0053fab0 f   libSDLx:music_mod.obj
 0002:00036270       _LMM_Get                   0053fb30 f   libSDLx:music_mod.obj
 0002:00036330       _LMM_Eof                   0053fbf0 f   libSDLx:music_mod.obj
 0002:000363a0       _MikMod_LoadSongRW         0053fc60 f   libSDLx:music_mod.obj
 0002:00036510       _MOD_new_RW                0053fdd0 f   libSDLx:music_mod.obj
 0002:00036670       _MOD_play                  0053ff30 f   libSDLx:music_mod.obj
 0002:000366d0       _MOD_playing               0053ff90 f   libSDLx:music_mod.obj
 0002:00036730       _MOD_playAudio             0053fff0 f   libSDLx:music_mod.obj
 0002:00036aa0       _MOD_stop                  00540360 f   libSDLx:music_mod.obj
 0002:00036b00       _MOD_delete                005403c0 f   libSDLx:music_mod.obj
 0002:00036b60       _MOD_jump_to_time          00540420 f   libSDLx:music_mod.obj
 0002:00036bc0       _WAVStream_Init            00540480 f   libSDLx:wavestream.obj
 0002:00036c40       _WAVStream_SetVolume       00540500 f   libSDLx:wavestream.obj
 0002:00036c80       _WAVStream_LoadSong_RW     00540540 f   libSDLx:wavestream.obj
 0002:00036f10       _WAVStream_Start           005407d0 f   libSDLx:wavestream.obj
 0002:00036f90       _WAVStream_PlaySome        00540850 f   libSDLx:wavestream.obj
 0002:000372a0       _WAVStream_Stop            00540b60 f   libSDLx:wavestream.obj
 0002:000372e0       _WAVStream_FreeSong        00540ba0 f   libSDLx:wavestream.obj
 0002:00037380       _WAVStream_Active          00540c40 f   libSDLx:wavestream.obj
 0002:00037d90       _Timidity_Init             00541650 f   libSDLx:timidity.obj
 0002:00039190       _Timidity_Error            00542a50 f   libSDLx:timidity.obj
 0002:000391d0       _SDL_revcpy                00542a90 f   libSDLx:SDL_string.obj
 0002:00039280       _SDL_strlcpy               00542b40 f   libSDLx:SDL_string.obj
 0002:00039340       _SDL_strlcat               00542c00 f   libSDLx:SDL_string.obj
 0002:000393e0       _SDL_strdup                00542ca0 f   libSDLx:SDL_string.obj
 0002:00039470       _SDL_lltoa                 00542d30 f   libSDLx:SDL_string.obj
 0002:000395c0       _SDL_ulltoa                00542e80 f   libSDLx:SDL_string.obj
 0002:000396b0       _SDL_strtoull              00542f70 f   libSDLx:SDL_string.obj
 0002:00039940       _SDL_snprintf              00543200 f   libSDLx:SDL_string.obj
 0002:000399c0       _SDL_vsnprintf             00543280 f   libSDLx:SDL_string.obj
 0002:0003a610       _SDL_RLEBlit               00543ed0 f   libSDLx:SDL_RLEaccel.obj
 0002:00041610       _SDL_RLEAlphaBlit          0054aed0 f   libSDLx:SDL_RLEaccel.obj
 0002:000432f0       _SDL_RLESurface            0054cbb0 f   libSDLx:SDL_RLEaccel.obj
 0002:00044d90       _SDL_UnRLESurface          0054e650 f   libSDLx:SDL_RLEaccel.obj
 0002:00045740       _xfabsf                    0054f000 f   libSDLx:SDL_sysjoystick.obj
 0002:000457e0       _SDL_SYS_JoystickInit      0054f0a0 f   libSDLx:SDL_sysjoystick.obj
 0002:00045820       _SDL_SYS_JoystickName      0054f0e0 f   libSDLx:SDL_sysjoystick.obj
 0002:00045860       _SDL_SYS_JoystickOpen      0054f120 f   libSDLx:SDL_sysjoystick.obj
 0002:00045a80       _SDL_SYS_JoystickUpdate    0054f340 f   libSDLx:SDL_sysjoystick.obj
 0002:000465d0       _SDL_SYS_JoystickClose     0054fe90 f   libSDLx:SDL_sysjoystick.obj
 0002:00046630       _SDL_SYS_JoystickQuit      0054fef0 f   libSDLx:SDL_sysjoystick.obj
 0002:00046660       _XBInput_RefreshDeviceList 0054ff20 f   libSDLx:SDL_sysjoystick.obj
 0002:000468b0       _SDL_XBOX_SetScreenPosition 00550170 f   libSDLx:SDL_xboxvideo.obj
 0002:00046930       _SDL_XBOX_SetScreenStretch 005501f0 f   libSDLx:SDL_xboxvideo.obj
 0002:000469b0       _SDL_XBOX_GetScreenPosition 00550270 f   libSDLx:SDL_xboxvideo.obj
 0002:00046a10       _SDL_XBOX_GetScreenStretch 005502d0 f   libSDLx:SDL_xboxvideo.obj
 0002:00046a70       _SDL_XBOX_SetFlickerFilter 00550330 f   libSDLx:SDL_xboxvideo.obj
 0002:00046ad0       _SDL_XBOX_SetSoftDisplayFilter 00550390 f   libSDLx:SDL_xboxvideo.obj
 0002:00049680       _SDL_CursorQuit            00552f40 f   libSDLx:SDL_cursor.obj
 0002:00049770       _SDL_CursorInit            00553030 f   libSDLx:SDL_cursor.obj
 0002:00049820       _SDL_CreateCursor          005530e0 f   libSDLx:SDL_cursor.obj
 0002:00049b00       _SDL_SetCursor             005533c0 f   libSDLx:SDL_cursor.obj
 0002:00049e30       _SDL_GetCursor             005536f0 f   libSDLx:SDL_cursor.obj
 0002:00049e70       _SDL_FreeCursor            00553730 f   libSDLx:SDL_cursor.obj
 0002:00049fa0       _SDL_ShowCursor            00553860 f   libSDLx:SDL_cursor.obj
 0002:0004a0e0       _SDL_WarpMouse             005539a0 f   libSDLx:SDL_cursor.obj
 0002:0004a2a0       _SDL_MoveCursor            00553b60 f   libSDLx:SDL_cursor.obj
 0002:0004a3f0       _SDL_CursorPaletteChanged  00553cb0 f   libSDLx:SDL_cursor.obj
 0002:0004a430       _SDL_MouseRect             00553cf0 f   libSDLx:SDL_cursor.obj
 0002:0004a5d0       _SDL_DrawCursorNoLock      00553e90 f   libSDLx:SDL_cursor.obj
 0002:0004b450       _SDL_DrawCursor            00554d10 f   libSDLx:SDL_cursor.obj
 0002:0004b5c0       _SDL_EraseCursorNoLock     00554e80 f   libSDLx:SDL_cursor.obj
 0002:0004b930       _SDL_EraseCursor           005551f0 f   libSDLx:SDL_cursor.obj
 0002:0004baa0       _SDL_ResetCursor           00555360 f   libSDLx:SDL_cursor.obj
 0002:0004bb50       _SDL_MouseInit             00555410 f   libSDLx:SDL_mouse.obj
 0002:0004bbd0       _SDL_MouseQuit             00555490 f   libSDLx:SDL_mouse.obj
 0002:0004bc00       _SDL_ResetMouse            005554c0 f   libSDLx:SDL_mouse.obj
 0002:0004bca0       _SDL_GetMouseState         00555560 f   libSDLx:SDL_mouse.obj
 0002:0004bd10       _SDL_GetRelativeMouseState 005555d0 f   libSDLx:SDL_mouse.obj
 0002:0004bd90       _SDL_SetMouseRange         00555650 f   libSDLx:SDL_mouse.obj
 0002:0004bde0       _SDL_PrivateMouseMotion    005556a0 f   libSDLx:SDL_mouse.obj
 0002:0004c1b0       _SDL_PrivateMouseButton    00555a70 f   libSDLx:SDL_mouse.obj
 0002:0004c470       _SDL_CreateMutex           00555d30 f   libSDLx:SDL_sysmutex.obj
 0002:0004c520       _SDL_DestroyMutex          00555de0 f   libSDLx:SDL_sysmutex.obj
 0002:0004c5a0       _SDL_mutexP                00555e60 f   libSDLx:SDL_sysmutex.obj
 0002:0004c630       _SDL_mutexV                00555ef0 f   libSDLx:SDL_sysmutex.obj
 0002:0004c6c0       _SDL_PrivateResize         00555f80 f   libSDLx:SDL_resize.obj
 0002:0004c860       _SDL_SYS_CreateThread      00556120 f   libSDLx:SDL_systhread.obj
 0002:0004c990       _SDL_SYS_SetupThread       00556250 f   libSDLx:SDL_systhread.obj
 0002:0004c9c0       _SDL_ThreadID              00556280 f   libSDLx:SDL_systhread.obj
 0002:0004ca10       _SDL_SYS_WaitThread        005562d0 f   libSDLx:SDL_systhread.obj
 0002:0004ca70       _SDL_SYS_KillThread        00556330 f   libSDLx:SDL_systhread.obj
 0002:0004cad0       _SDL_QuitInit              00556390 f   libSDLx:SDL_quit.obj
 0002:0004cb00       _SDL_QuitQuit              005563c0 f   libSDLx:SDL_quit.obj
 0002:0004cb30       _SDL_PrivateQuit           005563f0 f   libSDLx:SDL_quit.obj
 0002:0004cc10       _SDL_AppActiveInit         005564d0 f   libSDLx:SDL_active.obj
 0002:0004cc50       _SDL_AppActiveQuit         00556510 f   libSDLx:SDL_active.obj
 0002:0004cc80       _SDL_GetAppState           00556540 f   libSDLx:SDL_active.obj
 0002:0004ccc0       _SDL_PrivateAppActive      00556580 f   libSDLx:SDL_active.obj
 0002:0004ce50       _SDL_ThreadsInit           00556710 f   libSDLx:SDL_thread.obj
 0002:0004cec0       _SDL_ThreadsQuit           00556780 f   libSDLx:SDL_thread.obj
 0002:0004cf30       _SDL_GetErrBuf             005567f0 f   libSDLx:SDL_thread.obj
 0002:0004d010       _SDL_RunThread             005568d0 f   libSDLx:SDL_thread.obj
 0002:0004d0d0       _SDL_CreateThread          00556990 f   libSDLx:SDL_thread.obj
 0002:0004d500       _SDL_WaitThread            00556dc0 f   libSDLx:SDL_thread.obj
 0002:0004d590       _SDL_GetThreadID           00556e50 f   libSDLx:SDL_thread.obj
 0002:0004d5f0       _SDL_KillThread            00556eb0 f   libSDLx:SDL_thread.obj
 0002:0004d660       _SDL_iconv_open            00556f20 f   libSDLx:SDL_iconv.obj
 0002:0004d9b0       _SDL_iconv                 00557270 f   libSDLx:SDL_iconv.obj
 0002:0004f0a0       _SDL_iconv_close           00558960 f   libSDLx:SDL_iconv.obj
 0002:0004f100       _SDL_iconv_string          005589c0 f   libSDLx:SDL_iconv.obj
 0002:0004f3e0       _SDL_CalculateBlit         00558ca0 f   libSDLx:SDL_blit.obj
 0002:0004fe40       _SDL_SYS_CDInit            00559700 f   libSDLx:SDL_syscdrom.obj
 0002:00050200       _SDL_SYS_CDQuit            00559ac0 f   libSDLx:SDL_syscdrom.obj
 0002:000503e0       _Remount                   00559ca0 f   libSDLx:SDL_syscdrom.obj
 0002:000505d0       _Mount                     00559e90 f   libSDLx:SDL_syscdrom.obj
 0002:00050700       _Unmount                   00559fc0 f   libSDLx:SDL_syscdrom.obj
 0002:00050ce0       _TocValToFrames            0055a5a0 f i libSDLx:SDL_syscdrom.obj
 0002:00050d40       _MsfToFrames               0055a600 f i libSDLx:SDL_syscdrom.obj
 0002:00050da0       _TocValToMsf               0055a660 f i libSDLx:SDL_syscdrom.obj
 0002:00051180       _cdrom_cdda_play           0055aa40 f   libSDLx:SDL_syscdrom.obj
 0002:000512c0       _cddapause                 0055ab80 f   libSDLx:SDL_syscdrom.obj
 0002:000513d0       _cddaprocess               0055ac90 f   libSDLx:SDL_syscdrom.obj
 0002:00051870       _ReadSectorCDDA            0055b130 f   libSDLx:SDL_syscdrom.obj
 0002:00051c50       _XboxDX_SoundFocus         0055b510 f   libSDLx:SDL_xboxaudio.obj
 0002:00052b40       _ov_clear                  0055c400 f   libSDLx:vorbisfile.obj
 0002:00052d40       _ov_open_callbacks         0055c600 f   libSDLx:vorbisfile.obj
 0002:00054ea0       _ov_open                   0055e760 f   libSDLx:vorbisfile.obj
 0002:00054ff0       _ov_fopen                  0055e8b0 f   libSDLx:vorbisfile.obj
 0002:00055090       _ov_halfrate               0055e950 f   libSDLx:vorbisfile.obj
 0002:00055210       _ov_halfrate_p             0055ead0 f   libSDLx:vorbisfile.obj
 0002:00055280       _ov_test_callbacks         0055eb40 f   libSDLx:vorbisfile.obj
 0002:00055300       _ov_test                   0055ebc0 f   libSDLx:vorbisfile.obj
 0002:000553e0       _ov_test_open              0055eca0 f   libSDLx:vorbisfile.obj
 0002:00055450       _ov_streams                0055ed10 f   libSDLx:vorbisfile.obj
 0002:00055490       _ov_seekable               0055ed50 f   libSDLx:vorbisfile.obj
 0002:000554d0       _ov_bitrate                0055ed90 f   libSDLx:vorbisfile.obj
 0002:000557a0       _ov_bitrate_instant        0055f060 f   libSDLx:vorbisfile.obj
 0002:000558a0       _ov_serialnumber           0055f160 f   libSDLx:vorbisfile.obj
 0002:00055960       _ov_raw_total              0055f220 f   libSDLx:vorbisfile.obj
 0002:00055a80       _ov_pcm_total              0055f340 f   libSDLx:vorbisfile.obj
 0002:00055b90       _ov_time_total             0055f450 f   libSDLx:vorbisfile.obj
 0002:00055c90       _ov_raw_seek               0055f550 f   libSDLx:vorbisfile.obj
 0002:00056600       _ov_pcm_seek_page          0055fec0 f   libSDLx:vorbisfile.obj
 0002:00057510       _ov_pcm_seek               00560dd0 f   libSDLx:vorbisfile.obj
 0002:000583f0       _ov_time_seek              00561cb0 f   libSDLx:vorbisfile.obj
 0002:00058590       _ov_time_seek_page         00561e50 f   libSDLx:vorbisfile.obj
 0002:00058730       _ov_raw_tell               00561ff0 f   libSDLx:vorbisfile.obj
 0002:00058790       _ov_pcm_tell               00562050 f   libSDLx:vorbisfile.obj
 0002:000587f0       _ov_time_tell              005620b0 f   libSDLx:vorbisfile.obj
 0002:00058990       _ov_info                   00562250 f   libSDLx:vorbisfile.obj
 0002:00058a30       _ov_comment                005622f0 f   libSDLx:vorbisfile.obj
 0002:00058ad0       _ov_read_filter            00562390 f   libSDLx:vorbisfile.obj
 0002:00059420       _ov_read                   00562ce0 f   libSDLx:vorbisfile.obj
 0002:00059490       _ov_read_float             00562d50 f   libSDLx:vorbisfile.obj
 0002:00059630       _ov_crosslap               00562ef0 f   libSDLx:vorbisfile.obj
 0002:00059e90       _ov_raw_seek_lap           00563750 f   libSDLx:vorbisfile.obj
 0002:0005a1d0       _ov_pcm_seek_lap           00563a90 f   libSDLx:vorbisfile.obj
 0002:0005a230       _ov_pcm_seek_page_lap      00563af0 f   libSDLx:vorbisfile.obj
 0002:0005a290       _ov_time_seek_lap          00563b50 f   libSDLx:vorbisfile.obj
 0002:0005a5e0       _ov_time_seek_page_lap     00563ea0 f   libSDLx:vorbisfile.obj
 0002:0005a640       _MD_SampleSpace            00563f00 f   libSDLx:mdriver.obj
 0002:0005a6e0       _MD_SampleLength           00563fa0 f   libSDLx:mdriver.obj
 0002:0005a790       _MikMod_InfoDriver         00564050 f   libSDLx:mdriver.obj
 0002:0005a930       __mm_registerdriver        005641f0 f   libSDLx:mdriver.obj
 0002:0005a9a0       __mm_unregisterdrivers     00564260 f   libSDLx:mdriver.obj
 0002:0005aa10       _MikMod_RegisterDriver     005642d0 f   libSDLx:mdriver.obj
 0002:0005aab0       _MikMod_DriverFromAlias    00564370 f   libSDLx:mdriver.obj
 0002:0005aba0       _MD_SampleLoad             00564460 f   libSDLx:mdriver.obj
 0002:0005ac70       _MD_SampleUnload           00564530 f   libSDLx:mdriver.obj
 0002:0005acd0       _MikMod_RegisterPlayer     00564590 f   libSDLx:mdriver.obj
 0002:0005ad60       _MikMod_Update             00564620 f   libSDLx:mdriver.obj
 0002:0005ae40       _Voice_SetVolume_internal  00564700 f   libSDLx:mdriver.obj
 0002:0005af70       _Voice_SetVolume           00564830 f   libSDLx:mdriver.obj
 0002:0005b000       _Voice_GetVolume           005648c0 f   libSDLx:mdriver.obj
 0002:0005b0c0       _Voice_SetFrequency_internal 00564980 f   libSDLx:mdriver.obj
 0002:0005b1a0       _Voice_SetFrequency        00564a60 f   libSDLx:mdriver.obj
 0002:0005b230       _Voice_GetFrequency        00564af0 f   libSDLx:mdriver.obj
 0002:0005b2f0       _Voice_SetPanning_internal 00564bb0 f   libSDLx:mdriver.obj
 0002:0005b3f0       _Voice_SetPanning          00564cb0 f   libSDLx:mdriver.obj
 0002:0005b480       _Voice_GetPanning          00564d40 f   libSDLx:mdriver.obj
 0002:0005b540       _Voice_Play_internal       00564e00 f   libSDLx:mdriver.obj
 0002:0005b640       _Voice_Play                00564f00 f   libSDLx:mdriver.obj
 0002:0005b6e0       _Voice_Stop_internal       00564fa0 f   libSDLx:mdriver.obj
 0002:0005b790       _Voice_Stop                00565050 f   libSDLx:mdriver.obj
 0002:0005b820       _Voice_Stopped_internal    005650e0 f   libSDLx:mdriver.obj
 0002:0005b8a0       _Voice_Stopped             00565160 f   libSDLx:mdriver.obj
 0002:0005b930       _Voice_GetPosition         005651f0 f   libSDLx:mdriver.obj
 0002:0005b9f0       _Voice_RealVolume          005652b0 f   libSDLx:mdriver.obj
 0002:0005bab0       _MikMod_Init               00565370 f   libSDLx:mdriver.obj
 0002:0005be60       _MikMod_Exit_internal      00565720 f   libSDLx:mdriver.obj
 0002:0005bf50       _MikMod_Exit               00565810 f   libSDLx:mdriver.obj
 0002:0005c000       _MikMod_Reset              005658c0 f   libSDLx:mdriver.obj
 0002:0005c250       _MikMod_SetNumVoices_internal 00565b10 f   libSDLx:mdriver.obj
 0002:0005c8b0       _MikMod_SetNumVoices       00566170 f   libSDLx:mdriver.obj
 0002:0005c940       _MikMod_EnableOutput_internal 00566200 f   libSDLx:mdriver.obj
 0002:0005c9e0       _MikMod_EnableOutput       005662a0 f   libSDLx:mdriver.obj
 0002:0005ca60       _MikMod_DisableOutput_internal 00566320 f   libSDLx:mdriver.obj
 0002:0005cae0       _MikMod_DisableOutput      005663a0 f   libSDLx:mdriver.obj
 0002:0005cb60       _MikMod_Active_internal    00566420 f   libSDLx:mdriver.obj
 0002:0005cba0       _MikMod_Active             00566460 f   libSDLx:mdriver.obj
 0002:0005cc20       _Sample_Play_internal      005664e0 f   libSDLx:mdriver.obj
 0002:0005cef0       _Sample_Play               005667b0 f   libSDLx:mdriver.obj
 0002:0005cf90       _MikMod_GetVersion         00566850 f   libSDLx:mdriver.obj
 0002:0005cfd0       _MikMod_InitThreads        00566890 f   libSDLx:mdriver.obj
 0002:0005d090       _MikMod_Unlock             00566950 f   libSDLx:mdriver.obj
 0002:0005d100       _MikMod_Lock               005669c0 f   libSDLx:mdriver.obj
 0002:0005d180       _MD_GetAtom                00566a40 f   libSDLx:mdriver.obj
 0002:0005d4a0       _VC_Init                   00566d60 f   libSDLx:virtch_common.obj
 0002:0005d500       _VC_Exit                   00566dc0 f   libSDLx:virtch_common.obj
 0002:0005d560       _VC_SetNumVoices           00566e20 f   libSDLx:virtch_common.obj
 0002:0005d5c0       _VC_SampleSpace            00566e80 f   libSDLx:virtch_common.obj
 0002:0005d620       _VC_SampleLength           00566ee0 f   libSDLx:virtch_common.obj
 0002:0005d680       _VC_PlayStart              00566f40 f   libSDLx:virtch_common.obj
 0002:0005d6e0       _VC_PlayStop               00566fa0 f   libSDLx:virtch_common.obj
 0002:0005d740       _VC_SampleLoad             00567000 f   libSDLx:virtch_common.obj
 0002:0005d7a0       _VC_SampleUnload           00567060 f   libSDLx:virtch_common.obj
 0002:0005d800       _VC_WriteBytes             005670c0 f   libSDLx:virtch_common.obj
 0002:0005d860       _VC_SilenceBytes           00567120 f   libSDLx:virtch_common.obj
 0002:0005d8c0       _VC_VoiceSetVolume         00567180 f   libSDLx:virtch_common.obj
 0002:0005d920       _VC_VoiceGetVolume         005671e0 f   libSDLx:virtch_common.obj
 0002:0005d980       _VC_VoiceSetFrequency      00567240 f   libSDLx:virtch_common.obj
 0002:0005d9e0       _VC_VoiceGetFrequency      005672a0 f   libSDLx:virtch_common.obj
 0002:0005da40       _VC_VoiceSetPanning        00567300 f   libSDLx:virtch_common.obj
 0002:0005daa0       _VC_VoiceGetPanning        00567360 f   libSDLx:virtch_common.obj
 0002:0005db00       _VC_VoicePlay              005673c0 f   libSDLx:virtch_common.obj
 0002:0005db80       _VC_VoiceStop              00567440 f   libSDLx:virtch_common.obj
 0002:0005dbe0       _VC_VoiceStopped           005674a0 f   libSDLx:virtch_common.obj
 0002:0005dc40       _VC_VoiceGetPosition       00567500 f   libSDLx:virtch_common.obj
 0002:0005dca0       _VC_VoiceRealVolume        00567560 f   libSDLx:virtch_common.obj
 0002:0005dd00       _VC_SetupPointers          005675c0 f   libSDLx:virtch_common.obj
 0002:0005df70       _getlinearperiod           00567830 f   libSDLx:mplayer.obj
 0002:0005dfd0       _getfrequency              00567890 f   libSDLx:mplayer.obj
 0002:0005e070       _pt_UpdateVoices           00567930 f   libSDLx:mplayer.obj
 0002:0005f5b0       _pt_Notes                  00568e70 f   libSDLx:mplayer.obj
 0002:0005ffd0       _pt_EffectsPass1           00569890 f   libSDLx:mplayer.obj
 0002:000655e0       _pt_NNA                    0056eea0 f   libSDLx:mplayer.obj
 0002:00065a30       _pt_SetupVoices            0056f2f0 f   libSDLx:mplayer.obj
 0002:00065f50       _pt_EffectsPass2           0056f810 f   libSDLx:mplayer.obj
 0002:00066080       _Player_HandleTick         0056f940 f   libSDLx:mplayer.obj
 0002:000667d0       _Player_Init               00570090 f   libSDLx:mplayer.obj
 0002:00066b50       _Player_Exit_internal      00570410 f   libSDLx:mplayer.obj
 0002:00066c30       _Player_Exit               005704f0 f   libSDLx:mplayer.obj
 0002:00066cc0       _Player_SetVolume          00570580 f   libSDLx:mplayer.obj
 0002:00066dc0       _Player_GetModule          00570680 f   libSDLx:mplayer.obj
 0002:00066e40       _Player_Start              00570700 f   libSDLx:mplayer.obj
 0002:00066f50       _Player_Stop_internal      00570810 f   libSDLx:mplayer.obj
 0002:00066fd0       _Player_Stop               00570890 f   libSDLx:mplayer.obj
 0002:00067050       _Player_Active             00570910 f   libSDLx:mplayer.obj
 0002:00067110       _Player_NextPosition       005709d0 f   libSDLx:mplayer.obj
 0002:000672e0       _Player_PrevPosition       00570ba0 f   libSDLx:mplayer.obj
 0002:000674b0       _Player_SetPosition        00570d70 f   libSDLx:mplayer.obj
 0002:000676e0       _Player_Unmute             00570fa0 f   libSDLx:mplayer.obj
 0002:00067990       _Player_Mute               00571250 f   libSDLx:mplayer.obj
 0002:00067c40       _Player_ToggleMute         00571500 f   libSDLx:mplayer.obj
 0002:00067f60       _Player_Muted              00571820 f   libSDLx:mplayer.obj
 0002:00068050       _Player_GetChannelVoice    00571910 f   libSDLx:mplayer.obj
 0002:00068140       _Player_GetChannelPeriod   00571a00 f   libSDLx:mplayer.obj
 0002:00068230       _Player_Paused_internal    00571af0 f   libSDLx:mplayer.obj
 0002:000682a0       _Player_Paused             00571b60 f   libSDLx:mplayer.obj
 0002:00068320       _Player_TogglePause        00571be0 f   libSDLx:mplayer.obj
 0002:000683d0       _Player_SetSpeed           00571c90 f   libSDLx:mplayer.obj
 0002:000684c0       _Player_SetTempo           00571d80 f   libSDLx:mplayer.obj
 0002:00068590       _Player_SetSynchroValue    00571e50 f   libSDLx:mplayer.obj
 0002:000685d0       _Player_GetSynchroValue    00571e90 f   libSDLx:mplayer.obj
 0002:00068610       _MikMod_InfoLoader         00571ed0 f   libSDLx:mloader.obj
 0002:00068780       __mm_registerloader        00572040 f   libSDLx:mloader.obj
 0002:000687f0       __mm_unregisterloaders     005720b0 f   libSDLx:mloader.obj
 0002:00068860       _MikMod_RegisterLoader     00572120 f   libSDLx:mloader.obj
 0002:00068900       _ReadComment               005721c0 f   libSDLx:mloader.obj
 0002:00068a40       _ReadLinedComment          00572300 f   libSDLx:mloader.obj
 0002:00068d60       _AllocPositions            00572620 f   libSDLx:mloader.obj
 0002:00068df0       _AllocPatterns             005726b0 f   libSDLx:mloader.obj
 0002:00068f80       _AllocTracks               00572840 f   libSDLx:mloader.obj
 0002:00069020       _AllocInstruments          005728e0 f   libSDLx:mloader.obj
 0002:00069170       _AllocSamples              00572a30 f   libSDLx:mloader.obj
 0002:00069290       _DupStr                    00572b50 f   libSDLx:mloader.obj
 0002:00069420       _Player_Free_internal      00572ce0 f   libSDLx:mloader.obj
 0002:00069830       _Player_Free               005730f0 f   libSDLx:mloader.obj
 0002:000698c0       _Player_LoadTitle          00573180 f   libSDLx:mloader.obj
 0002:00069ad0       _Player_LoadGeneric_internal 00573390 f   libSDLx:mloader.obj
 0002:0006a100       _Player_LoadGeneric        005739c0 f   libSDLx:mloader.obj
 0002:0006a1d0       _Player_LoadFP             00573a90 f   libSDLx:mloader.obj
 0002:0006a270       _Player_Load               00573b30 f   libSDLx:mloader.obj
 0002:0006a310       _MikMod_strerror           00573bd0 f   libSDLx:mmerror.obj
 0002:0006a370       __mm_registererrorhandler  00573c30 f   libSDLx:mmerror.obj
 0002:0006a3c0       _MikMod_RegisterErrorHandler 00573c80 f   libSDLx:mmerror.obj
 0002:0006a450       _MikMod_RegisterAllLoaders_internal 00573d10 f   libSDLx:mlreg.obj
 0002:0006a4d0       _MikMod_RegisterAllLoaders 00573d90 f   libSDLx:mlreg.obj
 0002:0006a550       _MikMod_UnregisterAllLoaders 00573e10 f   libSDLx:mlreg.obj
 0002:0006a5d0       __Eff_PositionDeinit       00573e90 f   libSDLx:effect_position.obj
 0002:0006a6a0       _Mix_SetPanning            00573f60 f   libSDLx:effect_position.obj
 0002:00070260       _Mix_SetDistance           00579b20 f   libSDLx:effect_position.obj
 0002:00070470       _Mix_SetPosition           00579d30 f   libSDLx:effect_position.obj
 0002:000711a0       _s32tos8                   0057aa60 f   libSDLx:output.obj
 0002:00071250       _s32tou8                   0057ab10 f   libSDLx:output.obj
 0002:00071310       _s32tos16                  0057abd0 f   libSDLx:output.obj
 0002:000713d0       _s32tou16                  0057ac90 f   libSDLx:output.obj
 0002:00071490       _s32tos16x                 0057ad50 f   libSDLx:output.obj
 0002:00071570       _s32tou16x                 0057ae30 f   libSDLx:output.obj
 0002:00071660       _s32toulaw                 0057af20 f   libSDLx:output.obj
 0002:00071720       _recompute_envelope        0057afe0 f   libSDLx:mix.obj
 0002:00071980       _apply_envelope_to_amp     0057b240 f   libSDLx:mix.obj
 0002:00071e20       _mix_voice                 0057b6e0 f   libSDLx:mix.obj
 0002:000744e0       _convert_envelope_rate_attack 0057dda0 f   libSDLx:instrum.obj
 0002:00074570       _convert_envelope_rate     0057de30 f   libSDLx:instrum.obj
 0002:00074610       _convert_envelope_offset   0057ded0 f   libSDLx:instrum.obj
 0002:00074650       _convert_tremolo_sweep     0057df10 f   libSDLx:instrum.obj
 0002:000746b0       _convert_vibrato_sweep     0057df70 f   libSDLx:instrum.obj
 0002:00074730       _convert_tremolo_rate      0057dff0 f   libSDLx:instrum.obj
 0002:00074790       _convert_vibrato_rate      0057e050 f   libSDLx:instrum.obj
 0002:000747e0       _load_missing_instruments  0057e0a0 f   libSDLx:instrum.obj
 0002:00077730       _free_instruments          00580ff0 f   libSDLx:instrum.obj
 0002:00077940       _set_default_instrument    00581200 f   libSDLx:instrum.obj
 0002:00077a00       _init_tables               005812c0 f   libSDLx:tables.obj
 0002:00077a30       _read_midi_file            005812f0 f   libSDLx:readmidi.obj
 0002:0007b3a0       _open_file                 00584c60 f   libSDLx:common.obj
 0002:0007b750       _close_file                00585010 f   libSDLx:common.obj
 0002:0007b7c0       _skip                      00585080 f   libSDLx:common.obj
 0002:0007b8d0       _safe_malloc               00585190 f   libSDLx:common.obj
 0002:0007b9b0       _add_to_pathlist           00585270 f   libSDLx:common.obj
 0002:0007ba60       _free_pathlist             00585320 f   libSDLx:common.obj
 0002:0007bb10       _XBOX_PumpEvents           005853d0 f   libSDLx:SDL_xboxevents.obj
 0002:0007bb60       _XBOX_InitOSKeymap         00585420 f   libSDLx:SDL_xboxevents.obj
 0002:0007c330       _XBInput_GetKeyboardInput  00585bf0 f   libSDLx:SDL_xboxevents.obj
 0002:0007c8b0       _Mouse_RefreshDeviceList   00586170 f   libSDLx:SDL_xboxevents.obj
 0002:0007cac0       _SDL_CreateSemaphore       00586380 f   libSDLx:SDL_syssem.obj
 0002:0007cb90       _SDL_DestroySemaphore      00586450 f   libSDLx:SDL_syssem.obj
 0002:0007cc10       _SDL_SemWaitTimeout        005864d0 f   libSDLx:SDL_syssem.obj
 0002:0007cd10       _SDL_SemTryWait            005865d0 f   libSDLx:SDL_syssem.obj
 0002:0007cd60       _SDL_SemWait               00586620 f   libSDLx:SDL_syssem.obj
 0002:0007cdb0       _SDL_SemValue              00586670 f   libSDLx:SDL_syssem.obj
 0002:0007ce20       _SDL_SemPost               005866e0 f   libSDLx:SDL_syssem.obj
 0002:0007fd30       _SDL_CalculateBlitN        005895f0 f   libSDLx:SDL_blit_N.obj
 0002:0008c200       _SDL_CalculateBlit1        00595ac0 f   libSDLx:SDL_blit_1.obj
 0002:00090c00       _SDL_CalculateBlit0        0059a4c0 f   libSDLx:SDL_blit_0.obj
 0002:000919a0       _ogg_page_version          0059b260 f   libSDLx:framing.obj
 0002:000919e0       _ogg_page_continued        0059b2a0 f   libSDLx:framing.obj
 0002:00091a20       _ogg_page_bos              0059b2e0 f   libSDLx:framing.obj
 0002:00091a60       _ogg_page_eos              0059b320 f   libSDLx:framing.obj
 0002:00091aa0       _ogg_page_granulepos       0059b360 f   libSDLx:framing.obj
 0002:00091c70       _ogg_page_serialno         0059b530 f   libSDLx:framing.obj
 0002:00091ce0       _ogg_page_pageno           0059b5a0 f   libSDLx:framing.obj
 0002:00091d50       _ogg_page_packets          0059b610 f   libSDLx:framing.obj
 0002:00091df0       _ogg_stream_init           0059b6b0 f   libSDLx:framing.obj
 0002:00091f10       _ogg_stream_check          0059b7d0 f   libSDLx:framing.obj
 0002:00091f60       _ogg_stream_clear          0059b820 f   libSDLx:framing.obj
 0002:00092020       _ogg_stream_destroy        0059b8e0 f   libSDLx:framing.obj
 0002:00092090       _ogg_page_checksum_set     0059b950 f   libSDLx:framing.obj
 0002:00092220       _ogg_stream_iovecin        0059bae0 f   libSDLx:framing.obj
 0002:00092740       _ogg_stream_packetin       0059c000 f   libSDLx:framing.obj
 0002:00092800       _ogg_stream_flush          0059c0c0 f   libSDLx:framing.obj
 0002:00092e00       _ogg_stream_flush_fill     0059c6c0 f   libSDLx:framing.obj
 0002:00092e60       _ogg_stream_pageout        0059c720 f   libSDLx:framing.obj
 0002:00092f20       _ogg_stream_pageout_fill   0059c7e0 f   libSDLx:framing.obj
 0002:00092fe0       _ogg_stream_eos            0059c8a0 f   libSDLx:framing.obj
 0002:00093050       _ogg_sync_init             0059c910 f   libSDLx:framing.obj
 0002:000930c0       _ogg_sync_clear            0059c980 f   libSDLx:framing.obj
 0002:00093140       _ogg_sync_destroy          0059ca00 f   libSDLx:framing.obj
 0002:000931b0       _ogg_sync_check            0059ca70 f   libSDLx:framing.obj
 0002:00093200       _ogg_sync_buffer           0059cac0 f   libSDLx:framing.obj
 0002:00093370       _ogg_sync_wrote            0059cc30 f   libSDLx:framing.obj
 0002:00093400       _ogg_sync_pageseek         0059ccc0 f   libSDLx:framing.obj
 0002:00093760       _ogg_sync_pageout          0059d020 f   libSDLx:framing.obj
 0002:00093810       _ogg_stream_pagein         0059d0d0 f   libSDLx:framing.obj
 0002:00093e60       _ogg_sync_reset            0059d720 f   libSDLx:framing.obj
 0002:00093f00       _ogg_stream_reset          0059d7c0 f   libSDLx:framing.obj
 0002:00094020       _ogg_stream_reset_serialno 0059d8e0 f   libSDLx:framing.obj
 0002:000940a0       _ogg_stream_packetout      0059d960 f   libSDLx:framing.obj
 0002:00094360       _ogg_stream_packetpeek     0059dc20 f   libSDLx:framing.obj
 0002:000943d0       _ogg_packet_clear          0059dc90 f   libSDLx:framing.obj
 0002:00094440       _vorbis_comment_init       0059dd00 f   libSDLx:info.obj
 0002:000944a0       _vorbis_comment_add        0059dd60 f   libSDLx:info.obj
 0002:000945e0       _vorbis_comment_add_tag    0059dea0 f   libSDLx:info.obj
 0002:000946b0       _vorbis_comment_query      0059df70 f   libSDLx:info.obj
 0002:00094870       _vorbis_comment_query_count 0059e130 f   libSDLx:info.obj
 0002:00094970       _vorbis_comment_clear      0059e230 f   libSDLx:info.obj
 0002:00094a80       _vorbis_info_blocksize     0059e340 f   libSDLx:info.obj
 0002:00094af0       _vorbis_info_init          0059e3b0 f   libSDLx:info.obj
 0002:00094b60       _vorbis_info_clear         0059e420 f   libSDLx:info.obj
 0002:00094e80       _vorbis_synthesis_idheader 0059e740 f   libSDLx:info.obj
 0002:00095050       _vorbis_synthesis_headerin 0059e910 f   libSDLx:info.obj
 0002:00095ca0       _vorbis_commentheader_out  0059f560 f   libSDLx:info.obj
 0002:00096020       _vorbis_analysis_headerout 0059f8e0 f   libSDLx:info.obj
 0002:00096af0       _vorbis_granule_time       005a03b0 f   libSDLx:info.obj
 0002:00096bd0       _vorbis_version_string     005a0490 f   libSDLx:info.obj
 0002:00096c10       _vorbis_block_init         005a04d0 f   libSDLx:block.obj
 0002:00096d40       __vorbis_block_alloc       005a0600 f   libSDLx:block.obj
 0002:00096e60       __vorbis_block_ripcord     005a0720 f   libSDLx:block.obj
 0002:00096f70       _vorbis_block_clear        005a0830 f   libSDLx:block.obj
 0002:00097070       _vorbis_analysis_init      005a0930 f   libSDLx:block.obj
 0002:00097870       _vorbis_dsp_clear          005a1130 f   libSDLx:block.obj
 0002:00097cc0       _vorbis_analysis_buffer    005a1580 f   libSDLx:block.obj
 0002:00097e80       _vorbis_analysis_wrote     005a1740 f   libSDLx:block.obj
 0002:00098350       _vorbis_analysis_blockout  005a1c10 f   libSDLx:block.obj
 0002:00098950       _vorbis_synthesis_restart  005a2210 f   libSDLx:block.obj
 0002:00098a70       _vorbis_synthesis_init     005a2330 f   libSDLx:block.obj
 0002:00098b00       _vorbis_synthesis_blockin  005a23c0 f   libSDLx:block.obj
 0002:00099780       _vorbis_synthesis_pcmout   005a3040 f   libSDLx:block.obj
 0002:00099850       _vorbis_synthesis_read     005a3110 f   libSDLx:block.obj
 0002:000998c0       _vorbis_synthesis_lapout   005a3180 f   libSDLx:block.obj
 0002:00099cd0       _vorbis_window             005a3590 f   libSDLx:block.obj
 0002:00099d80       _vorbis_synthesis          005a3640 f   libSDLx:synthesis.obj
 0002:0009a140       _vorbis_synthesis_trackonly 005a3a00 f   libSDLx:synthesis.obj
 0002:0009a340       _vorbis_packet_blocksize   005a3c00 f   libSDLx:synthesis.obj
 0002:0009a470       _vorbis_synthesis_halfrate 005a3d30 f   libSDLx:synthesis.obj
 0002:0009a4e0       _vorbis_synthesis_halfrate_p 005a3da0 f   libSDLx:synthesis.obj
 0002:0009a530       __mm_malloc                005a3df0 f   libSDLx:mmalloc.obj
 0002:0009a5c0       __mm_calloc                005a3e80 f   libSDLx:mmalloc.obj
 0002:0009a650       _SL_Init                   005a3f10 f   libSDLx:sloader.obj
 0002:0009a700       _SL_Exit                   005a3fc0 f   libSDLx:sloader.obj
 0002:0009a7a0       _SL_Load                   005a4060 f   libSDLx:sloader.obj
 0002:0009b6c0       _SL_RegisterSample         005a4f80 f   libSDLx:sloader.obj
 0002:0009b810       _SL_LoadSamples            005a50d0 f   libSDLx:sloader.obj
 0002:0009bd00       _SL_Sample16to8            005a55c0 f   libSDLx:sloader.obj
 0002:0009bd70       _SL_Sample8to16            005a5630 f   libSDLx:sloader.obj
 0002:0009bde0       _SL_SampleSigned           005a56a0 f   libSDLx:sloader.obj
 0002:0009be50       _SL_SampleUnsigned         005a5710 f   libSDLx:sloader.obj
 0002:0009bec0       _SL_HalveSample            005a5780 f   libSDLx:sloader.obj
 0002:0009bf90       _VC1_SilenceBytes          005a5850 f   libSDLx:virtch.obj
 0002:0009c120       _VC1_WriteBytes            005a59e0 f   libSDLx:virtch.obj
 0002:0009c1c0       _VC1_Exit                  005a5a80 f   libSDLx:virtch.obj
 0002:0009c280       _VC1_VoiceGetVolume        005a5b40 f   libSDLx:virtch.obj
 0002:0009c2d0       _VC1_VoiceGetPanning       005a5b90 f   libSDLx:virtch.obj
 0002:0009c320       _VC1_VoiceSetFrequency     005a5be0 f   libSDLx:virtch.obj
 0002:0009c370       _VC1_VoiceGetFrequency     005a5c30 f   libSDLx:virtch.obj
 0002:0009c3c0       _VC1_VoicePlay             005a5c80 f   libSDLx:virtch.obj
 0002:0009c4a0       _VC1_VoiceStop             005a5d60 f   libSDLx:virtch.obj
 0002:0009c4f0       _VC1_VoiceStopped          005a5db0 f   libSDLx:virtch.obj
 0002:0009c540       _VC1_VoiceGetPosition      005a5e00 f   libSDLx:virtch.obj
 0002:0009c5b0       _VC1_VoiceSetVolume        005a5e70 f   libSDLx:virtch.obj
 0002:0009c660       _VC1_VoiceSetPanning       005a5f20 f   libSDLx:virtch.obj
 0002:0009c700       _VC1_SampleUnload          005a5fc0 f   libSDLx:virtch.obj
 0002:0009c7a0       _VC1_SampleLoad            005a6060 f   libSDLx:virtch.obj
 0002:0009ca40       _VC1_SampleSpace           005a6300 f   libSDLx:virtch.obj
 0002:0009ca80       _VC1_SampleLength          005a6340 f   libSDLx:virtch.obj
 0002:0009caf0       _VC1_VoiceRealVolume       005a63b0 f   libSDLx:virtch.obj
 0002:0009cca0       _VC1_WriteSamples          005a6560 f   libSDLx:virtch.obj
 0002:0009f780       _VC1_Init                  005a9040 f   libSDLx:virtch.obj
 0002:000a0220       _VC1_PlayStart             005a9ae0 f   libSDLx:virtch.obj
 0002:000a0700       _VC1_PlayStop              005a9fc0 f   libSDLx:virtch.obj
 0002:000a09f0       _VC1_SetNumVoices          005aa2b0 f   libSDLx:virtch.obj
 0002:000a0b10       _VC2_SilenceBytes          005aa3d0 f   libSDLx:virtch2.obj
 0002:000a0ca0       _VC2_WriteBytes            005aa560 f   libSDLx:virtch2.obj
 0002:000a0d40       _VC2_Exit                  005aa600 f   libSDLx:virtch2.obj
 0002:000a0e00       _VC2_VoiceGetVolume        005aa6c0 f   libSDLx:virtch2.obj
 0002:000a0e50       _VC2_VoiceGetPanning       005aa710 f   libSDLx:virtch2.obj
 0002:000a0ea0       _VC2_VoiceSetFrequency     005aa760 f   libSDLx:virtch2.obj
 0002:000a0ef0       _VC2_VoiceGetFrequency     005aa7b0 f   libSDLx:virtch2.obj
 0002:000a0f40       _VC2_VoicePlay             005aa800 f   libSDLx:virtch2.obj
 0002:000a1020       _VC2_VoiceStop             005aa8e0 f   libSDLx:virtch2.obj
 0002:000a1070       _VC2_VoiceStopped          005aa930 f   libSDLx:virtch2.obj
 0002:000a10c0       _VC2_VoiceGetPosition      005aa980 f   libSDLx:virtch2.obj
 0002:000a1130       _VC2_VoiceSetVolume        005aa9f0 f   libSDLx:virtch2.obj
 0002:000a11e0       _VC2_VoiceSetPanning       005aaaa0 f   libSDLx:virtch2.obj
 0002:000a1280       _VC2_SampleUnload          005aab40 f   libSDLx:virtch2.obj
 0002:000a1320       _VC2_SampleLoad            005aabe0 f   libSDLx:virtch2.obj
 0002:000a15c0       _VC2_SampleSpace           005aae80 f   libSDLx:virtch2.obj
 0002:000a1600       _VC2_SampleLength          005aaec0 f   libSDLx:virtch2.obj
 0002:000a1670       _VC2_VoiceRealVolume       005aaf30 f   libSDLx:virtch2.obj
 0002:000a1820       _VC2_WriteSamples          005ab0e0 f   libSDLx:virtch2.obj
 0002:000a3b20       _VC2_Init                  005ad3e0 f   libSDLx:virtch2.obj
 0002:000a4f30       _VC2_PlayStart             005ae7f0 f   libSDLx:virtch2.obj
 0002:000a5420       _VC2_PlayStop              005aece0 f   libSDLx:virtch2.obj
 0002:000a5710       _VC2_SetNumVoices          005aefd0 f   libSDLx:virtch2.obj
 0002:000a5850       _UniSetRow                 005af110 f   libSDLx:munitrk.obj
 0002:000a58f0       _UniGetByte                005af1b0 f   libSDLx:munitrk.obj
 0002:000a5970       _UniGetWord                005af230 f   libSDLx:munitrk.obj
 0002:000a59d0       _UniSkipOpcode             005af290 f   libSDLx:munitrk.obj
 0002:000a5a70       _UniFindRow                005af330 f   libSDLx:munitrk.obj
 0002:000a5b20       _UniReset                  005af3e0 f   libSDLx:munitrk.obj
 0002:000a5b80       _UniWriteByte              005af440 f   libSDLx:munitrk.obj
 0002:000a5cc0       _UniWriteWord              005af580 f   libSDLx:munitrk.obj
 0002:000a5d80       _UniNewline                005af640 f   libSDLx:munitrk.obj
 0002:000a5ff0       _UniDup                    005af8b0 f   libSDLx:munitrk.obj
 0002:000a60c0       _UniInit                   005af980 f   libSDLx:munitrk.obj
 0002:000a6140       _UniCleanup                005afa00 f   libSDLx:munitrk.obj
 0002:000a61b0       __mm_fopen                 005afa70 f   libSDLx:mmio.obj
 0002:000a6240       __mm_FileExists            005afb00 f   libSDLx:mmio.obj
 0002:000a62c0       __mm_iobase_setcur         005afb80 f   libSDLx:mmio.obj
 0002:000a6330       __mm_iobase_revert         005afbf0 f   libSDLx:mmio.obj
 0002:000a6370       __mm_new_file_reader       005afc30 f   libSDLx:mmio.obj
 0002:000a6610       __mm_delete_file_reader    005afed0 f   libSDLx:mmio.obj
 0002:000a6670       __mm_new_file_writer       005aff30 f   libSDLx:mmio.obj
 0002:000a68a0       __mm_delete_file_writer    005b0160 f   libSDLx:mmio.obj
 0002:000a6900       __mm_write_string          005b01c0 f   libSDLx:mmio.obj
 0002:000a6980       __mm_write_M_UWORD         005b0240 f   libSDLx:mmio.obj
 0002:000a6a10       __mm_write_I_UWORD         005b02d0 f   libSDLx:mmio.obj
 0002:000a6aa0       __mm_write_M_ULONG         005b0360 f   libSDLx:mmio.obj
 0002:000a6b20       __mm_write_I_ULONG         005b03e0 f   libSDLx:mmio.obj
 0002:000a6ba0       __mm_write_M_SWORD         005b0460 f   libSDLx:mmio.obj
 0002:000a6c00       __mm_write_I_SWORD         005b04c0 f   libSDLx:mmio.obj
 0002:000a6c60       __mm_write_M_SLONG         005b0520 f   libSDLx:mmio.obj
 0002:000a6cc0       __mm_write_I_SLONG         005b0580 f   libSDLx:mmio.obj
 0002:000a6d20       __mm_write_M_SWORDS        005b05e0 f   libSDLx:mmio.obj
 0002:000a6dd0       __mm_write_M_UWORDS        005b0690 f   libSDLx:mmio.obj
 0002:000a6e80       __mm_write_I_SWORDS        005b0740 f   libSDLx:mmio.obj
 0002:000a6f30       __mm_write_I_UWORDS        005b07f0 f   libSDLx:mmio.obj
 0002:000a6fe0       __mm_write_M_SLONGS        005b08a0 f   libSDLx:mmio.obj
 0002:000a7090       __mm_write_M_ULONGS        005b0950 f   libSDLx:mmio.obj
 0002:000a7140       __mm_write_I_SLONGS        005b0a00 f   libSDLx:mmio.obj
 0002:000a71f0       __mm_write_I_ULONGS        005b0ab0 f   libSDLx:mmio.obj
 0002:000a72a0       __mm_read_string           005b0b60 f   libSDLx:mmio.obj
 0002:000a7310       __mm_read_M_UWORD          005b0bd0 f   libSDLx:mmio.obj
 0002:000a73b0       __mm_read_I_UWORD          005b0c70 f   libSDLx:mmio.obj
 0002:000a7450       __mm_read_M_ULONG          005b0d10 f   libSDLx:mmio.obj
 0002:000a74d0       __mm_read_I_ULONG          005b0d90 f   libSDLx:mmio.obj
 0002:000a7550       __mm_read_M_SWORD          005b0e10 f   libSDLx:mmio.obj
 0002:000a75a0       __mm_read_I_SWORD          005b0e60 f   libSDLx:mmio.obj
 0002:000a75f0       __mm_read_M_SLONG          005b0eb0 f   libSDLx:mmio.obj
 0002:000a7640       __mm_read_I_SLONG          005b0f00 f   libSDLx:mmio.obj
 0002:000a7690       __mm_read_M_SWORDS         005b0f50 f   libSDLx:mmio.obj
 0002:000a7750       __mm_read_M_UWORDS         005b1010 f   libSDLx:mmio.obj
 0002:000a7810       __mm_read_I_SWORDS         005b10d0 f   libSDLx:mmio.obj
 0002:000a78d0       __mm_read_I_UWORDS         005b1190 f   libSDLx:mmio.obj
 0002:000a7990       __mm_read_M_SLONGS         005b1250 f   libSDLx:mmio.obj
 0002:000a7a50       __mm_read_M_ULONGS         005b1310 f   libSDLx:mmio.obj
 0002:000a7b10       __mm_read_I_SLONGS         005b13d0 f   libSDLx:mmio.obj
 0002:000a7bd0       __mm_read_I_ULONGS         005b1490 f   libSDLx:mmio.obj
 0002:000a7c90       _XM_Test                   005b1550 f   libSDLx:load_xm.obj
 0002:000a7d70       _XM_Init                   005b1630 f   libSDLx:load_xm.obj
 0002:000a7de0       _XM_Cleanup                005b16a0 f   libSDLx:load_xm.obj
 0002:000a7e50       _XM_Load                   005b1710 f   libSDLx:load_xm.obj
 0002:000aa7c0       _XM_LoadTitle              005b4080 f   libSDLx:load_xm.obj
 0002:000aa8a0       _S3M_Test                  005b4160 f   libSDLx:load_s3m.obj
 0002:000aa9a0       _S3M_Init                  005b4260 f   libSDLx:load_s3m.obj
 0002:000aaa70       _S3M_Cleanup               005b4330 f   libSDLx:load_s3m.obj
 0002:000aab80       _S3M_Load                  005b4440 f   libSDLx:load_s3m.obj
 0002:000ac170       _S3M_LoadTitle             005b5a30 f   libSDLx:load_s3m.obj
 0002:000ad5e0       _IT_Test                   005b6ea0 f   libSDLx:load_it.obj
 0002:000ad6b0       _IT_Init                   005b6f70 f   libSDLx:load_it.obj
 0002:000ad7c0       _IT_Cleanup                005b7080 f   libSDLx:load_it.obj
 0002:000ad930       _IT_Load                   005b71f0 f   libSDLx:load_it.obj
 0002:000b1400       _IT_LoadTitle              005bacc0 f   libSDLx:load_it.obj
 0002:000b18a0       _resample_voice            005bb160 f   libSDLx:resample.obj
 0002:000b2d50       _pre_resample              005bc610 f   libSDLx:resample.obj
 0002:000b3200       _antialiasing              005bcac0 f   libSDLx:filter.obj
 0002:000b3c50       _SDL_HasRDTSC              005bd510 f   libSDLx:SDL_cpuinfo.obj
 0002:000b4230       _SDL_HasMMX                005bdaf0 f   libSDLx:SDL_cpuinfo.obj
 0002:000b4290       _SDL_HasMMXExt             005bdb50 f   libSDLx:SDL_cpuinfo.obj
 0002:000b42f0       _SDL_Has3DNow              005bdbb0 f   libSDLx:SDL_cpuinfo.obj
 0002:000b4350       _SDL_Has3DNowExt           005bdc10 f   libSDLx:SDL_cpuinfo.obj
 0002:000b43b0       _SDL_HasSSE                005bdc70 f   libSDLx:SDL_cpuinfo.obj
 0002:000b4410       _SDL_HasSSE2               005bdcd0 f   libSDLx:SDL_cpuinfo.obj
 0002:000b4470       _SDL_HasAltiVec            005bdd30 f   libSDLx:SDL_cpuinfo.obj
 0002:000b44d0       _SDL_CalculateAlphaBlit    005bdd90 f   libSDLx:SDL_blit_A.obj
 0002:000bfd00       __vp_global_look           005c95c0 f   libSDLx:psy.obj
 0002:000bfda0       __vp_global_free           005c9660 f   libSDLx:psy.obj
 0002:000bfe10       __vi_gpsy_free             005c96d0 f   libSDLx:psy.obj
 0002:000bfe80       __vi_psy_free              005c9740 f   libSDLx:psy.obj
 0002:000bfef0       __vp_psy_init              005c97b0 f   libSDLx:psy.obj
 0002:000c1b50       __vp_psy_clear             005cb410 f   libSDLx:psy.obj
 0002:000c1d00       __vp_noisemask             005cb5c0 f   libSDLx:psy.obj
 0002:000c2de0       __vp_tonemask              005cc6a0 f   libSDLx:psy.obj
 0002:000c37d0       __vp_offset_and_mix        005cd090 f   libSDLx:psy.obj
 0002:000c39f0       __vp_ampmax_decay          005cd2b0 f   libSDLx:psy.obj
 0002:000c3ac0       __vp_couple_quantize_normalize 005cd380 f   libSDLx:psy.obj
 0002:000c5390       __ilog                     005cec50 f   libSDLx:sharedbook.obj
 0002:000c53f0       __float32_pack             005cecb0 f   libSDLx:sharedbook.obj
 0002:000c5530       __float32_unpack           005cedf0 f   libSDLx:sharedbook.obj
 0002:000c55f0       __make_words               005ceeb0 f   libSDLx:sharedbook.obj
 0002:000c5a10       __book_maptype1_quantvals  005cf2d0 f   libSDLx:sharedbook.obj
 0002:000c5b50       __book_unquantize          005cf410 f   libSDLx:sharedbook.obj
 0002:000c5f30       _vorbis_staticbook_destroy 005cf7f0 f   libSDLx:sharedbook.obj
 0002:000c5fe0       _vorbis_book_clear         005cf8a0 f   libSDLx:sharedbook.obj
 0002:000c60d0       _vorbis_book_init_encode   005cf990 f   libSDLx:sharedbook.obj
 0002:000c6210       _vorbis_book_init_decode   005cfad0 f   libSDLx:sharedbook.obj
 0002:000c6a50       _vorbis_book_codeword      005d0310 f   libSDLx:sharedbook.obj
 0002:000c6aa0       _vorbis_book_codelen       005d0360 f   libSDLx:sharedbook.obj
 0002:000c6b00       _oggpack_writeinit         005d03c0 f   libSDLx:bitwise.obj
 0002:000c6ba0       _oggpackB_writeinit        005d0460 f   libSDLx:bitwise.obj
 0002:000c6bf0       _oggpack_writecheck        005d04b0 f   libSDLx:bitwise.obj
 0002:000c6c40       _oggpackB_writecheck       005d0500 f   libSDLx:bitwise.obj
 0002:000c6c90       _oggpack_writetrunc        005d0550 f   libSDLx:bitwise.obj
 0002:000c6d30       _oggpackB_writetrunc       005d05f0 f   libSDLx:bitwise.obj
 0002:000c6dd0       _oggpack_write             005d0690 f   libSDLx:bitwise.obj
 0002:000c7030       _oggpackB_write            005d08f0 f   libSDLx:bitwise.obj
 0002:000c7290       _oggpack_writealign        005d0b50 f   libSDLx:bitwise.obj
 0002:000c7300       _oggpackB_writealign       005d0bc0 f   libSDLx:bitwise.obj
 0002:000c7370       _oggpack_writecopy         005d0c30 f   libSDLx:bitwise.obj
 0002:000c7620       _oggpackB_writecopy        005d0ee0 f   libSDLx:bitwise.obj
 0002:000c7680       _oggpack_reset             005d0f40 f   libSDLx:bitwise.obj
 0002:000c76f0       _oggpackB_reset            005d0fb0 f   libSDLx:bitwise.obj
 0002:000c7740       _oggpack_writeclear        005d1000 f   libSDLx:bitwise.obj
 0002:000c77b0       _oggpackB_writeclear       005d1070 f   libSDLx:bitwise.obj
[...]
 0007:0007f604       _XG_System_variation_type  007f4744     <common>
 0007:0007f620       _drumreverberation         007f4760     <common>
 0007:0007fe20       _voice                     007f4f60     <common>
 0007:0009c620       _drumchorusdepth           00811760     <common>
 0007:0009ce20       _channel                   00811f60     <common>
 0007:0009d3a0       _master_volume             008124e0     <common>
 0007:0009d3a8       _XG_System_reverb_type     008124e8     <common>
 0007:0009d3c0       _drumpanpot                00812500     <common>
 0007:0009dbc0       _SDL_alarm_callback        00812d00     <common>
 0007:0009dbcc       _SDL_numcds                00812d0c     <common>
 0007:0009dbe0       _SDL_KeyRepeat             00812d20     <common>
 0007:0009dc20       _SDL_ProcessEvents         00812d60     <common>
 0007:0009dc60       _OHCD_GlobalPool           00812da0     <common>
 0007:0009dcc0       _OHCD_InterruptObject      00812e00     <common>
 0007:0009dd4e       _RtlpValidateHeapTagsEnable 00812e8e     <common>
 0007:0009dd5c       _NtGlobalFlag              00812e9c     <common>
 0007:0009dd60       _RtlpHeapStopOn            00812ea0     <common>
 0007:0009dd78       _XapiProcessHeap           00812eb8     <common>
 0007:0009dd88       _XapiOriginalCodeSelectorEntry 00812ec8     <common>
 0007:0009dd9c       ___@@_PchSym_@00@UcylcUkirezgvUmglhUczkrUpDCUoryUlyqUrDIGUyzhvwooOlyq@Xapi_k32 00812edc     <common>
 0007:0009ddc0       _XapiAutoPowerDownGlobals  00812f00     <common>
 0007:0009de34       _XapiCurrentTopLevelFilter 00812f74     <common>
 0007:0009de44       _XapiTlsSize               00812f84     <common>
 0007:0009de48       _XapiMmTimerThreadState    00812f88     <common>
 0007:0009de56       _XapiMmTimerSerialNumber   00812f96     <common>
 0007:0009de58       ___@@_PchSym_@00@UcylcUkirezgvUdrmwldhUwrivxgcUwhlfmwUwhlfmwUlyqUrDIGUwhlfmwrOlyq@dsoundd 00812f98     <common>
 0007:0009de64       ___mblcid                  00812fa4     <common>
 0007:0009dee0       ___ptmbcinfo               00813020     <common>
 0007:0009dee4       ___ismbcodepage            00813024     <common>
 0007:0009df00       __mbctype                  00813040     <common>
 0007:0009e004       ___mbcodepage              00813144     <common>
 0007:0009e020       ___mbulinfo                00813160     <common>
 0007:0009e040       __mbcasemap                00813180     <common>
 0007:0009e140       ___active_heap             00813280     <common>
 0007:0009e14c       __nhandle                  0081328c     <common>
 0007:0009e1a0       ___pioinfo                 008132e0     <common>
 0007:0009e2a0       __pfnReportHook            008133e0     <common>
 0007:0009e2b0       __pReportHookList          008133f0     <common>
 0007:0009e2b4       ___ptd_glob                008133f4     <common>
 0007:0009e2c0       ___env_initialized         00813400     <common>
 0007:0009e2d0       ___onexitend               00813410     <common>
 0007:0009e2d4       ___onexitbegin             00813414     <common>
 0007:0009e2d8       ___mbctype_initialized     00813418     <common>
 0007:0009e2dc       __pfnDumpClient            0081341c     <common>
 0007:0009e2e8       ___piob                    00813428     <common>
 0007:0009e2f8       __nstream                  00813438     <common>
 0008:00000000       __IMPORT_DESCRIPTOR_xboxkrnl 00813440     xboxkrnl:xboxkrnl.exe
 0008:00000014       __NULL_IMPORT_DESCRIPTOR   00813454     xboxkrnl:xboxkrnl.exe
 0008:00000344       __imp__HalWriteSMBusValue@16 00813784     xboxkrnl:xboxkrnl.exe
 0008:00000348       __imp__NtCreateFile@36     00813788     xboxkrnl:xboxkrnl.exe
 0008:0000034c       __imp__RtlInitAnsiString@8 0081378c     xboxkrnl:xboxkrnl.exe
 0008:00000350       __imp__IoCreateSymbolicLink@8 00813790     xboxkrnl:xboxkrnl.exe
 0008:00000354       __imp__IoDeleteSymbolicLink@4 00813794     xboxkrnl:xboxkrnl.exe
 0008:00000358       __imp_@KfLowerIrql@4       00813798     xboxkrnl:xboxkrnl.exe
 0008:0000035c       __imp__KeRaiseIrqlToDpcLevel@0 0081379c     xboxkrnl:xboxkrnl.exe
 0008:00000360       __imp__ExAllocatePoolWithTag@8 008137a0     xboxkrnl:xboxkrnl.exe
 0008:00000364       __imp__MmPersistContiguousMemory@12 008137a4     xboxkrnl:xboxkrnl.exe
 0008:00000368       __imp__MmAllocateContiguousMemory@4 008137a8     xboxkrnl:xboxkrnl.exe
 0008:0000036c       __imp__LaunchDataPage      008137ac     xboxkrnl:xboxkrnl.exe
 0008:0000036c       _LaunchDataPage            008137ac     xboxkrnl:xboxkrnl.exe
 0008:00000370       __imp__MmFreeContiguousMemory@4 008137b0     xboxkrnl:xboxkrnl.exe
 0008:00000374       __imp__RtlRip@12           008137b4     xboxkrnl:xboxkrnl.exe
 0008:00000378       __imp__RtlNtStatusToDosError@4 008137b8     xboxkrnl:xboxkrnl.exe
 0008:0000037c       __imp__HalReturnToFirmware@4 008137bc     xboxkrnl:xboxkrnl.exe
 0008:00000380       __imp__IdexChannelObject   008137c0     xboxkrnl:xboxkrnl.exe
 0008:00000380       _IdexChannelObject         008137c0     xboxkrnl:xboxkrnl.exe
 0008:00000384       __imp__RtlTimeToTimeFields@8 008137c4     xboxkrnl:xboxkrnl.exe
 0008:00000388       __imp__KeQuerySystemTime@4 008137c8     xboxkrnl:xboxkrnl.exe
 0008:0000038c       _KeTickCount               008137cc     xboxkrnl:xboxkrnl.exe
 0008:0000038c       __imp__KeTickCount         008137cc     xboxkrnl:xboxkrnl.exe
 0008:00000390       __imp__RtlTimeFieldsToTime@8 008137d0     xboxkrnl:xboxkrnl.exe
 0008:00000394       __imp__NtCreateEvent@16    008137d4     xboxkrnl:xboxkrnl.exe
 0008:00000398       __imp__ObOpenObjectByName@16 008137d8     xboxkrnl:xboxkrnl.exe
 0008:0000039c       _ExEventObjectType         008137dc     xboxkrnl:xboxkrnl.exe
 0008:0000039c       __imp__ExEventObjectType   008137dc     xboxkrnl:xboxkrnl.exe
 0008:000003a0       __imp__NtSetEvent@8        008137e0     xboxkrnl:xboxkrnl.exe
 0008:000003a4       __imp__NtClearEvent@4      008137e4     xboxkrnl:xboxkrnl.exe
 0008:000003a8       __imp__NtPulseEvent@8      008137e8     xboxkrnl:xboxkrnl.exe
 0008:000003ac       __imp__NtCreateSemaphore@16 008137ec     xboxkrnl:xboxkrnl.exe
 0008:000003b0       _ExSemaphoreObjectType     008137f0     xboxkrnl:xboxkrnl.exe
 0008:000003b0       __imp__ExSemaphoreObjectType 008137f0     xboxkrnl:xboxkrnl.exe
 0008:000003b4       __imp__NtReleaseSemaphore@12 008137f4     xboxkrnl:xboxkrnl.exe
 0008:000003b8       __imp__NtCreateMutant@12   008137f8     xboxkrnl:xboxkrnl.exe
 0008:000003bc       _ExMutantObjectType        008137fc     xboxkrnl:xboxkrnl.exe
 0008:000003bc       __imp__ExMutantObjectType  008137fc     xboxkrnl:xboxkrnl.exe
 0008:000003c0       __imp__NtReleaseMutant@8   00813800     xboxkrnl:xboxkrnl.exe
 0008:000003c4       __imp__NtWaitForSingleObjectEx@16 00813804     xboxkrnl:xboxkrnl.exe
 0008:000003c8       __imp__NtSignalAndWaitForSingleObjectEx@20 00813808     xboxkrnl:xboxkrnl.exe
 0008:000003cc       __imp__NtWaitForMultipleObjectsEx@24 0081380c     xboxkrnl:xboxkrnl.exe
 0008:000003d0       __imp__KeDelayExecutionThread@12 00813810     xboxkrnl:xboxkrnl.exe
 0008:000003d4       __imp__NtCreateTimer@12    00813814     xboxkrnl:xboxkrnl.exe
 0008:000003d8       _ExTimerObjectType         00813818     xboxkrnl:xboxkrnl.exe
 0008:000003d8       __imp__ExTimerObjectType   00813818     xboxkrnl:xboxkrnl.exe
 0008:000003dc       __imp__NtSetTimerEx@32     0081381c     xboxkrnl:xboxkrnl.exe
 0008:000003e0       __imp__NtCancelTimer@8     00813820     xboxkrnl:xboxkrnl.exe
 0008:000003e4       __imp__KeSetTimerEx@20     00813824     xboxkrnl:xboxkrnl.exe
 0008:000003e8       __imp__KeQueryInterruptTime@0 00813828     xboxkrnl:xboxkrnl.exe
 0008:000003ec       __imp__RtlLeaveCriticalSection@4 0081382c     xboxkrnl:xboxkrnl.exe
 0008:000003f0       __imp__RtlEnterCriticalSection@4 00813830     xboxkrnl:xboxkrnl.exe
 0008:000003f4       __imp__KeWaitForMultipleObjects@32 00813834     xboxkrnl:xboxkrnl.exe
 0008:000003f8       __imp__KeSetEvent@12       00813838     xboxkrnl:xboxkrnl.exe
 0008:000003fc       __imp__KeInitializeTimerEx@8 0081383c     xboxkrnl:xboxkrnl.exe
 0008:00000400       __imp__RtlAssert@16        00813840     xboxkrnl:xboxkrnl.exe
 0008:00000404       __imp__KeWaitForSingleObject@20 00813844     xboxkrnl:xboxkrnl.exe
 0008:00000408       __imp__KeCancelTimer@4     00813848     xboxkrnl:xboxkrnl.exe
 0008:0000040c       __imp__NtWriteFile@32      0081384c     xboxkrnl:xboxkrnl.exe
 0008:00000410       __imp__NtReadFile@32       00813850     xboxkrnl:xboxkrnl.exe
 0008:00000414       __imp__NtSetInformationFile@20 00813854     xboxkrnl:xboxkrnl.exe
 0008:00000418       __imp__NtClose@4           00813858     xboxkrnl:xboxkrnl.exe
 0008:0000041c       __imp__NtQueryInformationFile@20 0081385c     xboxkrnl:xboxkrnl.exe
 0008:00000420       __imp__MmFreeSystemMemory@8 00813860     xboxkrnl:xboxkrnl.exe
 0008:00000424       __imp__NtOpenFile@24       00813864     xboxkrnl:xboxkrnl.exe
 0008:00000428       __imp__MmAllocateSystemMemory@8 00813868     xboxkrnl:xboxkrnl.exe
 0008:0000042c       __imp__RtlAnsiStringToUnicodeString@12 0081386c     xboxkrnl:xboxkrnl.exe
 0008:00000430       __imp__RtlUnicodeStringToAnsiString@12 00813870     xboxkrnl:xboxkrnl.exe
 0008:00000434       __imp__NtWaitForSingleObject@12 00813874     xboxkrnl:xboxkrnl.exe
 0008:00000438       __imp__NtQueryVolumeInformationFile@20 00813878     xboxkrnl:xboxkrnl.exe
 0008:0000043c       __imp__NtFlushBuffersFile@8 0081387c     xboxkrnl:xboxkrnl.exe
 0008:00000440       __imp__NtUserIoApcDispatcher@12 00813880     xboxkrnl:xboxkrnl.exe
 0008:00000444       __imp__NtFsControlFile@40  00813884     xboxkrnl:xboxkrnl.exe
 0008:00000448       __imp__NtDeviceIoControlFile@40 00813888     xboxkrnl:xboxkrnl.exe
 0008:0000044c       __imp__NtReadFileScatter@32 0081388c     xboxkrnl:xboxkrnl.exe
 0008:00000450       __imp__NtWriteFileGather@32 00813890     xboxkrnl:xboxkrnl.exe
 0008:00000454       __imp_@ObfDereferenceObject@4 00813894     xboxkrnl:xboxkrnl.exe
 0008:00000458       __imp__IoQueryVolumeInformation@20 00813898     xboxkrnl:xboxkrnl.exe
 0008:0000045c       __imp__ObReferenceObjectByHandle@12 0081389c     xboxkrnl:xboxkrnl.exe
 0008:00000460       _IoFileObjectType          008138a0     xboxkrnl:xboxkrnl.exe
 0008:00000460       __imp__IoFileObjectType    008138a0     xboxkrnl:xboxkrnl.exe
 0008:00000464       __imp__NtDuplicateObject@12 008138a4     xboxkrnl:xboxkrnl.exe
 0008:00000468       __imp_@KfRaiseIrql@4       008138a8     xboxkrnl:xboxkrnl.exe
 0008:0000046c       __imp__DbgBreakPoint@0     008138ac     xboxkrnl:xboxkrnl.exe
 0008:00000470       __imp__DbgPrint            008138b0     xboxkrnl:xboxkrnl.exe
 0008:00000474       __imp__ExQueryNonVolatileSetting@20 008138b4     xboxkrnl:xboxkrnl.exe
 0008:00000478       __imp__KeSetBasePriorityThread@8 008138b8     xboxkrnl:xboxkrnl.exe
 0008:0000047c       __imp__PsThreadObjectType  008138bc     xboxkrnl:xboxkrnl.exe
 0008:0000047c       _PsThreadObjectType        008138bc     xboxkrnl:xboxkrnl.exe
 0008:00000480       __imp__KeQueryBasePriorityThread@4 008138c0     xboxkrnl:xboxkrnl.exe
 0008:00000484       __imp__KeSetDisableBoostThread@8 008138c4     xboxkrnl:xboxkrnl.exe
 0008:00000488       __imp__NtSuspendThread@8   008138c8     xboxkrnl:xboxkrnl.exe
 0008:0000048c       __imp__NtResumeThread@8    008138cc     xboxkrnl:xboxkrnl.exe
 0008:00000490       __imp__RtlRaiseException@4 008138d0     xboxkrnl:xboxkrnl.exe
 0008:00000494       __imp__NtQueueApcThread@20 008138d4     xboxkrnl:xboxkrnl.exe
 0008:00000498       __imp__NtYieldExecution@0  008138d8     xboxkrnl:xboxkrnl.exe
 0008:0000049c       __imp__PsTerminateSystemThread@4 008138dc     xboxkrnl:xboxkrnl.exe
 0008:000004a0       _KeTimeIncrement           008138e0     xboxkrnl:xboxkrnl.exe
 0008:000004a0       __imp__KeTimeIncrement     008138e0     xboxkrnl:xboxkrnl.exe
 0008:000004a4       __imp__PsCreateSystemThreadEx@40 008138e4     xboxkrnl:xboxkrnl.exe
 0008:000004a8       __imp__KeSetTimer@16       008138e8     xboxkrnl:xboxkrnl.exe
 0008:000004ac       __imp__HalInitiateShutdown@0 008138ec     xboxkrnl:xboxkrnl.exe
 0008:000004b0       __imp__XboxHardwareInfo    008138f0     xboxkrnl:xboxkrnl.exe
 0008:000004b0       _XboxHardwareInfo          008138f0     xboxkrnl:xboxkrnl.exe
 0008:000004b4       __imp__KeInitializeDpc@12  008138f4     xboxkrnl:xboxkrnl.exe
 0008:000004b8       __imp__NtQuerySymbolicLinkObject@12 008138f8     xboxkrnl:xboxkrnl.exe
 0008:000004bc       __imp__NtOpenSymbolicLinkObject@8 008138fc     xboxkrnl:xboxkrnl.exe
 0008:000004c0       __imp__XcSHAFinal@8        00813900     xboxkrnl:xboxkrnl.exe
 0008:000004c4       __imp__XcSHAUpdate@12      00813904     xboxkrnl:xboxkrnl.exe
 0008:000004c8       __imp__XcSHAInit@4         00813908     xboxkrnl:xboxkrnl.exe
 0008:000004cc       _XeImageFileName           0081390c     xboxkrnl:xboxkrnl.exe
 0008:000004cc       __imp__XeImageFileName     0081390c     xboxkrnl:xboxkrnl.exe
 0008:000004d0       __imp__HalRegisterShutdownNotification@8 00813910     xboxkrnl:xboxkrnl.exe
 0008:000004d4       __imp__NtCreateIoCompletion@16 00813914     xboxkrnl:xboxkrnl.exe
 0008:000004d8       __imp__NtSetIoCompletion@20 00813918     xboxkrnl:xboxkrnl.exe
 0008:000004dc       __imp__NtRemoveIoCompletion@20 0081391c     xboxkrnl:xboxkrnl.exe
 0008:000004e0       __imp__MmSetAddressProtect@12 00813920     xboxkrnl:xboxkrnl.exe
 0008:000004e4       __imp__MmQueryAddressProtect@4 00813924     xboxkrnl:xboxkrnl.exe
 0008:000004e8       __imp__XboxKrnlVersion     00813928     xboxkrnl:xboxkrnl.exe
 0008:000004e8       _XboxKrnlVersion           00813928     xboxkrnl:xboxkrnl.exe
 0008:000004ec       _HalBootSMCVideoMode       0081392c     xboxkrnl:xboxkrnl.exe
 0008:000004ec       __imp__HalBootSMCVideoMode 0081392c     xboxkrnl:xboxkrnl.exe
 0008:000004f0       __imp__XcHMAC@28           00813930     xboxkrnl:xboxkrnl.exe
 0008:000004f4       __imp__XboxHDKey           00813934     xboxkrnl:xboxkrnl.exe
 0008:000004f4       _XboxHDKey                 00813934     xboxkrnl:xboxkrnl.exe
 0008:000004f8       __imp__RtlCompareString@12 00813938     xboxkrnl:xboxkrnl.exe
 0008:000004fc       __imp__RtlEqualString@12   0081393c     xboxkrnl:xboxkrnl.exe
 0008:00000500       __imp__XeLoadSection@4     00813940     xboxkrnl:xboxkrnl.exe
 0008:00000504       __imp__XeUnloadSection@4   00813944     xboxkrnl:xboxkrnl.exe
 0008:00000508       __imp__HalDiskCachePartitionCount 00813948     xboxkrnl:xboxkrnl.exe
 0008:00000508       _HalDiskCachePartitionCount 00813948     xboxkrnl:xboxkrnl.exe
 0008:0000050c       __imp__RtlFillMemoryUlong@12 0081394c     xboxkrnl:xboxkrnl.exe
 0008:00000510       __imp__NtFreeVirtualMemory@12 00813950     xboxkrnl:xboxkrnl.exe
 0008:00000514       __imp__NtAllocateVirtualMemory@20 00813954     xboxkrnl:xboxkrnl.exe
 0008:00000518       __imp__KdDebuggerEnabled   00813958     xboxkrnl:xboxkrnl.exe
 0008:00000518       _KdDebuggerEnabled         00813958     xboxkrnl:xboxkrnl.exe
 0008:0000051c       __imp__RtlCompareMemoryUlong@12 0081395c     xboxkrnl:xboxkrnl.exe
 0008:00000520       __imp__RtlCompareMemory@12 00813960     xboxkrnl:xboxkrnl.exe
 0008:00000524       __imp__RtlInitializeCriticalSection@4 00813964     xboxkrnl:xboxkrnl.exe
 0008:00000528       __imp__NtQueryVirtualMemory@8 00813968     xboxkrnl:xboxkrnl.exe
 0008:0000052c       __imp__ExFreePool@4        0081396c     xboxkrnl:xboxkrnl.exe
 0008:00000530       __imp__HalGetInterruptVector@8 00813970     xboxkrnl:xboxkrnl.exe
 0008:00000534       __imp__KeConnectInterrupt@4 00813974     xboxkrnl:xboxkrnl.exe
 0008:00000538       __imp__KeInitializeInterrupt@28 00813978     xboxkrnl:xboxkrnl.exe
 0008:0000053c       __imp__KeStallExecutionProcessor@4 0081397c     xboxkrnl:xboxkrnl.exe
 0008:00000540       _XboxSignatureKey          00813980     xboxkrnl:xboxkrnl.exe
 0008:00000540       __imp__XboxSignatureKey    00813980     xboxkrnl:xboxkrnl.exe
 0008:00000544       _XboxAlternateSignatureKeys 00813984     xboxkrnl:xboxkrnl.exe
 0008:00000544       __imp__XboxAlternateSignatureKeys 00813984     xboxkrnl:xboxkrnl.exe
 0008:00000548       __imp__NtQueryDirectoryFile@40 00813988     xboxkrnl:xboxkrnl.exe
 0008:0000054c       __imp__NtQueryFullAttributesFile@8 0081398c     xboxkrnl:xboxkrnl.exe
 0008:00000550       __imp__FscSetCacheSize@4   00813990     xboxkrnl:xboxkrnl.exe
 0008:00000554       __imp__FscGetCacheSize@0   00813994     xboxkrnl:xboxkrnl.exe
 0008:00000558       __imp__MmGetPhysicalAddress@4 00813998     xboxkrnl:xboxkrnl.exe
 0008:0000055c       __imp__MmLockUnlockBufferPages@12 0081399c     xboxkrnl:xboxkrnl.exe
 0008:00000560       __imp__KeInsertQueueDpc@12 008139a0     xboxkrnl:xboxkrnl.exe
 0008:00000564       __imp__MmLockUnlockPhysicalPage@8 008139a4     xboxkrnl:xboxkrnl.exe
 0008:00000568       __imp__MmAllocateContiguousMemoryEx@20 008139a8     xboxkrnl:xboxkrnl.exe
 0008:0000056c       __imp__MmQueryAllocationSize@4 008139ac     xboxkrnl:xboxkrnl.exe
 0008:00000570       __imp__AvGetSavedDataAddress@0 008139b0     xboxkrnl:xboxkrnl.exe
 0008:00000574       __imp__AvSendTVEncoderOption@16 008139b4     xboxkrnl:xboxkrnl.exe
 0008:00000578       __imp__AvSetDisplayMode@24 008139b8     xboxkrnl:xboxkrnl.exe
 0008:0000057c       __imp__AvSetSavedDataAddress@4 008139bc     xboxkrnl:xboxkrnl.exe
 0008:00000580       __imp__MmQueryStatistics@4 008139c0     xboxkrnl:xboxkrnl.exe
 0008:00000584       __imp__RtlWalkFrameChain@12 008139c4     xboxkrnl:xboxkrnl.exe
 0008:00000588       __imp__NtDeleteFile@4      008139c8     xboxkrnl:xboxkrnl.exe
 0008:0000058c       __imp__HalReadWritePCISpace@24 008139cc     xboxkrnl:xboxkrnl.exe
 0008:00000590       __imp__KeDisconnectInterrupt@4 008139d0     xboxkrnl:xboxkrnl.exe
 0008:00000594       __imp__MmClaimGpuInstanceMemory@8 008139d4     xboxkrnl:xboxkrnl.exe
 0008:00000598       __imp__KeSaveFloatingPointState@4 008139d8     xboxkrnl:xboxkrnl.exe
 0008:0000059c       __imp__KeRestoreFloatingPointState@4 008139dc     xboxkrnl:xboxkrnl.exe
 0008:000005a0       __imp__ExQueryPoolBlockSize@4 008139e0     xboxkrnl:xboxkrnl.exe
 0008:000005a4       __imp__KeRemoveQueueDpc@4  008139e4     xboxkrnl:xboxkrnl.exe
 0008:000005a8       __imp__KeSynchronizeExecution@12 008139e8     xboxkrnl:xboxkrnl.exe
 0008:000005ac       __imp__KeBugCheck@4        008139ec     xboxkrnl:xboxkrnl.exe
 0008:000005b0       __imp__RtlUnwind@16        008139f0     xboxkrnl:xboxkrnl.exe
 0008:000005b4       __imp_@IofCompleteRequest@8 008139f4     xboxkrnl:xboxkrnl.exe
 0008:000005b8       \177xboxkrnl_NULL_THUNK_DATA 008139f8     xboxkrnl:xboxkrnl.exe
 000a:00000000       _XapiBuildNumberD          0081c500     xapilibd:xapi0.obj
 000a:00000114       ?XKbdBuildNumber@@3PAGA    0081c614     libSDLx:queue.obj
 000a:00000128       ?XMouseBuildNumber@@3PAGA  0081c628     xapilibd:mouse.obj
 000a:0000013c       _D3D8BuildNumberD          0081c63c     d3d8d:precomp.obj
 000a:00000150       _DSoundBuildNumberD        0081c650     dsoundd:dsapi.obj
 000a:00000164       _DMusicBuildNumberD        0081c664     dmusicd:xguids.obj
 000a:00000178       _XboxKrnlBuildNumber       0081c678     xboxkrnl:bldnum.obj
 000a:0000018c       ___DebugCrtBuildNumberMT   0081c68c     LIBCMTD:rand.obj
 000b:00000000       __tls_start                0081c7c0     xapilibd:xapitls.obj
 000b:00000108       _XapiLastErrorCode         0081c8c8     xapilibd:error.obj
 000b:0000010c       ___ptd_cur                 0081c8cc     LIBCMTD:tidtable.obj
 000b:00000110       _XapiTlsSlots              0081c8d0     xapilibd:tls.obj
 000b:000002ab       __tls_end                  0081ca6b     xapilibd:xapitls.obj

 entry point at        0002:00004605

