 ARKANOTRON

 Timestamp is 5f25ef3b (Sun Aug 02 00:39:55 2020)

 Preferred load address is 00400000

 Start         Length     Name                   Class
 0001:00000000 000b4d54H .textbss                DATA
 0002:00000000 000ae716H .text                   CODE
 0003:00000000 0003d510H D3D                     CODE
 0003:0003d510 0001f0beH D3D_RD                  CODE
 0003:0005c5d0 000098e8H D3D_URW                 CODE
 0004:00000000 00008e0bH D3DX                    CODE
 0004:00008e10 000026f9H D3DX_RD                 CODE
 0005:00000000 000288bdH DSOUND                  CODE
 0005:000288c0 000270edH DSOUND_RD               CODE
 0005:0004f9b0 00001c79H DSOUND_RW               CODE
 0005:00051630 00001294H DSOUND_URW              CODE
 0006:00000000 00001005H .XID$A                  CODE
 0006:00001008 00001005H .XID$Gamepad            CODE
 0006:00002010 00001005H .XID$IrRemote           CODE
 0006:00003018 00001005H .XID$Keyboard           CODE
 0006:00004020 00001005H .XID$Mouse              CODE
 0006:00005028 00001005H .XID$ZZZ                CODE
 0006:00006030 00001005H .XPP$ClassA             CODE
 0006:00007038 0000100aH .XPP$ClassXID           CODE
 0006:00008044 00001005H .XPP$ClassZZHub         CODE
 0006:0000904c 00001005H .XPP$ClassZZZ           CODE
 0006:0000a051 00001001H .XPP$DATA               CODE
 0006:0000b058 0000136cH .XPP$Data               CODE
 0006:0000c3c4 00002280H .XPPCINIT               CODE
 0006:0000e644 0000aba3H .XPPCODE                CODE
 0006:000191e8 0000381aH .XPPRDATA               CODE
 0006:0001ca08 00001159H .XPPRINIT               CODE
 0007:00000000 0000f8f6H .rdata                  DATA
 0007:0000f8f8 00000196H .rdata$debug            DATA
 0007:0000fa90 00000104H .rtc$IAA                DATA
 0007:0000fb94 00000284H .rtc$IMZ                DATA
 0007:0000fe18 00000104H .rtc$IZZ                DATA
 0007:0000ff1c 00000104H .rtc$TAA                DATA
 0007:00010020 00000284H .rtc$TMZ                DATA
 0007:000102a4 00000104H .rtc$TZZ                DATA
 0007:000103a8 00000000H .edata                  DATA
 0008:00000000 00000104H .CRT$RIA                DATA
 0008:00000104 00000104H .CRT$RII10              DATA
 0008:00000208 00000104H .CRT$RII15              DATA
 0008:0000030c 00000104H .CRT$RII20              DATA
 0008:00000410 00000104H .CRT$RIZ                DATA
 0008:00000514 00000104H .CRT$XCA                DATA
 0008:00000618 00000126H .CRT$XCU                DATA
 0008:00000740 00000104H .CRT$XCZ                DATA
 0008:00000844 00000104H .CRT$XIA                DATA
 0008:00000948 00000109H .CRT$XIC                DATA
 0008:00000a54 00000104H .CRT$XIZ                DATA
 0008:00000b58 00000104H .CRT$XPA                DATA
 0008:00000c5c 00000109H .CRT$XPX                DATA
 0008:00000d68 00000104H .CRT$XPZ                DATA
 0008:00000e6c 00000104H .CRT$XTA                DATA
 0008:00000f70 00000104H .CRT$XTZ                DATA
 0008:00001074 00000104H .XAPI$LNA               DATA
 0008:00001178 00000104H .XAPI$LNZ               DATA
 0008:00001280 00042402H .data                   DATA
 0008:000436a0 00018228H .bss                    DATA
 0009:00000000 00000014H .idata$2                DATA
 0009:00000014 00000014H .idata$3                DATA
 0009:00000028 0000031cH .idata$4                DATA
 0009:00000344 0000031cH .idata$5                DATA
 0009:00000660 0000010fH .idata$6                DATA
 000a:00000000 00008933H DOLBY                   DATA
 000b:00000000 00000113H .XBLD$A                 DATA
 000b:00000114 000001a2H .XBLD$V                 DATA
 000c:00000000 00000101H .tls                    DATA
 000c:00000108 000001a3H .tls$                   DATA
 000c:000002ab 00000101H .tls$ZZZ                DATA

  Address         Publics by Value              Rva+Base     Lib:Object

 0000:00000000       __except_list              00000000     <absolute>
 0000:00000000       ___safe_se_handler_count   00000000     <absolute>
 0000:00000000       ___safe_se_handler_table   00000000     <absolute>
 0000:00000004       __tls_array                00000004     <absolute>
 0001:00000000       __enc$textbss$begin        004003e0     <linker-defined>
 0001:000b4d54       __enc$textbss$end          004b5134     <linker-defined>
 0002:00008540       _main                      004bd680 f   ARKANOTRON.obj
 0002:00009680       _BallRespown               004be7c0 f   GAME_Functions.obj
 0002:00009820       _ScaleLine                 004be960 f   GUI_Functions.obj
 0002:00009870       _Scale                     004be9b0 f   GUI_Functions.obj
 0002:00009930       _IsRectColliding           004bea70 f   GUI_Functions.obj
 0002:00009ad0       _Bounce                    004bec10 f   GUI_Functions.obj
 0002:00009db0       _SDL_InitSubSystem         004beef0 f   libSDLx:SDL.obj
 0002:00009f80       _SDL_Init                  004bf0c0 f   libSDLx:SDL.obj
 0002:0000a000       _SDL_QuitSubSystem         004bf140 f   libSDLx:SDL.obj
 0002:0000a110       _SDL_WasInit               004bf250 f   libSDLx:SDL.obj
 0002:0000a160       _SDL_Quit                  004bf2a0 f   libSDLx:SDL.obj
 0002:0000a1c0       _SDL_Linked_Version        004bf300 f   libSDLx:SDL.obj
 0002:0000a200       _SDL_JoystickInit          004bf340 f   libSDLx:SDL_joystick.obj
 0002:0000a2e0       _SDL_NumJoysticks          004bf420 f   libSDLx:SDL_joystick.obj
 0002:0000a320       _SDL_JoystickName          004bf460 f   libSDLx:SDL_joystick.obj
 0002:0000a3b0       _SDL_JoystickOpen          004bf4f0 f   libSDLx:SDL_joystick.obj
 0002:0000a740       _SDL_JoystickOpened        004bf880 f   libSDLx:SDL_joystick.obj
 0002:0000a7d0       _SDL_JoystickIndex         004bf910 f   libSDLx:SDL_joystick.obj
 0002:0000a8a0       _SDL_JoystickNumAxes       004bf9e0 f   libSDLx:SDL_joystick.obj
 0002:0000a900       _SDL_JoystickNumHats       004bfa40 f   libSDLx:SDL_joystick.obj
 0002:0000a960       _SDL_JoystickNumBalls      004bfaa0 f   libSDLx:SDL_joystick.obj
 0002:0000a9c0       _SDL_JoystickNumButtons    004bfb00 f   libSDLx:SDL_joystick.obj
 0002:0000aa20       _SDL_JoystickGetAxis       004bfb60 f   libSDLx:SDL_joystick.obj
 0002:0000aad0       _SDL_JoystickGetHat        004bfc10 f   libSDLx:SDL_joystick.obj
 0002:0000ab70       _SDL_JoystickGetBall       004bfcb0 f   libSDLx:SDL_joystick.obj
 0002:0000ac70       _SDL_JoystickGetButton     004bfdb0 f   libSDLx:SDL_joystick.obj
 0002:0000ad10       _SDL_JoystickClose         004bfe50 f   libSDLx:SDL_joystick.obj
 0002:0000aeb0       _SDL_JoystickQuit          004bfff0 f   libSDLx:SDL_joystick.obj
 0002:0000afc0       _SDL_PrivateJoystickAxis   004c0100 f   libSDLx:SDL_joystick.obj
 0002:0000b0e0       _SDL_PrivateJoystickHat    004c0220 f   libSDLx:SDL_joystick.obj
 0002:0000b200       _SDL_PrivateJoystickBall   004c0340 f   libSDLx:SDL_joystick.obj
 0002:0000b370       _SDL_PrivateJoystickButton 004c04b0 f   libSDLx:SDL_joystick.obj
 0002:0000b4d0       _SDL_JoystickUpdate        004c0610 f   libSDLx:SDL_joystick.obj
 0002:0000b560       _SDL_JoystickEventState    004c06a0 f   libSDLx:SDL_joystick.obj
 0002:0000b6a0       _SDL_VideoInit             004c07e0 f   libSDLx:SDL_video.obj
 0002:0000bbd0       _SDL_VideoDriverName       004c0d10 f   libSDLx:SDL_video.obj
 0002:0000bc50       _SDL_GetVideoSurface       004c0d90 f   libSDLx:SDL_video.obj
 0002:0000bcb0       _SDL_GetVideoInfo          004c0df0 f   libSDLx:SDL_video.obj
 0002:0000bd10       _SDL_ListModes             004c0e50 f   libSDLx:SDL_video.obj
 0002:0000bdd0       _SDL_VideoModeOK           004c0f10 f   libSDLx:SDL_video.obj
 0002:0000c060       _SDL_SetVideoMode          004c11a0 f   libSDLx:SDL_video.obj
 0002:0000d070       _SDL_DisplayFormat         004c21b0 f   libSDLx:SDL_video.obj
 0002:0000d160       _SDL_DisplayFormatAlpha    004c22a0 f   libSDLx:SDL_video.obj
 0002:0000d370       _SDL_UpdateRect            004c24b0 f   libSDLx:SDL_video.obj
 0002:0000d480       _SDL_UpdateRects           004c25c0 f   libSDLx:SDL_video.obj
 0002:0000d870       _SDL_Flip                  004c29b0 f   libSDLx:SDL_video.obj
 0002:0000db40       _SDL_SetPalette            004c2c80 f   libSDLx:SDL_video.obj
 0002:0000e120       _SDL_SetColors             004c3260 f   libSDLx:SDL_video.obj
 0002:0000e180       _SDL_VideoQuit             004c32c0 f   libSDLx:SDL_video.obj
 0002:0000e410       _SDL_GL_LoadLibrary        004c3550 f   libSDLx:SDL_video.obj
 0002:0000e4d0       _SDL_GL_GetProcAddress     004c3610 f   libSDLx:SDL_video.obj
 0002:0000e5a0       _SDL_GL_SetAttribute       004c36e0 f   libSDLx:SDL_video.obj
 0002:0000e7e0       _SDL_GL_GetAttribute       004c3920 f   libSDLx:SDL_video.obj
 0002:0000e8a0       _SDL_GL_SwapBuffers        004c39e0 f   libSDLx:SDL_video.obj
 0002:0000e940       _SDL_GL_UpdateRectsLock    004c3a80 f   libSDLx:SDL_video.obj
 0002:0000e9a0       _SDL_GL_UpdateRects        004c3ae0 f   libSDLx:SDL_video.obj
 0002:0000e9d0       _SDL_GL_Lock               004c3b10 f   libSDLx:SDL_video.obj
 0002:0000ea00       _SDL_GL_Unlock             004c3b40 f   libSDLx:SDL_video.obj
 0002:0000ea30       _SDL_WM_SetCaption         004c3b70 f   libSDLx:SDL_video.obj
 0002:0000eb90       _SDL_WM_GetCaption         004c3cd0 f   libSDLx:SDL_video.obj
 0002:0000ec10       _SDL_WM_SetIcon            004c3d50 f   libSDLx:SDL_video.obj
 0002:0000f3c0       _SDL_WM_GrabInput          004c4500 f   libSDLx:SDL_video.obj
 0002:0000f650       _SDL_WM_IconifyWindow      004c4790 f   libSDLx:SDL_video.obj
 0002:0000f6f0       _SDL_WM_ToggleFullScreen   004c4830 f   libSDLx:SDL_video.obj
 0002:0000f8c0       _SDL_GetWMInfo             004c4a00 f   libSDLx:SDL_video.obj
 0002:0000f960       _SDL_CreateRGBSurface      004c4aa0 f   libSDLx:SDL_surface.obj
 0002:0000fd90       _SDL_CreateRGBSurfaceFrom  004c4ed0 f   libSDLx:SDL_surface.obj
 0002:0000fe60       _SDL_SetColorKey           004c4fa0 f   libSDLx:SDL_surface.obj
 0002:00010040       _SDL_SetAlpha              004c5180 f   libSDLx:SDL_surface.obj
 0002:00010280       _SDL_SetAlphaChannel       004c53c0 f   libSDLx:SDL_surface.obj
 0002:00010420       _SDL_SetClipRect           004c5560 f   libSDLx:SDL_surface.obj
 0002:000106d0       _SDL_GetClipRect           004c5810 f   libSDLx:SDL_surface.obj
 0002:00010730       _SDL_LowerBlit             004c5870 f   libSDLx:SDL_surface.obj
 0002:00010930       _SDL_UpperBlit             004c5a70 f   libSDLx:SDL_surface.obj
 0002:00010cf0       _SDL_FillRect              004c5e30 f   libSDLx:SDL_surface.obj
 0002:00011720       _SDL_LockSurface           004c6860 f   libSDLx:SDL_surface.obj
 0002:00011820       _SDL_UnlockSurface         004c6960 f   libSDLx:SDL_surface.obj
 0002:00011920       _SDL_ConvertSurface        004c6a60 f   libSDLx:SDL_surface.obj
 0002:00011df0       _SDL_FreeSurface           004c6f30 f   libSDLx:SDL_surface.obj
 0002:00011fb0       _SDL_Lock_EventThread      004c70f0 f   libSDLx:SDL_events.obj
 0002:00012040       _SDL_Unlock_EventThread    004c7180 f   libSDLx:SDL_events.obj
 0002:000120b0       _SDL_EventThreadID         004c71f0 f   libSDLx:SDL_events.obj
 0002:000120f0       _SDL_StopEventLoop         004c7230 f   libSDLx:SDL_events.obj
 0002:00012240       _SDL_StartEventLoop        004c7380 f   libSDLx:SDL_events.obj
 0002:000125b0       _SDL_PeepEvents            004c76f0 f   libSDLx:SDL_events.obj
 0002:00012a60       _SDL_PumpEvents            004c7ba0 f   libSDLx:SDL_events.obj
 0002:00012b10       _SDL_PollEvent             004c7c50 f   libSDLx:SDL_events.obj
 0002:00012b80       _SDL_WaitEvent             004c7cc0 f   libSDLx:SDL_events.obj
 0002:00012c30       _SDL_PushEvent             004c7d70 f   libSDLx:SDL_events.obj
 0002:00012ca0       _SDL_SetEventFilter        004c7de0 f   libSDLx:SDL_events.obj
 0002:00012d40       _SDL_GetEventFilter        004c7e80 f   libSDLx:SDL_events.obj
 0002:00012d80       _SDL_EventState            004c7ec0 f   libSDLx:SDL_events.obj
 0002:00012f60       _SDL_PrivateSysWMEvent     004c80a0 f   libSDLx:SDL_events.obj
 0002:00013060       _SDL_AllocFormat           004c81a0 f   libSDLx:SDL_pixels.obj
 0002:00013900       _SDL_ReallocFormat         004c8a40 f   libSDLx:SDL_pixels.obj
 0002:000139a0       _SDL_FormatChanged         004c8ae0 f   libSDLx:SDL_pixels.obj
 0002:00013a20       _SDL_FreeFormat            004c8b60 f   libSDLx:SDL_pixels.obj
 0002:00013ac0       _SDL_DitherColors          004c8c00 f   libSDLx:SDL_pixels.obj
 0002:00013be0       _SDL_CalculatePitch        004c8d20 f   libSDLx:SDL_pixels.obj
 0002:00013ca0       _SDL_FindColor             004c8de0 f   libSDLx:SDL_pixels.obj
 0002:00013db0       _SDL_MapRGB                004c8ef0 f   libSDLx:SDL_pixels.obj
 0002:00013e80       _SDL_MapRGBA               004c8fc0 f   libSDLx:SDL_pixels.obj
 0002:00013f70       _SDL_GetRGBA               004c90b0 f   libSDLx:SDL_pixels.obj
 0002:00014160       _SDL_GetRGB                004c92a0 f   libSDLx:SDL_pixels.obj
 0002:000142e0       _SDL_ApplyGamma            004c9420 f   libSDLx:SDL_pixels.obj
 0002:000143b0       _SDL_AllocBlitMap          004c94f0 f   libSDLx:SDL_pixels.obj
 0002:00014490       _SDL_InvalidateMap         004c95d0 f   libSDLx:SDL_pixels.obj
 0002:00014520       _SDL_MapSurface            004c9660 f   libSDLx:SDL_pixels.obj
 0002:00014e40       _SDL_FreeBlitMap           004c9f80 f   libSDLx:SDL_pixels.obj
 0002:00014ed0       _SDL_KeyboardInit          004ca010 f   libSDLx:SDL_keyboard.obj
 0002:00015b70       _SDL_KeyboardQuit          004cacb0 f   libSDLx:SDL_keyboard.obj
 0002:00015ba0       _SDL_ResetKeyboard         004cace0 f   libSDLx:SDL_keyboard.obj
 0002:00015c90       _SDL_EnableUNICODE         004cadd0 f   libSDLx:SDL_keyboard.obj
 0002:00015ce0       _SDL_GetKeyState           004cae20 f   libSDLx:SDL_keyboard.obj
 0002:00015d30       _SDL_GetModState           004cae70 f   libSDLx:SDL_keyboard.obj
 0002:00015d70       _SDL_SetModState           004caeb0 f   libSDLx:SDL_keyboard.obj
 0002:00015db0       _SDL_GetKeyName            004caef0 f   libSDLx:SDL_keyboard.obj
 0002:00015e20       _SDL_PrivateKeyboard       004caf60 f   libSDLx:SDL_keyboard.obj
 0002:00016450       _SDL_CheckKeyRepeat        004cb590 f   libSDLx:SDL_keyboard.obj
 0002:00016540       _SDL_EnableKeyRepeat       004cb680 f   libSDLx:SDL_keyboard.obj
 0002:000165e0       _SDL_GetKeyRepeat          004cb720 f   libSDLx:SDL_keyboard.obj
 0002:00016630       _SDL_SetError              004cb770 f   libSDLx:SDL_error.obj
 0002:000169f0       _SDL_GetErrorMsg           004cbb30 f   libSDLx:SDL_error.obj
 0002:00016ed0       _SDL_GetError              004cc010 f   libSDLx:SDL_error.obj
 0002:00016f30       _SDL_ClearError            004cc070 f   libSDLx:SDL_error.obj
 0002:00016f90       _SDL_Error                 004cc0d0 f   libSDLx:SDL_error.obj
 0002:00017070       _SDL_CDROMInit             004cc1b0 f   libSDLx:SDL_cdrom.obj
 0002:000170f0       _SDL_CDNumDrives           004cc230 f   libSDLx:SDL_cdrom.obj
 0002:00017200       _SDL_CDName                004cc340 f   libSDLx:SDL_cdrom.obj
 0002:000172b0       _SDL_CDOpen                004cc3f0 f   libSDLx:SDL_cdrom.obj
 0002:000173c0       _SDL_CDStatus              004cc500 f   libSDLx:SDL_cdrom.obj
 0002:00017560       _SDL_CDPlayTracks          004cc6a0 f   libSDLx:SDL_cdrom.obj
 0002:000177a0       _SDL_CDPlay                004cc8e0 f   libSDLx:SDL_cdrom.obj
 0002:00017820       _SDL_CDPause               004cc960 f   libSDLx:SDL_cdrom.obj
 0002:000178f0       _SDL_CDResume              004cca30 f   libSDLx:SDL_cdrom.obj
 0002:000179c0       _SDL_CDStop                004ccb00 f   libSDLx:SDL_cdrom.obj
 0002:00017a90       _SDL_CDEject               004ccbd0 f   libSDLx:SDL_cdrom.obj
 0002:00017b10       _SDL_CDClose               004ccc50 f   libSDLx:SDL_cdrom.obj
 0002:00017ba0       _SDL_CDROMQuit             004ccce0 f   libSDLx:SDL_cdrom.obj
 0002:00017c00       _SDL_RunAudio              004ccd40 f   libSDLx:SDL_audio.obj
 0002:00017f00       _SDL_AudioInit             004cd040 f   libSDLx:SDL_audio.obj
 0002:00018220       _SDL_AudioDriverName       004cd360 f   libSDLx:SDL_audio.obj
 0002:000182a0       _SDL_OpenAudio             004cd3e0 f   libSDLx:SDL_audio.obj
 0002:00018a30       _SDL_GetAudioStatus        004cdb70 f   libSDLx:SDL_audio.obj
 0002:00018ab0       _SDL_PauseAudio            004cdbf0 f   libSDLx:SDL_audio.obj
 0002:00018b00       _SDL_LockAudio             004cdc40 f   libSDLx:SDL_audio.obj
 0002:00018b80       _SDL_UnlockAudio           004cdcc0 f   libSDLx:SDL_audio.obj
 0002:00018c00       _SDL_CloseAudio            004cdd40 f   libSDLx:SDL_audio.obj
 0002:00018c50       _SDL_AudioQuit             004cdd90 f   libSDLx:SDL_audio.obj
 0002:00018db0       _SDL_FirstAudioFormat      004cdef0 f   libSDLx:SDL_audio.obj
 0002:00018e50       _SDL_NextAudioFormat       004cdf90 f   libSDLx:SDL_audio.obj
 0002:00018ee0       _SDL_CalculateAudioSpec    004ce020 f   libSDLx:SDL_audio.obj
 0002:00018fa0       _SDL_Audio_SetCaption      004ce0e0 f   libSDLx:SDL_audio.obj
 0002:00019020       _SDL_putenv                004ce160 f   libSDLx:SDL_getenv.obj
 0002:00019260       _SDL_getenv                004ce3a0 f   libSDLx:SDL_getenv.obj
 0002:00019370       _SDL_SetTimerThreaded      004ce4b0 f   libSDLx:SDL_timer.obj
 0002:000193f0       _SDL_TimerInit             004ce530 f   libSDLx:SDL_timer.obj
 0002:00019490       _SDL_TimerQuit             004ce5d0 f   libSDLx:SDL_timer.obj
 0002:00019540       _SDL_ThreadedTimerCheck    004ce680 f   libSDLx:SDL_timer.obj
 0002:00019790       _SDL_AddTimer              004ce8d0 f   libSDLx:SDL_timer.obj
 0002:00019950       _SDL_RemoveTimer           004cea90 f   libSDLx:SDL_timer.obj
 0002:00019a60       _SDL_SetTimer              004ceba0 f   libSDLx:SDL_timer.obj
 0002:00019c30       _SDL_StartTicks            004ced70 f   libSDLx:SDL_systimer.obj
 0002:00019c90       _SDL_GetTicks              004cedd0 f   libSDLx:SDL_systimer.obj
 0002:00019dd0       _SDL_Delay                 004cef10 f   libSDLx:SDL_systimer.obj
 0002:00019e20       _SDL_SYS_TimerInit         004cef60 f   libSDLx:SDL_systimer.obj
 0002:00019f00       _SDL_SYS_TimerQuit         004cf040 f   libSDLx:SDL_systimer.obj
 0002:00019f60       _SDL_SYS_StartTimer        004cf0a0 f   libSDLx:SDL_systimer.obj
 0002:00019fc0       _SDL_SYS_StopTimer         004cf100 f   libSDLx:SDL_systimer.obj
 0002:00019ff0       _SDL_InstallParachute      004cf130 f   libSDLx:SDL_fatal.obj
 0002:0001a020       _SDL_UninstallParachute    004cf160 f   libSDLx:SDL_fatal.obj
 0002:0001a050       _xfabsf                    004cf190 f   libSDLx:SDL_sysjoystick.obj
 0002:0001a0f0       _SDL_SYS_JoystickInit      004cf230 f   libSDLx:SDL_sysjoystick.obj
 0002:0001a130       _SDL_SYS_JoystickName      004cf270 f   libSDLx:SDL_sysjoystick.obj
 0002:0001a170       _SDL_SYS_JoystickOpen      004cf2b0 f   libSDLx:SDL_sysjoystick.obj
 0002:0001a390       _SDL_SYS_JoystickUpdate    004cf4d0 f   libSDLx:SDL_sysjoystick.obj
 0002:0001aee0       _SDL_SYS_JoystickClose     004d0020 f   libSDLx:SDL_sysjoystick.obj
 0002:0001af40       _SDL_SYS_JoystickQuit      004d0080 f   libSDLx:SDL_sysjoystick.obj
 0002:0001af70       _XBInput_RefreshDeviceList 004d00b0 f   libSDLx:SDL_sysjoystick.obj
 0002:0001b1c0       _SDL_XBOX_SetScreenPosition 004d0300 f   libSDLx:SDL_xboxvideo.obj
 0002:0001b240       _SDL_XBOX_SetScreenStretch 004d0380 f   libSDLx:SDL_xboxvideo.obj
 0002:0001b2c0       _SDL_XBOX_GetScreenPosition 004d0400 f   libSDLx:SDL_xboxvideo.obj
 0002:0001b320       _SDL_XBOX_GetScreenStretch 004d0460 f   libSDLx:SDL_xboxvideo.obj
 0002:0001b380       _SDL_XBOX_SetFlickerFilter 004d04c0 f   libSDLx:SDL_xboxvideo.obj
 0002:0001b3e0       _SDL_XBOX_SetSoftDisplayFilter 004d0520 f   libSDLx:SDL_xboxvideo.obj
 0002:0001df90       _SDL_CursorQuit            004d30d0 f   libSDLx:SDL_cursor.obj
 0002:0001e080       _SDL_CursorInit            004d31c0 f   libSDLx:SDL_cursor.obj
 0002:0001e130       _SDL_CreateCursor          004d3270 f   libSDLx:SDL_cursor.obj
 0002:0001e410       _SDL_SetCursor             004d3550 f   libSDLx:SDL_cursor.obj
 0002:0001e740       _SDL_GetCursor             004d3880 f   libSDLx:SDL_cursor.obj
 0002:0001e780       _SDL_FreeCursor            004d38c0 f   libSDLx:SDL_cursor.obj
 0002:0001e8b0       _SDL_ShowCursor            004d39f0 f   libSDLx:SDL_cursor.obj
 0002:0001e9f0       _SDL_WarpMouse             004d3b30 f   libSDLx:SDL_cursor.obj
 0002:0001ebb0       _SDL_MoveCursor            004d3cf0 f   libSDLx:SDL_cursor.obj
 0002:0001ed00       _SDL_CursorPaletteChanged  004d3e40 f   libSDLx:SDL_cursor.obj
 0002:0001ed40       _SDL_MouseRect             004d3e80 f   libSDLx:SDL_cursor.obj
 0002:0001eee0       _SDL_DrawCursorNoLock      004d4020 f   libSDLx:SDL_cursor.obj
 0002:0001fd60       _SDL_DrawCursor            004d4ea0 f   libSDLx:SDL_cursor.obj
 0002:0001fed0       _SDL_EraseCursorNoLock     004d5010 f   libSDLx:SDL_cursor.obj
 0002:00020240       _SDL_EraseCursor           004d5380 f   libSDLx:SDL_cursor.obj
 0002:000203b0       _SDL_ResetCursor           004d54f0 f   libSDLx:SDL_cursor.obj
 0002:00020460       _SDL_revcpy                004d55a0 f   libSDLx:SDL_string.obj
 0002:00020510       _SDL_strlcpy               004d5650 f   libSDLx:SDL_string.obj
 0002:000205d0       _SDL_strlcat               004d5710 f   libSDLx:SDL_string.obj
 0002:00020670       _SDL_strdup                004d57b0 f   libSDLx:SDL_string.obj
 0002:00020700       _SDL_lltoa                 004d5840 f   libSDLx:SDL_string.obj
 0002:00020850       _SDL_ulltoa                004d5990 f   libSDLx:SDL_string.obj
 0002:00020940       _SDL_strtoull              004d5a80 f   libSDLx:SDL_string.obj
 0002:00020bd0       _SDL_snprintf              004d5d10 f   libSDLx:SDL_string.obj
 0002:00020c50       _SDL_vsnprintf             004d5d90 f   libSDLx:SDL_string.obj
 0002:000218a0       _SDL_MouseInit             004d69e0 f   libSDLx:SDL_mouse.obj
 0002:00021920       _SDL_MouseQuit             004d6a60 f   libSDLx:SDL_mouse.obj
 0002:00021950       _SDL_ResetMouse            004d6a90 f   libSDLx:SDL_mouse.obj
 0002:000219f0       _SDL_GetMouseState         004d6b30 f   libSDLx:SDL_mouse.obj
 0002:00021a60       _SDL_GetRelativeMouseState 004d6ba0 f   libSDLx:SDL_mouse.obj
 0002:00021ae0       _SDL_SetMouseRange         004d6c20 f   libSDLx:SDL_mouse.obj
 0002:00021b30       _SDL_PrivateMouseMotion    004d6c70 f   libSDLx:SDL_mouse.obj
 0002:00021f00       _SDL_PrivateMouseButton    004d7040 f   libSDLx:SDL_mouse.obj
 0002:000221c0       _SDL_CreateMutex           004d7300 f   libSDLx:SDL_sysmutex.obj
 0002:00022270       _SDL_DestroyMutex          004d73b0 f   libSDLx:SDL_sysmutex.obj
 0002:000222f0       _SDL_mutexP                004d7430 f   libSDLx:SDL_sysmutex.obj
 0002:00022380       _SDL_mutexV                004d74c0 f   libSDLx:SDL_sysmutex.obj
 0002:00022410       _SDL_PrivateResize         004d7550 f   libSDLx:SDL_resize.obj
 0002:000225b0       _SDL_RLEBlit               004d76f0 f   libSDLx:SDL_RLEaccel.obj
 0002:000295b0       _SDL_RLEAlphaBlit          004de6f0 f   libSDLx:SDL_RLEaccel.obj
 0002:0002b290       _SDL_RLESurface            004e03d0 f   libSDLx:SDL_RLEaccel.obj
 0002:0002cd30       _SDL_UnRLESurface          004e1e70 f   libSDLx:SDL_RLEaccel.obj
 0002:0002d6e0       _SDL_SYS_CreateThread      004e2820 f   libSDLx:SDL_systhread.obj
 0002:0002d810       _SDL_SYS_SetupThread       004e2950 f   libSDLx:SDL_systhread.obj
 0002:0002d840       _SDL_ThreadID              004e2980 f   libSDLx:SDL_systhread.obj
 0002:0002d890       _SDL_SYS_WaitThread        004e29d0 f   libSDLx:SDL_systhread.obj
 0002:0002d8f0       _SDL_SYS_KillThread        004e2a30 f   libSDLx:SDL_systhread.obj
 0002:0002d950       _SDL_QuitInit              004e2a90 f   libSDLx:SDL_quit.obj
 0002:0002d980       _SDL_QuitQuit              004e2ac0 f   libSDLx:SDL_quit.obj
 0002:0002d9b0       _SDL_PrivateQuit           004e2af0 f   libSDLx:SDL_quit.obj
 0002:0002da90       _SDL_AppActiveInit         004e2bd0 f   libSDLx:SDL_active.obj
 0002:0002dad0       _SDL_AppActiveQuit         004e2c10 f   libSDLx:SDL_active.obj
 0002:0002db00       _SDL_GetAppState           004e2c40 f   libSDLx:SDL_active.obj
 0002:0002db40       _SDL_PrivateAppActive      004e2c80 f   libSDLx:SDL_active.obj
 0002:0002dcd0       _SDL_ThreadsInit           004e2e10 f   libSDLx:SDL_thread.obj
 0002:0002dd40       _SDL_ThreadsQuit           004e2e80 f   libSDLx:SDL_thread.obj
 0002:0002ddb0       _SDL_GetErrBuf             004e2ef0 f   libSDLx:SDL_thread.obj
 0002:0002de90       _SDL_RunThread             004e2fd0 f   libSDLx:SDL_thread.obj
 0002:0002df50       _SDL_CreateThread          004e3090 f   libSDLx:SDL_thread.obj
 0002:0002e380       _SDL_WaitThread            004e34c0 f   libSDLx:SDL_thread.obj
 0002:0002e410       _SDL_GetThreadID           004e3550 f   libSDLx:SDL_thread.obj
 0002:0002e470       _SDL_KillThread            004e35b0 f   libSDLx:SDL_thread.obj
 0002:0002e4e0       _SDL_CalculateBlit         004e3620 f   libSDLx:SDL_blit.obj
 0002:0002ef40       _SDL_SYS_CDInit            004e4080 f   libSDLx:SDL_syscdrom.obj
 0002:0002f300       _SDL_SYS_CDQuit            004e4440 f   libSDLx:SDL_syscdrom.obj
 0002:0002f4e0       _Remount                   004e4620 f   libSDLx:SDL_syscdrom.obj
 0002:0002f6d0       _Mount                     004e4810 f   libSDLx:SDL_syscdrom.obj
 0002:0002f800       _Unmount                   004e4940 f   libSDLx:SDL_syscdrom.obj
 0002:0002fde0       _TocValToFrames            004e4f20 f i libSDLx:SDL_syscdrom.obj
 0002:0002fe40       _MsfToFrames               004e4f80 f i libSDLx:SDL_syscdrom.obj
 0002:0002fea0       _TocValToMsf               004e4fe0 f i libSDLx:SDL_syscdrom.obj
 0002:00030280       _cdrom_cdda_play           004e53c0 f   libSDLx:SDL_syscdrom.obj
 0002:000303c0       _cddapause                 004e5500 f   libSDLx:SDL_syscdrom.obj
 0002:000304d0       _cddaprocess               004e5610 f   libSDLx:SDL_syscdrom.obj
 0002:00030970       _ReadSectorCDDA            004e5ab0 f   libSDLx:SDL_syscdrom.obj
 0002:00030d50       _XboxDX_SoundFocus         004e5e90 f   libSDLx:SDL_xboxaudio.obj
 0002:00031c40       _SDL_ConvertMono           004e6d80 f   libSDLx:SDL_audiocvt.obj
 0002:000321c0       _SDL_ConvertStrip          004e7300 f   libSDLx:SDL_audiocvt.obj
 0002:000327d0       _SDL_ConvertStrip_2        004e7910 f   libSDLx:SDL_audiocvt.obj
 0002:00032de0       _SDL_ConvertStereo         004e7f20 f   libSDLx:SDL_audiocvt.obj
 0002:00032fa0       _SDL_ConvertSurround       004e80e0 f   libSDLx:SDL_audiocvt.obj
 0002:00033cd0       _SDL_ConvertSurround_4     004e8e10 f   libSDLx:SDL_audiocvt.obj
 0002:00034800       _SDL_Convert16LSB          004e9940 f   libSDLx:SDL_audiocvt.obj
 0002:00034930       _SDL_Convert16MSB          004e9a70 f   libSDLx:SDL_audiocvt.obj
 0002:00034a60       _SDL_Convert8              004e9ba0 f   libSDLx:SDL_audiocvt.obj
 0002:00034ba0       _SDL_ConvertSign           004e9ce0 f   libSDLx:SDL_audiocvt.obj
 0002:00034d10       _SDL_ConvertEndian         004e9e50 f   libSDLx:SDL_audiocvt.obj
 0002:00034e20       _SDL_RateMUL2              004e9f60 f   libSDLx:SDL_audiocvt.obj
 0002:00034ff0       _SDL_RateMUL2_c2           004ea130 f   libSDLx:SDL_audiocvt.obj
 0002:00035230       _SDL_RateMUL2_c4           004ea370 f   libSDLx:SDL_audiocvt.obj
 0002:00035530       _SDL_RateMUL2_c6           004ea670 f   libSDLx:SDL_audiocvt.obj
 0002:000358f0       _SDL_RateDIV2              004eaa30 f   libSDLx:SDL_audiocvt.obj
 0002:00035a90       _SDL_RateDIV2_c2           004eabd0 f   libSDLx:SDL_audiocvt.obj
 0002:00035c60       _SDL_RateDIV2_c4           004eada0 f   libSDLx:SDL_audiocvt.obj
 0002:00035e90       _SDL_RateDIV2_c6           004eafd0 f   libSDLx:SDL_audiocvt.obj
 0002:00036120       _SDL_RateSLOW              004eb260 f   libSDLx:SDL_audiocvt.obj
 0002:00036440       _SDL_ConvertAudio          004eb580 f   libSDLx:SDL_audiocvt.obj
 0002:00036500       _SDL_BuildAudioCVT         004eb640 f   libSDLx:SDL_audiocvt.obj
 0002:00036cd0       _XBOX_PumpEvents           004ebe10 f   libSDLx:SDL_xboxevents.obj
 0002:00036d20       _XBOX_InitOSKeymap         004ebe60 f   libSDLx:SDL_xboxevents.obj
 0002:000374f0       _XBInput_GetKeyboardInput  004ec630 f   libSDLx:SDL_xboxevents.obj
 0002:00037a70       _Mouse_RefreshDeviceList   004ecbb0 f   libSDLx:SDL_xboxevents.obj
 0002:00037c80       _SDL_CreateSemaphore       004ecdc0 f   libSDLx:SDL_syssem.obj
 0002:00037d50       _SDL_DestroySemaphore      004ece90 f   libSDLx:SDL_syssem.obj
 0002:00037dd0       _SDL_SemWaitTimeout        004ecf10 f   libSDLx:SDL_syssem.obj
 0002:00037ed0       _SDL_SemTryWait            004ed010 f   libSDLx:SDL_syssem.obj
 0002:00037f20       _SDL_SemWait               004ed060 f   libSDLx:SDL_syssem.obj
 0002:00037f70       _SDL_SemValue              004ed0b0 f   libSDLx:SDL_syssem.obj
 0002:00037fe0       _SDL_SemPost               004ed120 f   libSDLx:SDL_syssem.obj
 0002:0003aef0       _SDL_CalculateBlitN        004f0030 f   libSDLx:SDL_blit_N.obj
 0002:000473c0       _SDL_CalculateBlit1        004fc500 f   libSDLx:SDL_blit_1.obj
 0002:0004bdc0       _SDL_CalculateBlit0        00500f00 f   libSDLx:SDL_blit_0.obj
 0002:0004cb60       _SDL_HasRDTSC              00501ca0 f   libSDLx:SDL_cpuinfo.obj
 0002:0004d140       _SDL_HasMMX                00502280 f   libSDLx:SDL_cpuinfo.obj
 0002:0004d1a0       _SDL_HasMMXExt             005022e0 f   libSDLx:SDL_cpuinfo.obj
 0002:0004d200       _SDL_Has3DNow              00502340 f   libSDLx:SDL_cpuinfo.obj
 0002:0004d260       _SDL_Has3DNowExt           005023a0 f   libSDLx:SDL_cpuinfo.obj
 0002:0004d2c0       _SDL_HasSSE                00502400 f   libSDLx:SDL_cpuinfo.obj
 0002:0004d320       _SDL_HasSSE2               00502460 f   libSDLx:SDL_cpuinfo.obj
 0002:0004d380       _SDL_HasAltiVec            005024c0 f   libSDLx:SDL_cpuinfo.obj
 0002:0004d3e0       _SDL_CalculateAlphaBlit    00502520 f   libSDLx:SDL_blit_A.obj
 0002:00058c10       _IMG_Linked_Version        0050dd50 f   SDL_Image:IMG.obj
 0002:00058c60       _IMG_Init                  0050dda0 f   SDL_Image:IMG.obj
 0002:00058d80       _IMG_Quit                  0050dec0 f   SDL_Image:IMG.obj
 0002:00058e20       _IMG_Load                  0050df60 f   SDL_Image:IMG.obj
 0002:00058ed0       _IMG_Load_RW               0050e010 f   SDL_Image:IMG.obj
 0002:00058f30       _IMG_LoadTyped_RW          0050e070 f   SDL_Image:IMG.obj
 0002:000591f0       _IMG_InvertAlpha           0050e330 f   SDL_Image:IMG.obj
 0002:00059230       _IMG_InitWEBP              0050e370 f   SDL_Image:IMG_webp.obj
 0002:00059290       _IMG_QuitWEBP              0050e3d0 f   SDL_Image:IMG_webp.obj
 0002:000592c0       _IMG_isWEBP                0050e400 f   SDL_Image:IMG_webp.obj
 0002:000592f0       _IMG_LoadWEBP_RW           0050e430 f   SDL_Image:IMG_webp.obj
 0002:00059320       _IMG_isXV                  0050e460 f   SDL_Image:IMG_xv.obj
 0002:00059350       _IMG_LoadXV_RW             0050e490 f   SDL_Image:IMG_xv.obj
 0002:00059380       _IMG_isXPM                 0050e4c0 f   SDL_Image:IMG_xpm.obj
 0002:000594b0       _IMG_LoadXPM_RW            0050e5f0 f   SDL_Image:IMG_xpm.obj
 0002:0005a720       _IMG_ReadXPMFromArray      0050f860 f   SDL_Image:IMG_xpm.obj
 0002:0005a770       _IMG_isXCF                 0050f8b0 f   SDL_Image:IMG_xcf.obj
 0002:0005a7a0       _IMG_LoadXCF_RW            0050f8e0 f   SDL_Image:IMG_xcf.obj
 0002:0005a7d0       _IMG_InitTIF               0050f910 f   SDL_Image:IMG_tif.obj
 0002:0005a830       _IMG_QuitTIF               0050f970 f   SDL_Image:IMG_tif.obj
 0002:0005a860       _IMG_isTIF                 0050f9a0 f   SDL_Image:IMG_tif.obj
 0002:0005a890       _IMG_LoadTIF_RW            0050f9d0 f   SDL_Image:IMG_tif.obj
 0002:0005a8c0       _IMG_isPNM                 0050fa00 f   SDL_Image:IMG_pnm.obj
 0002:0005a9f0       _IMG_LoadPNM_RW            0050fb30 f   SDL_Image:IMG_pnm.obj
 0002:0005b2b0       _IMG_InitPNG               005103f0 f   SDL_Image:IMG_png.obj
 0002:0005b3e0       _IMG_QuitPNG               00510520 f   SDL_Image:IMG_png.obj
 0002:0005b430       _IMG_isPNG                 00510570 f   SDL_Image:IMG_png.obj
 0002:0005b570       _IMG_LoadPNG_RW            005106b0 f   SDL_Image:IMG_png.obj
 0002:0005c0b0       _IMG_isPCX                 005111f0 f   SDL_Image:IMG_pcx.obj
 0002:0005c220       _IMG_LoadPCX_RW            00511360 f   SDL_Image:IMG_pcx.obj
 0002:0005cdb0       _IMG_isLBM                 00511ef0 f   SDL_Image:IMG_lbm.obj
 0002:0005cf10       _IMG_LoadLBM_RW            00512050 f   SDL_Image:IMG_lbm.obj
 0002:0005e5b0       _IMG_InitJPG               005136f0 f   SDL_Image:IMG_jpg.obj
 0002:0005e670       _IMG_QuitJPG               005137b0 f   SDL_Image:IMG_jpg.obj
 0002:0005e6c0       _IMG_isJPG                 00513800 f   SDL_Image:IMG_jpg.obj
 0002:0005e9c0       _IMG_LoadJPG_RW            00513b00 f   SDL_Image:IMG_jpg.obj
 0002:0005f180       _IMG_isGIF                 005142c0 f   SDL_Image:IMG_gif.obj
 0002:0005f2e0       _IMG_LoadGIF_RW            00514420 f   SDL_Image:IMG_gif.obj
 0002:00060a30       _IMG_isBMP                 00515b70 f   SDL_Image:IMG_bmp.obj
 0002:00060b60       _IMG_isICO                 00515ca0 f   SDL_Image:IMG_bmp.obj
 0002:00060cc0       _IMG_isCUR                 00515e00 f   SDL_Image:IMG_bmp.obj
 0002:00060d10       _IMG_LoadBMP_RW            00515e50 f   SDL_Image:IMG_bmp.obj
 0002:000621a0       _IMG_LoadICO_RW            005172e0 f   SDL_Image:IMG_bmp.obj
 0002:00063030       _IMG_LoadCUR_RW            00518170 f   SDL_Image:IMG_bmp.obj
 0002:00063090       _IMG_LoadTGA_RW            005181d0 f   SDL_Image:IMG_tga.obj
 0002:00063eb0       _jpeg_std_error            00518ff0 f   SDL_Image:jerror.obj
 0002:000643d0       _jpeg_start_decompress     00519510 f   SDL_Image:jdapistd.obj
 0002:000647d0       _jpeg_read_scanlines       00519910 f   SDL_Image:jdapistd.obj
 0002:00064990       _jpeg_read_raw_data        00519ad0 f   SDL_Image:jdapistd.obj
 0002:00064b60       _jpeg_start_output         00519ca0 f   SDL_Image:jdapistd.obj
 0002:00064c60       _jpeg_finish_output        00519da0 f   SDL_Image:jdapistd.obj
 0002:00064dc0       _jpeg_resync_to_restart    00519f00 f   SDL_Image:jdmarker.obj
 0002:000652e0       _jinit_marker_reader       0051a420 f   SDL_Image:jdmarker.obj
 0002:00068c60       _jpeg_save_markers         0051dda0 f   SDL_Image:jdmarker.obj
 0002:00069320       _jpeg_set_marker_processor 0051e460 f   SDL_Image:jdmarker.obj
 0002:000693f0       _jpeg_CreateDecompress     0051e530 f   SDL_Image:jdapimin.obj
 0002:00069640       _jpeg_destroy_decompress   0051e780 f   SDL_Image:jdapimin.obj
 0002:00069690       _jpeg_abort_decompress     0051e7d0 f   SDL_Image:jdapimin.obj
 0002:000696e0       _jpeg_read_header          0051e820 f   SDL_Image:jdapimin.obj
 0002:00069820       _jpeg_consume_input        0051e960 f   SDL_Image:jdapimin.obj
 0002:00069e40       _jpeg_input_complete       0051ef80 f   SDL_Image:jdapimin.obj
 0002:00069ef0       _jpeg_has_multiple_scans   0051f030 f   SDL_Image:jdapimin.obj
 0002:00069fa0       _jpeg_finish_decompress    0051f0e0 f   SDL_Image:jdapimin.obj
 0002:0006a160       _jpeg_calc_output_dimensions 0051f2a0 f   SDL_Image:jdmaster.obj
 0002:0006a740       _jpeg_new_colormap         0051f880 f   SDL_Image:jdmaster.obj
 0002:0006a870       _jinit_master_decompress   0051f9b0 f   SDL_Image:jdmaster.obj
 0002:0006b340       _jpeg_abort                00520480 f   SDL_Image:jcomapi.obj
 0002:0006b410       _jpeg_destroy              00520550 f   SDL_Image:jcomapi.obj
 0002:0006b4a0       _jpeg_alloc_quant_table    005205e0 f   SDL_Image:jcomapi.obj
 0002:0006b520       _jpeg_alloc_huff_table     00520660 f   SDL_Image:jcomapi.obj
 0002:0006b5a0       _jdiv_round_up             005206e0 f   SDL_Image:jutils.obj
 0002:0006b5e0       _jround_up                 00520720 f   SDL_Image:jutils.obj
 0002:0006b630       _jcopy_sample_rows         00520770 f   SDL_Image:jutils.obj
 0002:0006b700       _jcopy_block_row           00520840 f   SDL_Image:jutils.obj
 0002:0006b760       _jzero_far                 005208a0 f   SDL_Image:jutils.obj
 0002:0006b7c0       _jinit_input_controller    00520900 f   SDL_Image:jdinput.obj
 0002:0006c5b0       _jinit_memory_mgr          005216f0 f   SDL_Image:jmemmgr.obj
 0002:0006e270       _jinit_d_main_controller   005233b0 f   SDL_Image:jdmainct.obj
 0002:0006f070       _jinit_d_coef_controller   005241b0 f   SDL_Image:jdcoefct.obj
 0002:00070f70       _jpeg_make_d_derived_tbl   005260b0 f   SDL_Image:jdhuff.obj
 0002:00071510       _jpeg_fill_bit_buffer      00526650 f   SDL_Image:jdhuff.obj
 0002:00071790       _jpeg_huff_decode          005268d0 f   SDL_Image:jdhuff.obj
 0002:00071970       _jinit_huff_decoder        00526ab0 f   SDL_Image:jdhuff.obj
 0002:000727e0       _jinit_phuff_decoder       00527920 f   SDL_Image:jdphuff.obj
 0002:00074340       _jinit_inverse_dct         00529480 f   SDL_Image:jddctmgr.obj
 0002:000748c0       _jinit_d_post_controller   00529a00 f   SDL_Image:jdpostct.obj
 0002:00075090       _jinit_upsampler           0052a1d0 f   SDL_Image:jdsample.obj
 0002:00075f60       _jinit_color_deconverter   0052b0a0 f   SDL_Image:jdcolor.obj
 0002:00076c20       _jinit_merged_upsampler    0052bd60 f   SDL_Image:jdmerge.obj
 0002:00077a00       _jinit_2pass_quantizer     0052cb40 f   SDL_Image:jquant2.obj
 0002:0007a5b0       _jinit_1pass_quantizer     0052f6f0 f   SDL_Image:jquant1.obj
 0002:0007bf00       _jpeg_get_small            00531040 f   SDL_Image:jmemansi.obj
 0002:0007bf50       _jpeg_free_small           00531090 f   SDL_Image:jmemansi.obj
 0002:0007bfa0       _jpeg_get_large            005310e0 f   SDL_Image:jmemansi.obj
 0002:0007bff0       _jpeg_free_large           00531130 f   SDL_Image:jmemansi.obj
 0002:0007c040       _jpeg_mem_available        00531180 f   SDL_Image:jmemansi.obj
 0002:0007c080       _jpeg_open_backing_store   005311c0 f   SDL_Image:jmemansi.obj
 0002:0007c370       _jpeg_mem_init             005314b0 f   SDL_Image:jmemansi.obj
 0002:0007c3b0       _jpeg_mem_term             005314f0 f   SDL_Image:jmemansi.obj
 0002:0007c3e0       _jpeg_idct_float           00531520 f   SDL_Image:jidctflt.obj
 0002:0007ce50       _jpeg_idct_ifast           00531f90 f   SDL_Image:jidctfst.obj
 0002:0007d900       _jpeg_idct_islow           00532a40 f   SDL_Image:jidctint.obj
 0002:0007e4f0       _jpeg_idct_4x4             00533630 f   SDL_Image:jidctred.obj
 0002:0007eb50       _jpeg_idct_2x2             00533c90 f   SDL_Image:jidctred.obj
 0002:0007ef40       _jpeg_idct_1x1             00534080 f   SDL_Image:jidctred.obj
 0002:0007effb       _mainXapiStartup@4         0053413b f   xapilibd:xapi0.obj
 0002:0007f09b       _mainCRTStartup            005341db f   xapilibd:xapi0.obj
 0002:0007f129       _XboxTimeZoneNameToWstr@8  00534269 f i xapilibd:datetime.obj
 0002:0007f154       _XboxTimeZoneDateToSystemTime@8 00534294 f i xapilibd:datetime.obj
 0002:0007f19c       _XapipQueryTimeZoneInformation@8 005342dc f   xapilibd:datetime.obj
 0002:0007f270       _XapipUseDaylightSavingTime@0 005343b0 f   xapilibd:datetime.obj
 0002:0007f2a7       _GetSystemTime@4           005343e7 f   xapilibd:datetime.obj
 0002:0007f324       _GetTickCount@0            00534464 f   xapilibd:datetime.obj
 0002:0007f32e       _FileTimeToSystemTime@8    0053446e f   xapilibd:datetime.obj
 0002:0007f3d1       _SystemTimeToFileTime@8    00534511 f   xapilibd:datetime.obj
 0002:0007f463       _CompareFileTime@8         005345a3 f   xapilibd:datetime.obj
 0002:0007f4aa       _RtlpCutoverTimeToSystemTime@16 005345ea f   xapilibd:datetime.obj
 0002:0007f736       _GetTimeZoneInformation@4  00534876 f   xapilibd:datetime.obj
 0002:0007f8e9       _XapipGetTimeZoneBias@4    00534a29 f   xapilibd:datetime.obj
 0002:0007f959       _GetLocalTime@4            00534a99 f   xapilibd:datetime.obj
 0002:0007f9f7       _FileTimeToLocalFileTime@8 00534b37 f   xapilibd:datetime.obj
 0002:0007fa2c       _LocalFileTimeToFileTime@8 00534b6c f   xapilibd:datetime.obj
 0002:0007fa61       _QueryPerformanceCounter@4 00534ba1 f   xapilibd:perfctr.obj
 0002:0007fa76       _QueryPerformanceFrequency@4 00534bb6 f   xapilibd:perfctr.obj
 0002:0007fa92       _CreateEventA@16           00534bd2 f   xapilibd:synch.obj
 0002:0007fb0b       _OpenEventA@12             00534c4b f   xapilibd:synch.obj
 0002:0007fb7e       _SetEvent@4                00534cbe f   xapilibd:synch.obj
 0002:0007fba9       _ResetEvent@4              00534ce9 f   xapilibd:synch.obj
 0002:0007fbd2       _PulseEvent@4              00534d12 f   xapilibd:synch.obj
 0002:0007fbfd       _CreateSemaphoreA@16       00534d3d f   xapilibd:synch.obj
 0002:0007fc6e       _OpenSemaphoreA@12         00534dae f   xapilibd:synch.obj
 0002:0007fce1       _ReleaseSemaphore@12       00534e21 f   xapilibd:synch.obj
 0002:0007fd11       _CreateMutexA@12           00534e51 f   xapilibd:synch.obj
 0002:0007fd7f       _OpenMutexA@12             00534ebf f   xapilibd:synch.obj
 0002:0007fdf2       _ReleaseMutex@4            00534f32 f   xapilibd:synch.obj
 0002:0007fe1d       _WaitForSingleObjectEx@12  00534f5d f   xapilibd:synch.obj
 0002:0007fe72       _SignalObjectAndWait@16    00534fb2 f   xapilibd:synch.obj
 0002:0007feca       _WaitForMultipleObjectsEx@20 0053500a f   xapilibd:synch.obj
 0002:0007ff6a       _SleepEx@8                 005350aa f   xapilibd:synch.obj
 0002:0007ffd0       _CreateWaitableTimerA@12   00535110 f   xapilibd:synch.obj
 0002:00080045       _OpenWaitableTimerA@12     00535185 f   xapilibd:synch.obj
 0002:000800b8       _SetWaitableTimer@24       005351f8 f   xapilibd:synch.obj
 0002:0008010f       _CancelWaitableTimer@4     0053524f f   xapilibd:synch.obj
 0002:0008013a       _WaitForSingleObject@8     0053527a f   xapilibd:synch.obj
 0002:00080153       _WaitForMultipleObjects@16 00535293 f   xapilibd:synch.obj
 0002:00080173       _Sleep@4                   005352b3 f   xapilibd:synch.obj
 0002:00080188       _XapiMmTimerThread@4       005352c8 f   xapilibd:mmtimer.obj
 0002:00080412       _timeSetEvent@20           00535552 f   xapilibd:mmtimer.obj
 0002:000805b8       _timeKillEvent@4           005356f8 f   xapilibd:mmtimer.obj
 0002:00080645       _timeGetSystemTime@8       00535785 f   xapilibd:mmtimer.obj
 0002:00080673       _XGetVideoStandard@0       005357b3 f   xapilibd:xgetvideostandard.obj
 0002:000806a6       _XGetVideoFlags@0          005357e6 f   xapilibd:xgetvideoflags.obj
 0002:00080701       _CloseHandle@4             00535841 f   xapilibd:handle.obj
 0002:0008072a       _DuplicateHandle@28        0053586a f   xapilibd:handle.obj
 0002:0008075a       _XapiCallThreadNotifyRoutines@4 0053589a f   xapilibd:thread.obj
 0002:000807a3       _SetThreadPriority@8       005358e3 f   xapilibd:thread.obj
 0002:00080809       _GetThreadPriority@4       00535949 f   xapilibd:thread.obj
 0002:00080872       _SetThreadPriorityBoost@8  005359b2 f   xapilibd:thread.obj
 0002:000808c9       _GetThreadPriorityBoost@8  00535a09 f   xapilibd:thread.obj
 0002:0008091a       _SuspendThread@4           00535a5a f   xapilibd:thread.obj
 0002:00080949       _ResumeThread@4            00535a89 f   xapilibd:thread.obj
 0002:00080978       _RaiseException@16         00535ab8 f   xapilibd:thread.obj
 0002:000809e3       _XapiDispatchAPC@12        00535b23 f   xapilibd:thread.obj
 0002:000809f3       _QueueUserAPC@12           00535b33 f   xapilibd:thread.obj
 0002:00080a22       _SwitchToThread@0          00535b62 f   xapilibd:thread.obj
 0002:00080a40       _ExitThread@4              00535b80 f   xapilibd:thread.obj
 0002:00080a64       _GetExitCodeThread@8       00535ba4 f   xapilibd:thread.obj
 0002:00080ad1       _SetUnhandledExceptionFilter@4 00535c11 f   xapilibd:thread.obj
 0002:00080aeb       _GetThreadTimes@20         00535c2b f   xapilibd:thread.obj
 0002:00080b96       _XRegisterThreadNotifyRoutine@8 00535cd6 f   xapilibd:thread.obj
 0002:00080bf2       _XSetProcessQuantumLength@4 00535d32 f   xapilibd:thread.obj
 0002:00080c34       _XGetProcessQuantumLength@0 00535d74 f   xapilibd:thread.obj
 0002:00080c95       _UnhandledExceptionFilter@4 00535dd5 f   xapilibd:thread.obj
 0002:00080d1d       _XapiThreadStartup@8       00535e5d f   xapilibd:thread.obj
 0002:00080ea5       _CreateThread@24           00535fe5 f   xapilibd:thread.obj
 0002:00080f2e       _GetCurrentThreadId@0      0053606e f   xapilibd:thread.obj
 0002:00080f3e       _ReadFile@20               0053607e f   xapilibd:filehops.obj
 0002:00081066       _WriteFile@20              005361a6 f   xapilibd:filehops.obj
 0002:00081171       _SetEndOfFile@4            005362b1 f   xapilibd:filehops.obj
 0002:00081216       _SetFilePointer@16         00536356 f   xapilibd:filehops.obj
 0002:00081362       _SetFilePointerEx@20       005364a2 f   xapilibd:filehops.obj
 0002:0008146d       _GetFileInformationByHandle@8 005365ad f   xapilibd:filehops.obj
 0002:0008157c       _GetFileTime@16            005366bc f   xapilibd:filehops.obj
 0002:000815fb       _SetFileTime@16            0053673b f   xapilibd:filehops.obj
 0002:00081689       _FlushFileBuffers@4        005367c9 f   xapilibd:filehops.obj
 0002:000816b9       _GetFileSizeEx@8           005367f9 f   xapilibd:filehops.obj
 0002:00081706       _ReadFileEx@20             00536846 f   xapilibd:filehops.obj
 0002:0008176b       _WriteFileEx@20            005368ab f   xapilibd:filehops.obj
 0002:000817d0       _DeviceIoControl@32        00536910 f   xapilibd:filehops.obj
 0002:0008190d       _ReadFileScatter@20        00536a4d f   xapilibd:filehops.obj
 0002:00081a35       _WriteFileGather@20        00536b75 f   xapilibd:filehops.obj
 0002:00081b40       _XGetFilePhysicalSortKey@4 00536c80 f   xapilibd:filehops.obj
 0002:00081c10       _GetFileSize@8             00536d50 f   xapilibd:filehops.obj
 0002:00081c59       _XAutoPowerDownResetTimer@0 00536d99 f   xapilibd:powerdwn.obj
 0002:00081c7d       _XAutoPowerDownTimeRemaining@0 00536dbd f   xapilibd:powerdwn.obj
 0002:00081ced       _XapiAutoPowerDownTimeout@16 00536e2d f   xapilibd:powerdwn.obj
 0002:00081d03       _XapiInitAutoPowerDown@0   00536e43 f   xapilibd:powerdwn.obj
 0002:00081dad       _XapiValidateDiskPartitionEx@8 00536eed f   xapilibd:xapiinit.obj
 0002:00081e43       _XapiCopySectionToFile@16  00536f83 f   xapilibd:xapiinit.obj
 0002:00081fc5       _XapiMapLetterToDirectory@24 00537105 f   xapilibd:xapiinit.obj
 0002:000824f9       _XapiSetupPerTitleDriveLetters@8 00537639 f   xapilibd:xapiinit.obj
 0002:00082563       _XapiBootToDash@12         005376a3 f   xapilibd:xapiinit.obj
 0002:000825e1       _XapiValidateDiskPartition@4 00537721 f   xapilibd:xapiinit.obj
 0002:000825fa       _XapiInitProcess@0         0053773a f   xapilibd:xapiinit.obj
 0002:0008289d       __cinit@0                  005379dd f   xapilibd:xapi0dat.obj
 0002:000828f0       __rtinit@0                 00537a30 f   xapilibd:xapi0dat.obj
 0002:0008293c       _GetLastError@0            00537a7c f   xapilibd:error.obj
 0002:0008298a       _SetLastError@4            00537aca f   xapilibd:error.obj
 0002:000829e4       _XapiSetLastNTError@4      00537b24 f   xapilibd:error.obj
 0002:00082a07       _CreateIoCompletionPort@16 00537b47 f   xapilibd:error.obj
 0002:00082ab6       _PostQueuedCompletionStatus@16 00537bf6 f   xapilibd:error.obj
 0002:00082aef       _GetQueuedCompletionStatus@20 00537c2f f   xapilibd:error.obj
 0002:00082b7d       _GetOverlappedResult@16    00537cbd f   xapilibd:error.obj
 0002:00082c02       _XapiRestrictCodeSelectorLimit@0 00537d42 f   xapilibd:krnlptch.obj
 0002:00082c7f       _XapiApplyKernelPatches@0  00537dbf f   xapilibd:krnlptch.obj
 0002:00082d76       _XQueryValue@20            00537eb6 f   xapilibd:xqueryvalue.obj
 0002:00082da0       _XapiFormatObjectAttributes@12 00537ee0 f   xapilibd:support.obj
 0002:00082dd3       _XapiFormatTimeOut@8       00537f13 f   xapilibd:support.obj
 0002:00082e0f       _OutputDebugStringA@4      00537f4f f   xapilibd:outputdebugstringa.obj
 0002:00082e4d       _vXDebugPrint@16           00537f8d f   xapilibd:outputdebugstringa.obj
 0002:00082ecf       _XDebugPrint               0053800f f   xapilibd:outputdebugstringa.obj
 0002:00082eeb       _XDebugError               0053802b f   xapilibd:outputdebugstringa.obj
 0002:00082f06       _XDebugWarning             00538046 f   xapilibd:outputdebugstringa.obj
 0002:00082f21       _XDebugTrace               00538061 f   xapilibd:outputdebugstringa.obj
 0002:00082f3c       _XDebugEntry               0053807c f   xapilibd:outputdebugstringa.obj
 0002:00082f57       _XDebugExit                00538097 f   xapilibd:outputdebugstringa.obj
 0002:00082fc4       _XGetAVPack@0              00538104 f   xapilibd:xgetavpack.obj
 0002:00082fce       _XGetSectionHandleA@4      0053810e f   xapilibd:xemodule.obj
 0002:0008306b       _XLoadSectionByHandle@4    005381ab f   xapilibd:xemodule.obj
 0002:000830cb       _XFreeSectionByHandle@4    0053820b f   xapilibd:xemodule.obj
 0002:0008312a       _XLoadSectionA@4           0053826a f   xapilibd:xemodule.obj
 0002:0008316c       _XFreeSectionA@4           005382ac f   xapilibd:xemodule.obj
 0002:000831ae       _XGetSectionSize@4         005382ee f   xapilibd:xemodule.obj
 0002:000831f4       _lstrcmpA@8                00538334 f   xapilibd:lcompata.obj
 0002:00083271       _lstrcmpiA@8               005383b1 f   xapilibd:lcompata.obj
 0002:000832c7       _lstrcpyA@8                00538407 f   xapilibd:lcompata.obj
 0002:00083314       _lstrcpynA@12              00538454 f   xapilibd:lcompata.obj
 0002:00083392       _lstrcatA@8                005384d2 f   xapilibd:lcompata.obj
 0002:00083402       _lstrlenA@4                00538542 f   xapilibd:lcompata.obj
 0002:0008344f       _XLaunchNewImageA@8        0053858f f   xapilibd:launch.obj
 0002:000834a1       _XWriteTitleInfoNoReboot@24 005385e1 f   xapilibd:launch.obj
 0002:000835ba       _XGetLaunchInfo@8          005386fa f   xapilibd:launch.obj
 0002:00083696       _XWriteTitleInfoAndRebootA@20 005387d6 f   xapilibd:launch.obj
 0002:00083711       _BuildUpdateFilePath@12    00538851 f   xapilibd:bootutil.obj
 0002:0008376d       _XapipUpdateMountDashPartition@0 005388ad f   xapilibd:bootutil.obj
 0002:0008380b       _XoUpdateLoadXBEInfo@8     0053894b f   xapilibd:bootutil.obj
 0002:0008390a       _XoRebootToUpdaterWhilePreservingDDrive@12 00538a4a f   xapilibd:bootutil.obj
 0002:00083a00       _XoUpdateGetSavedDataFromLaunchPage@12 00538b40 f   xapilibd:bootutil.obj
 0002:00083acf       _XapipUpdateGetCurrentDDriveMapping@8 00538c0f f   xapilibd:bootutil.obj
 0002:00083bc5       _XapipUpdateSaveDDriveMappingToLaunchPage@8 00538d05 f   xapilibd:bootutil.obj
 0002:00083cc9       _XapipUpdateDetectAndVerify@16 00538e09 f   xapilibd:bootutil.obj
 0002:00083f65       _XapipUpdateDashIfNecessary@4 005390a5 f   xapilibd:bootutil.obj
 0002:0008401d       _XapipLaunchNewImageInternal@16 0053915d f   xapilibd:bootutil.obj
 0002:00084261       _XapipUpdateRebootIfNecessary@0 005393a1 f   xapilibd:bootutil.obj
 0002:00084529       _XGetParentalControlSetting@0 00539669 f   xapilibd:xgetparentalcontrolsetting.obj
 0002:00084557       _GetDiskFreeSpaceExA@16    00539697 f   xapilibd:pathmisc.obj
 0002:000846a2       _GetVolumeInformationA@32  005397e2 f   xapilibd:pathmisc.obj
 0002:000849a9       _XapiSelectCachePartition@12 00539ae9 f   xapilibd:pathmisc.obj
 0002:00084d1e       _XMountUtilityDrive@4      00539e5e f   xapilibd:pathmisc.obj
 0002:00084e92       _XFormatUtilityDrive@0     00539fd2 f   xapilibd:pathmisc.obj
 0002:00084f60       _XMountSecondaryUtilityDrive@0 0053a0a0 f   xapilibd:pathmisc.obj
 0002:000852c1       _XSwapUtilityDrives@0      0053a401 f   xapilibd:pathmisc.obj
 0002:00085584       _XFormatSecondaryUtilityDrive@0 0053a6c4 f   xapilibd:pathmisc.obj
 0002:00085652       _XMountAlternateTitleA@12  0053a792 f   xapilibd:pathmisc.obj
 0002:0008596e       _XUnmountAlternateTitleA@4 0053aaae f   xapilibd:pathmisc.obj
 0002:00085a02       _XGetDiskClusterSizeA@4    0053ab42 f   xapilibd:pathmisc.obj
 0002:00085b10       _XGetDiskSectorSizeA@4     0053ac50 f   xapilibd:pathmisc.obj
 0002:00085c12       _XMUNameFromDriveLetter@12 0053ad52 f   xapilibd:pathmisc.obj
 0002:00085d3b       _HeapCreate@12             0053ae7b f   xapilibd:xapiheap.obj
 0002:00085d9d       _HeapDestroy@4             0053aedd f   xapilibd:xapiheap.obj
 0002:00085dc3       _HeapFree@12               0053af03 f   xapilibd:xapiheap.obj
 0002:00085de1       _HeapValidate@12           0053af21 f   xapilibd:xapiheap.obj
 0002:00085dff       _GetProcessHeap@0          0053af3f f   xapilibd:xapiheap.obj
 0002:00085e05       _HeapCompact@8             0053af45 f   xapilibd:xapiheap.obj
 0002:00085e10       _HeapLock@4                0053af50 f   xapilibd:xapiheap.obj
 0002:00085e26       _HeapUnlock@4              0053af66 f   xapilibd:xapiheap.obj
 0002:00085e3c       _HeapWalk@8                0053af7c f   xapilibd:xapiheap.obj
 0002:00085f50       _LocalAlloc@8              0053b090 f   xapilibd:xapiheap.obj
 0002:00085f93       _LocalReAlloc@12           0053b0d3 f   xapilibd:xapiheap.obj
 0002:00085feb       _LocalSize@4               0053b12b f   xapilibd:xapiheap.obj
 0002:00086007       _LocalFree@4               0053b147 f   xapilibd:xapiheap.obj
 0002:0008602f       _LocalLock@4               0053b16f f   xapilibd:xapiheap.obj
 0002:0008603b       _LocalHandle@4             0053b17b f   xapilibd:xapiheap.obj
 0002:00086047       _LocalUnlock@4             0053b187 f   xapilibd:xapiheap.obj
 0002:0008604d       _GlobalAlloc@8             0053b18d f   xapilibd:xapiheap.obj
 0002:00086090       _GlobalReAlloc@12          0053b1d0 f   xapilibd:xapiheap.obj
 0002:000860e8       _XSetAttributesOnHeapAlloc@8 0053b228 f   xapilibd:xapiheap.obj
 0002:000860fc       _XGetAttributesOnHeapAlloc@4 0053b23c f   xapilibd:xapiheap.obj
 0002:000861ca       _RtlZeroHeap@8             0053b30a f   xapilibd:heap.obj
 0002:0008637e       _RtlpCreateUnCommittedRange@4 0053b4be f   xapilibd:heap.obj
 0002:0008652e       _RtlpDestroyUnCommittedRange@8 0053b66e f   xapilibd:heap.obj
 0002:000865a3       _RtlpInsertUnCommittedPages@12 0053b6e3 f   xapilibd:heap.obj
 0002:000866bc       _RtlpFindAndCommitPages@16 0053b7fc f   xapilibd:heap.obj
 0002:0008691f       _RtlpDestroyHeapSegment@4  0053ba5f f   xapilibd:heap.obj
 0002:000869a8       _RtlpCoalesceFreeBlocks@16 0053bae8 f   xapilibd:heap.obj
 0002:00086fcb       _RtlpInsertFreeBlock@12    0053c10b f   xapilibd:heap.obj
 0002:000871dd       _RtlpGetExtraStuffPointer@4 0053c31d f   xapilibd:heap.obj
 0002:00087203       _RtlpGetSizeOfBigBlock@4   0053c343 f   xapilibd:heap.obj
 0002:00087263       _RtlpCheckBusyBlockTail@4  0053c3a3 f   xapilibd:heap.obj
 0002:00087330       _RtlpCheckHeapSignature@8  0053c470 f   xapilibd:heap.obj
 0002:00087399       _RtlpValidateHeapHeaders@8 0053c4d9 f   xapilibd:heap.obj
 0002:000874aa       _RtlpValidateHeapSegment@32 0053c5ea f   xapilibd:heap.obj
 0002:0008778a       _RtlpValidateHeapEntry@12  0053c8ca f   xapilibd:heap.obj
 0002:0008787b       _RtlpValidateHeap@8        0053c9bb f   xapilibd:heap.obj
 0002:00087cbb       _RtlDebugWalkHeap@8        0053cdfb f   xapilibd:heap.obj
 0002:00087d16       _RtlWalkHeap@8             0053ce56 f   xapilibd:heap.obj
 0002:0008800c       _RtlLockHeap@4             0053d14c f   xapilibd:heap.obj
 0002:00088090       _RtlUnlockHeap@4           0053d1d0 f   xapilibd:heap.obj
 0002:00088114       _RtlValidateHeap@12        0053d254 f   xapilibd:heap.obj
 0002:000881e7       _RtlDebugCompactHeap@8     0053d327 f   xapilibd:heap.obj
 0002:000882c0       _RtlDestroyHeap@4          0053d400 f   xapilibd:heap.obj
 0002:000883ce       _RtlpGrowBlockInPlace@20   0053d50e f   xapilibd:heap.obj
 0002:00088c67       _RtlSizeHeap@12            0053dda7 f   xapilibd:heap.obj
 0002:00088ca4       _RtlpInitializeHeapSegment@28 0053dde4 f   xapilibd:heap.obj
 0002:00088e53       _RtlpExtendHeap@8          0053df93 f   xapilibd:heap.obj
 0002:00089085       _RtlpDeCommitFreeBlock@12  0053e1c5 f   xapilibd:heap.obj
 0002:00089577       _RtlpCoalesceHeap@4        0053e6b7 f   xapilibd:heap.obj
 0002:000896a1       _RtlCompactHeap@8          0053e7e1 f   xapilibd:heap.obj
 0002:00089783       _RtlCreateHeap@24          0053e8c3 f   xapilibd:heap.obj
 0002:00089d50       _RtlAllocateHeapSlowly@12  0053ee90 f   xapilibd:heap.obj
 0002:0008ac65       _RtlFreeHeapSlowly@12      0053fda5 f   xapilibd:heap.obj
 0002:0008afb7       _RtlAllocateHeap@12        005400f7 f   xapilibd:heap.obj
 0002:0008be30       _RtlFreeHeap@12            00540f70 f   xapilibd:heap.obj
 0002:0008c32d       _RtlReAllocateHeap@16      0054146d f   xapilibd:heap.obj
 0002:0008cf73       _XapiShutdownChannelStartNextPacket@0 005420b3 f   xapilibd:xapiterm.obj
 0002:0008cfba       _XapiShutdownChannelStartPacket@8 005420fa f   xapilibd:xapiterm.obj
 0002:0008cfcf       _XapiShutdownNotification@4 0054210f f   xapilibd:xapiterm.obj
 0002:0008d03c       _XapiChangeCodeSelectorLimit@8 0054217c f   xapilibd:xapidlla.obj
 0002:0008d0bc       _xCompareStringA@20        005421fc f   xapilibd:compstra.obj
 0002:0008d2a7       _CreateFileA@28            005423e7 f   xapilibd:fileopcr.obj
 0002:0008d4ac       _CopyFileExA@24            005425ec f   xapilibd:fileopcr.obj
 0002:0008d862       _CopyFileA@12              005429a2 f   xapilibd:fileopcr.obj
 0002:0008d88a       _XapiComputeContentMetadataFileName@8 005429ca f   xapilibd:contsig.obj
 0002:0008d8fa       _XComputeContentSignatureKey@8 00542a3a f   xapilibd:contsig.obj
 0002:0008d923       _XapiComputeContentHeaderSignature@16 00542a63 f   xapilibd:contsig.obj
 0002:0008da4a       _XapiLoadContentMetadataHeader@16 00542b8a f   xapilibd:contsig.obj
 0002:0008db63       _XapiVerifyAndLoadOptionalSectionData@12 00542ca3 f   xapilibd:contsig.obj
 0002:0008dc62       _XapipGetAlternateTitleID@0 00542da2 f   xapilibd:contsig.obj
 0002:0008dd66       _XGetContentInstallLocationFromIDs@16 00542ea6 f   xapilibd:contsig.obj
 0002:0008dde3       _XGetContentInstallLocation@12 00542f23 f   xapilibd:contsig.obj
 0002:0008de65       _XInstallContentSignaturesWithFileName@16 00542fa5 f   xapilibd:contsig.obj
 0002:0008e117       _XInstallContentSignaturesEx@16 00543257 f   xapilibd:contsig.obj
 0002:0008e154       _XInstallContentSignatures@12 00543294 f   xapilibd:contsig.obj
 0002:0008e18e       _XCreateContentSimple@24   005432ce f   xapilibd:contsig.obj
 0002:0008e3d4       _XRemoveContent@4          00543514 f   xapilibd:contsig.obj
 0002:0008e440       _XLoadContentSignaturesWithFileName@8 00543580 f   xapilibd:contsig.obj
 0002:0008e607       _XLoadContentSignaturesEx@8 00543747 f   xapilibd:contsig.obj
 0002:0008e63c       _XLocateSignatureByIndex@16 0054377c f   xapilibd:contsig.obj
 0002:0008e6f5       _XLocateSignatureByNameEx@24 00543835 f   xapilibd:contsig.obj
 0002:0008e85e       _XLocateSignatureByName@24 0054399e f   xapilibd:contsig.obj
 0002:0008e884       _XLocateNextSignature@28   005439c4 f   xapilibd:contsig.obj
 0002:0008e9ad       _XCalculateContentSignature@16 00543aed f   xapilibd:contsig.obj
 0002:0008ea37       _XLocateLiveSignature@12   00543b77 f   xapilibd:contsig.obj
 0002:0008eab4       _XCloseContentSignatures@4 00543bf4 f   xapilibd:contsig.obj
 0002:0008eaf5       _XMemAlloc@8               00543c35 f   xapilibd:xmem.obj
 0002:0008ec23       _XMemFree@8                00543d63 f   xapilibd:xmem.obj
 0002:0008edb4       _XMemSize@8                00543ef4 f   xapilibd:xmem.obj
 0002:0008edd7       _XapiFormatFATVolumeEx@8   00543f17 f   xapilibd:format.obj
 0002:0008f1c4       _XapiFormatFATVolume@4     00544304 f   xapilibd:format.obj
 0002:0008f1dd       _lstrcmpW@8                0054431d f   xapilibd:lcompat.obj
 0002:0008f233       _lstrcmpiW@8               00544373 f   xapilibd:lcompat.obj
 0002:0008f289       _lstrcpyW@8                005443c9 f   xapilibd:lcompat.obj
 0002:0008f2cf       _lstrcpynW@12              0054440f f   xapilibd:lcompat.obj
 0002:0008f356       _lstrcatW@8                00544496 f   xapilibd:lcompat.obj
 0002:0008f39c       _lstrlenW@4                005444dc f   xapilibd:lcompat.obj
 0002:0008f3f0       @RtlFindFirstSetRightMember@4 00544530 f   xapilibd:bitmapa.obj
 0002:0008f428       _RootHubPortToPortNumber@4 00544568 f i xapilibd:roothub.obj
 0002:0008f438       _PortNumberToRootHubPort@4 00544578 f i xapilibd:roothub.obj
 0002:0008f4cb       _XShaHmacInitialize@12     0054460b f   xapilibd:xcalcsig.obj
 0002:0008f58c       _XShaHmacUpdate@12         005446cc f   xapilibd:xcalcsig.obj
 0002:0008f5e4       _XShaHmacComputeFinal@16   00544724 f   xapilibd:xcalcsig.obj
 0002:0008f6a7       _XapiConvertSignatureToNonRoamable@12 005447e7 f   xapilibd:xcalcsig.obj
 0002:0008f762       _XapipCalculateSaveGameSignatureBegin@8 005448a2 f   xapilibd:xcalcsig.obj
 0002:0008f84a       _XapipCalculateSaveGameSignatureUpdate@12 0054498a f   xapilibd:xcalcsig.obj
 0002:0008f88b       _XapipCalculateSaveGameSignatureEnd@8 005449cb f   xapilibd:xcalcsig.obj
 0002:0008f92e       _XapipCalculateContentSignatureBegin@0 00544a6e f   xapilibd:xcalcsig.obj
 0002:0008f971       _XapipCalculateContentSignatureUpdate@12 00544ab1 f   xapilibd:xcalcsig.obj
 0002:0008f992       _XapipCalculateContentSignatureEnd@8 00544ad2 f   xapilibd:xcalcsig.obj
 0002:0008f9c7       _XCalculateSignatureGetSize@4 00544b07 f   xapilibd:xcalcsig.obj
 0002:0008fa05       _XCalculateSignatureBeginEx@8 00544b45 f   xapilibd:xcalcsig.obj
 0002:0008fa8c       _XCalculateSignatureBegin@4 00544bcc f   xapilibd:xcalcsig.obj
 0002:0008faa8       _XCalculateSignatureUpdate@12 00544be8 f   xapilibd:xcalcsig.obj
 0002:0008fb76       _XCalculateSignatureEnd@8  00544cb6 f   xapilibd:xcalcsig.obj
 0002:0008fc19       _XapiNukeDirectoryFromHandle@8 00544d59 f   xapilibd:xclndrv.obj
 0002:0008fdf5       _XapiNukeDirectory@8       00544f35 f   xapilibd:xclndrv.obj
 0002:0008fea4       _SetFileAttributesA@8      00544fe4 f   xapilibd:filemisc.obj
 0002:0008ff73       _GetFileAttributesA@4      005450b3 f   xapilibd:filemisc.obj
 0002:0008ffd0       _GetFileAttributesExA@12   00545110 f   xapilibd:filemisc.obj
 0002:00090096       _MoveFileA@8               005451d6 f   xapilibd:filemisc.obj
 0002:00090151       _DeleteFileA@4             00545291 f   xapilibd:filemisc.obj
 0002:00090202       _XSetFileCacheSize@4       00545342 f   xapilibd:filemisc.obj
 0002:0009023b       _XGetFileCacheSize@0       0054537b f   xapilibd:filemisc.obj
 0002:00090247       _XapiGetDirectoryDisplayBlocks@12 00545387 f   xapilibd:filemisc.obj
 0002:000903c9       _XGetDisplayBlocks@4       00545509 f   xapilibd:filemisc.obj
 0002:000904d7       _MoveFileWithProgressA@20  00545617 f   xapilibd:filemisc.obj
 0002:00090603       _MoveFileExA@12            00545743 f   xapilibd:filemisc.obj
 0002:00090622       _XPhysicalAlloc@16         00545762 f   xapilibd:physical.obj
 0002:000906e5       _XPhysicalAllocEx@20       00545825 f   xapilibd:physical.obj
 0002:00090773       _XPhysicalSize@4           005458b3 f   xapilibd:physical.obj
 0002:000907a0       _XPhysicalProtect@12       005458e0 f   xapilibd:physical.obj
 0002:000907f8       _XPhysicalFree@4           00545938 f   xapilibd:physical.obj
 0002:00090825       _XQueryMemoryProtect@4     00545965 f   xapilibd:physical.obj
 0002:00090831       _xCompareStringW@20        00545971 f   xapilibd:compstr.obj
 0002:00090a30       ??_ECDirectSound@DirectSound@@W7AEPAXI@Z 00545b70 f i dsoundd:dsapi.obj
 0002:00090a3a       ??_ECDirectSoundBuffer@DirectSound@@W7AEPAXI@Z 00545b7a f i dsoundd:dsapi.obj
 0002:00090a44       ??_ECDirectSoundStream@DirectSound@@W3AEPAXI@Z 00545b84 f i dsoundd:dsapi.obj
 0002:00090a4e       ??_ECDirectSoundStream@DirectSound@@WM@AEPAXI@Z 00545b8e f i dsoundd:dsapi.obj
 0002:00090a58       ??_ECMcpxAPU@DirectSound@@W7AEPAXI@Z 00545b98 f i dsoundd:mcpapu.obj
 0002:00090a62       ??_ECWaveFileMediaObject@DirectSound@@W3AEPAXI@Z 00545ba2 f i dsoundd:wavexmo.obj
 0002:00090a6c       ??_ECFileMediaObject@DirectSound@@W3AEPAXI@Z 00545bac f i dsoundd:wavexmo.obj
 0002:00090a76       ??_ECAc97MediaObject@DirectSound@@W3AEPAXI@Z 00545bb6 f i dsoundd:ac97xmo.obj
 0002:00090a80       ??_ECAc97MediaObject@DirectSound@@WM@AEPAXI@Z 00545bc0 f i dsoundd:ac97xmo.obj
 0002:00090a8a       _HalWriteSMBusValue@16     00545bca f   xboxkrnl:xboxkrnl.exe
 0002:00090a90       _NtCreateFile@36           00545bd0 f   xboxkrnl:xboxkrnl.exe
 0002:00090a96       _RtlInitAnsiString@8       00545bd6 f   xboxkrnl:xboxkrnl.exe
 0002:00090a9c       _IoCreateSymbolicLink@8    00545bdc f   xboxkrnl:xboxkrnl.exe
 0002:00090aa2       _IoDeleteSymbolicLink@4    00545be2 f   xboxkrnl:xboxkrnl.exe
 0002:00090aa8       @KfLowerIrql@4             00545be8 f   xboxkrnl:xboxkrnl.exe
 0002:00090aae       _KeRaiseIrqlToDpcLevel@0   00545bee f   xboxkrnl:xboxkrnl.exe
 0002:00090ab4       _ExAllocatePoolWithTag@8   00545bf4 f   xboxkrnl:xboxkrnl.exe
 0002:00090aba       _RtlRip@12                 00545bfa f   xboxkrnl:xboxkrnl.exe
 0002:00090ac0       _RtlTimeToTimeFields@8     00545c00 f   xboxkrnl:xboxkrnl.exe
 0002:00090ac6       _KeQuerySystemTime@4       00545c06 f   xboxkrnl:xboxkrnl.exe
 0002:00090acc       _RtlTimeFieldsToTime@8     00545c0c f   xboxkrnl:xboxkrnl.exe
 0002:00090ad2       _NtCreateEvent@16          00545c12 f   xboxkrnl:xboxkrnl.exe
 0002:00090ad8       _ObOpenObjectByName@16     00545c18 f   xboxkrnl:xboxkrnl.exe
 0002:00090ade       _NtSetEvent@8              00545c1e f   xboxkrnl:xboxkrnl.exe
 0002:00090ae4       _NtClearEvent@4            00545c24 f   xboxkrnl:xboxkrnl.exe
 0002:00090aea       _NtPulseEvent@8            00545c2a f   xboxkrnl:xboxkrnl.exe
 0002:00090af0       _NtCreateSemaphore@16      00545c30 f   xboxkrnl:xboxkrnl.exe
 0002:00090af6       _NtReleaseSemaphore@12     00545c36 f   xboxkrnl:xboxkrnl.exe
 0002:00090afc       _NtCreateMutant@12         00545c3c f   xboxkrnl:xboxkrnl.exe
 0002:00090b02       _NtReleaseMutant@8         00545c42 f   xboxkrnl:xboxkrnl.exe
 0002:00090b08       _NtWaitForSingleObjectEx@16 00545c48 f   xboxkrnl:xboxkrnl.exe
 0002:00090b0e       _NtSignalAndWaitForSingleObjectEx@20 00545c4e f   xboxkrnl:xboxkrnl.exe
 0002:00090b14       _NtWaitForMultipleObjectsEx@24 00545c54 f   xboxkrnl:xboxkrnl.exe
 0002:00090b1a       _KeDelayExecutionThread@12 00545c5a f   xboxkrnl:xboxkrnl.exe
 0002:00090b20       _NtCreateTimer@12          00545c60 f   xboxkrnl:xboxkrnl.exe
 0002:00090b26       _NtSetTimerEx@32           00545c66 f   xboxkrnl:xboxkrnl.exe
 0002:00090b2c       _NtCancelTimer@8           00545c6c f   xboxkrnl:xboxkrnl.exe
 0002:00090b32       _KeSetTimerEx@20           00545c72 f   xboxkrnl:xboxkrnl.exe
 0002:00090b38       _KeQueryInterruptTime@0    00545c78 f   xboxkrnl:xboxkrnl.exe
 0002:00090b3e       _RtlLeaveCriticalSection@4 00545c7e f   xboxkrnl:xboxkrnl.exe
 0002:00090b44       _RtlEnterCriticalSection@4 00545c84 f   xboxkrnl:xboxkrnl.exe
 0002:00090b4a       _KeWaitForMultipleObjects@32 00545c8a f   xboxkrnl:xboxkrnl.exe
 0002:00090b50       _KeSetEvent@12             00545c90 f   xboxkrnl:xboxkrnl.exe
 0002:00090b56       _KeInitializeTimerEx@8     00545c96 f   xboxkrnl:xboxkrnl.exe
 0002:00090b5c       _RtlAssert@16              00545c9c f   xboxkrnl:xboxkrnl.exe
 0002:00090b62       _KeWaitForSingleObject@20  00545ca2 f   xboxkrnl:xboxkrnl.exe
 0002:00090b68       _KeCancelTimer@4           00545ca8 f   xboxkrnl:xboxkrnl.exe
 0002:00090b6e       @KfRaiseIrql@4             00545cae f   xboxkrnl:xboxkrnl.exe
 0002:00090b74       _DbgBreakPoint@0           00545cb4 f   xboxkrnl:xboxkrnl.exe
 0002:00090b7a       _DbgPrint                  00545cba f   xboxkrnl:xboxkrnl.exe
 0002:00090b80       _ExQueryNonVolatileSetting@20 00545cc0 f   xboxkrnl:xboxkrnl.exe
 0002:00090b86       _NtClose@4                 00545cc6 f   xboxkrnl:xboxkrnl.exe
 0002:00090b8c       _NtDuplicateObject@12      00545ccc f   xboxkrnl:xboxkrnl.exe
 0002:00090b92       @ObfDereferenceObject@4    00545cd2 f   xboxkrnl:xboxkrnl.exe
 0002:00090b98       _KeSetBasePriorityThread@8 00545cd8 f   xboxkrnl:xboxkrnl.exe
 0002:00090b9e       _ObReferenceObjectByHandle@12 00545cde f   xboxkrnl:xboxkrnl.exe
 0002:00090ba4       _KeQueryBasePriorityThread@4 00545ce4 f   xboxkrnl:xboxkrnl.exe
 0002:00090baa       _KeSetDisableBoostThread@8 00545cea f   xboxkrnl:xboxkrnl.exe
 0002:00090bb0       _NtSuspendThread@8         00545cf0 f   xboxkrnl:xboxkrnl.exe
 0002:00090bb6       _NtResumeThread@8          00545cf6 f   xboxkrnl:xboxkrnl.exe
 0002:00090bbc       _RtlRaiseException@4       00545cfc f   xboxkrnl:xboxkrnl.exe
 0002:00090bc2       _NtQueueApcThread@20       00545d02 f   xboxkrnl:xboxkrnl.exe
 0002:00090bc8       _NtYieldExecution@0        00545d08 f   xboxkrnl:xboxkrnl.exe
 0002:00090bce       _PsTerminateSystemThread@4 00545d0e f   xboxkrnl:xboxkrnl.exe
 0002:00090bd4       _PsCreateSystemThreadEx@40 00545d14 f   xboxkrnl:xboxkrnl.exe
 0002:00090bda       _NtWaitForSingleObject@12  00545d1a f   xboxkrnl:xboxkrnl.exe
 0002:00090be0       _NtReadFile@32             00545d20 f   xboxkrnl:xboxkrnl.exe
 0002:00090be6       _NtWriteFile@32            00545d26 f   xboxkrnl:xboxkrnl.exe
 0002:00090bec       _NtSetInformationFile@20   00545d2c f   xboxkrnl:xboxkrnl.exe
 0002:00090bf2       _NtQueryInformationFile@20 00545d32 f   xboxkrnl:xboxkrnl.exe
 0002:00090bf8       _NtQueryVolumeInformationFile@20 00545d38 f   xboxkrnl:xboxkrnl.exe
 0002:00090bfe       _NtFlushBuffersFile@8      00545d3e f   xboxkrnl:xboxkrnl.exe
 0002:00090c04       _NtUserIoApcDispatcher@12  00545d44 f   xboxkrnl:xboxkrnl.exe
 0002:00090c0a       _NtFsControlFile@40        00545d4a f   xboxkrnl:xboxkrnl.exe
 0002:00090c10       _NtDeviceIoControlFile@40  00545d50 f   xboxkrnl:xboxkrnl.exe
 0002:00090c16       _NtReadFileScatter@32      00545d56 f   xboxkrnl:xboxkrnl.exe
 0002:00090c1c       _NtWriteFileGather@32      00545d5c f   xboxkrnl:xboxkrnl.exe
 0002:00090c22       _IoQueryVolumeInformation@20 00545d62 f   xboxkrnl:xboxkrnl.exe
 0002:00090c28       _KeSetTimer@16             00545d68 f   xboxkrnl:xboxkrnl.exe
 0002:00090c2e       _HalInitiateShutdown@0     00545d6e f   xboxkrnl:xboxkrnl.exe
 0002:00090c34       _KeInitializeDpc@12        00545d74 f   xboxkrnl:xboxkrnl.exe
 0002:00090c3a       _NtOpenFile@24             00545d7a f   xboxkrnl:xboxkrnl.exe
 0002:00090c40       _HalReturnToFirmware@4     00545d80 f   xboxkrnl:xboxkrnl.exe
 0002:00090c46       _MmFreeContiguousMemory@4  00545d86 f   xboxkrnl:xboxkrnl.exe
 0002:00090c4c       _HalRegisterShutdownNotification@8 00545d8c f   xboxkrnl:xboxkrnl.exe
 0002:00090c52       _RtlNtStatusToDosError@4   00545d92 f   xboxkrnl:xboxkrnl.exe
 0002:00090c58       _NtCreateIoCompletion@16   00545d98 f   xboxkrnl:xboxkrnl.exe
 0002:00090c5e       _NtSetIoCompletion@20      00545d9e f   xboxkrnl:xboxkrnl.exe
 0002:00090c64       _NtRemoveIoCompletion@20   00545da4 f   xboxkrnl:xboxkrnl.exe
 0002:00090c6a       _MmSetAddressProtect@12    00545daa f   xboxkrnl:xboxkrnl.exe
 0002:00090c70       _MmQueryAddressProtect@4   00545db0 f   xboxkrnl:xboxkrnl.exe
 0002:00090c76       _RtlEqualString@12         00545db6 f   xboxkrnl:xboxkrnl.exe
 0002:00090c7c       _XeLoadSection@4           00545dbc f   xboxkrnl:xboxkrnl.exe
 0002:00090c82       _XeUnloadSection@4         00545dc2 f   xboxkrnl:xboxkrnl.exe
 0002:00090c88       _MmPersistContiguousMemory@12 00545dc8 f   xboxkrnl:xboxkrnl.exe
 0002:00090c8e       _MmAllocateContiguousMemory@4 00545dce f   xboxkrnl:xboxkrnl.exe
 0002:00090c94       _NtQuerySymbolicLinkObject@12 00545dd4 f   xboxkrnl:xboxkrnl.exe
 0002:00090c9a       _NtOpenSymbolicLinkObject@8 00545dda f   xboxkrnl:xboxkrnl.exe
 0002:00090ca0       _XcSHAFinal@8              00545de0 f   xboxkrnl:xboxkrnl.exe
 0002:00090ca6       _XcSHAUpdate@12            00545de6 f   xboxkrnl:xboxkrnl.exe
 0002:00090cac       _XcSHAInit@4               00545dec f   xboxkrnl:xboxkrnl.exe
 0002:00090cb2       _RtlFillMemoryUlong@12     00545df2 f   xboxkrnl:xboxkrnl.exe
 0002:00090cb8       _NtFreeVirtualMemory@12    00545df8 f   xboxkrnl:xboxkrnl.exe
 0002:00090cbe       _NtAllocateVirtualMemory@20 00545dfe f   xboxkrnl:xboxkrnl.exe
 0002:00090cc4       _RtlCompareMemoryUlong@12  00545e04 f   xboxkrnl:xboxkrnl.exe
 0002:00090cca       _RtlCompareMemory@12       00545e0a f   xboxkrnl:xboxkrnl.exe
 0002:00090cd0       _RtlInitializeCriticalSection@4 00545e10 f   xboxkrnl:xboxkrnl.exe
 0002:00090cd6       _NtQueryVirtualMemory@8    00545e16 f   xboxkrnl:xboxkrnl.exe
 0002:00090cdc       _ExFreePool@4              00545e1c f   xboxkrnl:xboxkrnl.exe
 0002:00090ce2       _HalGetInterruptVector@8   00545e22 f   xboxkrnl:xboxkrnl.exe
 0002:00090ce8       _KeConnectInterrupt@4      00545e28 f   xboxkrnl:xboxkrnl.exe
 0002:00090cee       _KeInitializeInterrupt@28  00545e2e f   xboxkrnl:xboxkrnl.exe
 0002:00090cf4       _KeStallExecutionProcessor@4 00545e34 f   xboxkrnl:xboxkrnl.exe
 0002:00090cfa       _MmFreeSystemMemory@8      00545e3a f   xboxkrnl:xboxkrnl.exe
 0002:00090d00       _MmAllocateSystemMemory@8  00545e40 f   xboxkrnl:xboxkrnl.exe
 0002:00090d06       _XcHMAC@28                 00545e46 f   xboxkrnl:xboxkrnl.exe
 0002:00090d0c       _RtlCompareString@12       00545e4c f   xboxkrnl:xboxkrnl.exe
 0002:00090d12       _MmGetPhysicalAddress@4    00545e52 f   xboxkrnl:xboxkrnl.exe
 0002:00090d18       _MmLockUnlockBufferPages@12 00545e58 f   xboxkrnl:xboxkrnl.exe
 0002:00090d1e       _KeInsertQueueDpc@12       00545e5e f   xboxkrnl:xboxkrnl.exe
 0002:00090d24       _MmLockUnlockPhysicalPage@8 00545e64 f   xboxkrnl:xboxkrnl.exe
 0002:00090d2a       _NtQueryDirectoryFile@40   00545e6a f   xboxkrnl:xboxkrnl.exe
 0002:00090d30       _NtQueryFullAttributesFile@8 00545e70 f   xboxkrnl:xboxkrnl.exe
 0002:00090d36       _FscSetCacheSize@4         00545e76 f   xboxkrnl:xboxkrnl.exe
 0002:00090d3c       _FscGetCacheSize@0         00545e7c f   xboxkrnl:xboxkrnl.exe
 0002:00090d42       _MmAllocateContiguousMemoryEx@20 00545e82 f   xboxkrnl:xboxkrnl.exe
 0002:00090d48       _MmQueryAllocationSize@4   00545e88 f   xboxkrnl:xboxkrnl.exe
 0002:00090d4e       _AvGetSavedDataAddress@0   00545e8e f   xboxkrnl:xboxkrnl.exe
 0002:00090d54       _AvSendTVEncoderOption@16  00545e94 f   xboxkrnl:xboxkrnl.exe
 0002:00090d5a       _AvSetDisplayMode@24       00545e9a f   xboxkrnl:xboxkrnl.exe
 0002:00090d60       _AvSetSavedDataAddress@4   00545ea0 f   xboxkrnl:xboxkrnl.exe
 0002:00090d66       _MmQueryStatistics@4       00545ea6 f   xboxkrnl:xboxkrnl.exe
 0002:00090d6c       _RtlWalkFrameChain@12      00545eac f   xboxkrnl:xboxkrnl.exe
 0002:00090d72       _NtDeleteFile@4            00545eb2 f   xboxkrnl:xboxkrnl.exe
 0002:00090d78       _HalReadWritePCISpace@24   00545eb8 f   xboxkrnl:xboxkrnl.exe
 0002:00090d7e       _KeDisconnectInterrupt@4   00545ebe f   xboxkrnl:xboxkrnl.exe
 0002:00090d84       _MmClaimGpuInstanceMemory@8 00545ec4 f   xboxkrnl:xboxkrnl.exe
 0002:00090d8a       _KeSaveFloatingPointState@4 00545eca f   xboxkrnl:xboxkrnl.exe
 0002:00090d90       _KeRestoreFloatingPointState@4 00545ed0 f   xboxkrnl:xboxkrnl.exe
 0002:00090d96       _ExQueryPoolBlockSize@4    00545ed6 f   xboxkrnl:xboxkrnl.exe
 0002:00090d9c       _KeRemoveQueueDpc@4        00545edc f   xboxkrnl:xboxkrnl.exe
 0002:00090da2       _KeSynchronizeExecution@12 00545ee2 f   xboxkrnl:xboxkrnl.exe
 0002:00090db0       _SDL_RWFromFile            00545ef0 f   libSDLx:SDL_rwops.obj
 0002:000918c0       _SDL_RWFromFP              00546a00 f   libSDLx:SDL_rwops.obj
 0002:00091ba0       _SDL_RWFromMem             00546ce0 f   libSDLx:SDL_rwops.obj
 0002:00091f50       _SDL_RWFromConstMem        00547090 f   libSDLx:SDL_rwops.obj
 0002:00092070       _SDL_AllocRW               005471b0 f   libSDLx:SDL_rwops.obj
 0002:000920e0       _SDL_FreeRW                00547220 f   libSDLx:SDL_rwops.obj
 0002:00092130       _SDL_ReadLE16              00547270 f   libSDLx:SDL_rwops.obj
 0002:000921d0       _SDL_ReadBE16              00547310 f   libSDLx:SDL_rwops.obj
 0002:000922d0       _SDL_ReadLE32              00547410 f   libSDLx:SDL_rwops.obj
 0002:00092370       _SDL_ReadBE32              005474b0 f   libSDLx:SDL_rwops.obj
 0002:00092490       _SDL_ReadLE64              005475d0 f   libSDLx:SDL_rwops.obj
 0002:00092540       _SDL_ReadBE64              00547680 f   libSDLx:SDL_rwops.obj
 0002:000926c0       _SDL_WriteLE16             00547800 f   libSDLx:SDL_rwops.obj
 0002:00092730       _SDL_WriteBE16             00547870 f   libSDLx:SDL_rwops.obj
 0002:000927b0       _SDL_WriteLE32             005478f0 f   libSDLx:SDL_rwops.obj
 0002:00092820       _SDL_WriteBE32             00547960 f   libSDLx:SDL_rwops.obj
 0002:000928a0       _SDL_WriteLE64             005479e0 f   libSDLx:SDL_rwops.obj
 0002:00092920       _SDL_WriteBE64             00547a60 f   libSDLx:SDL_rwops.obj
 0002:000929a0       _SDL_iconv_open            00547ae0 f   libSDLx:SDL_iconv.obj
 0002:00092cf0       _SDL_iconv                 00547e30 f   libSDLx:SDL_iconv.obj
 0002:000943e0       _SDL_iconv_close           00549520 f   libSDLx:SDL_iconv.obj
 0002:00094440       _SDL_iconv_string          00549580 f   libSDLx:SDL_iconv.obj
 0002:00094720       _srand                     00549860 f   LIBCMTD:rand.obj
 0002:00094740       _rand                      00549880 f   LIBCMTD:rand.obj
 0002:00094790       _printf                    005498d0 f   LIBCMTD:printf.obj
 0002:000948a0       _fprintf                   005499e0 f   LIBCMTD:fprintf.obj
 0002:000949d0       ___iob_func                00549b10 f   LIBCMTD:_file.obj
 0002:000949e0       ___initstdio               00549b20 f   LIBCMTD:_file.obj
 0002:00094b60       ___endstdio                00549ca0 f   LIBCMTD:_file.obj
 0002:00094b80       __lock_file                00549cc0 f   LIBCMTD:_file.obj
 0002:00094bd0       __lock_file2               00549d10 f   LIBCMTD:_file.obj
 0002:00094c10       __unlock_file              00549d50 f   LIBCMTD:_file.obj
 0002:00094c60       __unlock_file2             00549da0 f   LIBCMTD:_file.obj
 0002:00094ca0       _time                      00549de0 f   LIBCMTD:time.obj
 0002:00094cf8       __fpclear                  00549e38 f   LIBCMTD:fpinit.obj
 0002:00094cf9       __cfltcvt_init             00549e39 f   LIBCMTD:fpinit.obj
 0002:00094d3f       ___setfflag                00549e7f f   LIBCMTD:fpinit.obj
 0002:00094d56       __fpmath                   00549e96 f   LIBCMTD:fpinit.obj
 0002:00094d80       __RTC_CheckEsp             00549ec0 f   LIBCMTD:stack.obj
 0002:00094db0       @_RTC_CheckStackVars@8     00549ef0 f   LIBCMTD:stack.obj
[...]
 0008:0005a840       _SDL_colors                006afca0     <common>
 0008:0005ac40       _D3D                       006b00a0     <common>
 0008:0005ac44       _D3D_Device                006b00a4     <common>
 0008:0005ac60       _D3D_PP                    006b00c0     <common>
 0008:0005acc0       _g_InputStates             006b0120     <common>
 0008:0005ae00       _g_Gamepads                006b0260     <common>
 0008:0005b170       _SDL_alarm_callback        006b05d0     <common>
 0008:0005b17c       _SDL_numcds                006b05dc     <common>
 0008:0005b1a0       _SDL_KeyRepeat             006b0600     <common>
 0008:0005b1e0       _SDL_ProcessEvents         006b0640     <common>
 0008:0005b220       _OHCD_GlobalPool           006b0680     <common>
 0008:0005b280       _OHCD_InterruptObject      006b06e0     <common>
 0008:0005b30e       _RtlpValidateHeapTagsEnable 006b076e     <common>
 0008:0005b31c       _NtGlobalFlag              006b077c     <common>
 0008:0005b320       _RtlpHeapStopOn            006b0780     <common>
 0008:0005b338       _XapiProcessHeap           006b0798     <common>
 0008:0005b344       ___@@_PchSym_@00@UcylcUkirezgvUmglhUczkrUpDCUoryUlyqUrDIGUyzhvwooOlyq@Xapi_k32 006b07a4     <common>
 0008:0005b350       _XapiOriginalCodeSelectorEntry 006b07b0     <common>
 0008:0005b380       _XapiAutoPowerDownGlobals  006b07e0     <common>
 0008:0005b3f4       _XapiCurrentTopLevelFilter 006b0854     <common>
 0008:0005b404       _XapiTlsSize               006b0864     <common>
 0008:0005b408       _XapiMmTimerThreadState    006b0868     <common>
 0008:0005b416       _XapiMmTimerSerialNumber   006b0876     <common>
 0008:0005b418       ___@@_PchSym_@00@UcylcUkirezgvUdrmwldhUwrivxgcUwhlfmwUwhlfmwUlyqUrDIGUwhlfmwrOlyq@dsoundd 006b0878     <common>
 0008:0005b424       ___mblcid                  006b0884     <common>
 0008:0005b4a0       ___ptmbcinfo               006b0900     <common>
 0008:0005b4a4       ___ismbcodepage            006b0904     <common>
 0008:0005b4c0       __mbctype                  006b0920     <common>
 0008:0005b5c4       ___mbcodepage              006b0a24     <common>
 0008:0005b5e0       ___mbulinfo                006b0a40     <common>
 0008:0005b600       __mbcasemap                006b0a60     <common>
 0008:0005b700       ___active_heap             006b0b60     <common>
 0008:0005b70c       __nhandle                  006b0b6c     <common>
 0008:0005b760       ___pioinfo                 006b0bc0     <common>
 0008:0005b860       __pfnReportHook            006b0cc0     <common>
 0008:0005b870       __pReportHookList          006b0cd0     <common>
 0008:0005b874       ___ptd_glob                006b0cd4     <common>
 0008:0005b880       ___env_initialized         006b0ce0     <common>
 0008:0005b890       ___onexitend               006b0cf0     <common>
 0008:0005b894       ___onexitbegin             006b0cf4     <common>
 0008:0005b898       ___mbctype_initialized     006b0cf8     <common>
 0008:0005b89c       __setjmpexused             006b0cfc     <common>
 0008:0005b8a8       __pfnDumpClient            006b0d08     <common>
 0008:0005b8b4       ___piob                    006b0d14     <common>
 0008:0005b8c4       __nstream                  006b0d24     <common>
 0009:00000000       __IMPORT_DESCRIPTOR_xboxkrnl 006b0d40     xboxkrnl:xboxkrnl.exe
 0009:00000014       __NULL_IMPORT_DESCRIPTOR   006b0d54     xboxkrnl:xboxkrnl.exe
 0009:00000344       __imp__HalWriteSMBusValue@16 006b1084     xboxkrnl:xboxkrnl.exe
 0009:00000348       __imp__NtCreateFile@36     006b1088     xboxkrnl:xboxkrnl.exe
 0009:0000034c       __imp__RtlInitAnsiString@8 006b108c     xboxkrnl:xboxkrnl.exe
 0009:00000350       __imp__IoCreateSymbolicLink@8 006b1090     xboxkrnl:xboxkrnl.exe
 0009:00000354       __imp__IoDeleteSymbolicLink@4 006b1094     xboxkrnl:xboxkrnl.exe
 0009:00000358       __imp_@KfLowerIrql@4       006b1098     xboxkrnl:xboxkrnl.exe
 0009:0000035c       __imp__KeRaiseIrqlToDpcLevel@0 006b109c     xboxkrnl:xboxkrnl.exe
 0009:00000360       __imp__ExAllocatePoolWithTag@8 006b10a0     xboxkrnl:xboxkrnl.exe
 0009:00000364       __imp__RtlRip@12           006b10a4     xboxkrnl:xboxkrnl.exe
 0009:00000368       __imp__RtlTimeToTimeFields@8 006b10a8     xboxkrnl:xboxkrnl.exe
 0009:0000036c       __imp__KeQuerySystemTime@4 006b10ac     xboxkrnl:xboxkrnl.exe
 0009:00000370       __imp__KeTickCount         006b10b0     xboxkrnl:xboxkrnl.exe
 0009:00000370       _KeTickCount               006b10b0     xboxkrnl:xboxkrnl.exe
 0009:00000374       __imp__RtlTimeFieldsToTime@8 006b10b4     xboxkrnl:xboxkrnl.exe
 0009:00000378       __imp__NtCreateEvent@16    006b10b8     xboxkrnl:xboxkrnl.exe
 0009:0000037c       __imp__ObOpenObjectByName@16 006b10bc     xboxkrnl:xboxkrnl.exe
 0009:00000380       __imp__ExEventObjectType   006b10c0     xboxkrnl:xboxkrnl.exe
 0009:00000380       _ExEventObjectType         006b10c0     xboxkrnl:xboxkrnl.exe
 0009:00000384       __imp__NtSetEvent@8        006b10c4     xboxkrnl:xboxkrnl.exe
 0009:00000388       __imp__NtClearEvent@4      006b10c8     xboxkrnl:xboxkrnl.exe
 0009:0000038c       __imp__NtPulseEvent@8      006b10cc     xboxkrnl:xboxkrnl.exe
 0009:00000390       __imp__NtCreateSemaphore@16 006b10d0     xboxkrnl:xboxkrnl.exe
 0009:00000394       _ExSemaphoreObjectType     006b10d4     xboxkrnl:xboxkrnl.exe
 0009:00000394       __imp__ExSemaphoreObjectType 006b10d4     xboxkrnl:xboxkrnl.exe
 0009:00000398       __imp__NtReleaseSemaphore@12 006b10d8     xboxkrnl:xboxkrnl.exe
 0009:0000039c       __imp__NtCreateMutant@12   006b10dc     xboxkrnl:xboxkrnl.exe
 0009:000003a0       __imp__ExMutantObjectType  006b10e0     xboxkrnl:xboxkrnl.exe
 0009:000003a0       _ExMutantObjectType        006b10e0     xboxkrnl:xboxkrnl.exe
 0009:000003a4       __imp__NtReleaseMutant@8   006b10e4     xboxkrnl:xboxkrnl.exe
 0009:000003a8       __imp__NtWaitForSingleObjectEx@16 006b10e8     xboxkrnl:xboxkrnl.exe
 0009:000003ac       __imp__NtSignalAndWaitForSingleObjectEx@20 006b10ec     xboxkrnl:xboxkrnl.exe
 0009:000003b0       __imp__NtWaitForMultipleObjectsEx@24 006b10f0     xboxkrnl:xboxkrnl.exe
 0009:000003b4       __imp__KeDelayExecutionThread@12 006b10f4     xboxkrnl:xboxkrnl.exe
 0009:000003b8       __imp__NtCreateTimer@12    006b10f8     xboxkrnl:xboxkrnl.exe
 0009:000003bc       __imp__ExTimerObjectType   006b10fc     xboxkrnl:xboxkrnl.exe
 0009:000003bc       _ExTimerObjectType         006b10fc     xboxkrnl:xboxkrnl.exe
 0009:000003c0       __imp__NtSetTimerEx@32     006b1100     xboxkrnl:xboxkrnl.exe
 0009:000003c4       __imp__NtCancelTimer@8     006b1104     xboxkrnl:xboxkrnl.exe
 0009:000003c8       __imp__KeSetTimerEx@20     006b1108     xboxkrnl:xboxkrnl.exe
 0009:000003cc       __imp__KeQueryInterruptTime@0 006b110c     xboxkrnl:xboxkrnl.exe
 0009:000003d0       __imp__RtlLeaveCriticalSection@4 006b1110     xboxkrnl:xboxkrnl.exe
 0009:000003d4       __imp__RtlEnterCriticalSection@4 006b1114     xboxkrnl:xboxkrnl.exe
 0009:000003d8       __imp__KeWaitForMultipleObjects@32 006b1118     xboxkrnl:xboxkrnl.exe
 0009:000003dc       __imp__KeSetEvent@12       006b111c     xboxkrnl:xboxkrnl.exe
 0009:000003e0       __imp__KeInitializeTimerEx@8 006b1120     xboxkrnl:xboxkrnl.exe
 0009:000003e4       __imp__RtlAssert@16        006b1124     xboxkrnl:xboxkrnl.exe
 0009:000003e8       __imp__KeWaitForSingleObject@20 006b1128     xboxkrnl:xboxkrnl.exe
 0009:000003ec       __imp__KeCancelTimer@4     006b112c     xboxkrnl:xboxkrnl.exe
 0009:000003f0       __imp_@KfRaiseIrql@4       006b1130     xboxkrnl:xboxkrnl.exe
 0009:000003f4       __imp__DbgBreakPoint@0     006b1134     xboxkrnl:xboxkrnl.exe
 0009:000003f8       __imp__DbgPrint            006b1138     xboxkrnl:xboxkrnl.exe
 0009:000003fc       __imp__ExQueryNonVolatileSetting@20 006b113c     xboxkrnl:xboxkrnl.exe
 0009:00000400       __imp__NtClose@4           006b1140     xboxkrnl:xboxkrnl.exe
 0009:00000404       __imp__NtDuplicateObject@12 006b1144     xboxkrnl:xboxkrnl.exe
 0009:00000408       __imp_@ObfDereferenceObject@4 006b1148     xboxkrnl:xboxkrnl.exe
 0009:0000040c       __imp__KeSetBasePriorityThread@8 006b114c     xboxkrnl:xboxkrnl.exe
 0009:00000410       __imp__ObReferenceObjectByHandle@12 006b1150     xboxkrnl:xboxkrnl.exe
 0009:00000414       __imp__PsThreadObjectType  006b1154     xboxkrnl:xboxkrnl.exe
 0009:00000414       _PsThreadObjectType        006b1154     xboxkrnl:xboxkrnl.exe
 0009:00000418       __imp__KeQueryBasePriorityThread@4 006b1158     xboxkrnl:xboxkrnl.exe
 0009:0000041c       __imp__KeSetDisableBoostThread@8 006b115c     xboxkrnl:xboxkrnl.exe
 0009:00000420       __imp__NtSuspendThread@8   006b1160     xboxkrnl:xboxkrnl.exe
 0009:00000424       __imp__NtResumeThread@8    006b1164     xboxkrnl:xboxkrnl.exe
 0009:00000428       __imp__RtlRaiseException@4 006b1168     xboxkrnl:xboxkrnl.exe
 0009:0000042c       __imp__NtQueueApcThread@20 006b116c     xboxkrnl:xboxkrnl.exe
 0009:00000430       __imp__NtYieldExecution@0  006b1170     xboxkrnl:xboxkrnl.exe
 0009:00000434       __imp__PsTerminateSystemThread@4 006b1174     xboxkrnl:xboxkrnl.exe
 0009:00000438       __imp__KeTimeIncrement     006b1178     xboxkrnl:xboxkrnl.exe
 0009:00000438       _KeTimeIncrement           006b1178     xboxkrnl:xboxkrnl.exe
 0009:0000043c       __imp__PsCreateSystemThreadEx@40 006b117c     xboxkrnl:xboxkrnl.exe
 0009:00000440       __imp__NtWaitForSingleObject@12 006b1180     xboxkrnl:xboxkrnl.exe
 0009:00000444       __imp__NtReadFile@32       006b1184     xboxkrnl:xboxkrnl.exe
 0009:00000448       __imp__NtWriteFile@32      006b1188     xboxkrnl:xboxkrnl.exe
 0009:0000044c       __imp__NtSetInformationFile@20 006b118c     xboxkrnl:xboxkrnl.exe
 0009:00000450       __imp__NtQueryInformationFile@20 006b1190     xboxkrnl:xboxkrnl.exe
 0009:00000454       __imp__NtQueryVolumeInformationFile@20 006b1194     xboxkrnl:xboxkrnl.exe
 0009:00000458       __imp__NtFlushBuffersFile@8 006b1198     xboxkrnl:xboxkrnl.exe
 0009:0000045c       __imp__NtUserIoApcDispatcher@12 006b119c     xboxkrnl:xboxkrnl.exe
 0009:00000460       __imp__NtFsControlFile@40  006b11a0     xboxkrnl:xboxkrnl.exe
 0009:00000464       __imp__NtDeviceIoControlFile@40 006b11a4     xboxkrnl:xboxkrnl.exe
 0009:00000468       __imp__NtReadFileScatter@32 006b11a8     xboxkrnl:xboxkrnl.exe
 0009:0000046c       __imp__NtWriteFileGather@32 006b11ac     xboxkrnl:xboxkrnl.exe
 0009:00000470       __imp__IoQueryVolumeInformation@20 006b11b0     xboxkrnl:xboxkrnl.exe
 0009:00000474       __imp__IoFileObjectType    006b11b4     xboxkrnl:xboxkrnl.exe
 0009:00000474       _IoFileObjectType          006b11b4     xboxkrnl:xboxkrnl.exe
 0009:00000478       __imp__KeSetTimer@16       006b11b8     xboxkrnl:xboxkrnl.exe
 0009:0000047c       __imp__HalInitiateShutdown@0 006b11bc     xboxkrnl:xboxkrnl.exe
 0009:00000480       _XboxHardwareInfo          006b11c0     xboxkrnl:xboxkrnl.exe
 0009:00000480       __imp__XboxHardwareInfo    006b11c0     xboxkrnl:xboxkrnl.exe
 0009:00000484       __imp__KeInitializeDpc@12  006b11c4     xboxkrnl:xboxkrnl.exe
 0009:00000488       __imp__NtOpenFile@24       006b11c8     xboxkrnl:xboxkrnl.exe
 0009:0000048c       __imp__HalReturnToFirmware@4 006b11cc     xboxkrnl:xboxkrnl.exe
 0009:00000490       __imp__MmFreeContiguousMemory@4 006b11d0     xboxkrnl:xboxkrnl.exe
 0009:00000494       __imp__LaunchDataPage      006b11d4     xboxkrnl:xboxkrnl.exe
 0009:00000494       _LaunchDataPage            006b11d4     xboxkrnl:xboxkrnl.exe
 0009:00000498       __imp__HalRegisterShutdownNotification@8 006b11d8     xboxkrnl:xboxkrnl.exe
 0009:0000049c       __imp__RtlNtStatusToDosError@4 006b11dc     xboxkrnl:xboxkrnl.exe
 0009:000004a0       __imp__NtCreateIoCompletion@16 006b11e0     xboxkrnl:xboxkrnl.exe
 0009:000004a4       __imp__NtSetIoCompletion@20 006b11e4     xboxkrnl:xboxkrnl.exe
 0009:000004a8       __imp__NtRemoveIoCompletion@20 006b11e8     xboxkrnl:xboxkrnl.exe
 0009:000004ac       __imp__MmSetAddressProtect@12 006b11ec     xboxkrnl:xboxkrnl.exe
 0009:000004b0       __imp__MmQueryAddressProtect@4 006b11f0     xboxkrnl:xboxkrnl.exe
 0009:000004b4       __imp__XboxKrnlVersion     006b11f4     xboxkrnl:xboxkrnl.exe
 0009:000004b4       _XboxKrnlVersion           006b11f4     xboxkrnl:xboxkrnl.exe
 0009:000004b8       _HalBootSMCVideoMode       006b11f8     xboxkrnl:xboxkrnl.exe
 0009:000004b8       __imp__HalBootSMCVideoMode 006b11f8     xboxkrnl:xboxkrnl.exe
 0009:000004bc       __imp__RtlEqualString@12   006b11fc     xboxkrnl:xboxkrnl.exe
 0009:000004c0       __imp__XeLoadSection@4     006b1200     xboxkrnl:xboxkrnl.exe
 0009:000004c4       __imp__XeUnloadSection@4   006b1204     xboxkrnl:xboxkrnl.exe
 0009:000004c8       __imp__MmPersistContiguousMemory@12 006b1208     xboxkrnl:xboxkrnl.exe
 0009:000004cc       __imp__MmAllocateContiguousMemory@4 006b120c     xboxkrnl:xboxkrnl.exe
 0009:000004d0       __imp__IdexChannelObject   006b1210     xboxkrnl:xboxkrnl.exe
 0009:000004d0       _IdexChannelObject         006b1210     xboxkrnl:xboxkrnl.exe
 0009:000004d4       __imp__NtQuerySymbolicLinkObject@12 006b1214     xboxkrnl:xboxkrnl.exe
 0009:000004d8       __imp__NtOpenSymbolicLinkObject@8 006b1218     xboxkrnl:xboxkrnl.exe
 0009:000004dc       __imp__XcSHAFinal@8        006b121c     xboxkrnl:xboxkrnl.exe
 0009:000004e0       __imp__XcSHAUpdate@12      006b1220     xboxkrnl:xboxkrnl.exe
 0009:000004e4       __imp__XcSHAInit@4         006b1224     xboxkrnl:xboxkrnl.exe
 0009:000004e8       __imp__XeImageFileName     006b1228     xboxkrnl:xboxkrnl.exe
 0009:000004e8       _XeImageFileName           006b1228     xboxkrnl:xboxkrnl.exe
 0009:000004ec       __imp__HalDiskCachePartitionCount 006b122c     xboxkrnl:xboxkrnl.exe
 0009:000004ec       _HalDiskCachePartitionCount 006b122c     xboxkrnl:xboxkrnl.exe
 0009:000004f0       __imp__RtlFillMemoryUlong@12 006b1230     xboxkrnl:xboxkrnl.exe
 0009:000004f4       __imp__NtFreeVirtualMemory@12 006b1234     xboxkrnl:xboxkrnl.exe
 0009:000004f8       __imp__NtAllocateVirtualMemory@20 006b1238     xboxkrnl:xboxkrnl.exe
 0009:000004fc       __imp__KdDebuggerEnabled   006b123c     xboxkrnl:xboxkrnl.exe
 0009:000004fc       _KdDebuggerEnabled         006b123c     xboxkrnl:xboxkrnl.exe
 0009:00000500       __imp__RtlCompareMemoryUlong@12 006b1240     xboxkrnl:xboxkrnl.exe
 0009:00000504       __imp__RtlCompareMemory@12 006b1244     xboxkrnl:xboxkrnl.exe
 0009:00000508       __imp__RtlInitializeCriticalSection@4 006b1248     xboxkrnl:xboxkrnl.exe
 0009:0000050c       __imp__NtQueryVirtualMemory@8 006b124c     xboxkrnl:xboxkrnl.exe
 0009:00000510       __imp__ExFreePool@4        006b1250     xboxkrnl:xboxkrnl.exe
 0009:00000514       __imp__HalGetInterruptVector@8 006b1254     xboxkrnl:xboxkrnl.exe
 0009:00000518       __imp__KeConnectInterrupt@4 006b1258     xboxkrnl:xboxkrnl.exe
 0009:0000051c       __imp__KeInitializeInterrupt@28 006b125c     xboxkrnl:xboxkrnl.exe
 0009:00000520       __imp__KeStallExecutionProcessor@4 006b1260     xboxkrnl:xboxkrnl.exe
 0009:00000524       __imp__MmFreeSystemMemory@8 006b1264     xboxkrnl:xboxkrnl.exe
 0009:00000528       __imp__MmAllocateSystemMemory@8 006b1268     xboxkrnl:xboxkrnl.exe
 0009:0000052c       __imp__XcHMAC@28           006b126c     xboxkrnl:xboxkrnl.exe
 0009:00000530       __imp__XboxHDKey           006b1270     xboxkrnl:xboxkrnl.exe
 0009:00000530       _XboxHDKey                 006b1270     xboxkrnl:xboxkrnl.exe
 0009:00000534       __imp__RtlCompareString@12 006b1274     xboxkrnl:xboxkrnl.exe
 0009:00000538       __imp__MmGetPhysicalAddress@4 006b1278     xboxkrnl:xboxkrnl.exe
 0009:0000053c       __imp__MmLockUnlockBufferPages@12 006b127c     xboxkrnl:xboxkrnl.exe
 0009:00000540       __imp__KeInsertQueueDpc@12 006b1280     xboxkrnl:xboxkrnl.exe
 0009:00000544       __imp__MmLockUnlockPhysicalPage@8 006b1284     xboxkrnl:xboxkrnl.exe
 0009:00000548       _XboxSignatureKey          006b1288     xboxkrnl:xboxkrnl.exe
 0009:00000548       __imp__XboxSignatureKey    006b1288     xboxkrnl:xboxkrnl.exe
 0009:0000054c       _XboxAlternateSignatureKeys 006b128c     xboxkrnl:xboxkrnl.exe
 0009:0000054c       __imp__XboxAlternateSignatureKeys 006b128c     xboxkrnl:xboxkrnl.exe
 0009:00000550       __imp__NtQueryDirectoryFile@40 006b1290     xboxkrnl:xboxkrnl.exe
 0009:00000554       __imp__NtQueryFullAttributesFile@8 006b1294     xboxkrnl:xboxkrnl.exe
 0009:00000558       __imp__FscSetCacheSize@4   006b1298     xboxkrnl:xboxkrnl.exe
 0009:0000055c       __imp__FscGetCacheSize@0   006b129c     xboxkrnl:xboxkrnl.exe
 0009:00000560       __imp__MmAllocateContiguousMemoryEx@20 006b12a0     xboxkrnl:xboxkrnl.exe
 0009:00000564       __imp__MmQueryAllocationSize@4 006b12a4     xboxkrnl:xboxkrnl.exe
 0009:00000568       __imp__AvGetSavedDataAddress@0 006b12a8     xboxkrnl:xboxkrnl.exe
 0009:0000056c       __imp__AvSendTVEncoderOption@16 006b12ac     xboxkrnl:xboxkrnl.exe
 0009:00000570       __imp__AvSetDisplayMode@24 006b12b0     xboxkrnl:xboxkrnl.exe
 0009:00000574       __imp__AvSetSavedDataAddress@4 006b12b4     xboxkrnl:xboxkrnl.exe
 0009:00000578       __imp__MmQueryStatistics@4 006b12b8     xboxkrnl:xboxkrnl.exe
 0009:0000057c       __imp__RtlWalkFrameChain@12 006b12bc     xboxkrnl:xboxkrnl.exe
 0009:00000580       __imp__NtDeleteFile@4      006b12c0     xboxkrnl:xboxkrnl.exe
 0009:00000584       __imp__HalReadWritePCISpace@24 006b12c4     xboxkrnl:xboxkrnl.exe
 0009:00000588       __imp__KeDisconnectInterrupt@4 006b12c8     xboxkrnl:xboxkrnl.exe
 0009:0000058c       __imp__MmClaimGpuInstanceMemory@8 006b12cc     xboxkrnl:xboxkrnl.exe
 0009:00000590       __imp__KeSaveFloatingPointState@4 006b12d0     xboxkrnl:xboxkrnl.exe
 0009:00000594       __imp__KeRestoreFloatingPointState@4 006b12d4     xboxkrnl:xboxkrnl.exe
 0009:00000598       __imp__ExQueryPoolBlockSize@4 006b12d8     xboxkrnl:xboxkrnl.exe
 0009:0000059c       __imp__KeRemoveQueueDpc@4  006b12dc     xboxkrnl:xboxkrnl.exe
 0009:000005a0       __imp__KeSynchronizeExecution@12 006b12e0     xboxkrnl:xboxkrnl.exe
 0009:000005a4       __imp__KeBugCheck@4        006b12e4     xboxkrnl:xboxkrnl.exe
 0009:000005a8       __imp__RtlUnwind@16        006b12e8     xboxkrnl:xboxkrnl.exe
 0009:000005ac       __imp_@IofCompleteRequest@8 006b12ec     xboxkrnl:xboxkrnl.exe
 0009:000005b0       __imp__RtlAnsiStringToUnicodeString@12 006b12f0     xboxkrnl:xboxkrnl.exe
 0009:000005b4       __imp__RtlUnicodeStringToAnsiString@12 006b12f4     xboxkrnl:xboxkrnl.exe
 0009:000005b8       \177xboxkrnl_NULL_THUNK_DATA 006b12f8     xboxkrnl:xboxkrnl.exe
 000b:00000000       _XapiBuildNumberD          006b9e00     xapilibd:xapi0.obj
 000b:00000114       ?XKbdBuildNumber@@3PAGA    006b9f14     libSDLx:queue.obj
 000b:00000128       ?XMouseBuildNumber@@3PAGA  006b9f28     xapilibd:mouse.obj
 000b:0000013c       _D3D8BuildNumberD          006b9f3c     d3d8d:precomp.obj
 000b:00000150       _D3DX8BuildNumberD         006b9f50     d3dx8d:png.obj
 000b:00000164       _DSoundBuildNumberD        006b9f64     dsoundd:dsapi.obj
 000b:00000178       _DMusicBuildNumberD        006b9f78     dmusicd:xguids.obj
 000b:0000018c       _XboxKrnlBuildNumber       006b9f8c     xboxkrnl:bldnum.obj
 000b:000001a0       ___DebugCrtBuildNumberMT   006b9fa0     LIBCMTD:rand.obj
 000c:00000000       __tls_start                006ba0c0     xapilibd:xapitls.obj
 000c:00000108       _XapiLastErrorCode         006ba1c8     xapilibd:error.obj
 000c:0000010c       ___ptd_cur                 006ba1cc     LIBCMTD:tidtable.obj
 000c:00000110       _XapiTlsSlots              006ba1d0     xapilibd:tls.obj
 000c:000002ab       __tls_end                  006ba36b     xapilibd:xapitls.obj

 entry point at        0002:00003f2a

