 ARKANOTRON

 Timestamp is 5f25be84 (Sat Aug 01 21:12:04 2020)

 Preferred load address is 00400000

 Start         Length     Name                   Class
 0001:00000000 000b4cc4H .textbss                DATA
 0002:00000000 000ae5f6H .text                   CODE
 0003:00000000 0003d510H D3D                     CODE
 0003:0003d510 0001f0beH D3D_RD                  CODE
 0003:0005c5d0 000098e8H D3D_URW                 CODE
 0004:00000000 00008e0bH D3DX                    CODE
 0004:00008e10 000026f9H D3DX_RD                 CODE
 0005:00000000 000288bdH DSOUND                  CODE
 0005:000288c0 000270edH DSOUND_RD               CODE
 0005:0004f9b0 00001c79H DSOUND_RW               CODE
 0005:00051630 00001294H DSOUND_URW              CODE
 0006:00000000 00001005H .XID$A                  CODE
 0006:00001008 00001005H .XID$Gamepad            CODE
 0006:00002010 00001005H .XID$IrRemote           CODE
 0006:00003018 00001005H .XID$Keyboard           CODE
 0006:00004020 00001005H .XID$Mouse              CODE
 0006:00005028 00001005H .XID$ZZZ                CODE
 0006:00006030 00001005H .XPP$ClassA             CODE
 0006:00007038 0000100aH .XPP$ClassXID           CODE
 0006:00008044 00001005H .XPP$ClassZZHub         CODE
 0006:0000904c 00001005H .XPP$ClassZZZ           CODE
 0006:0000a051 00001001H .XPP$DATA               CODE
 0006:0000b058 0000136cH .XPP$Data               CODE
 0006:0000c3c4 00002280H .XPPCINIT               CODE
 0006:0000e644 0000aba3H .XPPCODE                CODE
 0006:000191e8 0000381aH .XPPRDATA               CODE
 0006:0001ca08 00001159H .XPPRINIT               CODE
 0007:00000000 0000f8b4H .rdata                  DATA
 0007:0000f8b4 00000196H .rdata$debug            DATA
 0007:0000fa4c 00000104H .rtc$IAA                DATA
 0007:0000fb50 00000284H .rtc$IMZ                DATA
 0007:0000fdd4 00000104H .rtc$IZZ                DATA
 0007:0000fed8 00000104H .rtc$TAA                DATA
 0007:0000ffdc 00000284H .rtc$TMZ                DATA
 0007:00010260 00000104H .rtc$TZZ                DATA
 0007:00010364 00000000H .edata                  DATA
 0008:00000000 00000104H .CRT$RIA                DATA
 0008:00000104 00000104H .CRT$RII10              DATA
 0008:00000208 00000104H .CRT$RII15              DATA
 0008:0000030c 00000104H .CRT$RII20              DATA
 0008:00000410 00000104H .CRT$RIZ                DATA
 0008:00000514 00000104H .CRT$XCA                DATA
 0008:00000618 00000126H .CRT$XCU                DATA
 0008:00000740 00000104H .CRT$XCZ                DATA
 0008:00000844 00000104H .CRT$XIA                DATA
 0008:00000948 00000109H .CRT$XIC                DATA
 0008:00000a54 00000104H .CRT$XIZ                DATA
 0008:00000b58 00000104H .CRT$XPA                DATA
 0008:00000c5c 00000109H .CRT$XPX                DATA
 0008:00000d68 00000104H .CRT$XPZ                DATA
 0008:00000e6c 00000104H .CRT$XTA                DATA
 0008:00000f70 00000104H .CRT$XTZ                DATA
 0008:00001074 00000104H .XAPI$LNA               DATA
 0008:00001178 00000104H .XAPI$LNZ               DATA
 0008:00001280 00042402H .data                   DATA
 0008:000436a0 00018228H .bss                    DATA
 0009:00000000 00000014H .idata$2                DATA
 0009:00000014 00000014H .idata$3                DATA
 0009:00000028 0000031cH .idata$4                DATA
 0009:00000344 0000031cH .idata$5                DATA
 0009:00000660 0000010fH .idata$6                DATA
 000a:00000000 00008933H DOLBY                   DATA
 000b:00000000 00000113H .XBLD$A                 DATA
 000b:00000114 000001a2H .XBLD$V                 DATA
 000c:00000000 00000101H .tls                    DATA
 000c:00000108 000001a3H .tls$                   DATA
 000c:000002ab 00000101H .tls$ZZZ                DATA

  Address         Publics by Value              Rva+Base     Lib:Object

 0000:00000000       ___safe_se_handler_table   00000000     <absolute>
 0000:00000000       ___safe_se_handler_count   00000000     <absolute>
 0000:00000000       __except_list              00000000     <absolute>
 0000:00000004       __tls_array                00000004     <absolute>
 0001:00000000       __enc$textbss$begin        004003e0     <linker-defined>
 0001:000b4cc4       __enc$textbss$end          004b50a4     <linker-defined>
 0002:00008540       _main                      004bd600 f   ARKANOTRON.obj
 0002:00009560       _BallRespown               004be620 f   GAME_Functions.obj
 0002:00009700       _ScaleLine                 004be7c0 f   GUI_Functions.obj
 0002:00009750       _Scale                     004be810 f   GUI_Functions.obj
 0002:00009810       _IsRectColliding           004be8d0 f   GUI_Functions.obj
 0002:000099b0       _Bounce                    004bea70 f   GUI_Functions.obj
 0002:00009c90       _SDL_InitSubSystem         004bed50 f   libSDLx:SDL.obj
 0002:00009e60       _SDL_Init                  004bef20 f   libSDLx:SDL.obj
 0002:00009ee0       _SDL_QuitSubSystem         004befa0 f   libSDLx:SDL.obj
 0002:00009ff0       _SDL_WasInit               004bf0b0 f   libSDLx:SDL.obj
 0002:0000a040       _SDL_Quit                  004bf100 f   libSDLx:SDL.obj
 0002:0000a0a0       _SDL_Linked_Version        004bf160 f   libSDLx:SDL.obj
 0002:0000a0e0       _SDL_JoystickInit          004bf1a0 f   libSDLx:SDL_joystick.obj
 0002:0000a1c0       _SDL_NumJoysticks          004bf280 f   libSDLx:SDL_joystick.obj
 0002:0000a200       _SDL_JoystickName          004bf2c0 f   libSDLx:SDL_joystick.obj
 0002:0000a290       _SDL_JoystickOpen          004bf350 f   libSDLx:SDL_joystick.obj
 0002:0000a620       _SDL_JoystickOpened        004bf6e0 f   libSDLx:SDL_joystick.obj
 0002:0000a6b0       _SDL_JoystickIndex         004bf770 f   libSDLx:SDL_joystick.obj
 0002:0000a780       _SDL_JoystickNumAxes       004bf840 f   libSDLx:SDL_joystick.obj
 0002:0000a7e0       _SDL_JoystickNumHats       004bf8a0 f   libSDLx:SDL_joystick.obj
 0002:0000a840       _SDL_JoystickNumBalls      004bf900 f   libSDLx:SDL_joystick.obj
 0002:0000a8a0       _SDL_JoystickNumButtons    004bf960 f   libSDLx:SDL_joystick.obj
 0002:0000a900       _SDL_JoystickGetAxis       004bf9c0 f   libSDLx:SDL_joystick.obj
 0002:0000a9b0       _SDL_JoystickGetHat        004bfa70 f   libSDLx:SDL_joystick.obj
 0002:0000aa50       _SDL_JoystickGetBall       004bfb10 f   libSDLx:SDL_joystick.obj
 0002:0000ab50       _SDL_JoystickGetButton     004bfc10 f   libSDLx:SDL_joystick.obj
 0002:0000abf0       _SDL_JoystickClose         004bfcb0 f   libSDLx:SDL_joystick.obj
 0002:0000ad90       _SDL_JoystickQuit          004bfe50 f   libSDLx:SDL_joystick.obj
 0002:0000aea0       _SDL_PrivateJoystickAxis   004bff60 f   libSDLx:SDL_joystick.obj
 0002:0000afc0       _SDL_PrivateJoystickHat    004c0080 f   libSDLx:SDL_joystick.obj
 0002:0000b0e0       _SDL_PrivateJoystickBall   004c01a0 f   libSDLx:SDL_joystick.obj
 0002:0000b250       _SDL_PrivateJoystickButton 004c0310 f   libSDLx:SDL_joystick.obj
 0002:0000b3b0       _SDL_JoystickUpdate        004c0470 f   libSDLx:SDL_joystick.obj
 0002:0000b440       _SDL_JoystickEventState    004c0500 f   libSDLx:SDL_joystick.obj
 0002:0000b580       _SDL_VideoInit             004c0640 f   libSDLx:SDL_video.obj
 0002:0000bab0       _SDL_VideoDriverName       004c0b70 f   libSDLx:SDL_video.obj
 0002:0000bb30       _SDL_GetVideoSurface       004c0bf0 f   libSDLx:SDL_video.obj
 0002:0000bb90       _SDL_GetVideoInfo          004c0c50 f   libSDLx:SDL_video.obj
 0002:0000bbf0       _SDL_ListModes             004c0cb0 f   libSDLx:SDL_video.obj
 0002:0000bcb0       _SDL_VideoModeOK           004c0d70 f   libSDLx:SDL_video.obj
 0002:0000bf40       _SDL_SetVideoMode          004c1000 f   libSDLx:SDL_video.obj
 0002:0000cf50       _SDL_DisplayFormat         004c2010 f   libSDLx:SDL_video.obj
 0002:0000d040       _SDL_DisplayFormatAlpha    004c2100 f   libSDLx:SDL_video.obj
 0002:0000d250       _SDL_UpdateRect            004c2310 f   libSDLx:SDL_video.obj
 0002:0000d360       _SDL_UpdateRects           004c2420 f   libSDLx:SDL_video.obj
 0002:0000d750       _SDL_Flip                  004c2810 f   libSDLx:SDL_video.obj
 0002:0000da20       _SDL_SetPalette            004c2ae0 f   libSDLx:SDL_video.obj
 0002:0000e000       _SDL_SetColors             004c30c0 f   libSDLx:SDL_video.obj
 0002:0000e060       _SDL_VideoQuit             004c3120 f   libSDLx:SDL_video.obj
 0002:0000e2f0       _SDL_GL_LoadLibrary        004c33b0 f   libSDLx:SDL_video.obj
 0002:0000e3b0       _SDL_GL_GetProcAddress     004c3470 f   libSDLx:SDL_video.obj
 0002:0000e480       _SDL_GL_SetAttribute       004c3540 f   libSDLx:SDL_video.obj
 0002:0000e6c0       _SDL_GL_GetAttribute       004c3780 f   libSDLx:SDL_video.obj
 0002:0000e780       _SDL_GL_SwapBuffers        004c3840 f   libSDLx:SDL_video.obj
 0002:0000e820       _SDL_GL_UpdateRectsLock    004c38e0 f   libSDLx:SDL_video.obj
 0002:0000e880       _SDL_GL_UpdateRects        004c3940 f   libSDLx:SDL_video.obj
 0002:0000e8b0       _SDL_GL_Lock               004c3970 f   libSDLx:SDL_video.obj
 0002:0000e8e0       _SDL_GL_Unlock             004c39a0 f   libSDLx:SDL_video.obj
 0002:0000e910       _SDL_WM_SetCaption         004c39d0 f   libSDLx:SDL_video.obj
 0002:0000ea70       _SDL_WM_GetCaption         004c3b30 f   libSDLx:SDL_video.obj
 0002:0000eaf0       _SDL_WM_SetIcon            004c3bb0 f   libSDLx:SDL_video.obj
 0002:0000f2a0       _SDL_WM_GrabInput          004c4360 f   libSDLx:SDL_video.obj
 0002:0000f530       _SDL_WM_IconifyWindow      004c45f0 f   libSDLx:SDL_video.obj
 0002:0000f5d0       _SDL_WM_ToggleFullScreen   004c4690 f   libSDLx:SDL_video.obj
 0002:0000f7a0       _SDL_GetWMInfo             004c4860 f   libSDLx:SDL_video.obj
 0002:0000f840       _SDL_CreateRGBSurface      004c4900 f   libSDLx:SDL_surface.obj
 0002:0000fc70       _SDL_CreateRGBSurfaceFrom  004c4d30 f   libSDLx:SDL_surface.obj
 0002:0000fd40       _SDL_SetColorKey           004c4e00 f   libSDLx:SDL_surface.obj
 0002:0000ff20       _SDL_SetAlpha              004c4fe0 f   libSDLx:SDL_surface.obj
 0002:00010160       _SDL_SetAlphaChannel       004c5220 f   libSDLx:SDL_surface.obj
 0002:00010300       _SDL_SetClipRect           004c53c0 f   libSDLx:SDL_surface.obj
 0002:000105b0       _SDL_GetClipRect           004c5670 f   libSDLx:SDL_surface.obj
 0002:00010610       _SDL_LowerBlit             004c56d0 f   libSDLx:SDL_surface.obj
 0002:00010810       _SDL_UpperBlit             004c58d0 f   libSDLx:SDL_surface.obj
 0002:00010bd0       _SDL_FillRect              004c5c90 f   libSDLx:SDL_surface.obj
 0002:00011600       _SDL_LockSurface           004c66c0 f   libSDLx:SDL_surface.obj
 0002:00011700       _SDL_UnlockSurface         004c67c0 f   libSDLx:SDL_surface.obj
 0002:00011800       _SDL_ConvertSurface        004c68c0 f   libSDLx:SDL_surface.obj
 0002:00011cd0       _SDL_FreeSurface           004c6d90 f   libSDLx:SDL_surface.obj
 0002:00011e90       _SDL_Lock_EventThread      004c6f50 f   libSDLx:SDL_events.obj
 0002:00011f20       _SDL_Unlock_EventThread    004c6fe0 f   libSDLx:SDL_events.obj
 0002:00011f90       _SDL_EventThreadID         004c7050 f   libSDLx:SDL_events.obj
 0002:00011fd0       _SDL_StopEventLoop         004c7090 f   libSDLx:SDL_events.obj
 0002:00012120       _SDL_StartEventLoop        004c71e0 f   libSDLx:SDL_events.obj
 0002:00012490       _SDL_PeepEvents            004c7550 f   libSDLx:SDL_events.obj
 0002:00012940       _SDL_PumpEvents            004c7a00 f   libSDLx:SDL_events.obj
 0002:000129f0       _SDL_PollEvent             004c7ab0 f   libSDLx:SDL_events.obj
 0002:00012a60       _SDL_WaitEvent             004c7b20 f   libSDLx:SDL_events.obj
 0002:00012b10       _SDL_PushEvent             004c7bd0 f   libSDLx:SDL_events.obj
 0002:00012b80       _SDL_SetEventFilter        004c7c40 f   libSDLx:SDL_events.obj
 0002:00012c20       _SDL_GetEventFilter        004c7ce0 f   libSDLx:SDL_events.obj
 0002:00012c60       _SDL_EventState            004c7d20 f   libSDLx:SDL_events.obj
 0002:00012e40       _SDL_PrivateSysWMEvent     004c7f00 f   libSDLx:SDL_events.obj
 0002:00012f40       _SDL_KeyboardInit          004c8000 f   libSDLx:SDL_keyboard.obj
 0002:00013be0       _SDL_KeyboardQuit          004c8ca0 f   libSDLx:SDL_keyboard.obj
 0002:00013c10       _SDL_ResetKeyboard         004c8cd0 f   libSDLx:SDL_keyboard.obj
 0002:00013d00       _SDL_EnableUNICODE         004c8dc0 f   libSDLx:SDL_keyboard.obj
 0002:00013d50       _SDL_GetKeyState           004c8e10 f   libSDLx:SDL_keyboard.obj
 0002:00013da0       _SDL_GetModState           004c8e60 f   libSDLx:SDL_keyboard.obj
 0002:00013de0       _SDL_SetModState           004c8ea0 f   libSDLx:SDL_keyboard.obj
 0002:00013e20       _SDL_GetKeyName            004c8ee0 f   libSDLx:SDL_keyboard.obj
 0002:00013e90       _SDL_PrivateKeyboard       004c8f50 f   libSDLx:SDL_keyboard.obj
 0002:000144c0       _SDL_CheckKeyRepeat        004c9580 f   libSDLx:SDL_keyboard.obj
 0002:000145b0       _SDL_EnableKeyRepeat       004c9670 f   libSDLx:SDL_keyboard.obj
 0002:00014650       _SDL_GetKeyRepeat          004c9710 f   libSDLx:SDL_keyboard.obj
 0002:000146a0       _SDL_SetError              004c9760 f   libSDLx:SDL_error.obj
 0002:00014a60       _SDL_GetErrorMsg           004c9b20 f   libSDLx:SDL_error.obj
 0002:00014f40       _SDL_GetError              004ca000 f   libSDLx:SDL_error.obj
 0002:00014fa0       _SDL_ClearError            004ca060 f   libSDLx:SDL_error.obj
 0002:00015000       _SDL_Error                 004ca0c0 f   libSDLx:SDL_error.obj
 0002:000150e0       _SDL_CDROMInit             004ca1a0 f   libSDLx:SDL_cdrom.obj
 0002:00015160       _SDL_CDNumDrives           004ca220 f   libSDLx:SDL_cdrom.obj
 0002:00015270       _SDL_CDName                004ca330 f   libSDLx:SDL_cdrom.obj
 0002:00015320       _SDL_CDOpen                004ca3e0 f   libSDLx:SDL_cdrom.obj
 0002:00015430       _SDL_CDStatus              004ca4f0 f   libSDLx:SDL_cdrom.obj
 0002:000155d0       _SDL_CDPlayTracks          004ca690 f   libSDLx:SDL_cdrom.obj
 0002:00015810       _SDL_CDPlay                004ca8d0 f   libSDLx:SDL_cdrom.obj
 0002:00015890       _SDL_CDPause               004ca950 f   libSDLx:SDL_cdrom.obj
 0002:00015960       _SDL_CDResume              004caa20 f   libSDLx:SDL_cdrom.obj
 0002:00015a30       _SDL_CDStop                004caaf0 f   libSDLx:SDL_cdrom.obj
 0002:00015b00       _SDL_CDEject               004cabc0 f   libSDLx:SDL_cdrom.obj
 0002:00015b80       _SDL_CDClose               004cac40 f   libSDLx:SDL_cdrom.obj
 0002:00015c10       _SDL_CDROMQuit             004cacd0 f   libSDLx:SDL_cdrom.obj
 0002:00015c70       _SDL_RunAudio              004cad30 f   libSDLx:SDL_audio.obj
 0002:00015f70       _SDL_AudioInit             004cb030 f   libSDLx:SDL_audio.obj
 0002:00016290       _SDL_AudioDriverName       004cb350 f   libSDLx:SDL_audio.obj
 0002:00016310       _SDL_OpenAudio             004cb3d0 f   libSDLx:SDL_audio.obj
 0002:00016aa0       _SDL_GetAudioStatus        004cbb60 f   libSDLx:SDL_audio.obj
 0002:00016b20       _SDL_PauseAudio            004cbbe0 f   libSDLx:SDL_audio.obj
 0002:00016b70       _SDL_LockAudio             004cbc30 f   libSDLx:SDL_audio.obj
 0002:00016bf0       _SDL_UnlockAudio           004cbcb0 f   libSDLx:SDL_audio.obj
 0002:00016c70       _SDL_CloseAudio            004cbd30 f   libSDLx:SDL_audio.obj
 0002:00016cc0       _SDL_AudioQuit             004cbd80 f   libSDLx:SDL_audio.obj
 0002:00016e20       _SDL_FirstAudioFormat      004cbee0 f   libSDLx:SDL_audio.obj
 0002:00016ec0       _SDL_NextAudioFormat       004cbf80 f   libSDLx:SDL_audio.obj
 0002:00016f50       _SDL_CalculateAudioSpec    004cc010 f   libSDLx:SDL_audio.obj
 0002:00017010       _SDL_Audio_SetCaption      004cc0d0 f   libSDLx:SDL_audio.obj
 0002:00017090       _SDL_putenv                004cc150 f   libSDLx:SDL_getenv.obj
 0002:000172d0       _SDL_getenv                004cc390 f   libSDLx:SDL_getenv.obj
 0002:000173e0       _SDL_SetTimerThreaded      004cc4a0 f   libSDLx:SDL_timer.obj
 0002:00017460       _SDL_TimerInit             004cc520 f   libSDLx:SDL_timer.obj
 0002:00017500       _SDL_TimerQuit             004cc5c0 f   libSDLx:SDL_timer.obj
 0002:000175b0       _SDL_ThreadedTimerCheck    004cc670 f   libSDLx:SDL_timer.obj
 0002:00017800       _SDL_AddTimer              004cc8c0 f   libSDLx:SDL_timer.obj
 0002:000179c0       _SDL_RemoveTimer           004cca80 f   libSDLx:SDL_timer.obj
 0002:00017ad0       _SDL_SetTimer              004ccb90 f   libSDLx:SDL_timer.obj
 0002:00017ca0       _SDL_StartTicks            004ccd60 f   libSDLx:SDL_systimer.obj
 0002:00017d00       _SDL_GetTicks              004ccdc0 f   libSDLx:SDL_systimer.obj
 0002:00017e40       _SDL_Delay                 004ccf00 f   libSDLx:SDL_systimer.obj
 0002:00017e90       _SDL_SYS_TimerInit         004ccf50 f   libSDLx:SDL_systimer.obj
 0002:00017f70       _SDL_SYS_TimerQuit         004cd030 f   libSDLx:SDL_systimer.obj
 0002:00017fd0       _SDL_SYS_StartTimer        004cd090 f   libSDLx:SDL_systimer.obj
 0002:00018030       _SDL_SYS_StopTimer         004cd0f0 f   libSDLx:SDL_systimer.obj
 0002:00018060       _SDL_InstallParachute      004cd120 f   libSDLx:SDL_fatal.obj
 0002:00018090       _SDL_UninstallParachute    004cd150 f   libSDLx:SDL_fatal.obj
 0002:000180c0       _xfabsf                    004cd180 f   libSDLx:SDL_sysjoystick.obj
 0002:00018160       _SDL_SYS_JoystickInit      004cd220 f   libSDLx:SDL_sysjoystick.obj
 0002:000181a0       _SDL_SYS_JoystickName      004cd260 f   libSDLx:SDL_sysjoystick.obj
 0002:000181e0       _SDL_SYS_JoystickOpen      004cd2a0 f   libSDLx:SDL_sysjoystick.obj
 0002:00018400       _SDL_SYS_JoystickUpdate    004cd4c0 f   libSDLx:SDL_sysjoystick.obj
 0002:00018f50       _SDL_SYS_JoystickClose     004ce010 f   libSDLx:SDL_sysjoystick.obj
 0002:00018fb0       _SDL_SYS_JoystickQuit      004ce070 f   libSDLx:SDL_sysjoystick.obj
 0002:00018fe0       _XBInput_RefreshDeviceList 004ce0a0 f   libSDLx:SDL_sysjoystick.obj
 0002:00019230       _SDL_XBOX_SetScreenPosition 004ce2f0 f   libSDLx:SDL_xboxvideo.obj
 0002:000192b0       _SDL_XBOX_SetScreenStretch 004ce370 f   libSDLx:SDL_xboxvideo.obj
 0002:00019330       _SDL_XBOX_GetScreenPosition 004ce3f0 f   libSDLx:SDL_xboxvideo.obj
 0002:00019390       _SDL_XBOX_GetScreenStretch 004ce450 f   libSDLx:SDL_xboxvideo.obj
 0002:000193f0       _SDL_XBOX_SetFlickerFilter 004ce4b0 f   libSDLx:SDL_xboxvideo.obj
 0002:00019450       _SDL_XBOX_SetSoftDisplayFilter 004ce510 f   libSDLx:SDL_xboxvideo.obj
 0002:0001c000       _SDL_CursorQuit            004d10c0 f   libSDLx:SDL_cursor.obj
 0002:0001c0f0       _SDL_CursorInit            004d11b0 f   libSDLx:SDL_cursor.obj
 0002:0001c1a0       _SDL_CreateCursor          004d1260 f   libSDLx:SDL_cursor.obj
 0002:0001c480       _SDL_SetCursor             004d1540 f   libSDLx:SDL_cursor.obj
 0002:0001c7b0       _SDL_GetCursor             004d1870 f   libSDLx:SDL_cursor.obj
 0002:0001c7f0       _SDL_FreeCursor            004d18b0 f   libSDLx:SDL_cursor.obj
 0002:0001c920       _SDL_ShowCursor            004d19e0 f   libSDLx:SDL_cursor.obj
 0002:0001ca60       _SDL_WarpMouse             004d1b20 f   libSDLx:SDL_cursor.obj
 0002:0001cc20       _SDL_MoveCursor            004d1ce0 f   libSDLx:SDL_cursor.obj
 0002:0001cd70       _SDL_CursorPaletteChanged  004d1e30 f   libSDLx:SDL_cursor.obj
 0002:0001cdb0       _SDL_MouseRect             004d1e70 f   libSDLx:SDL_cursor.obj
 0002:0001cf50       _SDL_DrawCursorNoLock      004d2010 f   libSDLx:SDL_cursor.obj
 0002:0001ddd0       _SDL_DrawCursor            004d2e90 f   libSDLx:SDL_cursor.obj
 0002:0001df40       _SDL_EraseCursorNoLock     004d3000 f   libSDLx:SDL_cursor.obj
 0002:0001e2b0       _SDL_EraseCursor           004d3370 f   libSDLx:SDL_cursor.obj
 0002:0001e420       _SDL_ResetCursor           004d34e0 f   libSDLx:SDL_cursor.obj
 0002:0001e4d0       _SDL_revcpy                004d3590 f   libSDLx:SDL_string.obj
 0002:0001e580       _SDL_strlcpy               004d3640 f   libSDLx:SDL_string.obj
 0002:0001e640       _SDL_strlcat               004d3700 f   libSDLx:SDL_string.obj
 0002:0001e6e0       _SDL_strdup                004d37a0 f   libSDLx:SDL_string.obj
 0002:0001e770       _SDL_lltoa                 004d3830 f   libSDLx:SDL_string.obj
 0002:0001e8c0       _SDL_ulltoa                004d3980 f   libSDLx:SDL_string.obj
 0002:0001e9b0       _SDL_strtoull              004d3a70 f   libSDLx:SDL_string.obj
 0002:0001ec40       _SDL_snprintf              004d3d00 f   libSDLx:SDL_string.obj
 0002:0001ecc0       _SDL_vsnprintf             004d3d80 f   libSDLx:SDL_string.obj
 0002:0001f910       _SDL_MouseInit             004d49d0 f   libSDLx:SDL_mouse.obj
 0002:0001f990       _SDL_MouseQuit             004d4a50 f   libSDLx:SDL_mouse.obj
 0002:0001f9c0       _SDL_ResetMouse            004d4a80 f   libSDLx:SDL_mouse.obj
 0002:0001fa60       _SDL_GetMouseState         004d4b20 f   libSDLx:SDL_mouse.obj
 0002:0001fad0       _SDL_GetRelativeMouseState 004d4b90 f   libSDLx:SDL_mouse.obj
 0002:0001fb50       _SDL_SetMouseRange         004d4c10 f   libSDLx:SDL_mouse.obj
 0002:0001fba0       _SDL_PrivateMouseMotion    004d4c60 f   libSDLx:SDL_mouse.obj
 0002:0001ff70       _SDL_PrivateMouseButton    004d5030 f   libSDLx:SDL_mouse.obj
 0002:00020230       _SDL_CreateMutex           004d52f0 f   libSDLx:SDL_sysmutex.obj
 0002:000202e0       _SDL_DestroyMutex          004d53a0 f   libSDLx:SDL_sysmutex.obj
 0002:00020360       _SDL_mutexP                004d5420 f   libSDLx:SDL_sysmutex.obj
 0002:000203f0       _SDL_mutexV                004d54b0 f   libSDLx:SDL_sysmutex.obj
 0002:00020480       _SDL_AllocFormat           004d5540 f   libSDLx:SDL_pixels.obj
 0002:00020d20       _SDL_ReallocFormat         004d5de0 f   libSDLx:SDL_pixels.obj
 0002:00020dc0       _SDL_FormatChanged         004d5e80 f   libSDLx:SDL_pixels.obj
 0002:00020e40       _SDL_FreeFormat            004d5f00 f   libSDLx:SDL_pixels.obj
 0002:00020ee0       _SDL_DitherColors          004d5fa0 f   libSDLx:SDL_pixels.obj
 0002:00021000       _SDL_CalculatePitch        004d60c0 f   libSDLx:SDL_pixels.obj
 0002:000210c0       _SDL_FindColor             004d6180 f   libSDLx:SDL_pixels.obj
 0002:000211d0       _SDL_MapRGB                004d6290 f   libSDLx:SDL_pixels.obj
 0002:000212a0       _SDL_MapRGBA               004d6360 f   libSDLx:SDL_pixels.obj
 0002:00021390       _SDL_GetRGBA               004d6450 f   libSDLx:SDL_pixels.obj
 0002:00021580       _SDL_GetRGB                004d6640 f   libSDLx:SDL_pixels.obj
 0002:00021700       _SDL_ApplyGamma            004d67c0 f   libSDLx:SDL_pixels.obj
 0002:000217d0       _SDL_AllocBlitMap          004d6890 f   libSDLx:SDL_pixels.obj
 0002:000218b0       _SDL_InvalidateMap         004d6970 f   libSDLx:SDL_pixels.obj
 0002:00021940       _SDL_MapSurface            004d6a00 f   libSDLx:SDL_pixels.obj
 0002:00022260       _SDL_FreeBlitMap           004d7320 f   libSDLx:SDL_pixels.obj
 0002:000222f0       _SDL_PrivateResize         004d73b0 f   libSDLx:SDL_resize.obj
 0002:00022490       _SDL_RLEBlit               004d7550 f   libSDLx:SDL_RLEaccel.obj
 0002:00029490       _SDL_RLEAlphaBlit          004de550 f   libSDLx:SDL_RLEaccel.obj
 0002:0002b170       _SDL_RLESurface            004e0230 f   libSDLx:SDL_RLEaccel.obj
 0002:0002cc10       _SDL_UnRLESurface          004e1cd0 f   libSDLx:SDL_RLEaccel.obj
 0002:0002d5c0       _SDL_SYS_CreateThread      004e2680 f   libSDLx:SDL_systhread.obj
 0002:0002d6f0       _SDL_SYS_SetupThread       004e27b0 f   libSDLx:SDL_systhread.obj
 0002:0002d720       _SDL_ThreadID              004e27e0 f   libSDLx:SDL_systhread.obj
 0002:0002d770       _SDL_SYS_WaitThread        004e2830 f   libSDLx:SDL_systhread.obj
 0002:0002d7d0       _SDL_SYS_KillThread        004e2890 f   libSDLx:SDL_systhread.obj
 0002:0002d830       _SDL_QuitInit              004e28f0 f   libSDLx:SDL_quit.obj
 0002:0002d860       _SDL_QuitQuit              004e2920 f   libSDLx:SDL_quit.obj
 0002:0002d890       _SDL_PrivateQuit           004e2950 f   libSDLx:SDL_quit.obj
 0002:0002d970       _SDL_AppActiveInit         004e2a30 f   libSDLx:SDL_active.obj
 0002:0002d9b0       _SDL_AppActiveQuit         004e2a70 f   libSDLx:SDL_active.obj
 0002:0002d9e0       _SDL_GetAppState           004e2aa0 f   libSDLx:SDL_active.obj
 0002:0002da20       _SDL_PrivateAppActive      004e2ae0 f   libSDLx:SDL_active.obj
 0002:0002dbb0       _SDL_ThreadsInit           004e2c70 f   libSDLx:SDL_thread.obj
 0002:0002dc20       _SDL_ThreadsQuit           004e2ce0 f   libSDLx:SDL_thread.obj
 0002:0002dc90       _SDL_GetErrBuf             004e2d50 f   libSDLx:SDL_thread.obj
 0002:0002dd70       _SDL_RunThread             004e2e30 f   libSDLx:SDL_thread.obj
 0002:0002de30       _SDL_CreateThread          004e2ef0 f   libSDLx:SDL_thread.obj
 0002:0002e260       _SDL_WaitThread            004e3320 f   libSDLx:SDL_thread.obj
 0002:0002e2f0       _SDL_GetThreadID           004e33b0 f   libSDLx:SDL_thread.obj
 0002:0002e350       _SDL_KillThread            004e3410 f   libSDLx:SDL_thread.obj
 0002:0002e3c0       _SDL_SYS_CDInit            004e3480 f   libSDLx:SDL_syscdrom.obj
 0002:0002e780       _SDL_SYS_CDQuit            004e3840 f   libSDLx:SDL_syscdrom.obj
 0002:0002e960       _Remount                   004e3a20 f   libSDLx:SDL_syscdrom.obj
 0002:0002eb50       _Mount                     004e3c10 f   libSDLx:SDL_syscdrom.obj
 0002:0002ec80       _Unmount                   004e3d40 f   libSDLx:SDL_syscdrom.obj
 0002:0002f260       _TocValToFrames            004e4320 f i libSDLx:SDL_syscdrom.obj
 0002:0002f2c0       _MsfToFrames               004e4380 f i libSDLx:SDL_syscdrom.obj
 0002:0002f320       _TocValToMsf               004e43e0 f i libSDLx:SDL_syscdrom.obj
 0002:0002f700       _cdrom_cdda_play           004e47c0 f   libSDLx:SDL_syscdrom.obj
 0002:0002f840       _cddapause                 004e4900 f   libSDLx:SDL_syscdrom.obj
 0002:0002f950       _cddaprocess               004e4a10 f   libSDLx:SDL_syscdrom.obj
 0002:0002fdf0       _ReadSectorCDDA            004e4eb0 f   libSDLx:SDL_syscdrom.obj
 0002:000301d0       _XboxDX_SoundFocus         004e5290 f   libSDLx:SDL_xboxaudio.obj
 0002:000310c0       _SDL_ConvertMono           004e6180 f   libSDLx:SDL_audiocvt.obj
 0002:00031640       _SDL_ConvertStrip          004e6700 f   libSDLx:SDL_audiocvt.obj
 0002:00031c50       _SDL_ConvertStrip_2        004e6d10 f   libSDLx:SDL_audiocvt.obj
 0002:00032260       _SDL_ConvertStereo         004e7320 f   libSDLx:SDL_audiocvt.obj
 0002:00032420       _SDL_ConvertSurround       004e74e0 f   libSDLx:SDL_audiocvt.obj
 0002:00033150       _SDL_ConvertSurround_4     004e8210 f   libSDLx:SDL_audiocvt.obj
 0002:00033c80       _SDL_Convert16LSB          004e8d40 f   libSDLx:SDL_audiocvt.obj
 0002:00033db0       _SDL_Convert16MSB          004e8e70 f   libSDLx:SDL_audiocvt.obj
 0002:00033ee0       _SDL_Convert8              004e8fa0 f   libSDLx:SDL_audiocvt.obj
 0002:00034020       _SDL_ConvertSign           004e90e0 f   libSDLx:SDL_audiocvt.obj
 0002:00034190       _SDL_ConvertEndian         004e9250 f   libSDLx:SDL_audiocvt.obj
 0002:000342a0       _SDL_RateMUL2              004e9360 f   libSDLx:SDL_audiocvt.obj
 0002:00034470       _SDL_RateMUL2_c2           004e9530 f   libSDLx:SDL_audiocvt.obj
 0002:000346b0       _SDL_RateMUL2_c4           004e9770 f   libSDLx:SDL_audiocvt.obj
 0002:000349b0       _SDL_RateMUL2_c6           004e9a70 f   libSDLx:SDL_audiocvt.obj
 0002:00034d70       _SDL_RateDIV2              004e9e30 f   libSDLx:SDL_audiocvt.obj
 0002:00034f10       _SDL_RateDIV2_c2           004e9fd0 f   libSDLx:SDL_audiocvt.obj
 0002:000350e0       _SDL_RateDIV2_c4           004ea1a0 f   libSDLx:SDL_audiocvt.obj
 0002:00035310       _SDL_RateDIV2_c6           004ea3d0 f   libSDLx:SDL_audiocvt.obj
 0002:000355a0       _SDL_RateSLOW              004ea660 f   libSDLx:SDL_audiocvt.obj
 0002:000358c0       _SDL_ConvertAudio          004ea980 f   libSDLx:SDL_audiocvt.obj
 0002:00035980       _SDL_BuildAudioCVT         004eaa40 f   libSDLx:SDL_audiocvt.obj
 0002:00036150       _XBOX_PumpEvents           004eb210 f   libSDLx:SDL_xboxevents.obj
 0002:000361a0       _XBOX_InitOSKeymap         004eb260 f   libSDLx:SDL_xboxevents.obj
 0002:00036970       _XBInput_GetKeyboardInput  004eba30 f   libSDLx:SDL_xboxevents.obj
 0002:00036ef0       _Mouse_RefreshDeviceList   004ebfb0 f   libSDLx:SDL_xboxevents.obj
 0002:00037100       _SDL_CalculateBlit         004ec1c0 f   libSDLx:SDL_blit.obj
 0002:00037b60       _SDL_CreateSemaphore       004ecc20 f   libSDLx:SDL_syssem.obj
 0002:00037c30       _SDL_DestroySemaphore      004eccf0 f   libSDLx:SDL_syssem.obj
 0002:00037cb0       _SDL_SemWaitTimeout        004ecd70 f   libSDLx:SDL_syssem.obj
 0002:00037db0       _SDL_SemTryWait            004ece70 f   libSDLx:SDL_syssem.obj
 0002:00037e00       _SDL_SemWait               004ecec0 f   libSDLx:SDL_syssem.obj
 0002:00037e50       _SDL_SemValue              004ecf10 f   libSDLx:SDL_syssem.obj
 0002:00037ec0       _SDL_SemPost               004ecf80 f   libSDLx:SDL_syssem.obj
 0002:0003add0       _SDL_CalculateBlitN        004efe90 f   libSDLx:SDL_blit_N.obj
 0002:000472a0       _SDL_CalculateBlit1        004fc360 f   libSDLx:SDL_blit_1.obj
 0002:0004bca0       _SDL_CalculateBlit0        00500d60 f   libSDLx:SDL_blit_0.obj
 0002:0004ca40       _SDL_HasRDTSC              00501b00 f   libSDLx:SDL_cpuinfo.obj
 0002:0004d020       _SDL_HasMMX                005020e0 f   libSDLx:SDL_cpuinfo.obj
 0002:0004d080       _SDL_HasMMXExt             00502140 f   libSDLx:SDL_cpuinfo.obj
 0002:0004d0e0       _SDL_Has3DNow              005021a0 f   libSDLx:SDL_cpuinfo.obj
 0002:0004d140       _SDL_Has3DNowExt           00502200 f   libSDLx:SDL_cpuinfo.obj
 0002:0004d1a0       _SDL_HasSSE                00502260 f   libSDLx:SDL_cpuinfo.obj
 0002:0004d200       _SDL_HasSSE2               005022c0 f   libSDLx:SDL_cpuinfo.obj
 0002:0004d260       _SDL_HasAltiVec            00502320 f   libSDLx:SDL_cpuinfo.obj
 0002:0004d2c0       _SDL_CalculateAlphaBlit    00502380 f   libSDLx:SDL_blit_A.obj
 0002:00058af0       _IMG_Linked_Version        0050dbb0 f   SDL_Image:IMG.obj
 0002:00058b40       _IMG_Init                  0050dc00 f   SDL_Image:IMG.obj
 0002:00058c60       _IMG_Quit                  0050dd20 f   SDL_Image:IMG.obj
 0002:00058d00       _IMG_Load                  0050ddc0 f   SDL_Image:IMG.obj
 0002:00058db0       _IMG_Load_RW               0050de70 f   SDL_Image:IMG.obj
 0002:00058e10       _IMG_LoadTyped_RW          0050ded0 f   SDL_Image:IMG.obj
 0002:000590d0       _IMG_InvertAlpha           0050e190 f   SDL_Image:IMG.obj
 0002:00059110       _IMG_InitWEBP              0050e1d0 f   SDL_Image:IMG_webp.obj
 0002:00059170       _IMG_QuitWEBP              0050e230 f   SDL_Image:IMG_webp.obj
 0002:000591a0       _IMG_isWEBP                0050e260 f   SDL_Image:IMG_webp.obj
 0002:000591d0       _IMG_LoadWEBP_RW           0050e290 f   SDL_Image:IMG_webp.obj
 0002:00059200       _IMG_isXV                  0050e2c0 f   SDL_Image:IMG_xv.obj
 0002:00059230       _IMG_LoadXV_RW             0050e2f0 f   SDL_Image:IMG_xv.obj
 0002:00059260       _IMG_isXPM                 0050e320 f   SDL_Image:IMG_xpm.obj
 0002:00059390       _IMG_LoadXPM_RW            0050e450 f   SDL_Image:IMG_xpm.obj
 0002:0005a600       _IMG_ReadXPMFromArray      0050f6c0 f   SDL_Image:IMG_xpm.obj
 0002:0005a650       _IMG_isXCF                 0050f710 f   SDL_Image:IMG_xcf.obj
 0002:0005a680       _IMG_LoadXCF_RW            0050f740 f   SDL_Image:IMG_xcf.obj
 0002:0005a6b0       _IMG_InitTIF               0050f770 f   SDL_Image:IMG_tif.obj
 0002:0005a710       _IMG_QuitTIF               0050f7d0 f   SDL_Image:IMG_tif.obj
 0002:0005a740       _IMG_isTIF                 0050f800 f   SDL_Image:IMG_tif.obj
 0002:0005a770       _IMG_LoadTIF_RW            0050f830 f   SDL_Image:IMG_tif.obj
 0002:0005a7a0       _IMG_isPNM                 0050f860 f   SDL_Image:IMG_pnm.obj
 0002:0005a8d0       _IMG_LoadPNM_RW            0050f990 f   SDL_Image:IMG_pnm.obj
 0002:0005b190       _IMG_InitPNG               00510250 f   SDL_Image:IMG_png.obj
 0002:0005b2c0       _IMG_QuitPNG               00510380 f   SDL_Image:IMG_png.obj
 0002:0005b310       _IMG_isPNG                 005103d0 f   SDL_Image:IMG_png.obj
 0002:0005b450       _IMG_LoadPNG_RW            00510510 f   SDL_Image:IMG_png.obj
 0002:0005bf90       _IMG_isPCX                 00511050 f   SDL_Image:IMG_pcx.obj
 0002:0005c100       _IMG_LoadPCX_RW            005111c0 f   SDL_Image:IMG_pcx.obj
 0002:0005cc90       _IMG_isLBM                 00511d50 f   SDL_Image:IMG_lbm.obj
 0002:0005cdf0       _IMG_LoadLBM_RW            00511eb0 f   SDL_Image:IMG_lbm.obj
 0002:0005e490       _IMG_InitJPG               00513550 f   SDL_Image:IMG_jpg.obj
 0002:0005e550       _IMG_QuitJPG               00513610 f   SDL_Image:IMG_jpg.obj
 0002:0005e5a0       _IMG_isJPG                 00513660 f   SDL_Image:IMG_jpg.obj
 0002:0005e8a0       _IMG_LoadJPG_RW            00513960 f   SDL_Image:IMG_jpg.obj
 0002:0005f060       _IMG_isGIF                 00514120 f   SDL_Image:IMG_gif.obj
 0002:0005f1c0       _IMG_LoadGIF_RW            00514280 f   SDL_Image:IMG_gif.obj
 0002:00060910       _IMG_isBMP                 005159d0 f   SDL_Image:IMG_bmp.obj
 0002:00060a40       _IMG_isICO                 00515b00 f   SDL_Image:IMG_bmp.obj
 0002:00060ba0       _IMG_isCUR                 00515c60 f   SDL_Image:IMG_bmp.obj
 0002:00060bf0       _IMG_LoadBMP_RW            00515cb0 f   SDL_Image:IMG_bmp.obj
 0002:00062080       _IMG_LoadICO_RW            00517140 f   SDL_Image:IMG_bmp.obj
 0002:00062f10       _IMG_LoadCUR_RW            00517fd0 f   SDL_Image:IMG_bmp.obj
 0002:00062f70       _IMG_LoadTGA_RW            00518030 f   SDL_Image:IMG_tga.obj
 0002:00063d90       _jpeg_std_error            00518e50 f   SDL_Image:jerror.obj
 0002:000642b0       _jpeg_start_decompress     00519370 f   SDL_Image:jdapistd.obj
 0002:000646b0       _jpeg_read_scanlines       00519770 f   SDL_Image:jdapistd.obj
 0002:00064870       _jpeg_read_raw_data        00519930 f   SDL_Image:jdapistd.obj
 0002:00064a40       _jpeg_start_output         00519b00 f   SDL_Image:jdapistd.obj
 0002:00064b40       _jpeg_finish_output        00519c00 f   SDL_Image:jdapistd.obj
 0002:00064ca0       _jpeg_resync_to_restart    00519d60 f   SDL_Image:jdmarker.obj
 0002:000651c0       _jinit_marker_reader       0051a280 f   SDL_Image:jdmarker.obj
 0002:00068b40       _jpeg_save_markers         0051dc00 f   SDL_Image:jdmarker.obj
 0002:00069200       _jpeg_set_marker_processor 0051e2c0 f   SDL_Image:jdmarker.obj
 0002:000692d0       _jpeg_CreateDecompress     0051e390 f   SDL_Image:jdapimin.obj
 0002:00069520       _jpeg_destroy_decompress   0051e5e0 f   SDL_Image:jdapimin.obj
 0002:00069570       _jpeg_abort_decompress     0051e630 f   SDL_Image:jdapimin.obj
 0002:000695c0       _jpeg_read_header          0051e680 f   SDL_Image:jdapimin.obj
 0002:00069700       _jpeg_consume_input        0051e7c0 f   SDL_Image:jdapimin.obj
 0002:00069d20       _jpeg_input_complete       0051ede0 f   SDL_Image:jdapimin.obj
 0002:00069dd0       _jpeg_has_multiple_scans   0051ee90 f   SDL_Image:jdapimin.obj
 0002:00069e80       _jpeg_finish_decompress    0051ef40 f   SDL_Image:jdapimin.obj
 0002:0006a040       _jpeg_calc_output_dimensions 0051f100 f   SDL_Image:jdmaster.obj
 0002:0006a620       _jpeg_new_colormap         0051f6e0 f   SDL_Image:jdmaster.obj
 0002:0006a750       _jinit_master_decompress   0051f810 f   SDL_Image:jdmaster.obj
 0002:0006b220       _jpeg_abort                005202e0 f   SDL_Image:jcomapi.obj
 0002:0006b2f0       _jpeg_destroy              005203b0 f   SDL_Image:jcomapi.obj
 0002:0006b380       _jpeg_alloc_quant_table    00520440 f   SDL_Image:jcomapi.obj
 0002:0006b400       _jpeg_alloc_huff_table     005204c0 f   SDL_Image:jcomapi.obj
 0002:0006b480       _jdiv_round_up             00520540 f   SDL_Image:jutils.obj
 0002:0006b4c0       _jround_up                 00520580 f   SDL_Image:jutils.obj
 0002:0006b510       _jcopy_sample_rows         005205d0 f   SDL_Image:jutils.obj
 0002:0006b5e0       _jcopy_block_row           005206a0 f   SDL_Image:jutils.obj
 0002:0006b640       _jzero_far                 00520700 f   SDL_Image:jutils.obj
 0002:0006b6a0       _jinit_input_controller    00520760 f   SDL_Image:jdinput.obj
 0002:0006c490       _jinit_memory_mgr          00521550 f   SDL_Image:jmemmgr.obj
 0002:0006e150       _jinit_d_main_controller   00523210 f   SDL_Image:jdmainct.obj
 0002:0006ef50       _jinit_d_coef_controller   00524010 f   SDL_Image:jdcoefct.obj
 0002:00070e50       _jpeg_make_d_derived_tbl   00525f10 f   SDL_Image:jdhuff.obj
 0002:000713f0       _jpeg_fill_bit_buffer      005264b0 f   SDL_Image:jdhuff.obj
 0002:00071670       _jpeg_huff_decode          00526730 f   SDL_Image:jdhuff.obj
 0002:00071850       _jinit_huff_decoder        00526910 f   SDL_Image:jdhuff.obj
 0002:000726c0       _jinit_phuff_decoder       00527780 f   SDL_Image:jdphuff.obj
 0002:00074220       _jinit_inverse_dct         005292e0 f   SDL_Image:jddctmgr.obj
 0002:000747a0       _jinit_d_post_controller   00529860 f   SDL_Image:jdpostct.obj
 0002:00074f70       _jinit_upsampler           0052a030 f   SDL_Image:jdsample.obj
 0002:00075e40       _jinit_color_deconverter   0052af00 f   SDL_Image:jdcolor.obj
 0002:00076b00       _jinit_merged_upsampler    0052bbc0 f   SDL_Image:jdmerge.obj
 0002:000778e0       _jinit_2pass_quantizer     0052c9a0 f   SDL_Image:jquant2.obj
 0002:0007a490       _jinit_1pass_quantizer     0052f550 f   SDL_Image:jquant1.obj
 0002:0007bde0       _jpeg_get_small            00530ea0 f   SDL_Image:jmemansi.obj
 0002:0007be30       _jpeg_free_small           00530ef0 f   SDL_Image:jmemansi.obj
 0002:0007be80       _jpeg_get_large            00530f40 f   SDL_Image:jmemansi.obj
 0002:0007bed0       _jpeg_free_large           00530f90 f   SDL_Image:jmemansi.obj
 0002:0007bf20       _jpeg_mem_available        00530fe0 f   SDL_Image:jmemansi.obj
 0002:0007bf60       _jpeg_open_backing_store   00531020 f   SDL_Image:jmemansi.obj
 0002:0007c250       _jpeg_mem_init             00531310 f   SDL_Image:jmemansi.obj
 0002:0007c290       _jpeg_mem_term             00531350 f   SDL_Image:jmemansi.obj
 0002:0007c2c0       _jpeg_idct_float           00531380 f   SDL_Image:jidctflt.obj
 0002:0007cd30       _jpeg_idct_ifast           00531df0 f   SDL_Image:jidctfst.obj
 0002:0007d7e0       _jpeg_idct_islow           005328a0 f   SDL_Image:jidctint.obj
 0002:0007e3d0       _jpeg_idct_4x4             00533490 f   SDL_Image:jidctred.obj
 0002:0007ea30       _jpeg_idct_2x2             00533af0 f   SDL_Image:jidctred.obj
 0002:0007ee20       _jpeg_idct_1x1             00533ee0 f   SDL_Image:jidctred.obj
 0002:0007eedb       _mainXapiStartup@4         00533f9b f   xapilibd:xapi0.obj
 0002:0007ef7b       _mainCRTStartup            0053403b f   xapilibd:xapi0.obj
 0002:0007f009       _XboxTimeZoneNameToWstr@8  005340c9 f i xapilibd:datetime.obj
 0002:0007f034       _XboxTimeZoneDateToSystemTime@8 005340f4 f i xapilibd:datetime.obj
 0002:0007f07c       _XapipQueryTimeZoneInformation@8 0053413c f   xapilibd:datetime.obj
 0002:0007f150       _XapipUseDaylightSavingTime@0 00534210 f   xapilibd:datetime.obj
 0002:0007f187       _GetSystemTime@4           00534247 f   xapilibd:datetime.obj
 0002:0007f204       _GetTickCount@0            005342c4 f   xapilibd:datetime.obj
 0002:0007f20e       _FileTimeToSystemTime@8    005342ce f   xapilibd:datetime.obj
 0002:0007f2b1       _SystemTimeToFileTime@8    00534371 f   xapilibd:datetime.obj
 0002:0007f343       _CompareFileTime@8         00534403 f   xapilibd:datetime.obj
 0002:0007f38a       _RtlpCutoverTimeToSystemTime@16 0053444a f   xapilibd:datetime.obj
 0002:0007f616       _GetTimeZoneInformation@4  005346d6 f   xapilibd:datetime.obj
 0002:0007f7c9       _XapipGetTimeZoneBias@4    00534889 f   xapilibd:datetime.obj
 0002:0007f839       _GetLocalTime@4            005348f9 f   xapilibd:datetime.obj
 0002:0007f8d7       _FileTimeToLocalFileTime@8 00534997 f   xapilibd:datetime.obj
 0002:0007f90c       _LocalFileTimeToFileTime@8 005349cc f   xapilibd:datetime.obj
 0002:0007f941       _QueryPerformanceCounter@4 00534a01 f   xapilibd:perfctr.obj
 0002:0007f956       _QueryPerformanceFrequency@4 00534a16 f   xapilibd:perfctr.obj
 0002:0007f972       _CreateEventA@16           00534a32 f   xapilibd:synch.obj
 0002:0007f9eb       _OpenEventA@12             00534aab f   xapilibd:synch.obj
 0002:0007fa5e       _SetEvent@4                00534b1e f   xapilibd:synch.obj
 0002:0007fa89       _ResetEvent@4              00534b49 f   xapilibd:synch.obj
 0002:0007fab2       _PulseEvent@4              00534b72 f   xapilibd:synch.obj
 0002:0007fadd       _CreateSemaphoreA@16       00534b9d f   xapilibd:synch.obj
 0002:0007fb4e       _OpenSemaphoreA@12         00534c0e f   xapilibd:synch.obj
 0002:0007fbc1       _ReleaseSemaphore@12       00534c81 f   xapilibd:synch.obj
 0002:0007fbf1       _CreateMutexA@12           00534cb1 f   xapilibd:synch.obj
 0002:0007fc5f       _OpenMutexA@12             00534d1f f   xapilibd:synch.obj
 0002:0007fcd2       _ReleaseMutex@4            00534d92 f   xapilibd:synch.obj
 0002:0007fcfd       _WaitForSingleObjectEx@12  00534dbd f   xapilibd:synch.obj
 0002:0007fd52       _SignalObjectAndWait@16    00534e12 f   xapilibd:synch.obj
 0002:0007fdaa       _WaitForMultipleObjectsEx@20 00534e6a f   xapilibd:synch.obj
 0002:0007fe4a       _SleepEx@8                 00534f0a f   xapilibd:synch.obj
 0002:0007feb0       _CreateWaitableTimerA@12   00534f70 f   xapilibd:synch.obj
 0002:0007ff25       _OpenWaitableTimerA@12     00534fe5 f   xapilibd:synch.obj
 0002:0007ff98       _SetWaitableTimer@24       00535058 f   xapilibd:synch.obj
 0002:0007ffef       _CancelWaitableTimer@4     005350af f   xapilibd:synch.obj
 0002:0008001a       _WaitForSingleObject@8     005350da f   xapilibd:synch.obj
 0002:00080033       _WaitForMultipleObjects@16 005350f3 f   xapilibd:synch.obj
 0002:00080053       _Sleep@4                   00535113 f   xapilibd:synch.obj
 0002:00080068       _XapiMmTimerThread@4       00535128 f   xapilibd:mmtimer.obj
 0002:000802f2       _timeSetEvent@20           005353b2 f   xapilibd:mmtimer.obj
 0002:00080498       _timeKillEvent@4           00535558 f   xapilibd:mmtimer.obj
 0002:00080525       _timeGetSystemTime@8       005355e5 f   xapilibd:mmtimer.obj
 0002:00080553       _XGetVideoStandard@0       00535613 f   xapilibd:xgetvideostandard.obj
 0002:00080586       _XGetVideoFlags@0          00535646 f   xapilibd:xgetvideoflags.obj
 0002:000805e1       _CloseHandle@4             005356a1 f   xapilibd:handle.obj
 0002:0008060a       _DuplicateHandle@28        005356ca f   xapilibd:handle.obj
 0002:0008063a       _XapiCallThreadNotifyRoutines@4 005356fa f   xapilibd:thread.obj
 0002:00080683       _SetThreadPriority@8       00535743 f   xapilibd:thread.obj
 0002:000806e9       _GetThreadPriority@4       005357a9 f   xapilibd:thread.obj
 0002:00080752       _SetThreadPriorityBoost@8  00535812 f   xapilibd:thread.obj
 0002:000807a9       _GetThreadPriorityBoost@8  00535869 f   xapilibd:thread.obj
 0002:000807fa       _SuspendThread@4           005358ba f   xapilibd:thread.obj
 0002:00080829       _ResumeThread@4            005358e9 f   xapilibd:thread.obj
 0002:00080858       _RaiseException@16         00535918 f   xapilibd:thread.obj
 0002:000808c3       _XapiDispatchAPC@12        00535983 f   xapilibd:thread.obj
 0002:000808d3       _QueueUserAPC@12           00535993 f   xapilibd:thread.obj
 0002:00080902       _SwitchToThread@0          005359c2 f   xapilibd:thread.obj
 0002:00080920       _ExitThread@4              005359e0 f   xapilibd:thread.obj
 0002:00080944       _GetExitCodeThread@8       00535a04 f   xapilibd:thread.obj
 0002:000809b1       _SetUnhandledExceptionFilter@4 00535a71 f   xapilibd:thread.obj
 0002:000809cb       _GetThreadTimes@20         00535a8b f   xapilibd:thread.obj
 0002:00080a76       _XRegisterThreadNotifyRoutine@8 00535b36 f   xapilibd:thread.obj
 0002:00080ad2       _XSetProcessQuantumLength@4 00535b92 f   xapilibd:thread.obj
 0002:00080b14       _XGetProcessQuantumLength@0 00535bd4 f   xapilibd:thread.obj
 0002:00080b75       _UnhandledExceptionFilter@4 00535c35 f   xapilibd:thread.obj
 0002:00080bfd       _XapiThreadStartup@8       00535cbd f   xapilibd:thread.obj
 0002:00080d85       _CreateThread@24           00535e45 f   xapilibd:thread.obj
 0002:00080e0e       _GetCurrentThreadId@0      00535ece f   xapilibd:thread.obj
 0002:00080e1e       _ReadFile@20               00535ede f   xapilibd:filehops.obj
 0002:00080f46       _WriteFile@20              00536006 f   xapilibd:filehops.obj
 0002:00081051       _SetEndOfFile@4            00536111 f   xapilibd:filehops.obj
 0002:000810f6       _SetFilePointer@16         005361b6 f   xapilibd:filehops.obj
 0002:00081242       _SetFilePointerEx@20       00536302 f   xapilibd:filehops.obj
 0002:0008134d       _GetFileInformationByHandle@8 0053640d f   xapilibd:filehops.obj
 0002:0008145c       _GetFileTime@16            0053651c f   xapilibd:filehops.obj
 0002:000814db       _SetFileTime@16            0053659b f   xapilibd:filehops.obj
 0002:00081569       _FlushFileBuffers@4        00536629 f   xapilibd:filehops.obj
 0002:00081599       _GetFileSizeEx@8           00536659 f   xapilibd:filehops.obj
 0002:000815e6       _ReadFileEx@20             005366a6 f   xapilibd:filehops.obj
 0002:0008164b       _WriteFileEx@20            0053670b f   xapilibd:filehops.obj
 0002:000816b0       _DeviceIoControl@32        00536770 f   xapilibd:filehops.obj
 0002:000817ed       _ReadFileScatter@20        005368ad f   xapilibd:filehops.obj
 0002:00081915       _WriteFileGather@20        005369d5 f   xapilibd:filehops.obj
 0002:00081a20       _XGetFilePhysicalSortKey@4 00536ae0 f   xapilibd:filehops.obj
 0002:00081af0       _GetFileSize@8             00536bb0 f   xapilibd:filehops.obj
 0002:00081b39       _XAutoPowerDownResetTimer@0 00536bf9 f   xapilibd:powerdwn.obj
 0002:00081b5d       _XAutoPowerDownTimeRemaining@0 00536c1d f   xapilibd:powerdwn.obj
 0002:00081bcd       _XapiAutoPowerDownTimeout@16 00536c8d f   xapilibd:powerdwn.obj
 0002:00081be3       _XapiInitAutoPowerDown@0   00536ca3 f   xapilibd:powerdwn.obj
 0002:00081c8d       _XapiValidateDiskPartitionEx@8 00536d4d f   xapilibd:xapiinit.obj
 0002:00081d23       _XapiCopySectionToFile@16  00536de3 f   xapilibd:xapiinit.obj
 0002:00081ea5       _XapiMapLetterToDirectory@24 00536f65 f   xapilibd:xapiinit.obj
 0002:000823d9       _XapiSetupPerTitleDriveLetters@8 00537499 f   xapilibd:xapiinit.obj
 0002:00082443       _XapiBootToDash@12         00537503 f   xapilibd:xapiinit.obj
 0002:000824c1       _XapiValidateDiskPartition@4 00537581 f   xapilibd:xapiinit.obj
 0002:000824da       _XapiInitProcess@0         0053759a f   xapilibd:xapiinit.obj
 0002:0008277d       __cinit@0                  0053783d f   xapilibd:xapi0dat.obj
 0002:000827d0       __rtinit@0                 00537890 f   xapilibd:xapi0dat.obj
 0002:0008281c       _GetLastError@0            005378dc f   xapilibd:error.obj
 0002:0008286a       _SetLastError@4            0053792a f   xapilibd:error.obj
 0002:000828c4       _XapiSetLastNTError@4      00537984 f   xapilibd:error.obj
 0002:000828e7       _CreateIoCompletionPort@16 005379a7 f   xapilibd:error.obj
 0002:00082996       _PostQueuedCompletionStatus@16 00537a56 f   xapilibd:error.obj
 0002:000829cf       _GetQueuedCompletionStatus@20 00537a8f f   xapilibd:error.obj
 0002:00082a5d       _GetOverlappedResult@16    00537b1d f   xapilibd:error.obj
 0002:00082ae2       _XapiRestrictCodeSelectorLimit@0 00537ba2 f   xapilibd:krnlptch.obj
 0002:00082b5f       _XapiApplyKernelPatches@0  00537c1f f   xapilibd:krnlptch.obj
 0002:00082c56       _XQueryValue@20            00537d16 f   xapilibd:xqueryvalue.obj
 0002:00082c80       _XapiFormatObjectAttributes@12 00537d40 f   xapilibd:support.obj
 0002:00082cb3       _XapiFormatTimeOut@8       00537d73 f   xapilibd:support.obj
 0002:00082cef       _OutputDebugStringA@4      00537daf f   xapilibd:outputdebugstringa.obj
 0002:00082d2d       _vXDebugPrint@16           00537ded f   xapilibd:outputdebugstringa.obj
 0002:00082daf       _XDebugPrint               00537e6f f   xapilibd:outputdebugstringa.obj
 0002:00082dcb       _XDebugError               00537e8b f   xapilibd:outputdebugstringa.obj
 0002:00082de6       _XDebugWarning             00537ea6 f   xapilibd:outputdebugstringa.obj
 0002:00082e01       _XDebugTrace               00537ec1 f   xapilibd:outputdebugstringa.obj
 0002:00082e1c       _XDebugEntry               00537edc f   xapilibd:outputdebugstringa.obj
 0002:00082e37       _XDebugExit                00537ef7 f   xapilibd:outputdebugstringa.obj
 0002:00082ea4       _XGetAVPack@0              00537f64 f   xapilibd:xgetavpack.obj
 0002:00082eae       _XGetSectionHandleA@4      00537f6e f   xapilibd:xemodule.obj
 0002:00082f4b       _XLoadSectionByHandle@4    0053800b f   xapilibd:xemodule.obj
 0002:00082fab       _XFreeSectionByHandle@4    0053806b f   xapilibd:xemodule.obj
 0002:0008300a       _XLoadSectionA@4           005380ca f   xapilibd:xemodule.obj
 0002:0008304c       _XFreeSectionA@4           0053810c f   xapilibd:xemodule.obj
 0002:0008308e       _XGetSectionSize@4         0053814e f   xapilibd:xemodule.obj
 0002:000830d4       _lstrcmpA@8                00538194 f   xapilibd:lcompata.obj
 0002:00083151       _lstrcmpiA@8               00538211 f   xapilibd:lcompata.obj
 0002:000831a7       _lstrcpyA@8                00538267 f   xapilibd:lcompata.obj
 0002:000831f4       _lstrcpynA@12              005382b4 f   xapilibd:lcompata.obj
 0002:00083272       _lstrcatA@8                00538332 f   xapilibd:lcompata.obj
 0002:000832e2       _lstrlenA@4                005383a2 f   xapilibd:lcompata.obj
 0002:0008332f       _XLaunchNewImageA@8        005383ef f   xapilibd:launch.obj
 0002:00083381       _XWriteTitleInfoNoReboot@24 00538441 f   xapilibd:launch.obj
 0002:0008349a       _XGetLaunchInfo@8          0053855a f   xapilibd:launch.obj
 0002:00083576       _XWriteTitleInfoAndRebootA@20 00538636 f   xapilibd:launch.obj
 0002:000835f1       _BuildUpdateFilePath@12    005386b1 f   xapilibd:bootutil.obj
 0002:0008364d       _XapipUpdateMountDashPartition@0 0053870d f   xapilibd:bootutil.obj
 0002:000836eb       _XoUpdateLoadXBEInfo@8     005387ab f   xapilibd:bootutil.obj
 0002:000837ea       _XoRebootToUpdaterWhilePreservingDDrive@12 005388aa f   xapilibd:bootutil.obj
 0002:000838e0       _XoUpdateGetSavedDataFromLaunchPage@12 005389a0 f   xapilibd:bootutil.obj
 0002:000839af       _XapipUpdateGetCurrentDDriveMapping@8 00538a6f f   xapilibd:bootutil.obj
 0002:00083aa5       _XapipUpdateSaveDDriveMappingToLaunchPage@8 00538b65 f   xapilibd:bootutil.obj
 0002:00083ba9       _XapipUpdateDetectAndVerify@16 00538c69 f   xapilibd:bootutil.obj
 0002:00083e45       _XapipUpdateDashIfNecessary@4 00538f05 f   xapilibd:bootutil.obj
 0002:00083efd       _XapipLaunchNewImageInternal@16 00538fbd f   xapilibd:bootutil.obj
 0002:00084141       _XapipUpdateRebootIfNecessary@0 00539201 f   xapilibd:bootutil.obj
 0002:00084409       _XGetParentalControlSetting@0 005394c9 f   xapilibd:xgetparentalcontrolsetting.obj
 0002:00084437       _GetDiskFreeSpaceExA@16    005394f7 f   xapilibd:pathmisc.obj
 0002:00084582       _GetVolumeInformationA@32  00539642 f   xapilibd:pathmisc.obj
 0002:00084889       _XapiSelectCachePartition@12 00539949 f   xapilibd:pathmisc.obj
 0002:00084bfe       _XMountUtilityDrive@4      00539cbe f   xapilibd:pathmisc.obj
 0002:00084d72       _XFormatUtilityDrive@0     00539e32 f   xapilibd:pathmisc.obj
 0002:00084e40       _XMountSecondaryUtilityDrive@0 00539f00 f   xapilibd:pathmisc.obj
 0002:000851a1       _XSwapUtilityDrives@0      0053a261 f   xapilibd:pathmisc.obj
 0002:00085464       _XFormatSecondaryUtilityDrive@0 0053a524 f   xapilibd:pathmisc.obj
 0002:00085532       _XMountAlternateTitleA@12  0053a5f2 f   xapilibd:pathmisc.obj
 0002:0008584e       _XUnmountAlternateTitleA@4 0053a90e f   xapilibd:pathmisc.obj
 0002:000858e2       _XGetDiskClusterSizeA@4    0053a9a2 f   xapilibd:pathmisc.obj
 0002:000859f0       _XGetDiskSectorSizeA@4     0053aab0 f   xapilibd:pathmisc.obj
 0002:00085af2       _XMUNameFromDriveLetter@12 0053abb2 f   xapilibd:pathmisc.obj
 0002:00085c1b       _HeapCreate@12             0053acdb f   xapilibd:xapiheap.obj
 0002:00085c7d       _HeapDestroy@4             0053ad3d f   xapilibd:xapiheap.obj
 0002:00085ca3       _HeapFree@12               0053ad63 f   xapilibd:xapiheap.obj
 0002:00085cc1       _HeapValidate@12           0053ad81 f   xapilibd:xapiheap.obj
 0002:00085cdf       _GetProcessHeap@0          0053ad9f f   xapilibd:xapiheap.obj
 0002:00085ce5       _HeapCompact@8             0053ada5 f   xapilibd:xapiheap.obj
 0002:00085cf0       _HeapLock@4                0053adb0 f   xapilibd:xapiheap.obj
 0002:00085d06       _HeapUnlock@4              0053adc6 f   xapilibd:xapiheap.obj
 0002:00085d1c       _HeapWalk@8                0053addc f   xapilibd:xapiheap.obj
 0002:00085e30       _LocalAlloc@8              0053aef0 f   xapilibd:xapiheap.obj
 0002:00085e73       _LocalReAlloc@12           0053af33 f   xapilibd:xapiheap.obj
 0002:00085ecb       _LocalSize@4               0053af8b f   xapilibd:xapiheap.obj
 0002:00085ee7       _LocalFree@4               0053afa7 f   xapilibd:xapiheap.obj
 0002:00085f0f       _LocalLock@4               0053afcf f   xapilibd:xapiheap.obj
 0002:00085f1b       _LocalHandle@4             0053afdb f   xapilibd:xapiheap.obj
 0002:00085f27       _LocalUnlock@4             0053afe7 f   xapilibd:xapiheap.obj
 0002:00085f2d       _GlobalAlloc@8             0053afed f   xapilibd:xapiheap.obj
 0002:00085f70       _GlobalReAlloc@12          0053b030 f   xapilibd:xapiheap.obj
 0002:00085fc8       _XSetAttributesOnHeapAlloc@8 0053b088 f   xapilibd:xapiheap.obj
 0002:00085fdc       _XGetAttributesOnHeapAlloc@4 0053b09c f   xapilibd:xapiheap.obj
 0002:000860aa       _RtlZeroHeap@8             0053b16a f   xapilibd:heap.obj
 0002:0008625e       _RtlpCreateUnCommittedRange@4 0053b31e f   xapilibd:heap.obj
 0002:0008640e       _RtlpDestroyUnCommittedRange@8 0053b4ce f   xapilibd:heap.obj
 0002:00086483       _RtlpInsertUnCommittedPages@12 0053b543 f   xapilibd:heap.obj
 0002:0008659c       _RtlpFindAndCommitPages@16 0053b65c f   xapilibd:heap.obj
 0002:000867ff       _RtlpDestroyHeapSegment@4  0053b8bf f   xapilibd:heap.obj
 0002:00086888       _RtlpCoalesceFreeBlocks@16 0053b948 f   xapilibd:heap.obj
 0002:00086eab       _RtlpInsertFreeBlock@12    0053bf6b f   xapilibd:heap.obj
 0002:000870bd       _RtlpGetExtraStuffPointer@4 0053c17d f   xapilibd:heap.obj
 0002:000870e3       _RtlpGetSizeOfBigBlock@4   0053c1a3 f   xapilibd:heap.obj
 0002:00087143       _RtlpCheckBusyBlockTail@4  0053c203 f   xapilibd:heap.obj
 0002:00087210       _RtlpCheckHeapSignature@8  0053c2d0 f   xapilibd:heap.obj
 0002:00087279       _RtlpValidateHeapHeaders@8 0053c339 f   xapilibd:heap.obj
 0002:0008738a       _RtlpValidateHeapSegment@32 0053c44a f   xapilibd:heap.obj
 0002:0008766a       _RtlpValidateHeapEntry@12  0053c72a f   xapilibd:heap.obj
 0002:0008775b       _RtlpValidateHeap@8        0053c81b f   xapilibd:heap.obj
 0002:00087b9b       _RtlDebugWalkHeap@8        0053cc5b f   xapilibd:heap.obj
 0002:00087bf6       _RtlWalkHeap@8             0053ccb6 f   xapilibd:heap.obj
 0002:00087eec       _RtlLockHeap@4             0053cfac f   xapilibd:heap.obj
 0002:00087f70       _RtlUnlockHeap@4           0053d030 f   xapilibd:heap.obj
 0002:00087ff4       _RtlValidateHeap@12        0053d0b4 f   xapilibd:heap.obj
 0002:000880c7       _RtlDebugCompactHeap@8     0053d187 f   xapilibd:heap.obj
 0002:000881a0       _RtlDestroyHeap@4          0053d260 f   xapilibd:heap.obj
 0002:000882ae       _RtlpGrowBlockInPlace@20   0053d36e f   xapilibd:heap.obj
 0002:00088b47       _RtlSizeHeap@12            0053dc07 f   xapilibd:heap.obj
 0002:00088b84       _RtlpInitializeHeapSegment@28 0053dc44 f   xapilibd:heap.obj
 0002:00088d33       _RtlpExtendHeap@8          0053ddf3 f   xapilibd:heap.obj
 0002:00088f65       _RtlpDeCommitFreeBlock@12  0053e025 f   xapilibd:heap.obj
 0002:00089457       _RtlpCoalesceHeap@4        0053e517 f   xapilibd:heap.obj
 0002:00089581       _RtlCompactHeap@8          0053e641 f   xapilibd:heap.obj
 0002:00089663       _RtlCreateHeap@24          0053e723 f   xapilibd:heap.obj
 0002:00089c30       _RtlAllocateHeapSlowly@12  0053ecf0 f   xapilibd:heap.obj
 0002:0008ab45       _RtlFreeHeapSlowly@12      0053fc05 f   xapilibd:heap.obj
 0002:0008ae97       _RtlAllocateHeap@12        0053ff57 f   xapilibd:heap.obj
 0002:0008bd10       _RtlFreeHeap@12            00540dd0 f   xapilibd:heap.obj
 0002:0008c20d       _RtlReAllocateHeap@16      005412cd f   xapilibd:heap.obj
 0002:0008ce53       _XapiShutdownChannelStartNextPacket@0 00541f13 f   xapilibd:xapiterm.obj
 0002:0008ce9a       _XapiShutdownChannelStartPacket@8 00541f5a f   xapilibd:xapiterm.obj
 0002:0008ceaf       _XapiShutdownNotification@4 00541f6f f   xapilibd:xapiterm.obj
 0002:0008cf1c       _XapiChangeCodeSelectorLimit@8 00541fdc f   xapilibd:xapidlla.obj
 0002:0008cf9c       _xCompareStringA@20        0054205c f   xapilibd:compstra.obj
 0002:0008d187       _CreateFileA@28            00542247 f   xapilibd:fileopcr.obj
 0002:0008d38c       _CopyFileExA@24            0054244c f   xapilibd:fileopcr.obj
 0002:0008d742       _CopyFileA@12              00542802 f   xapilibd:fileopcr.obj
 0002:0008d76a       _XapiComputeContentMetadataFileName@8 0054282a f   xapilibd:contsig.obj
 0002:0008d7da       _XComputeContentSignatureKey@8 0054289a f   xapilibd:contsig.obj
 0002:0008d803       _XapiComputeContentHeaderSignature@16 005428c3 f   xapilibd:contsig.obj
 0002:0008d92a       _XapiLoadContentMetadataHeader@16 005429ea f   xapilibd:contsig.obj
 0002:0008da43       _XapiVerifyAndLoadOptionalSectionData@12 00542b03 f   xapilibd:contsig.obj
 0002:0008db42       _XapipGetAlternateTitleID@0 00542c02 f   xapilibd:contsig.obj
 0002:0008dc46       _XGetContentInstallLocationFromIDs@16 00542d06 f   xapilibd:contsig.obj
 0002:0008dcc3       _XGetContentInstallLocation@12 00542d83 f   xapilibd:contsig.obj
 0002:0008dd45       _XInstallContentSignaturesWithFileName@16 00542e05 f   xapilibd:contsig.obj
 0002:0008dff7       _XInstallContentSignaturesEx@16 005430b7 f   xapilibd:contsig.obj
 0002:0008e034       _XInstallContentSignatures@12 005430f4 f   xapilibd:contsig.obj
 0002:0008e06e       _XCreateContentSimple@24   0054312e f   xapilibd:contsig.obj
 0002:0008e2b4       _XRemoveContent@4          00543374 f   xapilibd:contsig.obj
 0002:0008e320       _XLoadContentSignaturesWithFileName@8 005433e0 f   xapilibd:contsig.obj
 0002:0008e4e7       _XLoadContentSignaturesEx@8 005435a7 f   xapilibd:contsig.obj
 0002:0008e51c       _XLocateSignatureByIndex@16 005435dc f   xapilibd:contsig.obj
 0002:0008e5d5       _XLocateSignatureByNameEx@24 00543695 f   xapilibd:contsig.obj
 0002:0008e73e       _XLocateSignatureByName@24 005437fe f   xapilibd:contsig.obj
 0002:0008e764       _XLocateNextSignature@28   00543824 f   xapilibd:contsig.obj
 0002:0008e88d       _XCalculateContentSignature@16 0054394d f   xapilibd:contsig.obj
 0002:0008e917       _XLocateLiveSignature@12   005439d7 f   xapilibd:contsig.obj
 0002:0008e994       _XCloseContentSignatures@4 00543a54 f   xapilibd:contsig.obj
 0002:0008e9d5       _XMemAlloc@8               00543a95 f   xapilibd:xmem.obj
 0002:0008eb03       _XMemFree@8                00543bc3 f   xapilibd:xmem.obj
 0002:0008ec94       _XMemSize@8                00543d54 f   xapilibd:xmem.obj
 0002:0008ecb7       _XapiFormatFATVolumeEx@8   00543d77 f   xapilibd:format.obj
 0002:0008f0a4       _XapiFormatFATVolume@4     00544164 f   xapilibd:format.obj
 0002:0008f0bd       _lstrcmpW@8                0054417d f   xapilibd:lcompat.obj
 0002:0008f113       _lstrcmpiW@8               005441d3 f   xapilibd:lcompat.obj
 0002:0008f169       _lstrcpyW@8                00544229 f   xapilibd:lcompat.obj
 0002:0008f1af       _lstrcpynW@12              0054426f f   xapilibd:lcompat.obj
 0002:0008f236       _lstrcatW@8                005442f6 f   xapilibd:lcompat.obj
 0002:0008f27c       _lstrlenW@4                0054433c f   xapilibd:lcompat.obj
 0002:0008f2d0       @RtlFindFirstSetRightMember@4 00544390 f   xapilibd:bitmapa.obj
 0002:0008f308       _RootHubPortToPortNumber@4 005443c8 f i xapilibd:roothub.obj
 0002:0008f318       _PortNumberToRootHubPort@4 005443d8 f i xapilibd:roothub.obj
 0002:0008f3ab       _XShaHmacInitialize@12     0054446b f   xapilibd:xcalcsig.obj
 0002:0008f46c       _XShaHmacUpdate@12         0054452c f   xapilibd:xcalcsig.obj
 0002:0008f4c4       _XShaHmacComputeFinal@16   00544584 f   xapilibd:xcalcsig.obj
 0002:0008f587       _XapiConvertSignatureToNonRoamable@12 00544647 f   xapilibd:xcalcsig.obj
 0002:0008f642       _XapipCalculateSaveGameSignatureBegin@8 00544702 f   xapilibd:xcalcsig.obj
 0002:0008f72a       _XapipCalculateSaveGameSignatureUpdate@12 005447ea f   xapilibd:xcalcsig.obj
 0002:0008f76b       _XapipCalculateSaveGameSignatureEnd@8 0054482b f   xapilibd:xcalcsig.obj
 0002:0008f80e       _XapipCalculateContentSignatureBegin@0 005448ce f   xapilibd:xcalcsig.obj
 0002:0008f851       _XapipCalculateContentSignatureUpdate@12 00544911 f   xapilibd:xcalcsig.obj
 0002:0008f872       _XapipCalculateContentSignatureEnd@8 00544932 f   xapilibd:xcalcsig.obj
 0002:0008f8a7       _XCalculateSignatureGetSize@4 00544967 f   xapilibd:xcalcsig.obj
 0002:0008f8e5       _XCalculateSignatureBeginEx@8 005449a5 f   xapilibd:xcalcsig.obj
 0002:0008f96c       _XCalculateSignatureBegin@4 00544a2c f   xapilibd:xcalcsig.obj
 0002:0008f988       _XCalculateSignatureUpdate@12 00544a48 f   xapilibd:xcalcsig.obj
 0002:0008fa56       _XCalculateSignatureEnd@8  00544b16 f   xapilibd:xcalcsig.obj
 0002:0008faf9       _XapiNukeDirectoryFromHandle@8 00544bb9 f   xapilibd:xclndrv.obj
 0002:0008fcd5       _XapiNukeDirectory@8       00544d95 f   xapilibd:xclndrv.obj
 0002:0008fd84       _SetFileAttributesA@8      00544e44 f   xapilibd:filemisc.obj
 0002:0008fe53       _GetFileAttributesA@4      00544f13 f   xapilibd:filemisc.obj
 0002:0008feb0       _GetFileAttributesExA@12   00544f70 f   xapilibd:filemisc.obj
 0002:0008ff76       _MoveFileA@8               00545036 f   xapilibd:filemisc.obj
 0002:00090031       _DeleteFileA@4             005450f1 f   xapilibd:filemisc.obj
 0002:000900e2       _XSetFileCacheSize@4       005451a2 f   xapilibd:filemisc.obj
 0002:0009011b       _XGetFileCacheSize@0       005451db f   xapilibd:filemisc.obj
 0002:00090127       _XapiGetDirectoryDisplayBlocks@12 005451e7 f   xapilibd:filemisc.obj
 0002:000902a9       _XGetDisplayBlocks@4       00545369 f   xapilibd:filemisc.obj
 0002:000903b7       _MoveFileWithProgressA@20  00545477 f   xapilibd:filemisc.obj
 0002:000904e3       _MoveFileExA@12            005455a3 f   xapilibd:filemisc.obj
 0002:00090502       _XPhysicalAlloc@16         005455c2 f   xapilibd:physical.obj
 0002:000905c5       _XPhysicalAllocEx@20       00545685 f   xapilibd:physical.obj
 0002:00090653       _XPhysicalSize@4           00545713 f   xapilibd:physical.obj
 0002:00090680       _XPhysicalProtect@12       00545740 f   xapilibd:physical.obj
 0002:000906d8       _XPhysicalFree@4           00545798 f   xapilibd:physical.obj
 0002:00090705       _XQueryMemoryProtect@4     005457c5 f   xapilibd:physical.obj
 0002:00090711       _xCompareStringW@20        005457d1 f   xapilibd:compstr.obj
 0002:00090910       ??_ECDirectSound@DirectSound@@W7AEPAXI@Z 005459d0 f i dsoundd:dsapi.obj
 0002:0009091a       ??_ECDirectSoundBuffer@DirectSound@@W7AEPAXI@Z 005459da f i dsoundd:dsapi.obj
 0002:00090924       ??_ECDirectSoundStream@DirectSound@@W3AEPAXI@Z 005459e4 f i dsoundd:dsapi.obj
 0002:0009092e       ??_ECDirectSoundStream@DirectSound@@WM@AEPAXI@Z 005459ee f i dsoundd:dsapi.obj
 0002:00090938       ??_ECMcpxAPU@DirectSound@@W7AEPAXI@Z 005459f8 f i dsoundd:mcpapu.obj
 0002:00090942       ??_ECWaveFileMediaObject@DirectSound@@W3AEPAXI@Z 00545a02 f i dsoundd:wavexmo.obj
 0002:0009094c       ??_ECFileMediaObject@DirectSound@@W3AEPAXI@Z 00545a0c f i dsoundd:wavexmo.obj
 0002:00090956       ??_ECAc97MediaObject@DirectSound@@W3AEPAXI@Z 00545a16 f i dsoundd:ac97xmo.obj
 0002:00090960       ??_ECAc97MediaObject@DirectSound@@WM@AEPAXI@Z 00545a20 f i dsoundd:ac97xmo.obj
 0002:0009096a       _HalWriteSMBusValue@16     00545a2a f   xboxkrnl:xboxkrnl.exe
 0002:00090970       _NtCreateFile@36           00545a30 f   xboxkrnl:xboxkrnl.exe
 0002:00090976       _RtlInitAnsiString@8       00545a36 f   xboxkrnl:xboxkrnl.exe
 0002:0009097c       _IoCreateSymbolicLink@8    00545a3c f   xboxkrnl:xboxkrnl.exe
 0002:00090982       _IoDeleteSymbolicLink@4    00545a42 f   xboxkrnl:xboxkrnl.exe
 0002:00090988       @KfLowerIrql@4             00545a48 f   xboxkrnl:xboxkrnl.exe
 0002:0009098e       _KeRaiseIrqlToDpcLevel@0   00545a4e f   xboxkrnl:xboxkrnl.exe
 0002:00090994       _ExAllocatePoolWithTag@8   00545a54 f   xboxkrnl:xboxkrnl.exe
 0002:0009099a       _RtlRip@12                 00545a5a f   xboxkrnl:xboxkrnl.exe
 0002:000909a0       _RtlTimeToTimeFields@8     00545a60 f   xboxkrnl:xboxkrnl.exe
 0002:000909a6       _KeQuerySystemTime@4       00545a66 f   xboxkrnl:xboxkrnl.exe
 0002:000909ac       _RtlTimeFieldsToTime@8     00545a6c f   xboxkrnl:xboxkrnl.exe
 0002:000909b2       _NtCreateEvent@16          00545a72 f   xboxkrnl:xboxkrnl.exe
 0002:000909b8       _ObOpenObjectByName@16     00545a78 f   xboxkrnl:xboxkrnl.exe
 0002:000909be       _NtSetEvent@8              00545a7e f   xboxkrnl:xboxkrnl.exe
 0002:000909c4       _NtClearEvent@4            00545a84 f   xboxkrnl:xboxkrnl.exe
 0002:000909ca       _NtPulseEvent@8            00545a8a f   xboxkrnl:xboxkrnl.exe
 0002:000909d0       _NtCreateSemaphore@16      00545a90 f   xboxkrnl:xboxkrnl.exe
 0002:000909d6       _NtReleaseSemaphore@12     00545a96 f   xboxkrnl:xboxkrnl.exe
 0002:000909dc       _NtCreateMutant@12         00545a9c f   xboxkrnl:xboxkrnl.exe
 0002:000909e2       _NtReleaseMutant@8         00545aa2 f   xboxkrnl:xboxkrnl.exe
 0002:000909e8       _NtWaitForSingleObjectEx@16 00545aa8 f   xboxkrnl:xboxkrnl.exe
 0002:000909ee       _NtSignalAndWaitForSingleObjectEx@20 00545aae f   xboxkrnl:xboxkrnl.exe
 0002:000909f4       _NtWaitForMultipleObjectsEx@24 00545ab4 f   xboxkrnl:xboxkrnl.exe
 0002:000909fa       _KeDelayExecutionThread@12 00545aba f   xboxkrnl:xboxkrnl.exe
 0002:00090a00       _NtCreateTimer@12          00545ac0 f   xboxkrnl:xboxkrnl.exe
 0002:00090a06       _NtSetTimerEx@32           00545ac6 f   xboxkrnl:xboxkrnl.exe
 0002:00090a0c       _NtCancelTimer@8           00545acc f   xboxkrnl:xboxkrnl.exe
 0002:00090a12       _KeSetTimerEx@20           00545ad2 f   xboxkrnl:xboxkrnl.exe
 0002:00090a18       _KeQueryInterruptTime@0    00545ad8 f   xboxkrnl:xboxkrnl.exe
 0002:00090a1e       _RtlLeaveCriticalSection@4 00545ade f   xboxkrnl:xboxkrnl.exe
 0002:00090a24       _RtlEnterCriticalSection@4 00545ae4 f   xboxkrnl:xboxkrnl.exe
 0002:00090a2a       _KeWaitForMultipleObjects@32 00545aea f   xboxkrnl:xboxkrnl.exe
 0002:00090a30       _KeSetEvent@12             00545af0 f   xboxkrnl:xboxkrnl.exe
 0002:00090a36       _KeInitializeTimerEx@8     00545af6 f   xboxkrnl:xboxkrnl.exe
 0002:00090a3c       _RtlAssert@16              00545afc f   xboxkrnl:xboxkrnl.exe
 0002:00090a42       _KeWaitForSingleObject@20  00545b02 f   xboxkrnl:xboxkrnl.exe
 0002:00090a48       _KeCancelTimer@4           00545b08 f   xboxkrnl:xboxkrnl.exe
 0002:00090a4e       @KfRaiseIrql@4             00545b0e f   xboxkrnl:xboxkrnl.exe
 0002:00090a54       _DbgBreakPoint@0           00545b14 f   xboxkrnl:xboxkrnl.exe
 0002:00090a5a       _DbgPrint                  00545b1a f   xboxkrnl:xboxkrnl.exe
 0002:00090a60       _ExQueryNonVolatileSetting@20 00545b20 f   xboxkrnl:xboxkrnl.exe
 0002:00090a66       _NtClose@4                 00545b26 f   xboxkrnl:xboxkrnl.exe
 0002:00090a6c       _NtDuplicateObject@12      00545b2c f   xboxkrnl:xboxkrnl.exe
 0002:00090a72       @ObfDereferenceObject@4    00545b32 f   xboxkrnl:xboxkrnl.exe
 0002:00090a78       _KeSetBasePriorityThread@8 00545b38 f   xboxkrnl:xboxkrnl.exe
 0002:00090a7e       _ObReferenceObjectByHandle@12 00545b3e f   xboxkrnl:xboxkrnl.exe
 0002:00090a84       _KeQueryBasePriorityThread@4 00545b44 f   xboxkrnl:xboxkrnl.exe
 0002:00090a8a       _KeSetDisableBoostThread@8 00545b4a f   xboxkrnl:xboxkrnl.exe
 0002:00090a90       _NtSuspendThread@8         00545b50 f   xboxkrnl:xboxkrnl.exe
 0002:00090a96       _NtResumeThread@8          00545b56 f   xboxkrnl:xboxkrnl.exe
 0002:00090a9c       _RtlRaiseException@4       00545b5c f   xboxkrnl:xboxkrnl.exe
 0002:00090aa2       _NtQueueApcThread@20       00545b62 f   xboxkrnl:xboxkrnl.exe
 0002:00090aa8       _NtYieldExecution@0        00545b68 f   xboxkrnl:xboxkrnl.exe
 0002:00090aae       _PsTerminateSystemThread@4 00545b6e f   xboxkrnl:xboxkrnl.exe
 0002:00090ab4       _PsCreateSystemThreadEx@40 00545b74 f   xboxkrnl:xboxkrnl.exe
 0002:00090aba       _NtWaitForSingleObject@12  00545b7a f   xboxkrnl:xboxkrnl.exe
 0002:00090ac0       _NtReadFile@32             00545b80 f   xboxkrnl:xboxkrnl.exe
 0002:00090ac6       _NtWriteFile@32            00545b86 f   xboxkrnl:xboxkrnl.exe
 0002:00090acc       _NtSetInformationFile@20   00545b8c f   xboxkrnl:xboxkrnl.exe
 0002:00090ad2       _NtQueryInformationFile@20 00545b92 f   xboxkrnl:xboxkrnl.exe
 0002:00090ad8       _NtQueryVolumeInformationFile@20 00545b98 f   xboxkrnl:xboxkrnl.exe
 0002:00090ade       _NtFlushBuffersFile@8      00545b9e f   xboxkrnl:xboxkrnl.exe
 0002:00090ae4       _NtUserIoApcDispatcher@12  00545ba4 f   xboxkrnl:xboxkrnl.exe
 0002:00090aea       _NtFsControlFile@40        00545baa f   xboxkrnl:xboxkrnl.exe
 0002:00090af0       _NtDeviceIoControlFile@40  00545bb0 f   xboxkrnl:xboxkrnl.exe
 0002:00090af6       _NtReadFileScatter@32      00545bb6 f   xboxkrnl:xboxkrnl.exe
 0002:00090afc       _NtWriteFileGather@32      00545bbc f   xboxkrnl:xboxkrnl.exe
 0002:00090b02       _IoQueryVolumeInformation@20 00545bc2 f   xboxkrnl:xboxkrnl.exe
 0002:00090b08       _KeSetTimer@16             00545bc8 f   xboxkrnl:xboxkrnl.exe
 0002:00090b0e       _HalInitiateShutdown@0     00545bce f   xboxkrnl:xboxkrnl.exe
 0002:00090b14       _KeInitializeDpc@12        00545bd4 f   xboxkrnl:xboxkrnl.exe
 0002:00090b1a       _NtOpenFile@24             00545bda f   xboxkrnl:xboxkrnl.exe
 0002:00090b20       _HalReturnToFirmware@4     00545be0 f   xboxkrnl:xboxkrnl.exe
 0002:00090b26       _MmFreeContiguousMemory@4  00545be6 f   xboxkrnl:xboxkrnl.exe
 0002:00090b2c       _HalRegisterShutdownNotification@8 00545bec f   xboxkrnl:xboxkrnl.exe
 0002:00090b32       _RtlNtStatusToDosError@4   00545bf2 f   xboxkrnl:xboxkrnl.exe
 0002:00090b38       _NtCreateIoCompletion@16   00545bf8 f   xboxkrnl:xboxkrnl.exe
 0002:00090b3e       _NtSetIoCompletion@20      00545bfe f   xboxkrnl:xboxkrnl.exe
 0002:00090b44       _NtRemoveIoCompletion@20   00545c04 f   xboxkrnl:xboxkrnl.exe
 0002:00090b4a       _MmSetAddressProtect@12    00545c0a f   xboxkrnl:xboxkrnl.exe
 0002:00090b50       _MmQueryAddressProtect@4   00545c10 f   xboxkrnl:xboxkrnl.exe
 0002:00090b56       _RtlEqualString@12         00545c16 f   xboxkrnl:xboxkrnl.exe
 0002:00090b5c       _XeLoadSection@4           00545c1c f   xboxkrnl:xboxkrnl.exe
 0002:00090b62       _XeUnloadSection@4         00545c22 f   xboxkrnl:xboxkrnl.exe
 0002:00090b68       _MmPersistContiguousMemory@12 00545c28 f   xboxkrnl:xboxkrnl.exe
 0002:00090b6e       _MmAllocateContiguousMemory@4 00545c2e f   xboxkrnl:xboxkrnl.exe
 0002:00090b74       _NtQuerySymbolicLinkObject@12 00545c34 f   xboxkrnl:xboxkrnl.exe
 0002:00090b7a       _NtOpenSymbolicLinkObject@8 00545c3a f   xboxkrnl:xboxkrnl.exe
 0002:00090b80       _XcSHAFinal@8              00545c40 f   xboxkrnl:xboxkrnl.exe
 0002:00090b86       _XcSHAUpdate@12            00545c46 f   xboxkrnl:xboxkrnl.exe
 0002:00090b8c       _XcSHAInit@4               00545c4c f   xboxkrnl:xboxkrnl.exe
 0002:00090b92       _RtlFillMemoryUlong@12     00545c52 f   xboxkrnl:xboxkrnl.exe
 0002:00090b98       _NtFreeVirtualMemory@12    00545c58 f   xboxkrnl:xboxkrnl.exe
 0002:00090b9e       _NtAllocateVirtualMemory@20 00545c5e f   xboxkrnl:xboxkrnl.exe
 0002:00090ba4       _RtlCompareMemoryUlong@12  00545c64 f   xboxkrnl:xboxkrnl.exe
 0002:00090baa       _RtlCompareMemory@12       00545c6a f   xboxkrnl:xboxkrnl.exe
 0002:00090bb0       _RtlInitializeCriticalSection@4 00545c70 f   xboxkrnl:xboxkrnl.exe
 0002:00090bb6       _NtQueryVirtualMemory@8    00545c76 f   xboxkrnl:xboxkrnl.exe
 0002:00090bbc       _ExFreePool@4              00545c7c f   xboxkrnl:xboxkrnl.exe
 0002:00090bc2       _HalGetInterruptVector@8   00545c82 f   xboxkrnl:xboxkrnl.exe
 0002:00090bc8       _KeConnectInterrupt@4      00545c88 f   xboxkrnl:xboxkrnl.exe
 0002:00090bce       _KeInitializeInterrupt@28  00545c8e f   xboxkrnl:xboxkrnl.exe
 0002:00090bd4       _KeStallExecutionProcessor@4 00545c94 f   xboxkrnl:xboxkrnl.exe
 0002:00090bda       _MmFreeSystemMemory@8      00545c9a f   xboxkrnl:xboxkrnl.exe
 0002:00090be0       _MmAllocateSystemMemory@8  00545ca0 f   xboxkrnl:xboxkrnl.exe
 0002:00090be6       _XcHMAC@28                 00545ca6 f   xboxkrnl:xboxkrnl.exe
 0002:00090bec       _RtlCompareString@12       00545cac f   xboxkrnl:xboxkrnl.exe
 0002:00090bf2       _MmGetPhysicalAddress@4    00545cb2 f   xboxkrnl:xboxkrnl.exe
 0002:00090bf8       _MmLockUnlockBufferPages@12 00545cb8 f   xboxkrnl:xboxkrnl.exe
 0002:00090bfe       _KeInsertQueueDpc@12       00545cbe f   xboxkrnl:xboxkrnl.exe
 0002:00090c04       _MmLockUnlockPhysicalPage@8 00545cc4 f   xboxkrnl:xboxkrnl.exe
 0002:00090c0a       _NtQueryDirectoryFile@40   00545cca f   xboxkrnl:xboxkrnl.exe
 0002:00090c10       _NtQueryFullAttributesFile@8 00545cd0 f   xboxkrnl:xboxkrnl.exe
 0002:00090c16       _FscSetCacheSize@4         00545cd6 f   xboxkrnl:xboxkrnl.exe
 0002:00090c1c       _FscGetCacheSize@0         00545cdc f   xboxkrnl:xboxkrnl.exe
 0002:00090c22       _MmAllocateContiguousMemoryEx@20 00545ce2 f   xboxkrnl:xboxkrnl.exe
 0002:00090c28       _MmQueryAllocationSize@4   00545ce8 f   xboxkrnl:xboxkrnl.exe
 0002:00090c2e       _AvGetSavedDataAddress@0   00545cee f   xboxkrnl:xboxkrnl.exe
 0002:00090c34       _AvSendTVEncoderOption@16  00545cf4 f   xboxkrnl:xboxkrnl.exe
 0002:00090c3a       _AvSetDisplayMode@24       00545cfa f   xboxkrnl:xboxkrnl.exe
 0002:00090c40       _AvSetSavedDataAddress@4   00545d00 f   xboxkrnl:xboxkrnl.exe
 0002:00090c46       _MmQueryStatistics@4       00545d06 f   xboxkrnl:xboxkrnl.exe
 0002:00090c4c       _RtlWalkFrameChain@12      00545d0c f   xboxkrnl:xboxkrnl.exe
 0002:00090c52       _NtDeleteFile@4            00545d12 f   xboxkrnl:xboxkrnl.exe
 0002:00090c58       _HalReadWritePCISpace@24   00545d18 f   xboxkrnl:xboxkrnl.exe
 0002:00090c5e       _KeDisconnectInterrupt@4   00545d1e f   xboxkrnl:xboxkrnl.exe
 0002:00090c64       _MmClaimGpuInstanceMemory@8 00545d24 f   xboxkrnl:xboxkrnl.exe
 0002:00090c6a       _KeSaveFloatingPointState@4 00545d2a f   xboxkrnl:xboxkrnl.exe
 0002:00090c70       _KeRestoreFloatingPointState@4 00545d30 f   xboxkrnl:xboxkrnl.exe
 0002:00090c76       _ExQueryPoolBlockSize@4    00545d36 f   xboxkrnl:xboxkrnl.exe
 0002:00090c7c       _KeRemoveQueueDpc@4        00545d3c f   xboxkrnl:xboxkrnl.exe
 0002:00090c82       _KeSynchronizeExecution@12 00545d42 f   xboxkrnl:xboxkrnl.exe
 0002:00090c90       _SDL_RWFromFile            00545d50 f   libSDLx:SDL_rwops.obj
 0002:000917a0       _SDL_RWFromFP              00546860 f   libSDLx:SDL_rwops.obj
 0002:00091a80       _SDL_RWFromMem             00546b40 f   libSDLx:SDL_rwops.obj
 0002:00091e30       _SDL_RWFromConstMem        00546ef0 f   libSDLx:SDL_rwops.obj
 0002:00091f50       _SDL_AllocRW               00547010 f   libSDLx:SDL_rwops.obj
 0002:00091fc0       _SDL_FreeRW                00547080 f   libSDLx:SDL_rwops.obj
 0002:00092010       _SDL_ReadLE16              005470d0 f   libSDLx:SDL_rwops.obj
 0002:000920b0       _SDL_ReadBE16              00547170 f   libSDLx:SDL_rwops.obj
 0002:000921b0       _SDL_ReadLE32              00547270 f   libSDLx:SDL_rwops.obj
 0002:00092250       _SDL_ReadBE32              00547310 f   libSDLx:SDL_rwops.obj
 0002:00092370       _SDL_ReadLE64              00547430 f   libSDLx:SDL_rwops.obj
 0002:00092420       _SDL_ReadBE64              005474e0 f   libSDLx:SDL_rwops.obj
 0002:000925a0       _SDL_WriteLE16             00547660 f   libSDLx:SDL_rwops.obj
 0002:00092610       _SDL_WriteBE16             005476d0 f   libSDLx:SDL_rwops.obj
 0002:00092690       _SDL_WriteLE32             00547750 f   libSDLx:SDL_rwops.obj
 0002:00092700       _SDL_WriteBE32             005477c0 f   libSDLx:SDL_rwops.obj
 0002:00092780       _SDL_WriteLE64             00547840 f   libSDLx:SDL_rwops.obj
 0002:00092800       _SDL_WriteBE64             005478c0 f   libSDLx:SDL_rwops.obj
 0002:00092880       _SDL_iconv_open            00547940 f   libSDLx:SDL_iconv.obj
 0002:00092bd0       _SDL_iconv                 00547c90 f   libSDLx:SDL_iconv.obj
 0002:000942c0       _SDL_iconv_close           00549380 f   libSDLx:SDL_iconv.obj
 0002:00094320       _SDL_iconv_string          005493e0 f   libSDLx:SDL_iconv.obj
 0002:00094600       _srand                     005496c0 f   LIBCMTD:rand.obj
 0002:00094620       _rand                      005496e0 f   LIBCMTD:rand.obj
 0002:00094670       _printf                    00549730 f   LIBCMTD:printf.obj
 0002:00094780       _fprintf                   00549840 f   LIBCMTD:fprintf.obj
 0002:000948b0       ___iob_func                00549970 f   LIBCMTD:_file.obj
 0002:000948c0       ___initstdio               00549980 f   LIBCMTD:_file.obj
 0002:00094a40       ___endstdio                00549b00 f   LIBCMTD:_file.obj
 0002:00094a60       __lock_file                00549b20 f   LIBCMTD:_file.obj
 0002:00094ab0       __lock_file2               00549b70 f   LIBCMTD:_file.obj
 0002:00094af0       __unlock_file              00549bb0 f   LIBCMTD:_file.obj
 0002:00094b40       __unlock_file2             00549c00 f   LIBCMTD:_file.obj
 0002:00094b80       _time                      00549c40 f   LIBCMTD:time.obj
 0002:00094bd8       __fpclear                  00549c98 f   LIBCMTD:fpinit.obj
 0002:00094bd9       __cfltcvt_init             00549c99 f   LIBCMTD:fpinit.obj
 0002:00094c1f       ___setfflag                00549cdf f   LIBCMTD:fpinit.obj
 0002:00094c36       __fpmath                   00549cf6 f   LIBCMTD:fpinit.obj
 0002:00094c60       __RTC_CheckEsp             00549d20 f   LIBCMTD:stack.obj
 0002:00094c90       @_RTC_CheckStackVars@8     00549d50 f   LIBCMTD:stack.obj
[...]
 0008:0005a840       _SDL_colors                006afac0     <common>
 0008:0005ac40       _D3D                       006afec0     <common>
 0008:0005ac44       _D3D_Device                006afec4     <common>
 0008:0005ac60       _D3D_PP                    006afee0     <common>
 0008:0005acc0       _g_InputStates             006aff40     <common>
 0008:0005ae00       _g_Gamepads                006b0080     <common>
 0008:0005b170       _SDL_alarm_callback        006b03f0     <common>
 0008:0005b17c       _SDL_numcds                006b03fc     <common>
 0008:0005b1a0       _SDL_KeyRepeat             006b0420     <common>
 0008:0005b1e0       _SDL_ProcessEvents         006b0460     <common>
 0008:0005b220       _OHCD_GlobalPool           006b04a0     <common>
 0008:0005b280       _OHCD_InterruptObject      006b0500     <common>
 0008:0005b30e       _RtlpValidateHeapTagsEnable 006b058e     <common>
 0008:0005b31c       _NtGlobalFlag              006b059c     <common>
 0008:0005b320       _RtlpHeapStopOn            006b05a0     <common>
 0008:0005b338       _XapiProcessHeap           006b05b8     <common>
 0008:0005b344       ___@@_PchSym_@00@UcylcUkirezgvUmglhUczkrUpDCUoryUlyqUrDIGUyzhvwooOlyq@Xapi_k32 006b05c4     <common>
 0008:0005b350       _XapiOriginalCodeSelectorEntry 006b05d0     <common>
 0008:0005b380       _XapiAutoPowerDownGlobals  006b0600     <common>
 0008:0005b3f4       _XapiCurrentTopLevelFilter 006b0674     <common>
 0008:0005b404       _XapiTlsSize               006b0684     <common>
 0008:0005b408       _XapiMmTimerThreadState    006b0688     <common>
 0008:0005b416       _XapiMmTimerSerialNumber   006b0696     <common>
 0008:0005b418       ___@@_PchSym_@00@UcylcUkirezgvUdrmwldhUwrivxgcUwhlfmwUwhlfmwUlyqUrDIGUwhlfmwrOlyq@dsoundd 006b0698     <common>
 0008:0005b424       ___mblcid                  006b06a4     <common>
 0008:0005b4a0       ___ptmbcinfo               006b0720     <common>
 0008:0005b4a4       ___ismbcodepage            006b0724     <common>
 0008:0005b4c0       __mbctype                  006b0740     <common>
 0008:0005b5c4       ___mbcodepage              006b0844     <common>
 0008:0005b5e0       ___mbulinfo                006b0860     <common>
 0008:0005b600       __mbcasemap                006b0880     <common>
 0008:0005b700       ___active_heap             006b0980     <common>
 0008:0005b70c       __nhandle                  006b098c     <common>
 0008:0005b760       ___pioinfo                 006b09e0     <common>
 0008:0005b860       __pfnReportHook            006b0ae0     <common>
 0008:0005b870       __pReportHookList          006b0af0     <common>
 0008:0005b874       ___ptd_glob                006b0af4     <common>
 0008:0005b880       ___env_initialized         006b0b00     <common>
 0008:0005b890       ___onexitend               006b0b10     <common>
 0008:0005b894       ___onexitbegin             006b0b14     <common>
 0008:0005b898       ___mbctype_initialized     006b0b18     <common>
 0008:0005b89c       __setjmpexused             006b0b1c     <common>
 0008:0005b8a8       __pfnDumpClient            006b0b28     <common>
 0008:0005b8b4       ___piob                    006b0b34     <common>
 0008:0005b8c4       __nstream                  006b0b44     <common>
 0009:00000000       __IMPORT_DESCRIPTOR_xboxkrnl 006b0b60     xboxkrnl:xboxkrnl.exe
 0009:00000014       __NULL_IMPORT_DESCRIPTOR   006b0b74     xboxkrnl:xboxkrnl.exe
 0009:00000344       __imp__HalWriteSMBusValue@16 006b0ea4     xboxkrnl:xboxkrnl.exe
 0009:00000348       __imp__NtCreateFile@36     006b0ea8     xboxkrnl:xboxkrnl.exe
 0009:0000034c       __imp__RtlInitAnsiString@8 006b0eac     xboxkrnl:xboxkrnl.exe
 0009:00000350       __imp__IoCreateSymbolicLink@8 006b0eb0     xboxkrnl:xboxkrnl.exe
 0009:00000354       __imp__IoDeleteSymbolicLink@4 006b0eb4     xboxkrnl:xboxkrnl.exe
 0009:00000358       __imp_@KfLowerIrql@4       006b0eb8     xboxkrnl:xboxkrnl.exe
 0009:0000035c       __imp__KeRaiseIrqlToDpcLevel@0 006b0ebc     xboxkrnl:xboxkrnl.exe
 0009:00000360       __imp__ExAllocatePoolWithTag@8 006b0ec0     xboxkrnl:xboxkrnl.exe
 0009:00000364       __imp__RtlRip@12           006b0ec4     xboxkrnl:xboxkrnl.exe
 0009:00000368       __imp__RtlTimeToTimeFields@8 006b0ec8     xboxkrnl:xboxkrnl.exe
 0009:0000036c       __imp__KeQuerySystemTime@4 006b0ecc     xboxkrnl:xboxkrnl.exe
 0009:00000370       __imp__KeTickCount         006b0ed0     xboxkrnl:xboxkrnl.exe
 0009:00000370       _KeTickCount               006b0ed0     xboxkrnl:xboxkrnl.exe
 0009:00000374       __imp__RtlTimeFieldsToTime@8 006b0ed4     xboxkrnl:xboxkrnl.exe
 0009:00000378       __imp__NtCreateEvent@16    006b0ed8     xboxkrnl:xboxkrnl.exe
 0009:0000037c       __imp__ObOpenObjectByName@16 006b0edc     xboxkrnl:xboxkrnl.exe
 0009:00000380       _ExEventObjectType         006b0ee0     xboxkrnl:xboxkrnl.exe
 0009:00000380       __imp__ExEventObjectType   006b0ee0     xboxkrnl:xboxkrnl.exe
 0009:00000384       __imp__NtSetEvent@8        006b0ee4     xboxkrnl:xboxkrnl.exe
 0009:00000388       __imp__NtClearEvent@4      006b0ee8     xboxkrnl:xboxkrnl.exe
 0009:0000038c       __imp__NtPulseEvent@8      006b0eec     xboxkrnl:xboxkrnl.exe
 0009:00000390       __imp__NtCreateSemaphore@16 006b0ef0     xboxkrnl:xboxkrnl.exe
 0009:00000394       _ExSemaphoreObjectType     006b0ef4     xboxkrnl:xboxkrnl.exe
 0009:00000394       __imp__ExSemaphoreObjectType 006b0ef4     xboxkrnl:xboxkrnl.exe
 0009:00000398       __imp__NtReleaseSemaphore@12 006b0ef8     xboxkrnl:xboxkrnl.exe
 0009:0000039c       __imp__NtCreateMutant@12   006b0efc     xboxkrnl:xboxkrnl.exe
 0009:000003a0       __imp__ExMutantObjectType  006b0f00     xboxkrnl:xboxkrnl.exe
 0009:000003a0       _ExMutantObjectType        006b0f00     xboxkrnl:xboxkrnl.exe
 0009:000003a4       __imp__NtReleaseMutant@8   006b0f04     xboxkrnl:xboxkrnl.exe
 0009:000003a8       __imp__NtWaitForSingleObjectEx@16 006b0f08     xboxkrnl:xboxkrnl.exe
 0009:000003ac       __imp__NtSignalAndWaitForSingleObjectEx@20 006b0f0c     xboxkrnl:xboxkrnl.exe
 0009:000003b0       __imp__NtWaitForMultipleObjectsEx@24 006b0f10     xboxkrnl:xboxkrnl.exe
 0009:000003b4       __imp__KeDelayExecutionThread@12 006b0f14     xboxkrnl:xboxkrnl.exe
 0009:000003b8       __imp__NtCreateTimer@12    006b0f18     xboxkrnl:xboxkrnl.exe
 0009:000003bc       _ExTimerObjectType         006b0f1c     xboxkrnl:xboxkrnl.exe
 0009:000003bc       __imp__ExTimerObjectType   006b0f1c     xboxkrnl:xboxkrnl.exe
 0009:000003c0       __imp__NtSetTimerEx@32     006b0f20     xboxkrnl:xboxkrnl.exe
 0009:000003c4       __imp__NtCancelTimer@8     006b0f24     xboxkrnl:xboxkrnl.exe
 0009:000003c8       __imp__KeSetTimerEx@20     006b0f28     xboxkrnl:xboxkrnl.exe
 0009:000003cc       __imp__KeQueryInterruptTime@0 006b0f2c     xboxkrnl:xboxkrnl.exe
 0009:000003d0       __imp__RtlLeaveCriticalSection@4 006b0f30     xboxkrnl:xboxkrnl.exe
 0009:000003d4       __imp__RtlEnterCriticalSection@4 006b0f34     xboxkrnl:xboxkrnl.exe
 0009:000003d8       __imp__KeWaitForMultipleObjects@32 006b0f38     xboxkrnl:xboxkrnl.exe
 0009:000003dc       __imp__KeSetEvent@12       006b0f3c     xboxkrnl:xboxkrnl.exe
 0009:000003e0       __imp__KeInitializeTimerEx@8 006b0f40     xboxkrnl:xboxkrnl.exe
 0009:000003e4       __imp__RtlAssert@16        006b0f44     xboxkrnl:xboxkrnl.exe
 0009:000003e8       __imp__KeWaitForSingleObject@20 006b0f48     xboxkrnl:xboxkrnl.exe
 0009:000003ec       __imp__KeCancelTimer@4     006b0f4c     xboxkrnl:xboxkrnl.exe
 0009:000003f0       __imp_@KfRaiseIrql@4       006b0f50     xboxkrnl:xboxkrnl.exe
 0009:000003f4       __imp__DbgBreakPoint@0     006b0f54     xboxkrnl:xboxkrnl.exe
 0009:000003f8       __imp__DbgPrint            006b0f58     xboxkrnl:xboxkrnl.exe
 0009:000003fc       __imp__ExQueryNonVolatileSetting@20 006b0f5c     xboxkrnl:xboxkrnl.exe
 0009:00000400       __imp__NtClose@4           006b0f60     xboxkrnl:xboxkrnl.exe
 0009:00000404       __imp__NtDuplicateObject@12 006b0f64     xboxkrnl:xboxkrnl.exe
 0009:00000408       __imp_@ObfDereferenceObject@4 006b0f68     xboxkrnl:xboxkrnl.exe
 0009:0000040c       __imp__KeSetBasePriorityThread@8 006b0f6c     xboxkrnl:xboxkrnl.exe
 0009:00000410       __imp__ObReferenceObjectByHandle@12 006b0f70     xboxkrnl:xboxkrnl.exe
 0009:00000414       _PsThreadObjectType        006b0f74     xboxkrnl:xboxkrnl.exe
 0009:00000414       __imp__PsThreadObjectType  006b0f74     xboxkrnl:xboxkrnl.exe
 0009:00000418       __imp__KeQueryBasePriorityThread@4 006b0f78     xboxkrnl:xboxkrnl.exe
 0009:0000041c       __imp__KeSetDisableBoostThread@8 006b0f7c     xboxkrnl:xboxkrnl.exe
 0009:00000420       __imp__NtSuspendThread@8   006b0f80     xboxkrnl:xboxkrnl.exe
 0009:00000424       __imp__NtResumeThread@8    006b0f84     xboxkrnl:xboxkrnl.exe
 0009:00000428       __imp__RtlRaiseException@4 006b0f88     xboxkrnl:xboxkrnl.exe
 0009:0000042c       __imp__NtQueueApcThread@20 006b0f8c     xboxkrnl:xboxkrnl.exe
 0009:00000430       __imp__NtYieldExecution@0  006b0f90     xboxkrnl:xboxkrnl.exe
 0009:00000434       __imp__PsTerminateSystemThread@4 006b0f94     xboxkrnl:xboxkrnl.exe
 0009:00000438       __imp__KeTimeIncrement     006b0f98     xboxkrnl:xboxkrnl.exe
 0009:00000438       _KeTimeIncrement           006b0f98     xboxkrnl:xboxkrnl.exe
 0009:0000043c       __imp__PsCreateSystemThreadEx@40 006b0f9c     xboxkrnl:xboxkrnl.exe
 0009:00000440       __imp__NtWaitForSingleObject@12 006b0fa0     xboxkrnl:xboxkrnl.exe
 0009:00000444       __imp__NtReadFile@32       006b0fa4     xboxkrnl:xboxkrnl.exe
 0009:00000448       __imp__NtWriteFile@32      006b0fa8     xboxkrnl:xboxkrnl.exe
 0009:0000044c       __imp__NtSetInformationFile@20 006b0fac     xboxkrnl:xboxkrnl.exe
 0009:00000450       __imp__NtQueryInformationFile@20 006b0fb0     xboxkrnl:xboxkrnl.exe
 0009:00000454       __imp__NtQueryVolumeInformationFile@20 006b0fb4     xboxkrnl:xboxkrnl.exe
 0009:00000458       __imp__NtFlushBuffersFile@8 006b0fb8     xboxkrnl:xboxkrnl.exe
 0009:0000045c       __imp__NtUserIoApcDispatcher@12 006b0fbc     xboxkrnl:xboxkrnl.exe
 0009:00000460       __imp__NtFsControlFile@40  006b0fc0     xboxkrnl:xboxkrnl.exe
 0009:00000464       __imp__NtDeviceIoControlFile@40 006b0fc4     xboxkrnl:xboxkrnl.exe
 0009:00000468       __imp__NtReadFileScatter@32 006b0fc8     xboxkrnl:xboxkrnl.exe
 0009:0000046c       __imp__NtWriteFileGather@32 006b0fcc     xboxkrnl:xboxkrnl.exe
 0009:00000470       __imp__IoQueryVolumeInformation@20 006b0fd0     xboxkrnl:xboxkrnl.exe
 0009:00000474       _IoFileObjectType          006b0fd4     xboxkrnl:xboxkrnl.exe
 0009:00000474       __imp__IoFileObjectType    006b0fd4     xboxkrnl:xboxkrnl.exe
 0009:00000478       __imp__KeSetTimer@16       006b0fd8     xboxkrnl:xboxkrnl.exe
 0009:0000047c       __imp__HalInitiateShutdown@0 006b0fdc     xboxkrnl:xboxkrnl.exe
 0009:00000480       _XboxHardwareInfo          006b0fe0     xboxkrnl:xboxkrnl.exe
 0009:00000480       __imp__XboxHardwareInfo    006b0fe0     xboxkrnl:xboxkrnl.exe
 0009:00000484       __imp__KeInitializeDpc@12  006b0fe4     xboxkrnl:xboxkrnl.exe
 0009:00000488       __imp__NtOpenFile@24       006b0fe8     xboxkrnl:xboxkrnl.exe
 0009:0000048c       __imp__HalReturnToFirmware@4 006b0fec     xboxkrnl:xboxkrnl.exe
 0009:00000490       __imp__MmFreeContiguousMemory@4 006b0ff0     xboxkrnl:xboxkrnl.exe
 0009:00000494       _LaunchDataPage            006b0ff4     xboxkrnl:xboxkrnl.exe
 0009:00000494       __imp__LaunchDataPage      006b0ff4     xboxkrnl:xboxkrnl.exe
 0009:00000498       __imp__HalRegisterShutdownNotification@8 006b0ff8     xboxkrnl:xboxkrnl.exe
 0009:0000049c       __imp__RtlNtStatusToDosError@4 006b0ffc     xboxkrnl:xboxkrnl.exe
 0009:000004a0       __imp__NtCreateIoCompletion@16 006b1000     xboxkrnl:xboxkrnl.exe
 0009:000004a4       __imp__NtSetIoCompletion@20 006b1004     xboxkrnl:xboxkrnl.exe
 0009:000004a8       __imp__NtRemoveIoCompletion@20 006b1008     xboxkrnl:xboxkrnl.exe
 0009:000004ac       __imp__MmSetAddressProtect@12 006b100c     xboxkrnl:xboxkrnl.exe
 0009:000004b0       __imp__MmQueryAddressProtect@4 006b1010     xboxkrnl:xboxkrnl.exe
 0009:000004b4       _XboxKrnlVersion           006b1014     xboxkrnl:xboxkrnl.exe
 0009:000004b4       __imp__XboxKrnlVersion     006b1014     xboxkrnl:xboxkrnl.exe
 0009:000004b8       __imp__HalBootSMCVideoMode 006b1018     xboxkrnl:xboxkrnl.exe
 0009:000004b8       _HalBootSMCVideoMode       006b1018     xboxkrnl:xboxkrnl.exe
 0009:000004bc       __imp__RtlEqualString@12   006b101c     xboxkrnl:xboxkrnl.exe
 0009:000004c0       __imp__XeLoadSection@4     006b1020     xboxkrnl:xboxkrnl.exe
 0009:000004c4       __imp__XeUnloadSection@4   006b1024     xboxkrnl:xboxkrnl.exe
 0009:000004c8       __imp__MmPersistContiguousMemory@12 006b1028     xboxkrnl:xboxkrnl.exe
 0009:000004cc       __imp__MmAllocateContiguousMemory@4 006b102c     xboxkrnl:xboxkrnl.exe
 0009:000004d0       _IdexChannelObject         006b1030     xboxkrnl:xboxkrnl.exe
 0009:000004d0       __imp__IdexChannelObject   006b1030     xboxkrnl:xboxkrnl.exe
 0009:000004d4       __imp__NtQuerySymbolicLinkObject@12 006b1034     xboxkrnl:xboxkrnl.exe
 0009:000004d8       __imp__NtOpenSymbolicLinkObject@8 006b1038     xboxkrnl:xboxkrnl.exe
 0009:000004dc       __imp__XcSHAFinal@8        006b103c     xboxkrnl:xboxkrnl.exe
 0009:000004e0       __imp__XcSHAUpdate@12      006b1040     xboxkrnl:xboxkrnl.exe
 0009:000004e4       __imp__XcSHAInit@4         006b1044     xboxkrnl:xboxkrnl.exe
 0009:000004e8       _XeImageFileName           006b1048     xboxkrnl:xboxkrnl.exe
 0009:000004e8       __imp__XeImageFileName     006b1048     xboxkrnl:xboxkrnl.exe
 0009:000004ec       __imp__HalDiskCachePartitionCount 006b104c     xboxkrnl:xboxkrnl.exe
 0009:000004ec       _HalDiskCachePartitionCount 006b104c     xboxkrnl:xboxkrnl.exe
 0009:000004f0       __imp__RtlFillMemoryUlong@12 006b1050     xboxkrnl:xboxkrnl.exe
 0009:000004f4       __imp__NtFreeVirtualMemory@12 006b1054     xboxkrnl:xboxkrnl.exe
 0009:000004f8       __imp__NtAllocateVirtualMemory@20 006b1058     xboxkrnl:xboxkrnl.exe
 0009:000004fc       _KdDebuggerEnabled         006b105c     xboxkrnl:xboxkrnl.exe
 0009:000004fc       __imp__KdDebuggerEnabled   006b105c     xboxkrnl:xboxkrnl.exe
 0009:00000500       __imp__RtlCompareMemoryUlong@12 006b1060     xboxkrnl:xboxkrnl.exe
 0009:00000504       __imp__RtlCompareMemory@12 006b1064     xboxkrnl:xboxkrnl.exe
 0009:00000508       __imp__RtlInitializeCriticalSection@4 006b1068     xboxkrnl:xboxkrnl.exe
 0009:0000050c       __imp__NtQueryVirtualMemory@8 006b106c     xboxkrnl:xboxkrnl.exe
 0009:00000510       __imp__ExFreePool@4        006b1070     xboxkrnl:xboxkrnl.exe
 0009:00000514       __imp__HalGetInterruptVector@8 006b1074     xboxkrnl:xboxkrnl.exe
 0009:00000518       __imp__KeConnectInterrupt@4 006b1078     xboxkrnl:xboxkrnl.exe
 0009:0000051c       __imp__KeInitializeInterrupt@28 006b107c     xboxkrnl:xboxkrnl.exe
 0009:00000520       __imp__KeStallExecutionProcessor@4 006b1080     xboxkrnl:xboxkrnl.exe
 0009:00000524       __imp__MmFreeSystemMemory@8 006b1084     xboxkrnl:xboxkrnl.exe
 0009:00000528       __imp__MmAllocateSystemMemory@8 006b1088     xboxkrnl:xboxkrnl.exe
 0009:0000052c       __imp__XcHMAC@28           006b108c     xboxkrnl:xboxkrnl.exe
 0009:00000530       _XboxHDKey                 006b1090     xboxkrnl:xboxkrnl.exe
 0009:00000530       __imp__XboxHDKey           006b1090     xboxkrnl:xboxkrnl.exe
 0009:00000534       __imp__RtlCompareString@12 006b1094     xboxkrnl:xboxkrnl.exe
 0009:00000538       __imp__MmGetPhysicalAddress@4 006b1098     xboxkrnl:xboxkrnl.exe
 0009:0000053c       __imp__MmLockUnlockBufferPages@12 006b109c     xboxkrnl:xboxkrnl.exe
 0009:00000540       __imp__KeInsertQueueDpc@12 006b10a0     xboxkrnl:xboxkrnl.exe
 0009:00000544       __imp__MmLockUnlockPhysicalPage@8 006b10a4     xboxkrnl:xboxkrnl.exe
 0009:00000548       _XboxSignatureKey          006b10a8     xboxkrnl:xboxkrnl.exe
 0009:00000548       __imp__XboxSignatureKey    006b10a8     xboxkrnl:xboxkrnl.exe
 0009:0000054c       __imp__XboxAlternateSignatureKeys 006b10ac     xboxkrnl:xboxkrnl.exe
 0009:0000054c       _XboxAlternateSignatureKeys 006b10ac     xboxkrnl:xboxkrnl.exe
 0009:00000550       __imp__NtQueryDirectoryFile@40 006b10b0     xboxkrnl:xboxkrnl.exe
 0009:00000554       __imp__NtQueryFullAttributesFile@8 006b10b4     xboxkrnl:xboxkrnl.exe
 0009:00000558       __imp__FscSetCacheSize@4   006b10b8     xboxkrnl:xboxkrnl.exe
 0009:0000055c       __imp__FscGetCacheSize@0   006b10bc     xboxkrnl:xboxkrnl.exe
 0009:00000560       __imp__MmAllocateContiguousMemoryEx@20 006b10c0     xboxkrnl:xboxkrnl.exe
 0009:00000564       __imp__MmQueryAllocationSize@4 006b10c4     xboxkrnl:xboxkrnl.exe
 0009:00000568       __imp__AvGetSavedDataAddress@0 006b10c8     xboxkrnl:xboxkrnl.exe
 0009:0000056c       __imp__AvSendTVEncoderOption@16 006b10cc     xboxkrnl:xboxkrnl.exe
 0009:00000570       __imp__AvSetDisplayMode@24 006b10d0     xboxkrnl:xboxkrnl.exe
 0009:00000574       __imp__AvSetSavedDataAddress@4 006b10d4     xboxkrnl:xboxkrnl.exe
 0009:00000578       __imp__MmQueryStatistics@4 006b10d8     xboxkrnl:xboxkrnl.exe
 0009:0000057c       __imp__RtlWalkFrameChain@12 006b10dc     xboxkrnl:xboxkrnl.exe
 0009:00000580       __imp__NtDeleteFile@4      006b10e0     xboxkrnl:xboxkrnl.exe
 0009:00000584       __imp__HalReadWritePCISpace@24 006b10e4     xboxkrnl:xboxkrnl.exe
 0009:00000588       __imp__KeDisconnectInterrupt@4 006b10e8     xboxkrnl:xboxkrnl.exe
 0009:0000058c       __imp__MmClaimGpuInstanceMemory@8 006b10ec     xboxkrnl:xboxkrnl.exe
 0009:00000590       __imp__KeSaveFloatingPointState@4 006b10f0     xboxkrnl:xboxkrnl.exe
 0009:00000594       __imp__KeRestoreFloatingPointState@4 006b10f4     xboxkrnl:xboxkrnl.exe
 0009:00000598       __imp__ExQueryPoolBlockSize@4 006b10f8     xboxkrnl:xboxkrnl.exe
 0009:0000059c       __imp__KeRemoveQueueDpc@4  006b10fc     xboxkrnl:xboxkrnl.exe
 0009:000005a0       __imp__KeSynchronizeExecution@12 006b1100     xboxkrnl:xboxkrnl.exe
 0009:000005a4       __imp__KeBugCheck@4        006b1104     xboxkrnl:xboxkrnl.exe
 0009:000005a8       __imp__RtlUnwind@16        006b1108     xboxkrnl:xboxkrnl.exe
 0009:000005ac       __imp_@IofCompleteRequest@8 006b110c     xboxkrnl:xboxkrnl.exe
 0009:000005b0       __imp__RtlAnsiStringToUnicodeString@12 006b1110     xboxkrnl:xboxkrnl.exe
 0009:000005b4       __imp__RtlUnicodeStringToAnsiString@12 006b1114     xboxkrnl:xboxkrnl.exe
 0009:000005b8       \177xboxkrnl_NULL_THUNK_DATA 006b1118     xboxkrnl:xboxkrnl.exe
 000b:00000000       _XapiBuildNumberD          006b9c20     xapilibd:xapi0.obj
 000b:00000114       ?XKbdBuildNumber@@3PAGA    006b9d34     libSDLx:queue.obj
 000b:00000128       ?XMouseBuildNumber@@3PAGA  006b9d48     xapilibd:mouse.obj
 000b:0000013c       _D3D8BuildNumberD          006b9d5c     d3d8d:precomp.obj
 000b:00000150       _D3DX8BuildNumberD         006b9d70     d3dx8d:png.obj
 000b:00000164       _DSoundBuildNumberD        006b9d84     dsoundd:dsapi.obj
 000b:00000178       _DMusicBuildNumberD        006b9d98     dmusicd:xguids.obj
 000b:0000018c       _XboxKrnlBuildNumber       006b9dac     xboxkrnl:bldnum.obj
 000b:000001a0       ___DebugCrtBuildNumberMT   006b9dc0     LIBCMTD:rand.obj
 000c:00000000       __tls_start                006b9ee0     xapilibd:xapitls.obj
 000c:00000108       _XapiLastErrorCode         006b9fe8     xapilibd:error.obj
 000c:0000010c       ___ptd_cur                 006b9fec     LIBCMTD:tidtable.obj
 000c:00000110       _XapiTlsSlots              006b9ff0     xapilibd:tls.obj
 000c:000002ab       __tls_end                  006ba18b     xapilibd:xapitls.obj

 entry point at        0002:00003f2a

