 ARKANOTRON

 Timestamp is 5f25afd6 (Sat Aug 01 20:09:26 2020)

 Preferred load address is 00400000

 Start         Length     Name                   Class
 0001:00000000 0003af84H .text                   CODE
 0002:00000000 0000cf40H D3D                     CODE
 0002:0000cf40 000013e0H D3D_RD                  CODE
 0002:0000e320 000038bcH D3D_URW                 CODE
 0003:00000000 000056e8H D3DX                    CODE
 0003:000056e8 000010d5H D3DX_RD                 CODE
 0004:00000000 00007158H DSOUND                  CODE
 0004:00007158 00000424H DSOUND_RD               CODE
 0004:00007580 000006c0H DSOUND_RW               CODE
 0004:00007c40 000001d4H DSOUND_URW              CODE
 0005:00000000 00000004H .XID$A                  CODE
 0005:00000004 00000004H .XID$Gamepad            CODE
 0005:00000008 00000004H .XID$IrRemote           CODE
 0005:0000000c 00000004H .XID$Keyboard           CODE
 0005:00000010 00000004H .XID$Mouse              CODE
 0005:00000014 00000004H .XID$ZZZ                CODE
 0005:00000018 00000004H .XPP$ClassA             CODE
 0005:0000001c 00000008H .XPP$ClassXID           CODE
 0005:00000024 00000004H .XPP$ClassZZHub         CODE
 0005:00000028 00000004H .XPP$ClassZZZ           CODE
 0005:0000002c 00000001H .XPP$DATA               CODE
 0005:00000030 000002b4H .XPP$Data               CODE
 0005:000002e4 00000cccH .XPPCINIT               CODE
 0005:00000fb0 0000599aH .XPPCODE                CODE
 0006:00000000 000001b0H .idata$5                DATA
 0006:000001b0 00006c1bH .rdata                  DATA
 0006:00006dcb 00000000H .edata                  DATA
 0006:00006dcc 0000007fH .rdata$debug            DATA
 0007:00000000 00000004H .CRT$RIA                DATA
 0007:00000004 00000004H .CRT$RII10              DATA
 0007:00000008 00000004H .CRT$RII20              DATA
 0007:0000000c 00000004H .CRT$RIZ                DATA
 0007:00000010 00000004H .CRT$XCA                DATA
 0007:00000014 00000004H .CRT$XCAA               DATA
 0007:00000018 00000010H .CRT$XCU                DATA
 0007:00000028 00000004H .CRT$XCZ                DATA
 0007:0000002c 00000004H .CRT$XIA                DATA
 0007:00000030 00000008H .CRT$XIC                DATA
 0007:00000038 00000004H .CRT$XIZ                DATA
 0007:0000003c 00000004H .CRT$XPA                DATA
 0007:00000040 00000008H .CRT$XPX                DATA
 0007:00000048 00000004H .CRT$XPZ                DATA
 0007:0000004c 00000004H .CRT$XTA                DATA
 0007:00000050 00000004H .CRT$XTZ                DATA
 0007:00000054 00000004H .XAPI$LNA               DATA
 0007:00000058 00000004H .XAPI$LNZ               DATA
 0007:00000060 0000294cH .data                   DATA
 0007:000029c0 000138b8H .bss                    DATA
 0008:00000000 00007180H DOLBY                   DATA
 0009:00000000 00000014H .idata$2                CODE
 0009:00000014 00000014H .idata$3                CODE
 0009:00000028 000001b0H .idata$4                CODE
 0009:000001d8 0000000eH .idata$6                CODE
 000a:00000000 00000010H .XBLD$A                 DATA
 000a:00000010 00000070H .XBLD$V                 DATA
 000b:00000000 00000001H .tls                    DATA
 000b:00000008 00000088H .tls$                   DATA
 000b:00000090 00000001H .tls$ZZZ                DATA

  Address         Publics by Value              Rva+Base     Lib:Object

 0000:00000000       ___safe_se_handler_table   00000000     <absolute>
 0000:00000000       __except_list              00000000     <absolute>
 0000:00000000       ___safe_se_handler_count   00000000     <absolute>
 0000:00000004       __tls_array                00000004     <absolute>
 0001:00000000       _main                      004003c0 f   ARKANOTRON.obj
 0001:00000790       _BallRespown               00400b50 f   GAME_Functions.obj
 0001:00000810       _ScaleLine                 00400bd0 f   GUI_Functions.obj
 0001:00000830       _IsRectColliding           00400bf0 f   GUI_Functions.obj
 0001:000008e0       _Bounce                    00400ca0 f   GUI_Functions.obj
 0001:00000a00       _SDL_ListModes             00400dc0 f   libSDLx:SDL_video.obj
 0001:00000a30       _SDL_VideoModeOK           00400df0 f   libSDLx:SDL_video.obj
 0001:00000f50       _SDL_UpdateRects           00401310 f   libSDLx:SDL_video.obj
 0001:000011e0       _SDL_WM_GrabInput          004015a0 f   libSDLx:SDL_video.obj
 0001:000012a0       _SDL_Flip                  00401660 f   libSDLx:SDL_video.obj
 0001:00001420       _SDL_VideoQuit             004017e0 f   libSDLx:SDL_video.obj
 0001:00001540       _SDL_VideoInit             00401900 f   libSDLx:SDL_video.obj
 0001:00001840       _SDL_SetVideoMode          00401c00 f   libSDLx:SDL_video.obj
 0001:00001ca0       _SDL_SetColorKey           00402060 f   libSDLx:SDL_surface.obj
 0001:00001e20       _SDL_SetClipRect           004021e0 f   libSDLx:SDL_surface.obj
 0001:00001e80       _SDL_LowerBlit             00402240 f   libSDLx:SDL_surface.obj
 0001:00001f80       _SDL_UpperBlit             00402340 f   libSDLx:SDL_surface.obj
 0001:00002120       _SDL_LockSurface           004024e0 f   libSDLx:SDL_surface.obj
 0001:00002180       _SDL_UnlockSurface         00402540 f   libSDLx:SDL_surface.obj
 0001:000021d0       _SDL_FreeSurface           00402590 f   libSDLx:SDL_surface.obj
 0001:000022e0       _SDL_CreateRGBSurface      004026a0 f   libSDLx:SDL_surface.obj
 0001:00002520       _SDL_FillRect              004028e0 f   libSDLx:SDL_surface.obj
 0001:00002920       _SDL_JoystickInit          00402ce0 f   libSDLx:SDL_joystick.obj
 0001:00002990       _SDL_JoystickOpened        00402d50 f   libSDLx:SDL_joystick.obj
 0001:000029c0       _SDL_JoystickGetAxis       00402d80 f   libSDLx:SDL_joystick.obj
 0001:00002a00       _SDL_JoystickGetButton     00402dc0 f   libSDLx:SDL_joystick.obj
 0001:00002a40       _SDL_JoystickClose         00402e00 f   libSDLx:SDL_joystick.obj
 0001:00002b00       _SDL_JoystickQuit          00402ec0 f   libSDLx:SDL_joystick.obj
 0001:00002b90       _SDL_PrivateJoystickAxis   00402f50 f   libSDLx:SDL_joystick.obj
 0001:00002c10       _SDL_PrivateJoystickHat    00402fd0 f   libSDLx:SDL_joystick.obj
 0001:00002c90       _SDL_PrivateJoystickButton 00403050 f   libSDLx:SDL_joystick.obj
 0001:00002d30       _SDL_JoystickUpdate        004030f0 f   libSDLx:SDL_joystick.obj
 0001:00002d60       _SDL_JoystickOpen          00403120 f   libSDLx:SDL_joystick.obj
 0001:00002f50       _SDL_InitSubSystem         00403310 f   libSDLx:SDL.obj
 0001:00003040       _SDL_Init                  00403400 f   libSDLx:SDL.obj
 0001:00003070       _SDL_QuitSubSystem         00403430 f   libSDLx:SDL.obj
 0001:00003100       _SDL_Quit                  004034c0 f   libSDLx:SDL.obj
 0001:00003120       _SDL_Lock_EventThread      004034e0 f   libSDLx:SDL_events.obj
 0001:00003170       _SDL_Unlock_EventThread    00403530 f   libSDLx:SDL_events.obj
 0001:000032d0       _SDL_StopEventLoop         00403690 f   libSDLx:SDL_events.obj
 0001:00003340       _SDL_StartEventLoop        00403700 f   libSDLx:SDL_events.obj
 0001:00003540       _SDL_PeepEvents            00403900 f   libSDLx:SDL_events.obj
 0001:00003660       _SDL_PollEvent             00403a20 f   libSDLx:SDL_events.obj
 0001:000036c0       _SDL_PushEvent             00403a80 f   libSDLx:SDL_events.obj
 0001:000036e0       _SDL_GetKeyState           00403aa0 f   libSDLx:SDL_keyboard.obj
 0001:00003700       _SDL_PrivateKeyboard       00403ac0 f   libSDLx:SDL_keyboard.obj
 0001:00003a00       _SDL_CheckKeyRepeat        00403dc0 f   libSDLx:SDL_keyboard.obj
 0001:00003a70       _SDL_KeyboardInit          00403e30 f   libSDLx:SDL_keyboard.obj
 0001:00004410       _SDL_ResetKeyboard         004047d0 f   libSDLx:SDL_keyboard.obj
 0001:00004460       _SDL_SetError              00404820 f   libSDLx:SDL_error.obj
 0001:00004600       _SDL_GetErrorMsg           004049c0 f   libSDLx:SDL_error.obj
 0001:000047b0       _SDL_GetError              00404b70 f   libSDLx:SDL_error.obj
 0001:000047d0       _SDL_ClearError            00404b90 f   libSDLx:SDL_error.obj
 0001:000047e0       _SDL_Error                 00404ba0 f   libSDLx:SDL_error.obj
 0001:000055f0       _SDL_revcpy                004059b0 f   libSDLx:SDL_string.obj
 0001:00005620       _SDL_strlcpy               004059e0 f   libSDLx:SDL_string.obj
 0001:00005670       _SDL_lltoa                 00405a30 f   libSDLx:SDL_string.obj
 0001:00005720       _SDL_ulltoa                00405ae0 f   libSDLx:SDL_string.obj
 0001:00005af0       _SDL_vsnprintf             00405eb0 f   libSDLx:SDL_string.obj
 0001:00005df0       _SDL_snprintf              004061b0 f   libSDLx:SDL_string.obj
 0001:00005e10       _SDL_FreeFormat            004061d0 f   libSDLx:SDL_pixels.obj
 0001:00005e50       _SDL_DitherColors          00406210 f   libSDLx:SDL_pixels.obj
 0001:00005ec0       _SDL_CalculatePitch        00406280 f   libSDLx:SDL_pixels.obj
 0001:00005f10       _SDL_FindColor             004062d0 f   libSDLx:SDL_pixels.obj
 0001:00005fa0       _SDL_MapRGB                00406360 f   libSDLx:SDL_pixels.obj
 0001:00006280       _SDL_InvalidateMap         00406640 f   libSDLx:SDL_pixels.obj
 0001:000062b0       _SDL_MapSurface            00406670 f   libSDLx:SDL_pixels.obj
 0001:000063f0       _SDL_FreeBlitMap           004067b0 f   libSDLx:SDL_pixels.obj
 0001:00006440       _SDL_AllocFormat           00406800 f   libSDLx:SDL_pixels.obj
 0001:000068b0       _SDL_FormatChanged         00406c70 f   libSDLx:SDL_pixels.obj
 0001:00006900       _SDL_AllocBlitMap          00406cc0 f   libSDLx:SDL_pixels.obj
 0001:00006970       _SDL_ReallocFormat         00406d30 f   libSDLx:SDL_pixels.obj
 0001:000069e0       _SDL_CreateMutex           00406da0 f   libSDLx:SDL_sysmutex.obj
 0001:00006a30       _SDL_DestroySemaphore      00406df0 f   libSDLx:SDL_syssem.obj
 0001:00006a30       _SDL_DestroyMutex          00406df0 f   libSDLx:SDL_sysmutex.obj
 0001:00006a60       _SDL_mutexP                00406e20 f   libSDLx:SDL_sysmutex.obj
 0001:00006aa0       _SDL_mutexV                00406e60 f   libSDLx:SDL_sysmutex.obj
 0001:00006ae0       _SDL_MouseRect             00406ea0 f   libSDLx:SDL_cursor.obj
 0001:000073f0       _SDL_DrawCursorNoLock      004077b0 f   libSDLx:SDL_cursor.obj
 0001:00007530       _SDL_DrawCursor            004078f0 f   libSDLx:SDL_cursor.obj
 0001:000075c0       _SDL_EraseCursorNoLock     00407980 f   libSDLx:SDL_cursor.obj
 0001:000076c0       _SDL_EraseCursor           00407a80 f   libSDLx:SDL_cursor.obj
 0001:00007750       _SDL_ResetCursor           00407b10 f   libSDLx:SDL_cursor.obj
 0001:000077a0       _SDL_SetCursor             00407b60 f   libSDLx:SDL_cursor.obj
 0001:00007920       _SDL_FreeCursor            00407ce0 f   libSDLx:SDL_cursor.obj
 0001:000079a0       _SDL_MoveCursor            00407d60 f   libSDLx:SDL_cursor.obj
 0001:00007a40       _SDL_CursorQuit            00407e00 f   libSDLx:SDL_cursor.obj
 0001:00007ab0       _SDL_CreateCursor          00407e70 f   libSDLx:SDL_cursor.obj
 0001:00007c60       _SDL_CursorInit            00408020 f   libSDLx:SDL_cursor.obj
 0001:00007d10       _SDL_AudioQuit             004080d0 f   libSDLx:SDL_audio.obj
 0001:00007db0       _SDL_CalculateAudioSpec    00408170 f   libSDLx:SDL_audio.obj
 0001:00007df0       _SDL_AudioInit             004081b0 f   libSDLx:SDL_audio.obj
 0001:00007ef0       _SDL_MouseInit             004082b0 f   libSDLx:SDL_mouse.obj
 0001:00007f20       _SDL_GetMouseState         004082e0 f   libSDLx:SDL_mouse.obj
 0001:00007f50       _SDL_GetRelativeMouseState 00408310 f   libSDLx:SDL_mouse.obj
 0001:00007f90       _SDL_SetMouseRange         00408350 f   libSDLx:SDL_mouse.obj
 0001:00007fb0       _SDL_PrivateMouseMotion    00408370 f   libSDLx:SDL_mouse.obj
 0001:00008140       _SDL_PrivateMouseButton    00408500 f   libSDLx:SDL_mouse.obj
 0001:000082c0       _SDL_ResetMouse            00408680 f   libSDLx:SDL_mouse.obj
 0001:00008310       _SDL_PrivateResize         004086d0 f   libSDLx:SDL_resize.obj
 0001:00009640       _SDL_RLEBlit               00409a00 f   libSDLx:SDL_RLEaccel.obj
 0001:0000ab30       _SDL_RLEAlphaBlit          0040aef0 f   libSDLx:SDL_RLEaccel.obj
 0001:0000bfa0       _SDL_UnRLESurface          0040c360 f   libSDLx:SDL_RLEaccel.obj
 0001:0000c0a0       _SDL_RLESurface            0040c460 f   libSDLx:SDL_RLEaccel.obj
 0001:0000c140       _SDL_SYS_JoystickInit      0040c500 f   libSDLx:SDL_sysjoystick.obj
 0001:0000c150       _SDL_SYS_JoystickOpen      0040c510 f   libSDLx:SDL_sysjoystick.obj
 0001:0000c330       _SDL_SYS_JoystickClose     0040c6f0 f   libSDLx:SDL_sysjoystick.obj
 0001:0000c350       _XBInput_RefreshDeviceList 0040c710 f   libSDLx:SDL_sysjoystick.obj
 0001:0000c4b0       _SDL_SYS_JoystickUpdate    0040c870 f   libSDLx:SDL_sysjoystick.obj
 0001:0000c9e0       _SDL_CDROMInit             0040cda0 f   libSDLx:SDL_cdrom.obj
 0001:0000ca10       _SDL_CDROMQuit             0040cdd0 f   libSDLx:SDL_cdrom.obj
 0001:0000ca20       _SDL_getenv                0040cde0 f   libSDLx:SDL_getenv.obj
 0001:0000ca90       _SDL_SetTimerThreaded      0040ce50 f   libSDLx:SDL_timer.obj
 0001:0000cac0       _SDL_ThreadedTimerCheck    0040ce80 f   libSDLx:SDL_timer.obj
 0001:0000cc60       _SDL_SetTimer              0040d020 f   libSDLx:SDL_timer.obj
 0001:0000cd40       _SDL_TimerQuit             0040d100 f   libSDLx:SDL_timer.obj
 0001:0000cd90       _SDL_TimerInit             0040d150 f   libSDLx:SDL_timer.obj
 0001:0000cde0       _SDL_StartTicks            0040d1a0 f   libSDLx:SDL_systimer.obj
 0001:0000ce00       _SDL_GetTicks              0040d1c0 f   libSDLx:SDL_systimer.obj
 0001:0000ce80       _SDL_Delay                 0040d240 f   libSDLx:SDL_systimer.obj
 0001:0000cea0       _SDL_SYS_TimerInit         0040d260 f   libSDLx:SDL_systimer.obj
 0001:0000cee0       _SDL_SYS_TimerQuit         0040d2a0 f   libSDLx:SDL_systimer.obj
 0001:0000cef0       _SDL_SYS_StartTimer        0040d2b0 f   libSDLx:SDL_systimer.obj
 0001:0000cf30       _SDL_SYS_CreateThread      0040d2f0 f   libSDLx:SDL_systhread.obj
 0001:0000cf70       _SDL_ThreadID              0040d330 f   libSDLx:SDL_systhread.obj
 0001:0000cf80       _SDL_SYS_WaitThread        0040d340 f   libSDLx:SDL_systhread.obj
 0001:0000d0e0       _SDL_GetErrBuf             0040d4a0 f   libSDLx:SDL_thread.obj
 0001:0000d150       _SDL_RunThread             0040d510 f   libSDLx:SDL_thread.obj
 0001:0000d190       _SDL_CreateThread          0040d550 f   libSDLx:SDL_thread.obj
 0001:0000d270       _SDL_WaitThread            0040d630 f   libSDLx:SDL_thread.obj
 0001:0000d2b0       _SDL_AppActiveInit         0040d670 f   libSDLx:SDL_active.obj
 0001:0000d2c0       _XBOX_InitOSKeymap         0040d680 f   libSDLx:SDL_xboxevents.obj
 0001:0000d800       _XBInput_GetKeyboardInput  0040dbc0 f   libSDLx:SDL_xboxevents.obj
 0001:0000d8c0       _Mouse_RefreshDeviceList   0040dc80 f   libSDLx:SDL_xboxevents.obj
 0001:0000db30       _XBOX_PumpEvents           0040def0 f   libSDLx:SDL_xboxevents.obj
 0001:0000ddf0       _SDL_CalculateBlit         0040e1b0 f   libSDLx:SDL_blit.obj
 0001:0000e7d0       _SDL_SYS_CDQuit            0040eb90 f   libSDLx:SDL_syscdrom.obj
 0001:0000eab0       _cddapause                 0040ee70 f   libSDLx:SDL_syscdrom.obj
 0001:0000eb20       _ReadSectorCDDA            0040eee0 f   libSDLx:SDL_syscdrom.obj
 0001:0000ece0       _cddaprocess               0040f0a0 f   libSDLx:SDL_syscdrom.obj
 0001:0000ef60       _cdrom_cdda_play           0040f320 f   libSDLx:SDL_syscdrom.obj
 0001:0000f070       _SDL_SYS_CDInit            0040f430 f   libSDLx:SDL_syscdrom.obj
 0001:0000f290       _SDL_CreateSemaphore       0040f650 f   libSDLx:SDL_syssem.obj
 0001:0000f2f0       _SDL_SemWait               0040f6b0 f   libSDLx:SDL_syssem.obj
 0001:0000f350       _SDL_SemPost               0040f710 f   libSDLx:SDL_syssem.obj
 0001:00011210       _SDL_CalculateBlit1        004115d0 f   libSDLx:SDL_blit_1.obj
 0001:00015b00       _SDL_CalculateBlitN        00415ec0 f   libSDLx:SDL_blit_N.obj
 0001:00016880       _SDL_CalculateBlit0        00416c40 f   libSDLx:SDL_blit_0.obj
 0001:00016c60       _SDL_HasMMX                00417020 f   libSDLx:SDL_cpuinfo.obj
 0001:0001af90       _SDL_CalculateAlphaBlit    0041b350 f   libSDLx:SDL_blit_A.obj
 0001:0001b100       _IMG_Init                  0041b4c0 f   SDL_Image:IMG.obj
 0001:0001b190       _IMG_Quit                  0041b550 f   SDL_Image:IMG.obj
 0001:0001b240       _IMG_LoadTyped_RW          0041b600 f   SDL_Image:IMG.obj
 0001:0001b310       _IMG_Load                  0041b6d0 f   SDL_Image:IMG.obj
 0001:0001b350       _IMG_InitWEBP              0041b710 f   SDL_Image:IMG_webp.obj
 0001:0001b370       _IMG_isXPM                 0041b730 f   SDL_Image:IMG_xpm.obj
 0001:0001bc70       _IMG_LoadXPM_RW            0041c030 f   SDL_Image:IMG_xpm.obj
 0001:0001bc90       _IMG_InitTIF               0041c050 f   SDL_Image:IMG_tif.obj
 0001:0001bcb0       _IMG_isPNM                 0041c070 f   SDL_Image:IMG_pnm.obj
 0001:0001bdb0       _IMG_LoadPNM_RW            0041c170 f   SDL_Image:IMG_pnm.obj
 0001:0001c0f0       _IMG_InitPNG               0041c4b0 f   SDL_Image:IMG_png.obj
 0001:0001c1b0       _IMG_QuitPNG               0041c570 f   SDL_Image:IMG_png.obj
 0001:0001c1c0       _IMG_isPNG                 0041c580 f   SDL_Image:IMG_png.obj
 0001:0001c240       _IMG_LoadPNG_RW            0041c600 f   SDL_Image:IMG_png.obj
 0001:0001c650       _IMG_isPCX                 0041ca10 f   SDL_Image:IMG_pcx.obj
 0001:0001c6d0       _IMG_LoadPCX_RW            0041ca90 f   SDL_Image:IMG_pcx.obj
 0001:0001cbc0       _IMG_isLBM                 0041cf80 f   SDL_Image:IMG_lbm.obj
 0001:0001cc40       _IMG_LoadLBM_RW            0041d000 f   SDL_Image:IMG_lbm.obj
 0001:0001d710       _IMG_InitJPG               0041dad0 f   SDL_Image:IMG_jpg.obj
 0001:0001d780       _IMG_QuitJPG               0041db40 f   SDL_Image:IMG_jpg.obj
 0001:0001d790       _IMG_isJPG                 0041db50 f   SDL_Image:IMG_jpg.obj
 0001:0001d930       _SDL_InstallParachute      0041dcf0 f   libSDLx:SDL_fatal.obj
 0001:0001d930       _IMG_QuitWEBP              0041dcf0 f   SDL_Image:IMG_webp.obj
 0001:0001d930       _jpeg_mem_term             0041dcf0 f   SDL_Image:jmemansi.obj
 0001:0001d930       _SDL_AppActiveQuit         0041dcf0 f   libSDLx:SDL_active.obj
 0001:0001d930       _IMG_QuitTIF               0041dcf0 f   SDL_Image:IMG_tif.obj
 0001:0001d930       _SDL_KeyboardQuit          0041dcf0 f   libSDLx:SDL_keyboard.obj
 0001:0001d930       _SDL_SYS_StopTimer         0041dcf0 f   libSDLx:SDL_systimer.obj
 0001:0001d930       _SDL_MouseQuit             0041dcf0 f   libSDLx:SDL_mouse.obj
 0001:0001d930       _SDL_QuitQuit              0041dcf0 f   libSDLx:SDL_quit.obj
 0001:0001d930       _SDL_SYS_SetupThread       0041dcf0 f   libSDLx:SDL_systhread.obj
 0001:0001d930       _SDL_UninstallParachute    0041dcf0 f   libSDLx:SDL_fatal.obj
 0001:0001d930       _SDL_SYS_JoystickQuit      0041dcf0 f   libSDLx:SDL_sysjoystick.obj
 0001:0001d9c0       _IMG_LoadJPG_RW            0041dd80 f   SDL_Image:IMG_jpg.obj
 0001:0001dbf0       _IMG_isGIF                 0041dfb0 f   SDL_Image:IMG_gif.obj
 0001:0001e630       _IMG_LoadGIF_RW            0041e9f0 f   SDL_Image:IMG_gif.obj
 0001:0001e970       _IMG_isBMP                 0041ed30 f   SDL_Image:IMG_bmp.obj
 0001:0001ea30       _IMG_isICO                 0041edf0 f   SDL_Image:IMG_bmp.obj
 0001:0001ea50       _IMG_isCUR                 0041ee10 f   SDL_Image:IMG_bmp.obj
 0001:0001f7d0       _IMG_LoadBMP_RW            0041fb90 f   SDL_Image:IMG_bmp.obj
 0001:0001f7e0       _IMG_LoadICO_RW            0041fba0 f   SDL_Image:IMG_bmp.obj
 0001:0001f800       _IMG_LoadCUR_RW            0041fbc0 f   SDL_Image:IMG_bmp.obj
 0001:0001f820       _IMG_LoadTGA_RW            0041fbe0 f   SDL_Image:IMG_tga.obj
 0001:0001fea0       _jpeg_std_error            00420260 f   SDL_Image:jerror.obj
 0001:0001ffc0       _jpeg_read_scanlines       00420380 f   SDL_Image:jdapistd.obj
 0001:00020060       _jpeg_start_decompress     00420420 f   SDL_Image:jdapistd.obj
 0001:000218e0       _jpeg_resync_to_restart    00421ca0 f   SDL_Image:jdmarker.obj
 0001:00021a20       _jinit_marker_reader       00421de0 f   SDL_Image:jdmarker.obj
 0001:00021ab0       _jpeg_CreateDecompress     00421e70 f   SDL_Image:jdapimin.obj
 0001:00021bc0       _jpeg_destroy_decompress   00421f80 f   SDL_Image:jdapimin.obj
 0001:00021d60       _jpeg_consume_input        00422120 f   SDL_Image:jdapimin.obj
 0001:00021e30       _jpeg_finish_decompress    004221f0 f   SDL_Image:jdapimin.obj
 0001:00021f00       _jpeg_read_header          004222c0 f   SDL_Image:jdapimin.obj
 0001:00022000       _jpeg_calc_output_dimensions 004223c0 f   SDL_Image:jdmaster.obj
 0001:00022610       _jinit_master_decompress   004229d0 f   SDL_Image:jdmaster.obj
 0001:00022670       _jpeg_abort                00422a30 f   SDL_Image:jcomapi.obj
 0001:000226b0       _jpeg_destroy              00422a70 f   SDL_Image:jcomapi.obj
 0001:000226d0       _jpeg_alloc_quant_table    00422a90 f   SDL_Image:jcomapi.obj
 0001:000226f0       _jpeg_alloc_huff_table     00422ab0 f   SDL_Image:jcomapi.obj
 0001:00022710       _jdiv_round_up             00422ad0 f   SDL_Image:jutils.obj
 0001:00022720       _jround_up                 00422ae0 f   SDL_Image:jutils.obj
 0001:00022740       _jcopy_sample_rows         00422b00 f   SDL_Image:jutils.obj
 0001:00022790       _jcopy_block_row           00422b50 f   SDL_Image:jutils.obj
 0001:000227c0       _jzero_far                 00422b80 f   SDL_Image:jutils.obj
 0001:00022db0       _jinit_input_controller    00423170 f   SDL_Image:jdinput.obj
 0001:00023910       _jinit_memory_mgr          00423cd0 f   SDL_Image:jmemmgr.obj
 0001:00023fc0       _jinit_d_main_controller   00424380 f   SDL_Image:jdmainct.obj
 0001:000243a0       _SDL_QuitInit              00424760 f   libSDLx:SDL_quit.obj
 0001:000243a0       _IMG_isTIF                 00424760 f   SDL_Image:IMG_tif.obj
 0001:000243a0       _IMG_LoadWEBP_RW           00424760 f   SDL_Image:IMG_webp.obj
 0001:000243a0       _IMG_LoadTIF_RW            00424760 f   SDL_Image:IMG_tif.obj
 0001:000243a0       _IMG_LoadXCF_RW            00424760 f   SDL_Image:IMG_xcf.obj
 0001:000243a0       _IMG_isXV                  00424760 f   SDL_Image:IMG_xv.obj
 0001:000243a0       _IMG_isWEBP                00424760 f   SDL_Image:IMG_webp.obj
 0001:000243a0       _IMG_isXCF                 00424760 f   SDL_Image:IMG_xcf.obj
 0001:000243a0       _IMG_LoadXV_RW             00424760 f   SDL_Image:IMG_xv.obj
 0001:00024fc0       _jinit_d_coef_controller   00425380 f   SDL_Image:jdcoefct.obj
 0001:00025110       _jpeg_make_d_derived_tbl   004254d0 f   SDL_Image:jdhuff.obj
 0001:000253e0       _jpeg_fill_bit_buffer      004257a0 f   SDL_Image:jdhuff.obj
 0001:00025510       _jpeg_huff_decode          004258d0 f   SDL_Image:jdhuff.obj
 0001:00025c00       _jinit_huff_decoder        00425fc0 f   SDL_Image:jdhuff.obj
 0001:000268f0       _jinit_phuff_decoder       00426cb0 f   SDL_Image:jdphuff.obj
 0001:00026c90       _jinit_inverse_dct         00427050 f   SDL_Image:jddctmgr.obj
 0001:00026fd0       _jinit_d_post_controller   00427390 f   SDL_Image:jdpostct.obj
 0001:00027550       _jinit_upsampler           00427910 f   SDL_Image:jdsample.obj
 0001:00027b90       _jinit_color_deconverter   00427f50 f   SDL_Image:jdcolor.obj
 0001:000282e0       _jinit_merged_upsampler    004286a0 f   SDL_Image:jdmerge.obj
 0001:000295c0       _jinit_2pass_quantizer     00429980 f   SDL_Image:jquant2.obj
 0001:0002a280       _jinit_1pass_quantizer     0042a640 f   SDL_Image:jquant1.obj
 0001:0002a320       _jpeg_get_large            0042a6e0 f   SDL_Image:jmemansi.obj
 0001:0002a320       _jpeg_get_small            0042a6e0 f   SDL_Image:jmemansi.obj
 0001:0002a330       _jpeg_free_small           0042a6f0 f   SDL_Image:jmemansi.obj
 0001:0002a330       _jpeg_free_large           0042a6f0 f   SDL_Image:jmemansi.obj
 0001:0002a340       _jpeg_mem_available        0042a700 f   SDL_Image:jmemansi.obj
 0001:0002a440       _jpeg_open_backing_store   0042a800 f   SDL_Image:jmemansi.obj
 0001:0002a490       _jpeg_mem_init             0042a850 f   SDL_Image:jmemansi.obj
 0001:0002a4a0       _jpeg_idct_islow           0042a860 f   SDL_Image:jidctint.obj
 0001:0002a9d0       _jpeg_idct_ifast           0042ad90 f   SDL_Image:jidctfst.obj
 0001:0002adc0       _jpeg_idct_float           0042b180 f   SDL_Image:jidctflt.obj
 0001:0002b210       _jpeg_idct_4x4             0042b5d0 f   SDL_Image:jidctred.obj
 0001:0002b530       _jpeg_idct_2x2             0042b8f0 f   SDL_Image:jidctred.obj
 0001:0002b9a0       _jpeg_idct_1x1             0042bd60 f   SDL_Image:jidctred.obj
 0001:0002b9dd       _mainXapiStartup@4         0042bd9d f   xapilib:xapi0.obj
 0001:0002ba51       _mainCRTStartup            0042be11 f   xapilib:xapi0.obj
 0001:0002bac3       _XGetVideoStandard@0       0042be83 f   xapilib:xgetvideostandard.obj
 0001:0002baec       _XGetVideoFlags@0          0042beac f   xapilib:xgetvideoflags.obj
 0001:0002bb35       _CreateSemaphoreA@16       0042bef5 f   xapilib:synch.obj
 0001:0002bb90       _ReleaseSemaphore@12       0042bf50 f   xapilib:synch.obj
 0001:0002bbb6       _CreateMutexA@12           0042bf76 f   xapilib:synch.obj
 0001:0002bc0e       _ReleaseMutex@4            0042bfce f   xapilib:synch.obj
 0001:0002bc2e       _WaitForSingleObjectEx@12  0042bfee f   xapilib:synch.obj
 0001:0002bc72       _SleepEx@8                 0042c032 f   xapilib:synch.obj
 0001:0002bcc4       _WaitForSingleObject@8     0042c084 f   xapilib:synch.obj
 0001:0002bcd6       _Sleep@4                   0042c096 f   xapilib:synch.obj
 0001:0002bce4       _CloseHandle@4             0042c0a4 f   xapilib:handle.obj
 0001:0002bd02       _GetTickCount@0            0042c0c2 f   xapilib:datetime.obj
 0001:0002bd0a       _QueryPerformanceCounter@4 0042c0ca f   xapilib:perfctr.obj
 0001:0002bd1b       _QueryPerformanceFrequency@4 0042c0db f   xapilib:perfctr.obj
 0001:0002bd2f       _XapiMmTimerThread@4       0042c0ef f   xapilib:mmtimer.obj
 0001:0002bf17       _timeSetEvent@20           0042c2d7 f   xapilib:mmtimer.obj
 0001:0002c03b       _timeKillEvent@4           0042c3fb f   xapilib:mmtimer.obj
 0001:0002c0aa       _XapiCallThreadNotifyRoutines@4 0042c46a f   xapilib:thread.obj
 0001:0002c0e2       _SetThreadPriority@8       0042c4a2 f   xapilib:thread.obj
 0001:0002c134       _RaiseException@16         0042c4f4 f   xapilib:thread.obj
 0001:0002c18a       _XRegisterThreadNotifyRoutine@8 0042c54a f   xapilib:thread.obj
 0001:0002c1d3       _UnhandledExceptionFilter@4 0042c593 f   xapilib:thread.obj
 0001:0002c20f       _XapiThreadStartup@8       0042c5cf f   xapilib:thread.obj
 0001:0002c2a7       _CreateThread@24           0042c667 f   xapilib:thread.obj
 0001:0002c315       _GetCurrentThreadId@0      0042c6d5 f   xapilib:thread.obj
 0001:0002c322       _ReadFile@20               0042c6e2 f   xapilib:filehops.obj
 0001:0002c40f       _WriteFile@20              0042c7cf f   xapilib:filehops.obj
 0001:0002c4e5       _SetEndOfFile@4            0042c8a5 f   xapilib:filehops.obj
 0001:0002c569       _SetFilePointer@16         0042c929 f   xapilib:filehops.obj
 0001:0002c663       _SetFilePointerEx@20       0042ca23 f   xapilib:filehops.obj
 0001:0002c72b       _FlushFileBuffers@4        0042caeb f   xapilib:filehops.obj
 0001:0002c752       _DeviceIoControl@32        0042cb12 f   xapilib:filehops.obj
 0001:0002c850       _XAutoPowerDownResetTimer@0 0042cc10 f   xapilib:powerdwn.obj
 0001:0002c86b       _XapiAutoPowerDownTimeout@16 0042cc2b f   xapilib:powerdwn.obj
 0001:0002c87d       _XapiInitAutoPowerDown@0   0042cc3d f   xapilib:powerdwn.obj
 0001:0002c8f1       _XapiValidateDiskPartitionEx@8 0042ccb1 f   xapilib:xapiinit.obj
 0001:0002c969       _XapiCopySectionToFile@16  0042cd29 f   xapilib:xapiinit.obj
 0001:0002ca50       _XapiMapLetterToDirectory@24 0042ce10 f   xapilib:xapiinit.obj
 0001:0002cd84       _XapiSetupPerTitleDriveLetters@8 0042d144 f   xapilib:xapiinit.obj
 0001:0002cdd9       _XapiBootToDash@12         0042d199 f   xapilib:xapiinit.obj
 0001:0002ce3e       _XapiValidateDiskPartition@4 0042d1fe f   xapilib:xapiinit.obj
 0001:0002ce4f       _XapiInitProcess@0         0042d20f f   xapilib:xapiinit.obj
 0001:0002cfbe       __cinit@0                  0042d37e f   xapilib:xapi0dat.obj
 0001:0002d016       __rtinit@0                 0042d3d6 f   xapilib:xapi0dat.obj
 0001:0002d03f       _GetLastError@0            0042d3ff f   xapilib:error.obj
 0001:0002d067       _SetLastError@4            0042d427 f   xapilib:error.obj
 0001:0002d095       _XapiSetLastNTError@4      0042d455 f   xapilib:error.obj
 0001:0002d0ac       _XapiRestrictCodeSelectorLimit@0 0042d46c f   xapilib:krnlptch.obj
 0001:0002d110       _XapiApplyKernelPatches@0  0042d4d0 f   xapilib:krnlptch.obj
 0001:0002d1d6       _XGetAVPack@0              0042d596 f   xapilib:xgetavpack.obj
 0001:0002d1de       _XapiFormatObjectAttributes@12 0042d59e f   xapilib:support.obj
 0001:0002d206       _XapiFormatTimeOut@8       0042d5c6 f   xapilib:support.obj
 0001:0002d234       _XQueryValue@20            0042d5f4 f   xapilib:xqueryvalue.obj
 0001:0002d256       _XGetSectionHandleA@4      0042d616 f   xapilib:xemodule.obj
 0001:0002d2bd       _XLoadSectionByHandle@4    0042d67d f   xapilib:xemodule.obj
 0001:0002d2de       _XFreeSectionByHandle@4    0042d69e f   xapilib:xemodule.obj
 0001:0002d2fc       _XGetSectionSize@4         0042d6bc f   xapilib:xemodule.obj
 0001:0002d306       _lstrcpynA@12              0042d6c6 f   xapilib:lcompata.obj
 0001:0002d36b       _XLaunchNewImageA@8        0042d72b f   xapilib:launch.obj
 0001:0002d3ad       _XWriteTitleInfoNoReboot@24 0042d76d f   xapilib:launch.obj
 0001:0002d48e       _XWriteTitleInfoAndRebootA@20 0042d84e f   xapilib:launch.obj
 0001:0002d4d5       _BuildUpdateFilePath@12    0042d895 f   xapilib:bootutil.obj
 0001:0002d51f       _XoUpdateLoadXBEInfo@8     0042d8df f   xapilib:bootutil.obj
 0001:0002d5eb       _XoUpdateGetSavedDataFromLaunchPage@12 0042d9ab f   xapilib:bootutil.obj
 0001:0002d64f       _XapipUpdateGetCurrentDDriveMapping@8 0042da0f f   xapilib:bootutil.obj
 0001:0002d6e1       _XapipUpdateSaveDDriveMappingToLaunchPage@8 0042daa1 f   xapilib:bootutil.obj
 0001:0002d762       _XapipUpdateDetectAndVerify@16 0042db22 f   xapilib:bootutil.obj
 0001:0002d8e4       _XapipLaunchNewImageInternal@16 0042dca4 f   xapilib:bootutil.obj
 0001:0002da65       _XapipUpdateRebootIfNecessary@0 0042de25 f   xapilib:bootutil.obj
 0001:0002dbca       _XGetParentalControlSetting@0 0042df8a f   xapilib:xgetparentalcontrolsetting.obj
 0001:0002dbef       _GetDiskFreeSpaceExA@16    0042dfaf f   xapilib:pathmisc.obj
 0001:0002dce3       _XapiSelectCachePartition@12 0042e0a3 f   xapilib:pathmisc.obj
 0001:0002df2e       _XMountUtilityDrive@4      0042e2ee f   xapilib:pathmisc.obj
 0001:0002e033       _HeapFree@12               0042e3f3 f   xapilib:xapiheap.obj
 0001:0002e04a       _GetProcessHeap@0          0042e40a f   xapilib:xapiheap.obj
 0001:0002e050       _LocalAlloc@8              0042e410 f   xapilib:xapiheap.obj
 0001:0002e06d       _LocalFree@4               0042e42d f   xapilib:xapiheap.obj
 0001:0002e08b       _RtlpCreateUnCommittedRange@4 0042e44b f   xapilib:heap.obj
 0001:0002e1ab       _RtlpDestroyUnCommittedRange@8 0042e56b f   xapilib:heap.obj
 0001:0002e1cc       _RtlpInsertUnCommittedPages@12 0042e58c f   xapilib:heap.obj
 0001:0002e25f       _RtlpFindAndCommitPages@16 0042e61f f   xapilib:heap.obj
 0001:0002e3ea       _RtlpCoalesceFreeBlocks@16 0042e7aa f   xapilib:heap.obj
 0001:0002e68f       _RtlpInsertFreeBlock@12    0042ea4f f   xapilib:heap.obj
 0001:0002e789       _RtlpGetExtraStuffPointer@4 0042eb49 f   xapilib:heap.obj
 0001:0002e7a5       _RtlpGrowBlockInPlace@20   0042eb65 f   xapilib:heap.obj
 0001:0002eba3       _RtlpInitializeHeapSegment@28 0042ef63 f   xapilib:heap.obj
 0001:0002ecc1       _RtlpExtendHeap@8          0042f081 f   xapilib:heap.obj
 0001:0002ee48       _RtlpDeCommitFreeBlock@12  0042f208 f   xapilib:heap.obj
 0001:0002f0f2       _RtlCreateHeap@24          0042f4b2 f   xapilib:heap.obj
 0001:0002f516       _RtlAllocateHeap@12        0042f8d6 f   xapilib:heap.obj
 0001:0002fc91       _RtlFreeHeap@12            00430051 f   xapilib:heap.obj
 0001:0002fe85       _RtlReAllocateHeap@16      00430245 f   xapilib:heap.obj
 0001:000305b3       _XapiShutdownChannelStartNextPacket@0 00430973 f   xapilib:xapiterm.obj
 0001:000305cc       _XapiShutdownChannelStartPacket@8 0043098c f   xapilib:xapiterm.obj
 0001:000305cf       _XapiShutdownNotification@4 0043098f f   xapilib:xapiterm.obj
 0001:00030628       _XapiChangeCodeSelectorLimit@8 004309e8 f   xapilib:xapidlla.obj
 0001:0003064d       _CreateFileA@28            00430a0d f   xapilib:fileopcr.obj
 0001:000307d8       _XComputeContentSignatureKey@8 00430b98 f   xapilib:contsig.obj
 0001:000307f7       _XapiComputeContentHeaderSignature@16 00430bb7 f   xapilib:contsig.obj
 0001:000308dc       _XapiLoadContentMetadataHeader@16 00430c9c f   xapilib:contsig.obj
 0001:000309bd       _XMemAlloc@8               00430d7d f   xapilib:xmem.obj
 0001:00030a5d       _XMemFree@8                00430e1d f   xapilib:xmem.obj
 0001:00030a77       _XapiFormatFATVolumeEx@8   00430e37 f   xapilib:format.obj
 0001:00030da0       @RtlFindFirstSetRightMember@4 00431160 f   xapilib:bitmapa.obj
 0001:00030da4       _XShaHmacInitialize@12     00431164 f   xapilib:xcalcsig.obj
 0001:00030e06       _XShaHmacUpdate@12         004311c6 f   xapilib:xcalcsig.obj
 0001:00030e0b       _XShaHmacComputeFinal@16   004311cb f   xapilib:xcalcsig.obj
 0001:00030e7d       _XPhysicalAlloc@16         0043123d f   xapilib:physical.obj
 0001:00030ec0       _XPhysicalAllocEx@20       00431280 f   xapilib:physical.obj
 0001:00030eed       _XPhysicalFree@4           004312ad f   xapilib:physical.obj
 0001:00030ef3       ??_ECMcpxAPU@DirectSound@@W7AEPAXI@Z 004312b3 f i dsound:mcpapu.obj
 0001:00030efc       _HalWriteSMBusValue@16     004312bc f   xboxkrnl:xboxkrnl.exe
 0001:00030f02       _ExQueryNonVolatileSetting@20 004312c2 f   xboxkrnl:xboxkrnl.exe
 0001:00030f08       _XcSHAFinal@8              004312c8 f   xboxkrnl:xboxkrnl.exe
 0001:00030f0e       _XcSHAUpdate@12            004312ce f   xboxkrnl:xboxkrnl.exe
 0001:00030f14       _XcSHAInit@4               004312d4 f   xboxkrnl:xboxkrnl.exe
 0001:00030f1a       _XcHMAC@28                 004312da f   xboxkrnl:xboxkrnl.exe
 0001:00030f20       _DbgPrint                  004312e0 f   xboxkrnl:xboxkrnl.exe
 0001:000313d0       _SDL_AllocRW               00431790 f   libSDLx:SDL_rwops.obj
 0001:000313f0       _SDL_ReadLE16              004317b0 f   libSDLx:SDL_rwops.obj
 0001:00031410       _SDL_ReadLE32              004317d0 f   libSDLx:SDL_rwops.obj
 0001:00031480       _SDL_RWFromFile            00431840 f   libSDLx:SDL_rwops.obj
 0001:000315b0       _SDL_iconv_open            00431970 f   libSDLx:SDL_iconv.obj
 0001:000316a0       _SDL_iconv                 00431a60 f   libSDLx:SDL_iconv.obj
 0001:00031f80       _SDL_iconv_string          00432340 f   libSDLx:SDL_iconv.obj
 0001:000320cc       _srand                     0043248c f   LIBCMT:rand.obj
 0001:000320d9       _rand                      00432499 f   LIBCMT:rand.obj
 0001:000320fb       _printf                    004324bb f   LIBCMT:printf.obj
 0001:00032161       _fprintf                   00432521 f   LIBCMT:fprintf.obj
 0001:000321bf       ___initstdio               0043257f f   LIBCMT:_file.obj
 0001:00032268       ___endstdio                00432628 f   LIBCMT:_file.obj
 0001:0003227c       __lock_file                0043263c f   LIBCMT:_file.obj
 0001:000322ab       __lock_file2               0043266b f   LIBCMT:_file.obj
 0001:000322ce       __unlock_file              0043268e f   LIBCMT:_file.obj
 0001:000322fd       __unlock_file2             004326bd f   LIBCMT:_file.obj
 0001:00032320       _time                      004326e0 f   LIBCMT:time.obj
 0001:00032358       __fpclear                  00432718 f   LIBCMT:fpinit.obj
 0001:00032359       __cfltcvt_init             00432719 f   LIBCMT:fpinit.obj
 0001:00032391       __fpmath                   00432751 f   LIBCMT:fpinit.obj
 0001:000323d5       @__security_check_cookie@4 00432795 f   LIBCMT:secchk.obj
 0001:000323e3       _free                      004327a3 f   LIBCMT:free.obj
 0001:0003243b       __heap_alloc               004327fb f   LIBCMT:malloc.obj
 0001:00032462       __nh_malloc                00432822 f   LIBCMT:malloc.obj
 0001:0003248e       _malloc                    0043284e f   LIBCMT:malloc.obj
 0001:000324a0       __stricmp                  00432860 f   LIBCMT:stricmp.obj
 0001:000324f0       _memmove                   004328b0 f   LIBCMT:memmove.obj
 0001:0003282d       _atol                      00432bed f   LIBCMT:atox.obj
 0001:00032885       _atoi                      00432c45 f   LIBCMT:atox.obj
 0001:0003288a       _realloc                   00432c4a f   LIBCMT:realloc.obj
 0001:00032977       _isdigit                   00432d37 f   LIBCMT:_ctype.obj
 0001:000329a0       _isspace                   00432d60 f   LIBCMT:_ctype.obj
 0001:000329d0       _strncmp                   00432d90 f   LIBCMT:strncmp.obj
 0001:00032a10       __allmul                   00432dd0 f   LIBCMT:llmul.obj
 0001:00032a50       __strrev                   00432e10 f   LIBCMT:strrev.obj
 0001:00032a90       __alldvrm                  00432e50 f   LIBCMT:lldvrm.obj
 0001:00032b70       __aulldvrm                 00432f30 f   LIBCMT:ulldvrm.obj
 0001:00032c43       __ltoa                     00433003 f   LIBCMT:xtoa.obj
 0001:00032c6a       __ultoa                    0043302a f   LIBCMT:xtoa.obj
 0001:00032c84       __ftol2                    00433044 f   LIBCMT:ftol2.obj
 0001:00032cf9       __strlwr                   004330b9 f   LIBCMT:strlwr.obj
 0001:00032d20       __alldiv                   004330e0 f   LIBCMT:lldiv.obj
 0001:00032dca       _sprintf                   0043318a f   LIBCMT:sprintf.obj
 0001:00032e30       __chkstk                   004331f0 f   LIBCMT:chkstk.obj
 0001:00032e30       __alloca_probe             004331f0     LIBCMT:chkstk.obj
 0001:00032e71       _toupper                   00433231 f   LIBCMT:toupper.obj
 0001:00032eb0       _strrchr                   00433270 f   LIBCMT:strrchr.obj
 0001:00033086       _strtol                    00433446 f   LIBCMT:strtol.obj
 0001:0003309d       _strtoul                   0043345d f   LIBCMT:strtol.obj
 0001:000330b4       _sscanf                    00433474 f   LIBCMT:sscanf.obj
 0001:000330f0       __setjmp3                  004334b0 f   LIBCMT:setjmp3.obj
 0001:0003316c       _longjmp                   0043352c f   LIBCMT:longjmp.obj
 0001:000332a9       _exit                      00433669 f   LIBCMT:crt0dat.obj
 0001:000332b5       __exit                     00433675 f   LIBCMT:crt0dat.obj
 0001:000332c1       __fread_lk                 00433681 f   LIBCMT:fread.obj
 0001:000333b9       _fread                     00433779 f   LIBCMT:fread.obj
 0001:00033405       __fseek_lk                 004337c5 f   LIBCMT:fseek.obj
 0001:00033494       _fseek                     00433854 f   LIBCMT:fseek.obj
 0001:000334dd       __fwrite_lk                0043389d f   LIBCMT:fwrite.obj
 0001:000335f4       _fwrite                    004339b4 f   LIBCMT:fwrite.obj
 0001:00033640       __fclose_lk                00433a00 f   LIBCMT:fclose.obj
 0001:0003368c       _fclose                    00433a4c f   LIBCMT:fclose.obj
 0001:000336e0       _strncpy                   00433aa0 f   LIBCMT:strncpy.obj
 0001:000338b1       _tmpfile                   00433c71 f   LIBCMT:tmpfile.obj
 0001:000339cc       __SEH_prolog               00433d8c f   LIBCMT:sehprolg.obj
 0001:00033a07       __SEH_epilog               00433dc7 f   LIBCMT:sehprolg.obj
 0001:00033a20       __except_handler3          00433de0 f   LIBCMT:exsup3.obj
 0001:00033af2       __seh_longjmp_unwind@4     00433eb2 f   LIBCMT:exsup3.obj
 0001:00033b10       __aulldiv                  00433ed0 f   LIBCMT:ulldiv.obj
 0001:00033b78       __snwprintf                00433f38 f   LIBCMT:snwprint.obj
 0001:00033be8       __snprintf                 00433fa8 f   LIBCMT:snprintf.obj
 0001:00033c3f       __strnicmp                 00433fff f   LIBCMT:strnicmp.obj
 0001:00033c94       __global_unwind2           00434054 f   LIBCMT:exsup.obj
 0001:00033cd6       __local_unwind2            00434096 f   LIBCMT:exsup.obj
 0001:00033d2e       __NLG_Return2              004340ee     LIBCMT:exsup.obj
 0001:00033d3e       __abnormal_termination     004340fe f   LIBCMT:exsup.obj
 0001:00033d61       __NLG_Notify1              00434121 f   LIBCMT:exsup.obj
 0001:00033d6a       __NLG_Notify               0043412a f   LIBCMT:exsup.obj
 0001:00033d7d       __NLG_Dispatch             0043413d     LIBCMT:exsup.obj
 0001:00033d82       _wcslen                    00434142 f   LIBCMT:wcslen.obj
 0001:00033d98       __vsnprintf                00434158 f   LIBCMT:vsnprint.obj
 0001:00033df0       _pow                       004341b0 f   LIBCMT:pow.obj
 0001:00033df4       __CIpow                    004341b4 f   LIBCMT:pow.obj
 0001:00033df6       __CIpow_default            004341b6 f   LIBCMT:pow.obj
 0001:00033e0f       __pow_default              004341cf     LIBCMT:pow.obj
 0001:00034008       _sinh                      004343c8 f   LIBCMT:87ctrigh.obj
 0001:00034012       _cosh                      004343d2 f   LIBCMT:87ctrigh.obj
 0001:00034019       _tanh                      004343d9 f   LIBCMT:87ctrigh.obj
 0001:00034020       __CIsinh                   004343e0 f   LIBCMT:87ctrigh.obj
 0001:0003402a       __CIcosh                   004343ea f   LIBCMT:87ctrigh.obj
 0001:00034031       __CItanh                   004343f1 f   LIBCMT:87ctrigh.obj
 0001:00034038       __fpclass                  004343f8 f   LIBCMT:ieeemisc.obj
 0001:000340d4       __purecall                 00434494 f   LIBCMT:purevirt.obj
 0001:00034100       _strchr                    004344c0 f   LIBCMT:strchr.obj
 0001:00034106       ___from_strstr_to_strchr   004344c6     LIBCMT:strchr.obj
 0001:000341be       __ftell_lk                 0043457e f   LIBCMT:ftell.obj
 0001:00034320       __getptd                   004346e0 f   LIBCMT:tidtable.obj
 0001:000343a2       __freefls@4                00434762 f   LIBCMT:tidtable.obj
 0001:0003446b       __freeptd                  0043482b f   LIBCMT:tidtable.obj
 0001:000344bd       __mtinit                   0043487d f   LIBCMT:tidtable.obj
 0001:00034530       __stbuf                    004348f0 f   LIBCMT:_sftbuf.obj
 0001:000345b8       __ftbuf                    00434978 f   LIBCMT:_sftbuf.obj
 0001:00034670       __output                   00434a30 f   LIBCMT:output.obj
 0001:00034df7       __ioinit                   004351b7 f   LIBCMT:ioinit.obj
 0001:00034e5c       _calloc                    0043521c f   LIBCMT:calloc.obj
 0001:00034ea9       __fcloseall                00435269 f   LIBCMT:closeall.obj
 0001:00034f2d       __flush                    004352ed f   LIBCMT:fflush.obj
 0001:00034f8a       __fflush_lk                0043534a f   LIBCMT:fflush.obj
 0001:0003508d       __flushall                 0043544d f   LIBCMT:fflush.obj
 0001:00035096       __mtinitlocks              00435456 f   LIBCMT:mlock.obj
 0001:000350df       __mtdeletelocks            0043549f f   LIBCMT:mlock.obj
 0001:00035108       __unlock                   004354c8 f   LIBCMT:mlock.obj
 0001:0003511a       __mtinitlocknum            004354da f   LIBCMT:mlock.obj
 0001:000351ba       __lock                     0043557a f   LIBCMT:mlock.obj
 0001:000351e8       __forcdecpt                004355a8 f   LIBCMT:cvt.obj
 0001:00035240       __cropzeros                00435600 f   LIBCMT:cvt.obj
 0001:0003528b       __positive                 0043564b f   LIBCMT:cvt.obj
 0001:000352a5       __fassign                  00435665 f   LIBCMT:cvt.obj
 0001:000353af       __cftoe                    0043576f f   LIBCMT:cvt.obj
 0001:000354b4       __cftof                    00435874 f   LIBCMT:cvt.obj
 0001:00035506       __cftog                    004358c6 f   LIBCMT:cvt.obj
 0001:00035593       __cfltcvt                  00435953 f   LIBCMT:cvt.obj
 0001:000355e4       __setdefaultprecision      004359a4 f   LIBCMT:fp8.obj
 0001:000355f6       ___security_init_cookie    004359b6 f   LIBCMT:seccinit.obj
 0001:00035650       ___security_error_handler  00435a10 f   LIBCMT:secfail.obj
 0001:000357d9       __callnewh                 00435b99 f   LIBCMT:handler.obj
 0001:000357f4       _tolower                   00435bb4 f   LIBCMT:tolower.obj
 0001:00035830       ___ascii_stricmp           00435bf0 f   LIBCMT:_stricmp.obj
 0001:0003587e       __ismbcspace               00435c3e f   LIBCMT:ismbspc.obj
 0001:000358ae       __isctype                  00435c6e f   LIBCMT:isctype.obj
 0001:000358cf       __flsbuf                   00435c8f f   LIBCMT:_flsbuf.obj
 0001:000359e8       __errno                    00435da8 f   LIBCMT:dosmap.obj
 0001:000359f1       ___doserrno                00435db1 f   LIBCMT:dosmap.obj
 0001:000359fa       __dosmaperr                00435dba f   LIBCMT:dosmap.obj
 0001:00035ab5       __input                    00435e75 f   LIBCMT:input.obj
 0001:00036632       __rt_probe_read4@4         004369f2 f   LIBCMT:sehsupp.obj
 0001:00036674       __filbuf                   00436a34 f   LIBCMT:_filbuf.obj
 0001:00036755       __read_lk                  00436b15 f   LIBCMT:read.obj
 0001:0003692c       __read                     00436cec f   LIBCMT:read.obj
 0001:000369d7       __lseek_lk                 00436d97 f   LIBCMT:lseek.obj
 0001:00036a49       __lseek                    00436e09 f   LIBCMT:lseek.obj
 0001:00036af4       __write_lk                 00436eb4 f   LIBCMT:write.obj
 0001:00036c7f       __write                    0043703f f   LIBCMT:write.obj
 0001:00036d2a       __close_lk                 004370ea f   LIBCMT:close.obj
 0001:00036dab       __close                    0043716b f   LIBCMT:close.obj
 0001:00036e46       __freebuf                  00437206 f   LIBCMT:_freebuf.obj
 0001:00036e71       __mbsrchr                  00437231 f   LIBCMT:mbsrchr.obj
 0001:00036edc       __rmtmp                    0043729c f   LIBCMT:rmtmp.obj
 0001:00036f7e       __strdup                   0043733e f   LIBCMT:strdup.obj
 0001:0003724f       __sopen                    0043760f f   LIBCMT:open.obj
 0001:000372a4       __getstream                00437664 f   LIBCMT:stream.obj
 0001:0003744d       __woutput                  0043780d f   LIBCMT:woutput.obj
 0001:00037c20       ___ascii_strnicmp          00437fe0 f   LIBCMT:_strnicm.obj
 0001:00037c95       __fFEXP                    00438055     LIBCMT:87tran.obj
 0001:00037cec       __rtinfpopse               004380ac     LIBCMT:87tran.obj
 0001:00037cee       __rtinfnpopse              004380ae     LIBCMT:87tran.obj
 0001:00037cfe       __fFLN                     004380be     LIBCMT:87tran.obj
 0001:00037db3       __rtinfpop                 00438173     LIBCMT:87tran.obj
 0001:00037db5       __rtinfnpop                00438175     LIBCMT:87tran.obj
 0001:00037dd2       __ffexpm1                  00438192     LIBCMT:87tran.obj
 0001:00037e7c       __trandisp1                0043823c f   LIBCMT:87disp.obj
 0001:00037ee3       __trandisp2                004382a3 f   LIBCMT:87disp.obj
 0001:00037f6f       __rttospopde               0043832f     LIBCMT:87disp.obj
 0001:00037f74       __rttospop                 00438334     LIBCMT:87disp.obj
 0001:00037f76       __rtnospop                 00438336     LIBCMT:87disp.obj
 0001:00037f78       __rttosnpop                00438338     LIBCMT:87disp.obj
 0001:00037f79       __rtnospopde               00438339     LIBCMT:87disp.obj
 0001:00037f80       __rtzeropop                00438340     LIBCMT:87disp.obj
 0001:00037f82       __rtzeronpop               00438342     LIBCMT:87disp.obj
 0001:00037f87       __rtonepop                 00438347     LIBCMT:87disp.obj
 0001:00037f89       __rtonenpop                00438349     LIBCMT:87disp.obj
 0001:00037f8e       __tosnan1                  0043834e     LIBCMT:87disp.obj
 0001:00037fb9       __nosnan2                  00438379     LIBCMT:87disp.obj
 0001:00037fbb       __tosnan2                  0043837b     LIBCMT:87disp.obj
 0001:00037fe3       __nan2                     004383a3     LIBCMT:87disp.obj
 0001:00038022       __rtindfpop                004383e2     LIBCMT:87disp.obj
 0001:00038024       __rtindfnpop               004383e4     LIBCMT:87disp.obj
 0001:00038035       __rttosnpopde              004383f5     LIBCMT:87disp.obj
 0001:0003803f       __rtchsifneg               004383ff     LIBCMT:87disp.obj
 0001:00038048       __startTwoArgErrorHandling 00438408 f   LIBCMT:genexcep.obj
 0001:0003805f       __startOneArgErrorHandling 0043841f f   LIBCMT:genexcep.obj
 0001:0003809c       __twoToTOS                 0043845c f   LIBCMT:common.obj
 0001:000380b1       __load_CW                  00438471 f   LIBCMT:common.obj
 0001:000380c8       __convertTOStoQNaN         00438488 f   LIBCMT:common.obj
 0001:000380e1       __fload_withFB             004384a1 f   LIBCMT:common.obj
 0001:00038124       __checkTOS_withFB          004384e4 f   LIBCMT:common.obj
 0001:0003813a       __fast_exit                004384fa f   LIBCMT:common.obj
 0001:00038147       __math_exit                00438507 f   LIBCMT:common.obj
 0001:00038171       __check_overflow_exit      00438531 f   LIBCMT:common.obj
 0001:00038185       __check_range_exit         00438545 f   LIBCMT:common.obj
 0001:00038228       __d_inttype                004385e8 f   LIBCMT:powhlp.obj
 0001:0003828d       __powhlp                   0043864d f   LIBCMT:powhlp.obj
 0001:000383e0       __fFSINH                   004387a0     LIBCMT:87trigh.obj
 0001:00038432       __fFCOSH                   004387f2     LIBCMT:87trigh.obj
 0001:000384dc       __cintrindisp2             0043889c f   LIBCMT:87cdisp.obj
 0001:0003851a       __cintrindisp1             004388da f   LIBCMT:87cdisp.obj
 0001:00038557       __ctrandisp2               00438917 f   LIBCMT:87cdisp.obj
 0001:000386ed       __ctrandisp1               00438aad f   LIBCMT:87cdisp.obj
 0001:00038720       __fload                    00438ae0 f   LIBCMT:87cdisp.obj
 0001:0003875c       __set_exp                  00438b1c f   LIBCMT:util.obj
 0001:00038786       __sptype                   00438b46 f   LIBCMT:util.obj
 0001:000387e1       __decomp                   00438ba1 f   LIBCMT:util.obj
 0001:00038895       __raise_exc                00438c55 f   LIBCMT:fpexcept.obj
 0001:00038b39       __handle_exc               00438ef9 f   LIBCMT:fpexcept.obj
 0001:00038d26       __set_errno                004390e6 f   LIBCMT:fpexcept.obj
 0001:00038d4e       __statfp                   0043910e f   LIBCMT:fpctrl.obj
 0001:00038d59       __clrfp                    00439119 f   LIBCMT:fpctrl.obj
 0001:00038d65       __ctrlfp                   00439125 f   LIBCMT:fpctrl.obj
 0001:00038d89       __set_statfp               00439149 f   LIBCMT:fpctrl.obj
 0001:00038ddf       __amsg_exit                0043919f f   LIBCMT:crt0.obj
 0001:00038e26       ___updatetmbcinfo          004391e6 f   LIBCMT:mbctype.obj
 0001:00038fa4       __setmbcp                  00439364 f   LIBCMT:mbctype.obj
 0001:000390c5       ___initmbctable            00439485 f   LIBCMT:mbctype.obj
 0001:000390ed       __mtxthreadnotification@4  004394ad f   LIBCMT:thread.obj
 0001:00039117       __isatty                   004394d7 f   LIBCMT:isatty.obj
 0001:00039141       _wctomb                    00439501 f   LIBCMT:wctomb.obj
 0001:0003916c       __commit                   0043952c f   LIBCMT:commit.obj
 0001:00039236       ___crtInitCritSecAndSpinCount 004395f6 f   LIBCMT:initcrit.obj
 0001:00039297       __ZeroTail                 00439657 f   LIBCMT:intrncvt.obj
 0001:000392c9       __IncMan                   00439689 f   LIBCMT:intrncvt.obj
 0001:00039316       __RoundMan                 004396d6 f   LIBCMT:intrncvt.obj
 0001:00039388       __CopyMan                  00439748 f   LIBCMT:intrncvt.obj
 0001:000393a3       __IsZeroMan                00439763 f   LIBCMT:intrncvt.obj
 0001:000393bc       __ShrMan                   0043977c f   LIBCMT:intrncvt.obj
 0001:00039437       __ld12cvt                  004397f7 f   LIBCMT:intrncvt.obj
 0001:0003958f       __ld12tod                  0043994f f   LIBCMT:intrncvt.obj
 0001:000395a5       __ld12tof                  00439965 f   LIBCMT:intrncvt.obj
 0001:000395bb       __atodbl                   0043997b f   LIBCMT:intrncvt.obj
 0001:000395e8       __atoflt                   004399a8 f   LIBCMT:intrncvt.obj
 0001:00039615       __fptostr                  004399d5 f   LIBCMT:_fptostr.obj
 0001:00039694       ___dtold                   00439a54 f   LIBCMT:cfout.obj
 0001:0003974e       __fltout2                  00439b0e f   LIBCMT:cfout.obj
 0001:000397b3       __fptrap                   00439b73 f   LIBCMT:crt0fp.obj
 0001:000398dc       __control87                00439c9c f   LIBCMT:ieee87.obj
 0001:0003990e       __controlfp                00439cce f   LIBCMT:ieee87.obj
 0001:00039924       __getbuf                   00439ce4 f   LIBCMT:_getbuf.obj
 0001:00039968       __ungetc_lk                00439d28 f   LIBCMT:ungetc.obj
 0001:000399d4       _mbtowc                    00439d94 f   LIBCMT:mbtowc.obj
 0001:00039a0b       __set_osfhnd               00439dcb f   LIBCMT:osfinfo.obj
 0001:00039a51       __free_osfhnd              00439e11 f   LIBCMT:osfinfo.obj
 0001:00039a9a       __get_osfhandle            00439e5a f   LIBCMT:osfinfo.obj
 0001:00039adb       __lock_fhandle             00439e9b f   LIBCMT:osfinfo.obj
 0001:00039b7b       __unlock_fhandle           00439f3b f   LIBCMT:osfinfo.obj
 0001:00039b9d       __alloc_osfhnd             00439f5d f   LIBCMT:osfinfo.obj
 0001:00039d19       __lseeki64_lk              0043a0d9 f   LIBCMT:lseeki64.obj
 0001:00039d9a       __chsize_lk                0043a15a f   LIBCMT:chsize.obj
 0001:00039ebd       __putwc_lk                 0043a27d f   LIBCMT:fputwc.obj
 0001:00039f82       __87except                 0043a342 f   LIBCMT:87except.obj
 0001:0003a05f       __frnd                     0043a41f f   LIBCMT:frnd.obj
 0001:0003a070       __matherr                  0043a430 f   LIBCMT:matherr.obj
 0001:0003a073       __NMSG_WRITE               0043a433 f   LIBCMT:crt0msg.obj
 0001:0003a09f       __FF_MSGBANNER             0043a45f f   LIBCMT:crt0msg.obj
 0001:0003a0c1       ___addl                    0043a481 f   LIBCMT:mantold.obj
 0001:0003a0e2       ___add_12                  0043a4a2 f   LIBCMT:mantold.obj
 0001:0003a140       ___shl_12                  0043a500 f   LIBCMT:mantold.obj
 0001:0003a16e       ___shr_12                  0043a52e f   LIBCMT:mantold.obj
 0001:0003a19b       ___mtold12                 0043a55b f   LIBCMT:mantold.obj
 0001:0003a269       ___strgtold12              0043a629 f   LIBCMT:strgtold.obj
 0001:0003a6e0       _$I10_OUTPUT               0043aaa0 f   LIBCMT:x10fout.obj
 0001:0003a957       __setmode_lk               0043ad17 f   LIBCMT:setmode.obj
 0001:0003a9c3       __flswbuf                  0043ad83 f   LIBCMT:_flswbuf.obj
 0001:0003aaeb       ___ld12mul                 0043aeab f   LIBCMT:tenpow.obj
 0001:0003ad0d       ___multtenpow12            0043b0cd f   LIBCMT:tenpow.obj
 0001:0003ad83       _XGetAudioFlags@0          0043b143 f   xapilib:xgetaudioflags.obj
 0001:0003adc5       _UnicodeToUTF8@16          0043b185 f   xapilib:widechar.obj
 0001:0003ae7d       _WideCharToMultiByte@32    0043b23d f   xapilib:widechar.obj
 0001:0003af45       _GetSystemTimeAsFileTime@4 0043b305 f   xapilib:kthunks.obj
 0001:0003af4b       _OutputDebugStringA@4      0043b30b f   xapilib:outputdebugstringa.obj
 0001:0003af7e       _RtlUnwind@16              0043b33e f   xboxkrnl:xboxkrnl.exe
 0002:00000000       _Direct3D_CreateDevice@24  0043b360 f   d3d8:d3ddev.obj
 0002:000000b0       _D3DDevice_SetRenderState_PSTextureModes@4 0043b410 f   d3d8:state.obj
 0002:000000e0       @D3DDevice_SetRenderState_Simple@8 0043b440 f   d3d8:state.obj
 0002:00000110       _D3DDevice_SetRenderStateNotInline@8 0043b470 f   d3d8:state.obj
 0002:00000170       _D3DDevice_GetViewportOffsetAndScale@8 0043b4d0 f   d3d8:state.obj
 0002:000002a0       ?UpdateProjectionViewportTransform@D3D@@YGXXZ 0043b600 f   d3d8:state.obj
 0002:000003e0       _D3DDevice_SetRenderState_EdgeAntiAlias@4 0043b740 f   d3d8:state.obj
 0002:00000420       _D3DDevice_SetRenderState_ShadowFunc@4 0043b780 f   d3d8:state.obj
 0002:00000460       _D3DDevice_SetRenderState_FogColor@4 0043b7c0 f   d3d8:state.obj
 0002:000004b0       _D3DDevice_SetRenderState_CullMode@4 0043b810 f   d3d8:state.obj
 0002:00000520       _D3DDevice_SetRenderState_FrontFace@4 0043b880 f   d3d8:state.obj
 0002:00000560       _D3DDevice_SetRenderState_NormalizeNormals@4 0043b8c0 f   d3d8:state.obj
 0002:000005a0       _D3DDevice_SetRenderState_TextureFactor@4 0043b900 f   d3d8:state.obj
 0002:00000600       _D3DDevice_SetRenderState_LineWidth@4 0043b960 f   d3d8:state.obj
 0002:00000670       _D3DDevice_SetRenderState_Dxt1NoiseEnable@4 0043b9d0 f   d3d8:state.obj
 0002:000006f0       _D3DDevice_SetRenderState_ZBias@4 0043ba50 f   d3d8:state.obj
 0002:00000770       _D3DDevice_SetRenderState_LogicOp@4 0043bad0 f   d3d8:state.obj
 0002:000007d0       _D3DDevice_SetRenderState_FillMode@4 0043bb30 f   d3d8:state.obj
 0002:00000820       _D3DDevice_SetRenderState_BackFillMode@4 0043bb80 f   d3d8:state.obj
 0002:00000880       _D3DDevice_SetRenderState_TwoSidedLighting@4 0043bbe0 f   d3d8:state.obj
 0002:00000900       _D3DDevice_SetRenderState_VertexBlend@4 0043bc60 f   d3d8:state.obj
 0002:00000950       _D3DDevice_SetTextureState_TexCoordIndex@8 0043bcb0 f   d3d8:state.obj
 0002:00000a60       _D3DDevice_SetTextureState_BumpEnv@12 0043bdc0 f   d3d8:state.obj
 0002:00000ad0       _D3DDevice_SetTextureState_BorderColor@8 0043be30 f   d3d8:state.obj
 0002:00000b10       _D3DDevice_SetTextureState_ColorKeyColor@8 0043be70 f   d3d8:state.obj
 0002:00000b50       _D3DDevice_SetTextureStageStateNotInline@12 0043beb0 f   d3d8:state.obj
 0002:00000c40       ?CommonSetTextureBumpEnv@D3D@@YIPCKPAVCDevice@1@PCK@Z 0043bfa0 f   d3d8:state.obj
 0002:00000cb0       ?CommonSetViewport@D3D@@YIPCKPAVCDevice@1@PCK@Z 0043c010 f   d3d8:state.obj
 0002:00000ea0       ?CommonSetControl0@D3D@@YIPCKPAVCDevice@1@PCK@Z 0043c200 f   d3d8:state.obj
 0002:00000f00       ?CommonSetDebugRegisters@D3D@@YIXXZ 0043c260 f   d3d8:state.obj
 0002:00000fd0       ?CommonSetMultiSampleModeAndScale@D3D@@YIXPAVCDevice@1@PBU_D3DVIEWPORT8@@@Z 0043c330 f   d3d8:state.obj
 0002:00001330       _D3DDevice_SetRenderState_ZEnable@4 0043c690 f   d3d8:state.obj
 0002:000013c0       _D3DDevice_SetRenderState_StencilEnable@4 0043c720 f   d3d8:state.obj
 0002:00001460       _D3DDevice_SetRenderState_StencilFail@4 0043c7c0 f   d3d8:state.obj
 0002:000014d0       _D3DDevice_SetRenderState_YuvEnable@4 0043c830 f   d3d8:state.obj
 0002:00001500       _D3DDevice_SetRenderState_OcclusionCullEnable@4 0043c860 f   d3d8:state.obj
 0002:00001570       _D3DDevice_SetRenderState_StencilCullEnable@4 0043c8d0 f   d3d8:state.obj
 0002:000015e0       _D3DDevice_SetRenderState_RopZCmpAlwaysRead@4 0043c940 f   d3d8:state.obj
 0002:00001600       _D3DDevice_SetRenderState_RopZRead@4 0043c960 f   d3d8:state.obj
 0002:00001620       _D3DDevice_SetRenderState_DoNotCullUncompressed@4 0043c980 f   d3d8:state.obj
 0002:00001640       _D3DDevice_SetRenderState_MultiSampleMode@4 0043c9a0 f   d3d8:state.obj
 0002:00001670       _D3DDevice_SetRenderState_MultiSampleRenderTargetMode@4 0043c9d0 f   d3d8:state.obj
 0002:000016a0       _D3DDevice_SetRenderState_MultiSampleAntiAlias@4 0043ca00 f   d3d8:state.obj
 0002:00001720       _D3DDevice_SetRenderState_MultiSampleMask@4 0043ca80 f   d3d8:state.obj
 0002:00001770       _D3DDevice_SetRenderState_SampleAlpha@4 0043cad0 f   d3d8:state.obj
 0002:000017c0       _D3DDevice_SetTransform@8  0043cb20 f   d3d8:d3dbase.obj
 0002:000018e0       _D3DDevice_BlockUntilIdle@0 0043cc40 f   d3d8:d3dbase.obj
 0002:000018f0       _D3DDevice_BlockUntilVerticalBlank@0 0043cc50 f   d3d8:d3dbase.obj
 0002:00001920       _D3DDevice_SetFlickerFilter@4 0043cc80 f   d3d8:d3dbase.obj
 0002:00001970       _D3DDevice_SetSoftDisplayFilter@4 0043ccd0 f   d3d8:d3dbase.obj
 0002:000019d0       ?GetPitch@PixelJar@D3D@@YGKPAUD3DPixelContainer@@@Z 0043cd30 f i d3d8:d3dbase.obj
 0002:00001a40       _D3DDevice_Reset@4         0043cda0 f   d3d8:d3dbase.obj
 0002:00001af0       _D3DDevice_SetRenderTarget@8 0043ce50 f   d3d8:d3dbase.obj
 0002:00001d70       _D3DDevice_GetBackBuffer2@4 0043d0d0 f   d3d8:d3dbase.obj
 0002:00001dc0       _D3DDevice_SetViewport@4   0043d120 f   d3d8:d3dbase.obj
 0002:00001ff0       _D3DDevice_SetTexture@8    0043d350 f   d3d8:d3dbase.obj
 0002:000021a0       _D3DDevice_IsBusy@0        0043d500 f   d3d8:d3dbase.obj
 0002:000021d0       ?SetTileNoWait@D3D@@YGXKPBU_D3DTILE@@@Z 0043d530 f   d3d8:d3dbase.obj
 0002:000022b0       _D3DDevice_SetScissors@12  0043d610 f   d3d8:d3dbase.obj
 0002:000025b0       _D3DDevice_SetScreenSpaceOffset@8 0043d910 f   d3d8:d3dbase.obj
 0002:00002600       ?D3DInternals@D3D@@YAJKPAX@Z 0043d960 f   d3d8:d3dbase.obj
 0002:000032b0       _D3DDevice_Swap@4          0043e610 f   d3d8:present.obj
 0002:000033a0       ?GPUScale@D3D@@YGXPAUD3DSurface@@0M@Z 0043e700 f   d3d8:present.obj
 0002:00003460       _D3DDevice_CreateTexture2@28 0043e7c0 f   d3d8:texture.obj
 0002:00003510       _D3DTexture_GetLevelDesc@12 0043e870 f   d3d8:texture.obj
 0002:00003520       _D3DTexture_LockRect@20    0043e880 f   d3d8:texture.obj
 0002:00003550       _D3DDevice_CreateVertexBuffer2@4 0043e8b0 f   d3d8:buffer.obj
 0002:000035a0       _D3DVertexBuffer_Lock2@8   0043e900 f   d3d8:buffer.obj
 0002:000035f0       _D3DPalette_Lock2@8        0043e950 f   d3d8:buffer.obj
 0002:00003610       _D3DPalette_GetSize@4      0043e970 f   d3d8:buffer.obj
 0002:00003620       _D3DDevice_Clear@24        0043e980 f   d3d8:clear.obj
 0002:00003a10       _D3DDevice_DrawVertices@12 0043ed70 f   d3d8:drawprim.obj
 0002:00003ab0       _D3DDevice_SetVertexData2f@12 0043ee10 f   d3d8:drawprim.obj
 0002:00003af0       _D3DDevice_Begin@4         0043ee50 f   d3d8:drawprim.obj
 0002:00003b30       _D3DDevice_End@0           0043ee90 f   d3d8:drawprim.obj
 0002:00003b80       ?InitializeVertexShaderFromFvf@D3D@@YGXPAUVertexShader@1@K@Z 0043eee0 f   d3d8:vshader.obj
 0002:00003cc0       ?ShadowVertexShaderState@D3D@@YGXPAUVertexShader@1@K@Z 0043f020 f   d3d8:vshader.obj
 0002:00003d70       ?ParseProgram@D3D@@YGPCKPCKPBKK@Z 0043f0d0 f   d3d8:vshader.obj
 0002:00003de0       _D3DDevice_SetStreamSource@12 0043f140 f   d3d8:vshader.obj
 0002:00003e70       _D3DDevice_LoadVertexShader@8 0043f1d0 f   d3d8:vshader.obj
 0002:00003ed0       _D3DDevice_SelectVertexShader@8 0043f230 f   d3d8:vshader.obj
 0002:00003f70       _D3DDevice_SetShaderConstantMode@4 0043f2d0 f   d3d8:vshader.obj
 0002:00004090       ?RestoreVertexShaders@D3D@@YGXPBKK@Z 0043f3f0 f   d3d8:vshader.obj
 0002:000040d0       ?CommonSetPassthroughProgram@D3D@@YIXPAVCDevice@1@@Z 0043f430 f   d3d8:vshader.obj
 0002:000041c0       _D3DDevice_SetVertexShader@4 0043f520 f   d3d8:vshader.obj
 0002:00004330       ?CleanPrivateData@D3D@@YGXPAX@Z 0043f690 f   d3d8:resource.obj
 0002:00004380       ?DestroyResource@D3D@@YGXPAUD3DResource@@@Z 0043f6e0 f   d3d8:resource.obj
 0002:00004420       ?IsResourceSetInDevice@D3D@@YGHPAUD3DResource@@@Z 0043f780 f   d3d8:resource.obj
 0002:00004460       ?InternalAddRefSurface@D3D@@YGXPAUD3DResource@@@Z 0043f7c0 f   d3d8:resource.obj
 0002:000044a0       _D3DResource_AddRef@4      0043f800 f   d3d8:resource.obj
 0002:000044e0       _D3DResource_Release@4     0043f840 f   d3d8:resource.obj
 0002:00004530       _D3DResource_GetType@4     0043f890 f   d3d8:resource.obj
 0002:000045c0       ?InternalReleaseSurface@D3D@@YGXPAUD3DResource@@@Z 0043f920 f   d3d8:resource.obj
 0002:00004630       _Direct3DCreate8@4         0043f990 f   d3d8:enum.obj
 0002:00004640       ?InitializeKelvin@D3D@@YGXXZ 0043f9a0 f   d3d8:dxgcreate.obj
 0002:00004730       ?InitializeHardware@D3D@@YGXXZ 0043fa90 f   d3d8:dxgcreate.obj
 0002:00004840       ?InitializeD3dState@D3D@@YGXXZ 0043fba0 f   d3d8:dxgcreate.obj
 0002:00004910       ?FreeFrameBuffers@CDevice@D3D@@QAEXXZ 0043fc70 f   d3d8:dxgcreate.obj
 0002:00004a40       ?InitializeFrameBuffers@CDevice@D3D@@QAEJPAU_D3DPRESENT_PARAMETERS_@@@Z 0043fda0 f   d3d8:dxgcreate.obj
 0002:00004fe0       ?Init@CDevice@D3D@@QAEJPAU_D3DPRESENT_PARAMETERS_@@@Z 00440340 f   d3d8:dxgcreate.obj
 0002:000054b0       ?UnInit@CDevice@D3D@@QAEXXZ 00440810 f   d3d8:dxgcreate.obj
 0002:00005660       ?BusyLoop@D3D@@YGXXZ       004409c0 f   d3d8:pusher.obj
 0002:00005680       ?ComputeGap@D3D@@YIKPAVCDevice@1@PAUFence@1@PCK@Z 004409e0 f   d3d8:pusher.obj
 0002:000056b0       ?DumpMatrixTransposed@D3D@@YGXPCKKPBU_D3DMATRIX@@@Z 00440a10 f   d3d8:pusher.obj
 0002:00005720       ?InitializePushBuffer@CDevice@D3D@@QAEJXZ 00440a80 f   d3d8:pusher.obj
 0002:000057c0       ?UninitializePushBuffer@CDevice@D3D@@QAEXXZ 00440b20 f   d3d8:pusher.obj
 0002:000058f0       ?GpuGet@CDevice@D3D@@QAEPCKXZ 00440c50 f   d3d8:pusher.obj
 0002:00005970       ?GpuGetOrNewer@D3D@@YGPCKPAVCDevice@1@H@Z 00440cd0 f   d3d8:pusher.obj
 0002:000059f0       ?FlushWCCache@D3D@@YGXXZ   00440d50 f   d3d8:pusher.obj
 0002:00005a20       ?KickOff@CDevice@D3D@@QAEXXZ 00440d80 f   d3d8:pusher.obj
 0002:00005ad0       ?ReentrantKickOffAndWait@CDevice@D3D@@QAEXXZ 00440e30 f   d3d8:pusher.obj
 0002:00005b40       ?SetFence@D3D@@YGKK@Z      00440ea0 f   d3d8:pusher.obj
 0002:00005c00       ?BlockOnTime@D3D@@YGXKK@Z  00440f60 f   d3d8:pusher.obj
 0002:00005d70       ?MakeRequestedSpace@D3D@@YGPCKKK@Z 004410d0 f   d3d8:pusher.obj
 0002:00005eb0       _D3DDevice_MakeSpace@0     00441210 f   d3d8:pusher.obj
 0002:00005ec0       _D3DDevice_BeginStateBig@4 00441220 f   d3d8:pusher.obj
 0002:00005f10       ?KickOffAndWaitForIdle@D3D@@YGXXZ 00441270 f   d3d8:pusher.obj
 0002:00005f30       ?BlockOnResource@D3D@@YGXPAUD3DResource@@@Z 00441290 f   d3d8:pusher.obj
 0002:00005fb0       ?BlockOnNonSurfaceResource@D3D@@YGXPAUD3DResource@@@Z 00441310 f   d3d8:pusher.obj
 0002:00005ff0       ?XformBy4x3@D3D@@YGXPAU_D3DVECTOR@@PBU2@MPBU_D3DMATRIX@@@Z 00441350 f   d3d8:math.obj
 0002:00006050       ?MatrixProduct4x4@D3D@@YGXPAU_D3DMATRIX@@PBU2@1@Z 004413b0 f   d3d8:math.obj
 0002:00006150       ?Explut@D3D@@YGXMPAM0@Z    004414b0 f   d3d8:math.obj
 0002:00006220       ?JBInvSqrt@D3D@@YGMM@Z     00441580 f   d3d8:math.obj
 0002:00006280       ?NormalizeVector3@D3D@@YGXPAU_D3DVECTOR@@@Z 004415e0 f   d3d8:math.obj
 0002:000062d0       ?Inverse4x4@D3D@@YGHPAU_D3DMATRIX@@PBU2@H@Z 00441630 f   d3d8:math.obj
 0002:00006820       ?FloatToLong@D3D@@YGJM@Z   00441b80 f   d3d8:floatmath.obj
 0002:00006830       ?Exp@D3D@@YGMM@Z           00441b90 f   d3d8:floatmath.obj
 0002:00006890       ?Log@D3D@@YGMM@Z           00441bf0 f   d3d8:floatmath.obj
 0002:0000689b       ?DacProgramVideoStart@CMiniport@D3D@@QAEXK@Z 00441bfb f   d3d8:mpdac.obj
 0002:0000691d       ?DacProgramGammaRamp@CMiniport@D3D@@QAEXPAU_D3DGAMMARAMP@@@Z 00441c7d f   d3d8:mpdac.obj
 0002:00006980       ?Log2@D3D@@YIKK@Z          00441ce0 f   d3d8:pixeljar.obj
 0002:00006990       ?MapToLinearD3DFORMAT@D3D@@YG?AW4_D3DFORMAT@@W42@@Z 00441cf0 f   d3d8:pixeljar.obj
 0002:00006a50       ?VideoBitsPerPixelOfD3DFORMAT@D3D@@YGKW4_D3DFORMAT@@@Z 00441db0 f   d3d8:pixeljar.obj
 0002:00006a80       ?CalcTilePitch@D3D@@YGKKW4_D3DFORMAT@@@Z 00441de0 f   d3d8:pixeljar.obj
 0002:00006ac0       ?GetSurfaceFormat@PixelJar@D3D@@YGKPAUD3DPixelContainer@@0@Z 00441e20 f   d3d8:pixeljar.obj
 0002:00006be0       ?GetDepthBufferScale@PixelJar@D3D@@YGXPAUD3DPixelContainer@@PAM@Z 00441f40 f   d3d8:pixeljar.obj
 0002:00006c50       ?GetSize@PixelJar@D3D@@YGXPAUD3DPixelContainer@@KPAK1111@Z 00441fb0 f   d3d8:pixeljar.obj
 0002:00006da0       ?Get2DSurfaceDesc@PixelJar@D3D@@YGXPAUD3DPixelContainer@@IPAU_D3DSURFACE_DESC@@@Z 00442100 f   d3d8:pixeljar.obj
 0002:00006e60       ?FindSurfaceWithinTexture@PixelJar@D3D@@YGXPAUD3DPixelContainer@@W4_D3DCUBEMAP_FACES@@IPAPAEPAK333@Z 004421c0 f   d3d8:pixeljar.obj
 0002:00007090       ?Lock2DSurface@PixelJar@D3D@@YGXPAUD3DPixelContainer@@W4_D3DCUBEMAP_FACES@@IPAU_D3DLOCKED_RECT@@PBUtagRECT@@K@Z 004423f0 f   d3d8:pixeljar.obj
 0002:00007130       ?EncodeFormat@PixelJar@D3D@@YGKKKKKW4_D3DFORMAT@@KHHPAK1@Z 00442490 f   d3d8:pixeljar.obj
 0002:00007325       ?GetDisplayCapabilities@CMiniport@D3D@@SGKXZ 00442685 f   d3d8:mpmode.obj
 0002:00007344       ?GetTableForCurrentAvInfo@D3D@@YGPBUDISPLAYMODE@1@XZ 004426a4 f   d3d8:mpmode.obj
 0002:000073bd       ?SetVideoMode@CMiniport@D3D@@QAEJKKKKW4_D3DFORMAT@@KK@Z 0044271d f   d3d8:mpmode.obj
 0002:00007630       ?IsFlipPending@CMiniport@D3D@@QAEHXZ 00442990 f   d3d8:mpintr.obj
 0002:00007650       ?GetTime@CMiniport@D3D@@QAEKXZ 004429b0 f i d3d8:mpintr.obj
 0002:00007660       ?Isr@CMiniport@D3D@@SGEPAU_KINTERRUPT@@PAX@Z 004429c0 f   d3d8:mpintr.obj
 0002:00007780       ?ServiceQueuedFlips@CMiniport@D3D@@AAEKXZ 00442ae0 f   d3d8:mpintr.obj
 0002:00007860       ?VBlank@CMiniport@D3D@@AAEKXZ 00442bc0 f   d3d8:mpintr.obj
 0002:00007970       ?ServiceTimerInterrupt@CMiniport@D3D@@AAEKXZ 00442cd0 f   d3d8:mpintr.obj
 0002:00007aa0       ?ShutdownNotification@CMiniport@D3D@@SGXPAU_HAL_SHUTDOWN_REGISTRATION@@@Z 00442e00 f   d3d8:mpintr.obj
 0002:00007b10       ?ReportHardwareError@D3D@@YGXKKKK@Z 00442e70 f   d3d8:mpintr.obj
 0002:00007b60       ?SoftwareMethod@CMiniport@D3D@@AAEXK@Z 00442ec0 f   d3d8:mpintr.obj
 0002:00007dd0       ?ServiceGrInterrupt@CMiniport@D3D@@AAEKXZ 00443130 f   d3d8:mpintr.obj
 0002:00007e80       ?ServiceFifoInterrupt@CMiniport@D3D@@AAEKXZ 004431e0 f   d3d8:mpintr.obj
 0002:00008010       ?Dpc@CMiniport@D3D@@SGXPAU_KDPC@@PAX11@Z 00443370 f   d3d8:mpintr.obj
 0002:000080e7       ?ReserveInstMem@CMiniport@D3D@@AAEKK@Z 00443447 f   d3d8:mpcore.obj
 0002:000080fa       ?InitGammaRamp@CMiniport@D3D@@AAEXK@Z 0044345a f   d3d8:mpcore.obj
 0002:0000813a       ?InitDMAChannel@CMiniport@D3D@@QAEHKPAUOBJECTINFO@12@0KPAPAX@Z 0044349a f   d3d8:mpcore.obj
 0002:0000819d       ?BindToChannel@CMiniport@D3D@@QAEHPAUOBJECTINFO@12@@Z 004434fd f   d3d8:mpcore.obj
 0002:000081d1       ?MapRegisters@CMiniport@D3D@@AAEHXZ 00443531 f   d3d8:mpcore.obj
 0002:000081fc       ?GetGeneralInfo@CMiniport@D3D@@AAEHXZ 0044355c f   d3d8:mpcore.obj
 0002:0000823d       ?InitEngines@CMiniport@D3D@@AAEHXZ 0044359d f   d3d8:mpcore.obj
 0002:000082c0       ?LoadEngines@CMiniport@D3D@@AAEHXZ 00443620 f   d3d8:mpcore.obj
 0002:00008358       ?GetAddressInfo@CMiniport@D3D@@AAEXPAXPAPAXPAKH@Z 004436b8 f   d3d8:mpcore.obj
 0002:000083b2       ?CreateCtxDmaObject@CMiniport@D3D@@QAEHKKPAXKPAUOBJECTINFO@12@@Z 00443712 f   d3d8:mpcore.obj
 0002:00008481       ?CreateGrObject@CMiniport@D3D@@QAEHKKPAUOBJECTINFO@12@@Z 004437e1 f   d3d8:mpcore.obj
 0002:00008511       ?TilingUpdateIdle@CMiniport@D3D@@QAEXPAK@Z 00443871 f   d3d8:mpcore.obj
 0002:0000857c       ?GetTimerTime@CMiniport@D3D@@AAE_KXZ 004438dc f   d3d8:mpcore.obj
 0002:00008591       ?EnableTimer@CMiniport@D3D@@AAEXH@Z 004438f1 f   d3d8:mpcore.obj
 0002:000085af       ?SetTimerAlarm@CMiniport@D3D@@AAEX_KH@Z 0044390f f   d3d8:mpcore.obj
 0002:0000867d       ?ApplyLGSFix@CMiniport@D3D@@QAEXXZ 004439dd f   d3d8:mpcore.obj
 0002:000086c4       ?InitHardware@CMiniport@D3D@@QAEHXZ 00443a24 f   d3d8:mpcore.obj
 0002:00008826       ?CreateTile@CMiniport@D3D@@QAEHKKKKKKK@Z 00443b86 f   d3d8:mpcore.obj
 0002:00008a14       ?DestroyTile@CMiniport@D3D@@QAEHKK@Z 00443d74 f   d3d8:mpcore.obj
 0002:00008ad6       ?ShutdownEngines@CMiniport@D3D@@QAEXXZ 00443e36 f   d3d8:mpcore.obj
 0002:00008d40       ?LazySetPointParams@D3D@@YGXPAVCDevice@1@@Z 004440a0 f   d3d8:lazy.obj
 0002:00008eb0       ?LazySetShaderStageProgram@D3D@@YGXPAVCDevice@1@@Z 00444210 f   d3d8:lazy.obj
 0002:00009230       ?LazySetTextureState@D3D@@YGXPAVCDevice@1@K@Z 00444590 f   d3d8:lazy.obj
 0002:00009420       ?LazySetSpecFogCombiner@D3D@@YGXPAVCDevice@1@@Z 00444780 f   d3d8:lazy.obj
 0002:00009600       ?LazySetTextureTransform@D3D@@YGXPAVCDevice@1@@Z 00444960 f   d3d8:lazy.obj
 0002:00009db0       ?LazySetLights@D3D@@YGXPAVCDevice@1@K@Z 00445110 f   d3d8:lazy.obj
 0002:0000a100       ?LazySetTransform@D3D@@YGXPAVCDevice@1@K@Z 00445460 f   d3d8:lazy.obj
 0002:0000a300       ?LazySetState@D3D@@YGXXZ   00445660 f   d3d8:lazy.obj
 0002:0000a380       ?LazySetStateVB@CDevice@D3D@@QAEXK@Z 004456e0 f   d3d8:lazy.obj
 0002:0000a520       _D3DDevice_SetPixelShader@4 00445880 f   d3d8:pshader.obj
 0002:0000a720       ?InitSurfaceHeader@D3D@@YGXIIW4_D3DFORMAT@@PAUD3DSurface@@II@Z 00445a80 f   d3d8:shadersnapshot.obj
 0002:0000a770       ?HandleShaderSnapshotPreSwap@D3D@@YGXXZ 00445ad0 f   d3d8:shadersnapshot.obj
 0002:0000a820       ?HandleMovieFrameIdle@D3D@@YGXXZ 00445b80 f   d3d8:shadersnapshot.obj
 0002:0000aba0       ?HandleShaderSnapshotOpcode@D3D@@YGXXZ 00445f00 f   d3d8:shadersnapshot.obj
 0002:0000b110       ?InitializeSurface@D3D@@YGXPAUD3DSurface@@KKPAX@Z 00446470 f   d3d8:surface.obj
 0002:0000b140       ?DBGPRINT@D3D@@YAXPADZZ    004464a0 f   d3d8:debug.obj
 0002:0000b180       ?FixupPushBuffer@D3D@@YGXPAUPushBufferFixup@1@@Z 004464e0 f   d3d8:pushres.obj
 0002:0000b211       ?HalMcControlInit@CMiniport@D3D@@AAEXXZ 00446571 f   d3d8:mphal.obj
 0002:0000b378       ?HalFbControlInit@CMiniport@D3D@@AAEXXZ 004466d8 f   d3d8:mphal.obj
 0002:0000b476       ?HalDacControlInit@CMiniport@D3D@@AAEXXZ 004467d6 f   d3d8:mphal.obj
 0002:0000b545       ?HalVideoControlInit@CMiniport@D3D@@AAEXXZ 004468a5 f   d3d8:mphal.obj
 0002:0000b57b       ?HalGrControlInit@CMiniport@D3D@@AAEXXZ 004468db f   d3d8:mphal.obj
 0002:0000b5ab       ?HalFifoControlInit@CMiniport@D3D@@AAEXXZ 0044690b f   d3d8:mphal.obj
 0002:0000b61c       ?HalGrIdle@CMiniport@D3D@@AAEXXZ 0044697c f   d3d8:mphal.obj
 0002:0000b65b       ?HalGrUnloadChannelContext@CMiniport@D3D@@AAEXK@Z 004469bb f   d3d8:mphal.obj
 0002:0000b694       ?HalFifoContextSwitch@CMiniport@D3D@@AAEXK@Z 004469f4 f   d3d8:mphal.obj
 0002:0000b891       ?HalDacLoad@CMiniport@D3D@@AAEXXZ 00446bf1 f   d3d8:mphal.obj
 0002:0000b8a3       ?HalFifoAllocDMA@CMiniport@D3D@@AAEXKKKPAUOBJECTINFO@12@@Z 00446c03 f   d3d8:mphal.obj
 0002:0000ba30       ?HalFifoHashAdd@CMiniport@D3D@@AAEXKKKKK@Z 00446d90 f   d3d8:mphal.obj
 0002:0000ba69       ?HalGrInitObjectContext@CMiniport@D3D@@AAEXKK@Z 00446dc9 f   d3d8:mphal.obj
 0002:0000bade       ?HalGrInit3d@CMiniport@D3D@@AAEXXZ 00446e3e f   d3d8:mphal.obj
 0002:0000c4bd       ?HalGrLoadChannelContext@CMiniport@D3D@@AAEXK@Z 0044781d f   d3d8:mphal.obj
 0002:0000c5e0       ?HalFifoControlLoad@CMiniport@D3D@@AAEXXZ 00447940 f   d3d8:mphal.obj
 0002:0000c661       ?HalGrControlLoad@CMiniport@D3D@@AAEXXZ 004479c1 f   d3d8:mphal.obj
 0002:0000c980       ?LazySetCombiners@D3D@@YGKPAVCDevice@1@K@Z 00447ce0 f   d3d8:combiner.obj
 0002:0000cf40       ?g_TextureFormat@D3D@@3QBEB 004482a0     d3d8:d3ddev.obj
 0002:0000cf84       ?g_LODBias2x@D3D@@3QBMB    004482e4     d3d8:state.obj
 0002:0000cfa0       ?g_ComplexRenderStateFunctionTable@D3D@@3QBQ6GXK@ZB 00448300     d3d8:state.obj
 0002:0000d01c       ?g_DefaultViewport@D3D@@3U_D3DVIEWPORT8@@B 0044837c     d3d8:d3dbase.obj
 0002:0000d048       ?g_TilePitches@D3D@@3QBKB  004483a8     d3d8:d3dbase.obj
 0002:0000d0b0       ?g_TransformDirtyTable@D3D@@3QBKB 00448410     d3d8:d3dbase.obj
 0002:0000d0d8       ?g_AntiAliasedTextureStates@D3D@@3QBKB 00448438     d3d8:present.obj
 0002:0000d130       ?g_AntiAliasedRenderStates@D3D@@3QBKB 00448490     d3d8:present.obj
 0002:0000d1d0       ?g_PassthruProgramPositionAndTexture@D3D@@3QBKB 00448530     d3d8:present.obj
 0002:0000d1f0       ?g_IdentityMatrix@D3D@@3U_D3DMATRIX@@B 00448550     d3d8:vshader.obj
 0002:0000d230       ?g_FixedFunctionPipelineConstants@D3D@@3QBKB 00448590     d3d8:vshader.obj
 0002:0000d260       ?g_PassthruProgramWFog@D3D@@3QBKB 004485c0     d3d8:vshader.obj
 0002:0000d320       ?g_PassthruProgramZFog@D3D@@3QBKB 00448680     d3d8:vshader.obj
 0002:0000d3d0       ?g_PassthruProgramSpecularFog@D3D@@3QBKB 00448730     d3d8:vshader.obj
 0002:0000d490       ?g_TextureCount@D3D@@3QBKB 004487f0     d3d8:vshader.obj
 0002:0000d4a0       ?g_MinFilter@D3D@@3QAY02$$CBKA 00448800     d3d8:precomp.obj
 0002:0000d4b8       ?g_InitialTextureStates@D3D@@3QBEB 00448818     d3d8:dxgcreate.obj
 0002:0000d4d8       ?g_InitialRenderStates@D3D@@3QBKB 00448838     d3d8:dxgcreate.obj
 0002:0000d698       ?g_Mar@D3D@@3QBMB          004489f8     d3d8:math.obj
 0002:0000d718       ?g_Lar@D3D@@3QBMB          00448a78     d3d8:math.obj
 0002:0000d798       ?g_DisplayModes@D3D@@3QBUDISPLAYMODE@1@B 00448af8     d3d8:mpmode.obj
 0002:0000e048       ??_C@_0ED@CEHICPLJ@?5?5?5Type?3?5?$CFi?6?5Source?3?5?$CF08x?6?5?5Clas@ 004493a8     d3d8:mpintr.obj
 0002:0000e08c       ??_C@_01EEMJAFIK@?6?$AA@   004493ec     d3d8:mpintr.obj
 0002:0000e090       ??_C@_0FL@LBCDANFN@GPU?5generated?5an?5error?$CB?6Try?5repr@ 004493f0     d3d8:mpintr.obj
 0002:0000e0f4       ??_C@_0CA@GJMEKBLB@Wait?5for?5image?5write?5timed?9out?6?$AA@ 00449454     d3d8:shadersnapshot.obj
 0002:0000e114       ??_C@_0BP@BPOFKPAI@Wait?5for?5image?5read?5timed?9out?6?$AA@ 00449474     d3d8:shadersnapshot.obj
 0002:0000e134       ??_C@_0DB@PLEMIDFP@Unable?5to?5re?9open?5movie?5cache?5fi@ 00449494     d3d8:shadersnapshot.obj
 0002:0000e168       ??_C@_05CCMOGDN@?$CFs?3?$CFs?$AA@ 004494c8     d3d8:shadersnapshot.obj
 0002:0000e170       ??_C@_0M@FMMNPAHF@1?400?45933?41?$AA@ 004494d0     d3d8:shadersnapshot.obj
 0002:0000e17c       ??_C@_07LHBDFJPO@Release?$AA@ 004494dc     d3d8:shadersnapshot.obj
 0002:0000e184       ??_C@_0BM@PMANFOOE@createfile?5error?5?9?5st?$DN?$CF08x?6?$AA@ 004494e4     d3d8:shadersnapshot.obj
 0002:0000e1a0       ??_C@_0CF@JAIFDFBO@GetDiskFreeSpaceEx?5failed?5with?5?$CF@ 00449500     d3d8:shadersnapshot.obj
 0002:0000e1c8       ??_C@_02HGOPDIBI@t?3?$AA@  00449528     d3d8:shadersnapshot.obj
 0002:0000e2c0       ??_C@_09FBGPICKC@CopyRects?$AA@ 00449620     d3d8:pushres.obj
 0002:0000e2cc       ??_C@_0BC@JNDDCMEE@EndVisibilityTest?$AA@ 0044962c     d3d8:pushres.obj
 0002:0000e2e0       ??_C@_0L@BGIJEDPF@SetPalette?$AA@ 00449640     d3d8:pushres.obj
 0002:0000e2ec       ??_C@_0L@BPHKIMHE@SetTexture?$AA@ 0044964c     d3d8:pushres.obj
 0002:0000e2f8       ??_C@_0BF@MPBJCMNM@SetVertexShaderInput?$AA@ 00449658     d3d8:pushres.obj
 0002:0000e310       ??_C@_0BA@LPDJAFGN@SetRenderTarget?$AA@ 00449670     d3d8:pushres.obj
[...]
 0001:000171b0       _BlitNto1PixelAlpha        00417570 f   libSDLx:SDL_blit_A.obj
 0001:00017770       _BlitNto1SurfaceAlphaKey   00417b30 f   libSDLx:SDL_blit_A.obj
 0001:00018170       _BlitRGBtoRGBSurfaceAlpha128 00418530 f   libSDLx:SDL_blit_A.obj
 0001:000182e0       _BlitRGBtoRGBSurfaceAlpha  004186a0 f   libSDLx:SDL_blit_A.obj
 0001:00018570       _BlitRGBtoRGBPixelAlpha    00418930 f   libSDLx:SDL_blit_A.obj
 0001:00018820       _Blit16to16SurfaceAlpha128 00418be0 f   libSDLx:SDL_blit_A.obj
 0001:00018a60       _Blit565to565SurfaceAlpha  00418e20 f   libSDLx:SDL_blit_A.obj
 0001:00018c30       _Blit555to555SurfaceAlpha  00418ff0 f   libSDLx:SDL_blit_A.obj
 0001:00018e00       _BlitARGBto565PixelAlpha   004191c0 f   libSDLx:SDL_blit_A.obj
 0001:000190c0       _BlitARGBto555PixelAlpha   00419480 f   libSDLx:SDL_blit_A.obj
 0001:00019380       _BlitNtoNSurfaceAlpha      00419740 f   libSDLx:SDL_blit_A.obj
 0001:00019c70       _BlitNtoNSurfaceAlphaKey   0041a030 f   libSDLx:SDL_blit_A.obj
 0001:0001a5b0       _BlitNtoNPixelAlpha        0041a970 f   libSDLx:SDL_blit_A.obj
 0001:0001b1e0       _IMG_string_equals         0041b5a0 f   SDL_Image:IMG.obj
 0001:0001b3e0       _create_colorhash          0041b7a0 f   SDL_Image:IMG_xpm.obj
 0001:0001b470       _add_colorhash             0041b830 f   SDL_Image:IMG_xpm.obj
 0001:0001b4c0       _get_colorhash             0041b880 f   SDL_Image:IMG_xpm.obj
 0001:0001b510       _string_equal              0041b8d0 f   SDL_Image:IMG_xpm.obj
 0001:0001b570       _color_to_rgb              0041b930 f   SDL_Image:IMG_xpm.obj
 0001:0001b660       _get_next_line             0041ba20 f   SDL_Image:IMG_xpm.obj
 0001:0001b790       _load_xpm                  0041bb50 f   SDL_Image:IMG_xpm.obj
 0001:0001bd10       _ReadNumber                0041c0d0 f   SDL_Image:IMG_pnm.obj
 0001:0001c220       _png_read_data             0041c5e0 f   SDL_Image:IMG_png.obj
 0001:0001d8b0       _fill_input_buffer         0041dc70 f   SDL_Image:IMG_jpg.obj
 0001:0001d8f0       _skip_input_data           0041dcb0 f   SDL_Image:IMG_jpg.obj
 0001:0001d930       _init_source               0041dcf0 f   SDL_Image:IMG_jpg.obj
 0001:0001d930       _finish_pass2              0041dcf0 f   SDL_Image:IMG_jpg.obj
 0001:0001d930       _finish_pass_1_quant       0041dcf0 f   SDL_Image:IMG_jpg.obj
 0001:0001d930       _start_pass_dcolor         0041dcf0 f   SDL_Image:IMG_jpg.obj
 0001:0001d930       _term_source               0041dcf0 f   SDL_Image:IMG_jpg.obj
 0001:0001d930       _XBOX_FreeHWSurface        0041dcf0 f   SDL_Image:IMG_jpg.obj
 0001:0001d930       _XBOX_UnlockHWSurface      0041dcf0 f   SDL_Image:IMG_jpg.obj
 0001:0001d930       _output_no_message         0041dcf0 f   SDL_Image:IMG_jpg.obj
 0001:0001d940       _jpeg_SDL_RW_src           0041dd00 f   SDL_Image:IMG_jpg.obj
 0001:0001d9a0       _my_error_exit             0041dd60 f   SDL_Image:IMG_jpg.obj
 0001:0001dc90       _ReadColorMap              0041e050 f   SDL_Image:IMG_gif.obj
 0001:0001dd00       _GetDataBlock              0041e0c0 f   SDL_Image:IMG_gif.obj
 0001:0001dd50       _GetCode                   0041e110 f   SDL_Image:IMG_gif.obj
 0001:0001de70       _LWZReadByte               0041e230 f   SDL_Image:IMG_gif.obj
 0001:0001e1c0       _ReadImage                 0041e580 f   SDL_Image:IMG_gif.obj
 0001:0001e3a0       _DoExtension               0041e760 f   SDL_Image:IMG_gif.obj
 0001:0001e9d0       _IMG_isICOCUR              0041ed90 f   SDL_Image:IMG_bmp.obj
 0001:0001ea70       _readRlePixels             0041ee30 f   SDL_Image:IMG_bmp.obj
 0001:0001ecd0       _LoadBMP_RW                0041f090 f   SDL_Image:IMG_bmp.obj
 0001:0001f280       _LoadICOCUR_RW             0041f640 f   SDL_Image:IMG_bmp.obj
 0001:0001fd40       _error_exit                00420100 f   SDL_Image:jerror.obj
 0001:0001fd60       _output_message            00420120 f   SDL_Image:jerror.obj
 0001:0001fd90       _emit_message              00420150 f   SDL_Image:jerror.obj
 0001:0001fdd0       _format_message            00420190 f   SDL_Image:jerror.obj
 0001:0001fe80       _reset_error_mgr           00420240 f   SDL_Image:jerror.obj
 0001:0001fef0       _output_pass_setup         004202b0 f   SDL_Image:jdapistd.obj
 0001:00020140       _get_soi                   00420500 f   SDL_Image:jdmarker.obj
 0001:000201f0       _get_sof                   004205b0 f   SDL_Image:jdmarker.obj
 0001:00020500       _get_sos                   004208c0 f   SDL_Image:jdmarker.obj
 0001:00020800       _get_dht                   00420bc0 f   SDL_Image:jdmarker.obj
 0001:00020b10       _get_dqt                   00420ed0 f   SDL_Image:jdmarker.obj
 0001:00020d70       _get_dri                   00421130 f   SDL_Image:jdmarker.obj
 0001:00020e60       _examine_app0              00421220 f   SDL_Image:jdmarker.obj
 0001:000210b0       _examine_app14             00421470 f   SDL_Image:jdmarker.obj
 0001:00021160       _get_interesting_appn      00421520 f   SDL_Image:jdmarker.obj
 0001:000212b0       _skip_variable             00421670 f   SDL_Image:jdmarker.obj
 0001:00021350       _next_marker               00421710 f   SDL_Image:jdmarker.obj
 0001:00021460       _first_marker              00421820 f   SDL_Image:jdmarker.obj
 0001:00021500       _read_markers              004218c0 f   SDL_Image:jdmarker.obj
 0001:00021850       _read_restart_marker       00421c10 f   SDL_Image:jdmarker.obj
 0001:000219f0       _reset_marker_reader       00421db0 f   SDL_Image:jdmarker.obj
 0001:00021bd0       _default_decompress_parms  00421f90 f   SDL_Image:jdapimin.obj
 0001:00021f80       _use_merged_upsample       00422340 f   SDL_Image:jdmaster.obj
 0001:00022230       _prepare_range_limit_table 004225f0 f   SDL_Image:jdmaster.obj
 0001:000222b0       _master_selection          00422670 f   SDL_Image:jdmaster.obj
 0001:00022480       _prepare_for_output_pass   00422840 f   SDL_Image:jdmaster.obj
 0001:000225e0       _finish_output_pass        004229a0 f   SDL_Image:jdmaster.obj
 0001:000227e0       _initial_setup             00422ba0 f   SDL_Image:jdinput.obj
 0001:000229e0       _per_scan_setup            00422da0 f   SDL_Image:jdinput.obj
 0001:00022b80       _latch_quant_tables        00422f40 f   SDL_Image:jdinput.obj
 0001:00022c30       _start_input_pass          00422ff0 f   SDL_Image:jdinput.obj
 0001:00022c70       _consume_markers           00423030 f   SDL_Image:jdinput.obj
 0001:00022d40       _reset_input_controller    00423100 f   SDL_Image:jdinput.obj
 0001:00022d90       _finish_input_pass         00423150 f   SDL_Image:jdinput.obj
 0001:00022e00       _alloc_small               004231c0 f   SDL_Image:jmemmgr.obj
 0001:00022f50       _alloc_large               00423310 f   SDL_Image:jmemmgr.obj
 0001:00023010       _alloc_sarray              004233d0 f   SDL_Image:jmemmgr.obj
 0001:000230c0       _alloc_barray              00423480 f   SDL_Image:jmemmgr.obj
 0001:00023170       _request_virt_sarray       00423530 f   SDL_Image:jmemmgr.obj
 0001:000231e0       _request_virt_barray       004235a0 f   SDL_Image:jmemmgr.obj
 0001:00023250       _realize_virt_arrays       00423610 f   SDL_Image:jmemmgr.obj
 0001:000233f0       _do_sarray_io              004237b0 f   SDL_Image:jmemmgr.obj
 0001:00023490       _do_barray_io              00423850 f   SDL_Image:jmemmgr.obj
 0001:00023530       _access_virt_sarray        004238f0 f   SDL_Image:jmemmgr.obj
 0001:00023680       _access_virt_barray        00423a40 f   SDL_Image:jmemmgr.obj
 0001:000237d0       _free_pool                 00423b90 f   SDL_Image:jmemmgr.obj
 0001:000238d0       _self_destruct             00423c90 f   SDL_Image:jmemmgr.obj
 0001:000239d0       _alloc_funny_pointers      00423d90 f   SDL_Image:jdmainct.obj
 0001:00023a80       _make_funny_pointers       00423e40 f   SDL_Image:jdmainct.obj
 0001:00023bd0       _set_wraparound_pointers   00423f90 f   SDL_Image:jdmainct.obj
 0001:00023cb0       _set_bottom_pointers       00424070 f   SDL_Image:jdmainct.obj
 0001:00023d50       _process_data_simple_main  00424110 f   SDL_Image:jdmainct.obj
 0001:00023dd0       _process_data_context_main 00424190 f   SDL_Image:jdmainct.obj
 0001:00023f10       _process_data_crank_post   004242d0 f   SDL_Image:jdmainct.obj
 0001:00023f40       _start_pass_main           00424300 f   SDL_Image:jdmainct.obj
 0001:00024090       _start_iMCU_row            00424450 f   SDL_Image:jdcoefct.obj
 0001:000240e0       _start_input_pass          004244a0 f   SDL_Image:jdcoefct.obj
 0001:00024100       _decompress_onepass        004244c0 f   SDL_Image:jdcoefct.obj
 0001:000243a0       _dummy_consume_data        00424760 f   SDL_Image:jdcoefct.obj
 0001:000243b0       _consume_data              00424770 f   SDL_Image:jdcoefct.obj
 0001:000245e0       _decompress_data           004249a0 f   SDL_Image:jdcoefct.obj
 0001:00024790       _smoothing_ok              00424b50 f   SDL_Image:jdcoefct.obj
 0001:00024900       _decompress_smooth_data    00424cc0 f   SDL_Image:jdcoefct.obj
 0001:00024f70       _start_output_pass         00425330 f   SDL_Image:jdcoefct.obj
 0001:000255f0       _process_restart           004259b0 f   SDL_Image:jdhuff.obj
 0001:00025680       _decode_mcu                00425a40 f   SDL_Image:jdhuff.obj
 0001:00025aa0       _start_pass_huff_decoder   00425e60 f   SDL_Image:jdhuff.obj
 0001:00025c50       _process_restart           00426010 f   SDL_Image:jdphuff.obj
 0001:00025ce0       _decode_mcu_DC_first       004260a0 f   SDL_Image:jdphuff.obj
 0001:00025f30       _decode_mcu_AC_first       004262f0 f   SDL_Image:jdphuff.obj
 0001:00026180       _decode_mcu_DC_refine      00426540 f   SDL_Image:jdphuff.obj
 0001:00026270       _decode_mcu_AC_refine      00426630 f   SDL_Image:jdphuff.obj
 0001:00026670       _start_pass_phuff_decoder  00426a30 f   SDL_Image:jdphuff.obj
 0001:00026960       _start_pass                00426d20 f   SDL_Image:jddctmgr.obj
 0001:00026d10       _post_process_1pass        004270d0 f   SDL_Image:jdpostct.obj
 0001:00026d90       _post_process_prepass      00427150 f   SDL_Image:jdpostct.obj
 0001:00026e30       _post_process_2pass        004271f0 f   SDL_Image:jdpostct.obj
 0001:00026ed0       _start_pass_dpost          00427290 f   SDL_Image:jdpostct.obj
 0001:00027060       _start_pass_upsample       00427420 f   SDL_Image:jdsample.obj
 0001:00027080       _sep_upsample              00427440 f   SDL_Image:jdsample.obj
 0001:00027160       _fullsize_upsample         00427520 f   SDL_Image:jdsample.obj
 0001:00027170       _noop_upsample             00427530 f   SDL_Image:jdsample.obj
 0001:00027180       _int_upsample              00427540 f   SDL_Image:jdsample.obj
 0001:00027280       _h2v1_upsample             00427640 f   SDL_Image:jdsample.obj
 0001:000272e0       _h2v2_upsample             004276a0 f   SDL_Image:jdsample.obj
 0001:00027360       _h2v1_fancy_upsample       00427720 f   SDL_Image:jdsample.obj
 0001:00027420       _h2v2_fancy_upsample       004277e0 f   SDL_Image:jdsample.obj
 0001:00027740       _build_ycc_rgb_table       00427b00 f   SDL_Image:jdcolor.obj
 0001:00027810       _ycc_rgb_convert           00427bd0 f   SDL_Image:jdcolor.obj
 0001:00027930       _null_convert              00427cf0 f   SDL_Image:jdcolor.obj
 0001:000279b0       _grayscale_convert         00427d70 f   SDL_Image:jdcolor.obj
 0001:000279e0       _gray_rgb_convert          00427da0 f   SDL_Image:jdcolor.obj
 0001:00027a40       _ycck_cmyk_convert         00427e00 f   SDL_Image:jdcolor.obj
 0001:00027d60       _build_ycc_rgb_table       00428120 f   SDL_Image:jdmerge.obj
 0001:00027e30       _start_pass_merged_upsample 004281f0 f   SDL_Image:jdmerge.obj
 0001:00027e50       _merged_2v_upsample        00428210 f   SDL_Image:jdmerge.obj
 0001:00027f20       _merged_1v_upsample        004282e0 f   SDL_Image:jdmerge.obj
 0001:00027f60       _h2v1_merged_upsample      00428320 f   SDL_Image:jdmerge.obj
 0001:000280b0       _h2v2_merged_upsample      00428470 f   SDL_Image:jdmerge.obj
 0001:00028360       _prescan_quantize          00428720 f   SDL_Image:jquant2.obj
 0001:000283e0       _update_box                004287a0 f   SDL_Image:jquant2.obj
 0001:000287d0       _median_cut                00428b90 f   SDL_Image:jquant2.obj
 0001:00028940       _compute_color             00428d00 f   SDL_Image:jquant2.obj
 0001:00028ad0       _select_colors             00428e90 f   SDL_Image:jquant2.obj
 0001:00028b60       _find_nearby_colors        00428f20 f   SDL_Image:jquant2.obj
 0001:00028d40       _find_best_colors          00429100 f   SDL_Image:jquant2.obj
 0001:00028ec0       _fill_inverse_cmap         00429280 f   SDL_Image:jquant2.obj
 0001:00028fe0       _pass2_no_dither           004293a0 f   SDL_Image:jquant2.obj
 0001:000290b0       _pass2_fs_dither           00429470 f   SDL_Image:jquant2.obj
 0001:000293a0       _init_error_limit          00429760 f   SDL_Image:jquant2.obj
 0001:00029440       _finish_pass1              00429800 f   SDL_Image:jquant2.obj
 0001:00029470       _start_pass_2_quant        00429830 f   SDL_Image:jquant2.obj
 0001:000295a0       _new_color_map_2_quant     00429960 f   SDL_Image:jquant2.obj
 0001:00029700       _select_ncolors            00429ac0 f   SDL_Image:jquant1.obj
 0001:000297f0       _create_colormap           00429bb0 f   SDL_Image:jquant1.obj
 0001:00029970       _create_colorindex         00429d30 f   SDL_Image:jquant1.obj
 0001:00029ae0       _make_odither_array        00429ea0 f   SDL_Image:jquant1.obj
 0001:00029b60       _create_odither_tables     00429f20 f   SDL_Image:jquant1.obj
 0001:00029bb0       _color_quantize            00429f70 f   SDL_Image:jquant1.obj
 0001:00029c60       _color_quantize3           0042a020 f   SDL_Image:jquant1.obj
 0001:00029d20       _quantize_ord_dither       0042a0e0 f   SDL_Image:jquant1.obj
 0001:00029e50       _quantize3_ord_dither      0042a210 f   SDL_Image:jquant1.obj
 0001:00029f70       _quantize_fs_dither        0042a330 f   SDL_Image:jquant1.obj
 0001:0002a130       _alloc_fs_workspace        0042a4f0 f   SDL_Image:jquant1.obj
 0001:0002a170       _start_pass_1_quant        0042a530 f   SDL_Image:jquant1.obj
 0001:0002a260       _new_color_map_1_quant     0042a620 f   SDL_Image:jquant1.obj
 0001:0002a350       _read_backing_store        0042a710 f   SDL_Image:jmemansi.obj
 0001:0002a3c0       _write_backing_store       0042a780 f   SDL_Image:jmemansi.obj
 0001:0002a430       _close_backing_store       0042a7f0 f   SDL_Image:jmemansi.obj
 0001:00030f30       _win32_file_open           004312f0 f   libSDLx:SDL_rwops.obj
 0001:00031160       _win32_file_seek           00431520 f   libSDLx:SDL_rwops.obj
 0001:000311f0       _win32_file_read           004315b0 f   libSDLx:SDL_rwops.obj
 0001:00031330       _win32_file_write          004316f0 f   libSDLx:SDL_rwops.obj
 0001:00031430       _win32_file_close          004317f0 f   libSDLx:SDL_rwops.obj
 0001:00031500       _getlocale                 004318c0 f   libSDLx:SDL_iconv.obj
 0001:000323a5       _report_failure            00432765 f   LIBCMT:secchk.obj
 0001:00032c05       _xtoa                      00432fc5 f   LIBCMT:xtoa.obj
 0001:00032edd       _strtoxl                   0043329d f   LIBCMT:strtol.obj
 0001:000331e5       _doexit                    004335a5 f   LIBCMT:crt0dat.obj
 0001:00033804       _init_namebuf              00433bc4 f   LIBCMT:tmpfile.obj
 0001:00033867       _genfname                  00433c27 f   LIBCMT:tmpfile.obj
 0001:00033cb4       __unwind_handler           00434074 f   LIBCMT:exsup.obj
 0001:000345e2       _write_char                004349a2 f   LIBCMT:output.obj
 0001:00034615       _write_multi_char          004349d5 f   LIBCMT:output.obj
 0001:00034639       _write_string              004349f9 f   LIBCMT:output.obj
 0001:00034fb8       _flsall                    00435378 f   LIBCMT:fflush.obj
 0001:000352e3       __shift                    004356a3 f   LIBCMT:cvt.obj
 0001:00035306       __cftoe2                   004356c6 f   LIBCMT:cvt.obj
 0001:0003540d       __cftof2                   004357cd f   LIBCMT:cvt.obj
 0001:00035a6d       __hextodec                 00435e2d f   LIBCMT:input.obj
 0001:00035a9f       __inc                      00435e5f f   LIBCMT:input.obj
 0001:00036fb9       __tsopen_lk                00437379 f   LIBCMT:open.obj
 0001:000373c6       _write_char                00437786 f   LIBCMT:woutput.obj
 0001:000373eb       _write_multi_char          004377ab f   LIBCMT:woutput.obj
 0001:00037410       _write_string              004377d0 f   LIBCMT:woutput.obj
 0001:00038dfb       _setSBCS                   004391bb f   LIBCMT:mbctype.obj
 0001:00038e95       __setmbcp_lk               00439255 f   LIBCMT:mbctype.obj
 0001:00039226       ___crtInitCritSecNoSpinCount@8 004395e6 f   LIBCMT:initcrit.obj
 0001:000397bc       __abstract_cw              00439b7c f   LIBCMT:ieee87.obj
 0001:0003984e       __hw_cw                    00439c0e f   LIBCMT:ieee87.obj
 0002:00002850       ?SwapSaveState@D3D@@YGXPAUSwapSavedState@1@@Z 0043dbb0 f   d3d8:present.obj
 0002:00002930       ?SwapFirstFlip@D3D@@YGXPAVCDevice@1@@Z 0043dc90 f   d3d8:present.obj
 0002:00002a50       ?SwapSetState@D3D@@YGXPAUSwapSavedState@1@@Z 0043ddb0 f   d3d8:present.obj
 0002:00002b70       ?SwapRestoreState@D3D@@YGXPAUSwapSavedState@1@@Z 0043ded0 f   d3d8:present.obj
 0002:00002cf0       ?SwapSaveSurfaces@D3D@@YGXPAVCDevice@1@@Z 0043e050 f   d3d8:present.obj
 0002:00002d80       ?SwapRestoreSurfaces@D3D@@YGXPAVCDevice@1@@Z 0043e0e0 f   d3d8:present.obj
 0002:00002df0       ?SwapCopyBlt@D3D@@YGXPAVCDevice@1@@Z 0043e150 f   d3d8:present.obj
 0002:00002f70       ?SwapCopy@D3D@@YGXPAVCDevice@1@K@Z 0043e2d0 f   d3d8:present.obj
 0002:00003160       ?SwapFlip@D3D@@YGXPAVCDevice@1@@Z 0043e4c0 f   d3d8:present.obj
 0002:00003270       ?SwapFinish@D3D@@YGXPAVCDevice@1@@Z 0043e5d0 f   d3d8:present.obj
 0002:000057f0       ?FindFence@D3D@@YGPAUFence@1@K@Z 00440b50 f   d3d8:pusher.obj
 0002:00008ca0       ?GetColorMaterial@D3D@@YGKXZ 00444000 f   d3d8:lazy.obj
 0002:000099c0       ?SetLightColors@D3D@@YGPCKPCKPBULight@1@KK@Z 00444d20 f   d3d8:lazy.obj
 0002:00009ab0       ?SetSceneAmbientAndMaterialEmission@D3D@@YGPCKPCKK@Z 00444e10 f   d3d8:lazy.obj
 0002:00009c70       ?SetSpecularParameters@D3D@@YGPCKPCK@Z 00444fd0 f   d3d8:lazy.obj
 0002:0000c8e0       ?CombinerInput@D3D@@YGKKKK@Z 00447c40 f   d3d8:combiner.obj
 0003:000021c5       ?png_format_buffer@D3DX@@YAXPAUpng_struct_def@1@PADPBD@Z 0044f105 f   d3dx8:pngerror.obj
 0003:00004de5       ?huft_build@D3DX@@YAHPAIIIPBI1PAPAUinflate_huft_s@1@0PAU21@00@Z 00451d25 f   d3dx8:inftrees.obj
 0004:0000001f       ??2@YAPAXI@Z               0045371f f   dsound:dsapi.obj
 0004:000000eb       ?FloatToLong@Math@DirectSound@@YGJM@Z 004537eb f   dsound:dsapi.obj
 0004:000000eb       ?FloatToLong@Math@DirectSound@@YGJM@Z 004537eb f   dsound:dsapi.obj
 0004:0000013d       ?lsb@Math@DirectSound@@YIII@Z 0045383d f   dsound:dsapi.obj
 0004:00001fe1       _$E1                       004556e1 f   dsound:dscommon.obj
 0004:00001fec       _$E3                       004556ec f   dsound:dscommon.obj
 0004:000032db       _$E1                       004569db f   dsound:heap.obj
 0004:000032e6       _$E3                       004569e6 f   dsound:heap.obj
 0004:000032f1       ?and@@YIXPCGG@Z            004569f1 f   dsound:mcpvoice.obj
 0004:000032f1       ?and@@YIXPCGG@Z            004569f1 f   dsound:mcpvoice.obj
 0004:000032f5       ?or@@YIXPCGG@Z             004569f5 f   dsound:mcpvoice.obj
 0004:000032f5       ?or@@YIXPCGG@Z             004569f5 f   dsound:mcpvoice.obj
 0004:00005682       ?mBToLinear@@YGMJ@Z        00458d82 f   dsound:i3dl2.obj
